******************************************************************************
                  TI ARM Linker PC v20.2.7                     
******************************************************************************
>> Linked Thu Apr 17 16:06:24 2025

OUTPUT FILE NAME:   <Final Project.out>
ENTRY POINT SYMBOL: "_c_int00_noargs"  address: 00006861


MEMORY CONFIGURATION

         name            origin    length      used     unused   attr    fill
----------------------  --------  ---------  --------  --------  ----  --------
  MAIN                  00000000   00040000  00006ead  00039153  R  X
  INFO                  00200000   00004000  00000000  00004000  R  X
  SRAM_CODE             01000000   00010000  00001295  0000ed6b  RW X
  SRAM_DATA             20000000   00010000  00001295  0000ed6b  RW  


SEGMENT ALLOCATION MAP

run origin  load origin   length   init length attrs members
----------  ----------- ---------- ----------- ----- -------
00000000    00000000    00006eb8   00006eb8    r-x
  00000000    00000000    000000e4   000000e4    r-- .intvecs
  000000e4    000000e4    000069d0   000069d0    r-x .text
  00006ab8    00006ab8    000002b9   000002b9    r-- .const
  00006d78    00006d78    00000140   00000140    r-- .cinit
20000000    20000000    00001098   00000000    rw-
  20000000    20000000    0000099d   00000000    rw- .bss
  200009a0    200009a0    00000400   00000000    rw- .sysmem
  20000da0    20000da0    000002f8   00000000    rw- .data
2000fe00    2000fe00    00000200   00000000    rw-
  2000fe00    2000fe00    00000200   00000000    rw- .stack


SECTION ALLOCATION MAP

 output                                  attributes/
section   page    origin      length       input sections
--------  ----  ----------  ----------   ----------------
.intvecs   0    00000000    000000e4     
                  00000000    000000e4     startup_msp432p401r_ccs.obj (.intvecs:retain)

.text      0    000000e4    000069d0     
                  000000e4    00001848     SSD1306.obj (.text)
                  0000192c    0000100c     AP.obj (.text)
                  00002938    00000e0c     main.obj (.text)
                  00003744    000009d0     rtsv7M4_T_le_v4SPD16_eabi.lib : e_pow.c.obj (.text:pow)
                  00004114    000006cc     UART0.obj (.text)
                  000047e0    00000334     system_msp432p401r.obj (.text)
                  00004b14    000001f0     Init_Ports.obj (.text)
                  00004d04    000001e0     Clock.obj (.text)
                  00004ee4    000001b6     rtsv7M4_T_le_v4SPD16_eabi.lib : fd_add_t2.asm.obj (.text)
                  0000509a    00000002                                   : _lock.c.obj (.text:_nop)
                  0000509c    000001a8     Motor.obj (.text)
                  00005244    000001a4     UART1.obj (.text)
                  000053e8    00000158     rtsv7M4_T_le_v4SPD16_eabi.lib : e_sqrt.c.obj (.text:sqrt)
                  00005540    00000136                                   : fd_div_t2.asm.obj (.text)
                  00005676    00000002     --HOLE-- [fill = 0]
                  00005678    00000110                                   : fopen.c.obj (.text:_openfile)
                  00005788    00000110                                   : s_scalbn.c.obj (.text:scalbn)
                  00005898    00000100                                   : memory.c.obj (.text:aligned_alloc)
                  00005998    000000fc                                   : fd_mul_t2.asm.obj (.text)
                  00005a94    000000e4                                   : memory.c.obj (.text:free)
                  00005b78    000000dc                                   : setvbuf.c.obj (.text:setvbuf)
                  00005c54    000000c0     GPIO.obj (.text)
                  00005d14    000000bc     rtsv7M4_T_le_v4SPD16_eabi.lib : open.c.obj (.text:open)
                  00005dd0    000000b8                                   : add_device.c.obj (.text:add_device)
                  00005e88    0000009c                                   : fopen.c.obj (.text:fopen)
                  00005f24    0000009c                                   : memcpy_t2.asm.obj (.text)
                  00005fc0    00000086                                   : fd_cmp_t2.asm.obj (.text:__aeabi_cdcmple)
                  00006046    00000086                                   : fd_cmp_t2.asm.obj (.text:__aeabi_cdrcmple)
                  000060cc    00000084     Init_Timers.obj (.text)
                  00006150    0000007a     rtsv7M4_T_le_v4SPD16_eabi.lib : memset_t2.asm.obj (.text)
                  000061ca    00000002     --HOLE-- [fill = 0]
                  000061cc    00000074                                   : fclose.c.obj (.text:__TI_closefile)
                  00006240    00000070                                   : memory.c.obj (.text:split)
                  000062b0    0000006c                                   : hostrename.c.obj (.text:HOSTrename)
                  0000631c    00000068                                   : hostlseek.c.obj (.text:HOSTlseek)
                  00006384    00000068                                   : copy_decompress_lzss.c.obj (.text:decompress:lzss:__TI_decompress_lzss)
                  000063ec    00000060                                   : hostopen.c.obj (.text:HOSTopen)
                  0000644c    0000005c                                   : close.c.obj (.text:close)
                  000064a8    00000058                                   : hostread.c.obj (.text:HOSTread)
                  00006500    00000058                                   : hostwrite.c.obj (.text:HOSTwrite)
                  00006558    0000004c                                   : fflush.c.obj (.text:__TI_doflush)
                  000065a4    00000048                                   : exit.c.obj (.text:exit)
                  000065ec    00000048                                   : fd_toi_t2.asm.obj (.text)
                  00006634    00000044                                   : hostclose.c.obj (.text:HOSTclose)
                  00006678    00000044                                   : hostunlink.c.obj (.text:HOSTunlink)
                  000066bc    00000044                                   : autoinit.c.obj (.text:__TI_auto_init_nobinit_nopinit:__TI_auto_init_nobinit_nopinit)
                  00006700    00000044                                   : getdevice.c.obj (.text:getdevice)
                  00006744    00000044                                   : fd_tou_t2.asm.obj (.text)
                  00006788    00000038                                   : trgmsg.c.obj (.text:__TI_writemsg)
                  000067c0    00000036                                   : strncpy.c.obj (.text:strncpy)
                  000067f6    00000002     --HOLE-- [fill = 0]
                  000067f8    00000034                                   : fopen.c.obj (.text:__TI_cleanup)
                  0000682c    00000034                                   : trgmsg.c.obj (.text:__TI_readmsg)
                  00006860    00000034                                   : boot_cortex_m.c.obj (.text:_c_int00_noargs:_c_int00_noargs)
                  00006894    00000034                                   : fopen.c.obj (.text:freopen)
                  000068c8    00000030                                   : getdevice.c.obj (.text:finddevice)
                  000068f8    0000002e                                   : i_tofd_t2.asm.obj (.text)
                  00006926    00000002     --HOLE-- [fill = 0]
                  00006928    0000002c                                   : unlink.c.obj (.text:unlink)
                  00006954    00000028                                   : memory.c.obj (.text:free_list_insert)
                  0000697c    00000028                                   : write.c.obj (.text:write)
                  000069a4    00000024     CortexM.obj (.text)
                  000069c8    00000020     rtsv7M4_T_le_v4SPD16_eabi.lib : u_tofd_t2.asm.obj (.text)
                  000069e8    0000001c                                   : memory.c.obj (.text:free_list_remove)
                  00006a04    0000001a                                   : s_copysign.c.obj (.text:copysign)
                  00006a1e    00000018                                   : strcmp.c.obj (.text:strcmp)
                  00006a36    00000016                                   : strchr.c.obj (.text:strchr)
                  00006a4c    00000014                                   : strcpy.c.obj (.text:strcpy)
                  00006a60    00000014                                   : strlen.c.obj (.text:strlen)
                  00006a74    0000000e                                   : copy_decompress_none.c.obj (.text:decompress:none:__TI_decompress_none)
                  00006a82    0000000e     startup_msp432p401r_ccs.obj (.text)
                  00006a90    0000000c     rtsv7M4_T_le_v4SPD16_eabi.lib : copy_zero_init.c.obj (.text:decompress:ZI:__TI_zero_init)
                  00006a9c    00000008                                   : errno.c.obj (.text:__aeabi_errno_addr)
                  00006aa4    00000008                                   : memory.c.obj (.text:malloc)
                  00006aac    00000004                                   : pre_init.c.obj (.text:_system_pre_init)
                  00006ab0    00000004                                   : exit.c.obj (.text:abort:abort)

.const     0    00006ab8    000002b9     
                  00006ab8    000001e0     SSD1306.obj (.const:ASCII)
                  00006c98    00000030     rtsv7M4_T_le_v4SPD16_eabi.lib : e_pow.c.obj (.const:$O1$$)
                  00006cc8    00000019     main.obj (.const:$P$T2$3)
                  00006ce1    00000014     AP.obj (.const:.string:NPI_StartAdvertisement)
                  00006cf5    00000011     AP.obj (.const:.string:NPI_SetAdvertisement1)
                  00006d06    00000009     AP.obj (.const:.string:HCI_EXT_ResetSystemCmd)
                  00006d0f    00000008     SSD1306.obj (.const:.string:postmask)
                  00006d17    00000008     SSD1306.obj (.const:.string:premask)
                  00006d1f    00000006     AP.obj (.const:.string:NPI_GetStatus)
                  00006d25    00000006     AP.obj (.const:.string:NPI_GetVersion)
                  00006d2b    00000006     AP.obj (.const:.string:NPI_Register)
                  00006d31    00000006     SSD1306.obj (.const:.string:init5)
                  00006d37    00000005     SSD1306.obj (.const:.string:dlist1)
                  00006d3c    00000004     main.obj (.const:.string:$P$T0$1)
                  00006d40    00000004     main.obj (.const:.string:$P$T1$2)
                  00006d44    00000004     main.obj (.const:.string:$P$T3$4)
                  00006d48    00000004     main.obj (.const:.string:$P$T4$5)
                  00006d4c    00000004     SSD1306.obj (.const:.string:init1)
                  00006d50    00000004     SSD1306.obj (.const:.string:init2)
                  00006d54    00000004     SSD1306.obj (.const:.string:init3)
                  00006d58    00000003     SSD1306.obj (.const:.string:init4b)
                  00006d5b    00000003     SSD1306.obj (.const:.string:scrollList1b)
                  00006d5e    00000003     SSD1306.obj (.const:.string:scrollList2b)
                  00006d61    00000002     SSD1306.obj (.const:.string:scrollList1a)
                  00006d63    00000002     SSD1306.obj (.const:.string:scrollList2a)
                  00006d65    00000002     SSD1306.obj (.const:.string:scrollList3a)
                  00006d67    00000002     SSD1306.obj (.const:.string:scrollList3b)
                  00006d69    00000002     SSD1306.obj (.const:.string:scrollList3c)
                  00006d6b    00000002     SSD1306.obj (.const:.string:scrollList4a)
                  00006d6d    00000002     SSD1306.obj (.const:.string:scrollList4b)
                  00006d6f    00000002     SSD1306.obj (.const:.string:scrollList4c)

.cinit     0    00006d78    00000140     
                  00006d78    00000117     (.cinit..data.load) [load image, compression = lzss]
                  00006e8f    00000001     --HOLE-- [fill = 0]
                  00006e90    0000000c     (__TI_handler_table)
                  00006e9c    00000004     --HOLE-- [fill = 0]
                  00006ea0    00000008     (.cinit..bss.load) [load image, compression = zero_init]
                  00006ea8    00000010     (__TI_cinit_table)

.init_array 
*          0    00000000    00000000     UNINITIALIZED

.binit     0    00000000    00000000     

.bss       0    20000000    0000099d     UNINITIALIZED
                  20000000    00000400     (.common:buffer)
                  20000400    00000120     rtsv7M4_T_le_v4SPD16_eabi.lib : trgmsg.c.obj (.bss:_CIOBUF_)
                  20000520    00000100     (.common:RxFIFO)
                  20000620    000000fc     main.obj (.bss:grid)
                  2000071c    000000a0     (.common:CharacteristicList)
                  200007bc    000000a0     (.common:__TI_tmpnams)
                  2000085c    00000080     (.common:RecvBuf)
                  200008dc    00000050     (.common:NotifyCharacteristicList)
                  2000092c    00000034     main.obj (.bss:openSet)
                  20000960    00000008     (.common:Messageb)
                  20000968    00000008     (.common:parmbuf)
                  20000970    00000004     (.common:Messageindexb)
                  20000974    00000004     (.common:NoSOFErr)
                  20000978    00000004     (.common:RxFifoLost)
                  2000097c    00000004     (.common:RxGetI)
                  20000980    00000004     (.common:RxPutI)
                  20000984    00000004     (.common:TimeOutErr)
                  20000988    00000004     (.common:fcserr)
                  2000098c    00000004     (.common:rotation)
                  20000990    00000004     (.common:vccstate)
                  20000994    00000002     main.obj (.bss)
                  20000996    00000002     (.common:StartX)
                  20000998    00000002     (.common:StartY)
                  2000099a    00000001     (.common:BLE_Cmd)
                  2000099b    00000001     (.common:BLE_X)
                  2000099c    00000001     (.common:BLE_Y)

.sysmem    0    200009a0    00000400     UNINITIALIZED
                  200009a0    00000010     rtsv7M4_T_le_v4SPD16_eabi.lib : memory.c.obj (.sysmem)
                  200009b0    000003f0     --HOLE--

.data      0    20000da0    000002f8     UNINITIALIZED
                  20000da0    000000f0     rtsv7M4_T_le_v4SPD16_eabi.lib : defs.c.obj (.data:_ftable)
                  20000e90    00000078                                   : host_device.c.obj (.data:_device)
                  20000f08    00000050                                   : host_device.c.obj (.data:_stream)
                  20000f58    00000025     AP.obj (.data:NPI_SetAdvertisementData)
                  20000f7d    00000022     AP.obj (.data:NPI_SetAdvertisementDataJacki)
                  20000f9f    00000020     AP.obj (.data:NPI_AddCharDescriptor)
                  20000fbf    0000001c     AP.obj (.data:NPI_GATTSetDeviceName)
                  20000fdb    00000001     --HOLE--
                  20000fdc    00000018     Clock.obj (.data)
                  20000ff4    00000015     AP.obj (.data:NPI_ReadConfirmation)
                  20001009    00000014     AP.obj (.data:NPI_SendNotificationIndication)
                  2000101d    00000002     main.obj (.data)
                  2000101f    00000001     --HOLE--
                  20001020    00000010     rtsv7M4_T_le_v4SPD16_eabi.lib : defs.c.obj (.data)
                  20001030    0000000e     AP.obj (.data:NPI_AddCharValue)
                  2000103e    00000002     --HOLE--
                  20001040    0000000c     rtsv7M4_T_le_v4SPD16_eabi.lib : exit.c.obj (.data:$O1$$)
                  2000104c    00000009     AP.obj (.data:NPI_AddService)
                  20001055    00000009     AP.obj (.data:NPI_CCCDUpdatedConfirmation)
                  2000105e    00000009     AP.obj (.data:NPI_WriteConfirmation)
                  20001067    00000001     --HOLE--
                  20001068    00000008     rtsv7M4_T_le_v4SPD16_eabi.lib : _lock.c.obj (.data:$O1$$)
                  20001070    00000008                                   : memory.c.obj (.data:$O1$$)
                  20001078    00000008     AP.obj (.data)
                  20001080    00000004     SSD1306.obj (.data)
                  20001084    00000004     rtsv7M4_T_le_v4SPD16_eabi.lib : add_device.c.obj (.data)
                  20001088    00000004                                   : errno.c.obj (.data)
                  2000108c    00000004                                   : fopen.c.obj (.data)
                  20001090    00000004                                   : open.c.obj (.data)
                  20001094    00000004     system_msp432p401r.obj (.data)

.stack     0    2000fe00    00000200     UNINITIALIZED
                  2000fe00    00000004     rtsv7M4_T_le_v4SPD16_eabi.lib : boot_cortex_m.c.obj (.stack)
                  2000fe04    000001fc     --HOLE--

__llvm_prf_cnts 
*          0    20000000    00000000     UNINITIALIZED

MODULE SUMMARY

       Module                        code    ro data   rw data
       ------                        ----    -------   -------
    .\
       SSD1306.obj                   6216    544       2080   
       AP.obj                        4108    64        1202   
       main.obj                      3596    41        622    
       UART0.obj                     1740    0         24     
       UART1.obj                     420     0         536    
       system_msp432p401r.obj        820     0         8      
       Clock.obj                     480     0         48     
       Init_Ports.obj                496     0         0      
       Motor.obj                     424     0         0      
       startup_msp432p401r_ccs.obj   14      228       0      
       GPIO.obj                      192     0         0      
       Init_Timers.obj               132     0         0      
       CortexM.obj                   36      0         0      
    +--+-----------------------------+-------+---------+---------+
       Total:                        18674   877       4520   
                                                              
    C:\ti\ccs1271\ccs\tools\compiler\ti-cgt-arm_20.2.7.LTS\lib\rtsv7M4_T_le_v4SPD16_eabi.lib
       e_pow.c.obj                   2512    48        0      
       defs.c.obj                    0       0         832    
       memory.c.obj                  672     0         16     
       trgmsg.c.obj                  108     0         576    
       fopen.c.obj                   532     0         8      
       fd_add_t2.asm.obj             438     0         0      
       host_device.c.obj             0       0         400    
       e_sqrt.c.obj                  344     0         0      
       fd_div_t2.asm.obj             310     0         0      
       s_scalbn.c.obj                272     0         0      
       fd_cmp_t2.asm.obj             268     0         0      
       fd_mul_t2.asm.obj             252     0         0      
       setvbuf.c.obj                 220     0         0      
       open.c.obj                    188     0         8      
       add_device.c.obj              184     0         8      
       memcpy_t2.asm.obj             156     0         0      
       memset_t2.asm.obj             122     0         0      
       fclose.c.obj                  116     0         0      
       getdevice.c.obj               116     0         0      
       hostopen.c.obj                96      0         16     
       hostrename.c.obj              108     0         0      
       copy_decompress_lzss.c.obj    104     0         0      
       hostlseek.c.obj               104     0         0      
       exit.c.obj                    76      0         24     
       close.c.obj                   92      0         0      
       hostread.c.obj                88      0         0      
       hostwrite.c.obj               88      0         0      
       fflush.c.obj                  76      0         0      
       fd_toi_t2.asm.obj             72      0         0      
       autoinit.c.obj                68      0         0      
       fd_tou_t2.asm.obj             68      0         0      
       hostclose.c.obj               68      0         0      
       hostunlink.c.obj              68      0         0      
       strncpy.c.obj                 54      0         0      
       boot_cortex_m.c.obj           52      0         0      
       i_tofd_t2.asm.obj             46      0         0      
       unlink.c.obj                  44      0         0      
       write.c.obj                   40      0         0      
       u_tofd_t2.asm.obj             32      0         0      
       s_copysign.c.obj              26      0         0      
       strcmp.c.obj                  24      0         0      
       strchr.c.obj                  22      0         0      
       strcpy.c.obj                  20      0         0      
       strlen.c.obj                  20      0         0      
       _lock.c.obj                   2       0         16     
       errno.c.obj                   8       0         8      
       copy_decompress_none.c.obj    14      0         0      
       copy_zero_init.c.obj          12      0         0      
       pre_init.c.obj                4       0         0      
    +--+-----------------------------+-------+---------+---------+
       Total:                        8406    48        1912   
                                                              
       Heap:                         0       0         2048   
       Stack:                        0       0         1024   
       Linker Generated:             0       315       0      
    +--+-----------------------------+-------+---------+---------+
       Grand Total:                  27080   1240      9504   


LINKER GENERATED COPY TABLES

__TI_cinit_table @ 00006ea8 records: 2, size/record: 8, table size: 16
	.data: load addr=00006d78, load size=00000117 bytes, run addr=20000da0, run size=000002f8 bytes, compression=lzss
	.bss: load addr=00006ea0, load size=00000008 bytes, run addr=20000000, run size=0000099d bytes, compression=zero_init


LINKER GENERATED HANDLER TABLE

__TI_handler_table @ 00006e90 records: 3, size/record: 4, table size: 12
	index: 0, handler: __TI_decompress_lzss
	index: 1, handler: __TI_decompress_none
	index: 2, handler: __TI_zero_init


GLOBAL SYMBOLS: SORTED ALPHABETICALLY BY Name 

address   name                           
-------   ----                           
00006a8f  ADC14_IRQHandler               
00006a8f  AES256_IRQHandler              
00001f8d  AP_AddCharacteristic           
00002149  AP_AddNotifyCharacteristic     
00001f35  AP_AddService                  
00002655  AP_BackgroundProcess           
00001ad3  AP_EchoReceived                
00001a67  AP_EchoSendMessage             
00001f1f  AP_GetNotifyCCCD               
00001a3d  AP_GetSize                     
0000252d  AP_GetStatus                   
00002569  AP_GetVersion                  
00001957  AP_Init                        
00001cf5  AP_RecvMessage                 
00001ed1  AP_RecvStatus                  
00001f6d  AP_RegisterService             
0000192d  AP_Reset                       
00001b59  AP_SendMessage                 
00001edf  AP_SendMessageResponse         
00002371  AP_SendNotification            
00002471  AP_StartAdvertisement          
000024c5  AP_StartAdvertisementJacki     
2000099a  BLE_Cmd                        
2000099b  BLE_X                          
2000099c  BLE_Y                          
00006a8f  BusFault_Handler               
00006ab1  C$$EXIT                        
000067b7  C$$IO$$                        
00006a8f  COMP_E0_IRQHandler             
00006a8f  COMP_E1_IRQHandler             
20000fe4  CPMwait                        
00006a8f  CS_IRQHandler                  
20001078  CharacteristicCount            
2000071c  CharacteristicList             
20000fdc  ClockFrequency                 
00004e59  Clock_Delay1ms                 
00004e2f  Clock_Delay1us                 
00004e1b  Clock_GetFreq                  
00004d05  Clock_Init48MHz                
20000ff0  Crystalstable                  
20001080  CurrentX                       
20001082  CurrentY                       
00006a8f  DMA_ERR_IRQHandler             
00006a8f  DMA_INT0_IRQHandler            
00006a8f  DMA_INT1_IRQHandler            
00006a8f  DMA_INT2_IRQHandler            
00006a8f  DMA_INT3_IRQHandler            
00006a8f  DebugMon_Handler               
00006a8f  Default_Handler                
000069a5  DisableInterrupts              
00006a8f  EUSCIA0_IRQHandler             
00006a8f  EUSCIA1_IRQHandler             
0000536d  EUSCIA2_IRQHandler             
0000536d  EUSCIA2_IRQHandler             
00006a8f  EUSCIA3_IRQHandler             
00006a8f  EUSCIB0_IRQHandler             
00006a8f  EUSCIB1_IRQHandler             
00006a8f  EUSCIB2_IRQHandler             
00006a8f  EUSCIB3_IRQHandler             
000069ab  EnableInterrupts               
000069bb  EndCritical                    
00006a8f  FLCTL_IRQHandler               
00006a8f  FPU_IRQHandler                 
00005c55  GPIO_Init                      
00006d06  HCI_EXT_ResetSystemCmd         
00006635  HOSTclose                      
0000631d  HOSTlseek                      
000063ed  HOSTopen                       
000064a9  HOSTread                       
000062b1  HOSTrename                     
00006679  HOSTunlink                     
00006501  HOSTwrite                      
00006a8f  HardFault_Handler              
20000fec  IFlags                         
00006a8f  MemManage_Handler              
20000960  Messageb                       
20000970  Messageindexb                  
000051d5  Motor_Backward                 
000050cb  Motor_Forward                  
0000517d  Motor_Left                     
00005125  Motor_Right                    
0000509d  Motor_Stop                     
00006a8f  NMI_Handler                    
20000f9f  NPI_AddCharDescriptor          
20001030  NPI_AddCharValue               
2000104c  NPI_AddService                 
20001055  NPI_CCCDUpdatedConfirmation    
20000fbf  NPI_GATTSetDeviceName          
00006d1f  NPI_GetStatus                  
00006d25  NPI_GetVersion                 
20000ff4  NPI_ReadConfirmation           
00006d2b  NPI_Register                   
20001009  NPI_SendNotificationIndication 
00006cf5  NPI_SetAdvertisement1          
20000f58  NPI_SetAdvertisementData       
20000f7d  NPI_SetAdvertisementDataJacki  
00006ce1  NPI_StartAdvertisement         
2000105e  NPI_WriteConfirmation          
20000974  NoSOFErr                       
2000107c  NotifyCharacteristicCount      
200008dc  NotifyCharacteristicList       
00006a8f  PCM_IRQHandler                 
00006a8f  PORT1_IRQHandler               
00006a8f  PORT2_IRQHandler               
00006a8f  PORT3_IRQHandler               
00006a8f  PORT4_IRQHandler               
00006a8f  PORT5_IRQHandler               
00006a8f  PORT6_IRQHandler               
00006a8f  PSS_IRQHandler                 
00006a8f  PendSV_Handler                 
00004c85  Port10_Init                    
00004b15  Port1_Init                     
00004b49  Port2_Init                     
00004b9b  Port3_Init                     
00004bc5  Port4_Init                     
00004bf9  Port5_Init                     
00004c23  Port6_Init                     
00004c61  Port7_Init                     
00004c63  Port8_Init                     
00004c65  Port9_Init                     
00004c87  PortJ_Init                     
20000fe8  Postwait                       
20000fe0  Prewait                        
00006a8f  RTC_C_IRQHandler               
2000085c  RecvBuf                        
00006a83  Reset_Handler                  
20000520  RxFIFO                         
20000978  RxFifoLost                     
0000529d  RxFifo_Get                     
00005245  RxFifo_Init                    
00005257  RxFifo_Put                     
2000097c  RxGetI                         
20000980  RxPutI                         
0000054d  SSD1306_Clear                  
0000050d  SSD1306_ClearBuffer            
00000f69  SSD1306_Dim                    
00000e23  SSD1306_DisplayBuffer          
0000040d  SSD1306_DrawChar               
000007e5  SSD1306_DrawFastHLine          
00000a09  SSD1306_DrawFastVLine          
000005a1  SSD1306_DrawFullImage          
00000293  SSD1306_DrawPixel              
000004c1  SSD1306_DrawString             
00000e1f  SSD1306_GetBuffer              
00000d21  SSD1306_GetPixel               
0000018d  SSD1306_Init                   
00000f53  SSD1306_InvertDisplay          
00001015  SSD1306_OutChar                
000017cf  SSD1306_OutHex7                
00001381  SSD1306_OutSDec                
000016e1  SSD1306_OutSFix1               
0000113b  SSD1306_OutString              
00001195  SSD1306_OutUDec                
00001835  SSD1306_OutUDec16              
000018cd  SSD1306_OutUDec2               
0000164d  SSD1306_OutUFix1               
00001805  SSD1306_OutUHex7               
00000605  SSD1306_PrintBMP               
00000f9b  SSD1306_SetCursor              
000008f7  SSD1306_drawFastHLineInternal  
00000b21  SSD1306_drawFastVLineInternal  
00000f09  SSD1306_startscrolldiagleft    
00000ec5  SSD1306_startscrolldiagright   
00000e8f  SSD1306_startscrollleft        
00000e5d  SSD1306_startscrollright       
00000f49  SSD1306_stopscroll             
00006a8f  SVC_Handler                    
000069b1  StartCritical                  
20000996  StartX                         
20000998  StartY                         
00006a8f  SysTick_Handler                
20001094  SystemCoreClock                
000047e1  SystemCoreClockUpdate          
00004a59  SystemInit                     
00006a8f  T32_INT1_IRQHandler            
00006a8f  T32_INT2_IRQHandler            
00006a8f  T32_INTC_IRQHandler            
00006a8f  TA0_0_IRQHandler               
00006a8f  TA0_N_IRQHandler               
00006a8f  TA1_0_IRQHandler               
00006a8f  TA1_N_IRQHandler               
00006a8f  TA2_0_IRQHandler               
00006a8f  TA2_N_IRQHandler               
00006a8f  TA3_0_IRQHandler               
00006a8f  TA3_N_IRQHandler               
20000984  TimeOutErr                     
000060cd  TimerA0_Init                   
00006101  TimerA1_Init                   
00006103  TimerA2_Init                   
0000610b  TimerA3_Init                   
0000415b  UART0_InChar                   
000045f5  UART0_InString                 
000041a5  UART0_InUDec                   
000044a9  UART0_InUHex                   
00004115  UART0_Init                     
00004755  UART0_Initprintf               
0000416b  UART0_OutChar                  
0000425d  UART0_OutSDec                  
00004187  UART0_OutString                
00004229  UART0_OutUDec                  
000043a3  UART0_OutUDec4                 
000043fd  UART0_OutUDec5                 
00004435  UART0_OutUFix1                 
0000445d  UART0_OutUFix2                 
0000456d  UART0_OutUHex                  
000045d9  UART0_OutUHex2                 
000053a1  UART1_FinishOutput             
0000533f  UART1_InChar                   
000052d3  UART1_InStatus                 
000052e3  UART1_Init                     
00005351  UART1_OutChar                  
00005383  UART1_OutString                
00006a8f  UsageFault_Handler             
4000480c  WDTCTL_SYM                     
00006a8f  WDT_A_IRQHandler               
000069c3  WaitForInterrupt               
20000400  __CIOBUF_                      
20010000  __STACK_END                    
00000200  __STACK_SIZE                   
00000400  __SYSMEM_SIZE                  
00006ea8  __TI_CINIT_Base                
00006eb8  __TI_CINIT_Limit               
00006e90  __TI_Handler_Table_Base        
00006e9c  __TI_Handler_Table_Limit       
000066bd  __TI_auto_init_nobinit_nopinit 
000067f9  __TI_cleanup                   
20001040  __TI_cleanup_ptr               
000061cd  __TI_closefile                 
00006385  __TI_decompress_lzss           
00006a75  __TI_decompress_none           
00006559  __TI_doflush                   
20001044  __TI_dtors_ptr                 
20001048  __TI_enable_exit_profile_output
20001020  __TI_ft_end                    
ffffffff  __TI_pprof_out_hndl            
ffffffff  __TI_prof_data_size            
ffffffff  __TI_prof_data_start           
0000682d  __TI_readmsg                   
00000000  __TI_static_base__             
200007bc  __TI_tmpnams                   
00006789  __TI_writemsg                  
00006a91  __TI_zero_init                 
00005fc1  __aeabi_cdcmpeq                
00005fc1  __aeabi_cdcmple                
00006047  __aeabi_cdrcmple               
000065ed  __aeabi_d2iz                   
00006745  __aeabi_d2uiz                  
00004eef  __aeabi_dadd                   
00005541  __aeabi_ddiv                   
00005999  __aeabi_dmul                   
00004ee5  __aeabi_dsub                   
00006a9d  __aeabi_errno_addr             
000068f9  __aeabi_i2d                    
00006151  __aeabi_memclr                 
00006151  __aeabi_memclr4                
00006151  __aeabi_memclr8                
00005f25  __aeabi_memcpy                 
00005f25  __aeabi_memcpy4                
00005f25  __aeabi_memcpy8                
00006153  __aeabi_memset                 
00006153  __aeabi_memset4                
00006153  __aeabi_memset8                
2000102c  __aeabi_stderr                 
20001024  __aeabi_stdin                  
20001028  __aeabi_stdout                 
000069c9  __aeabi_ui2d                   
ffffffff  __binit__                      
ffffffff  __c_args__                     
UNDEFED   __mpu_init                     
2000fe00  __stack                        
20000000  __start___llvm_prf_cnts        
20000000  __stop___llvm_prf_cnts         
00006861  _c_int00_noargs                
20000e90  _device                        
20000da0  _ftable                        
20001068  _lock                          
0000509b  _nop                           
20000f08  _stream                        
200009a0  _sys_memory                    
UNDEFED   _system_post_cinit             
00006aad  _system_pre_init               
2000106c  _unlock                        
00006ab1  abort                          
00005dd1  add_device                     
00005899  aligned_alloc                  
ffffffff  binit                          
20000000  buffer                         
0000644d  close                          
00006a05  copysign                       
00006a05  copysignl                      
00004e21  delay                          
20001088  errno                          
000065a5  exit                           
20000988  fcserr                         
0000468f  ferror                         
0000466f  fgetc                          
000068c9  finddevice                     
00005e89  fopen                          
00005a95  free                           
00006895  freopen                        
00006701  getdevice                      
00000000  interruptVectors               
00005789  ldexp                          
00005789  ldexpl                         
00002939  main                           
00006aa5  malloc                         
00005899  memalign                       
00005f25  memcpy                         
00006159  memset                         
00005d15  open                           
000045b1  outnibble                      
20000968  parmbuf                        
00003745  pow                            
00003745  powl                           
00006929  remove                         
2000098c  rotation                       
00005789  scalbn                         
00005789  scalbnl                        
00005b79  setvbuf                        
000053e9  sqrt                           
000053e9  sqrtl                          
00000115  ssd1306_Testcommandwrite       
00000145  ssd1306_command                
00000155  ssd1306_command1               
00000165  ssd1306_commandList            
00006a37  strchr                         
00006a1f  strcmp                         
00006a4d  strcpy                         
00006a61  strlen                         
000067c1  strncpy                        
000046ad  uart_close                     
0000472b  uart_lseek                     
0000469d  uart_open                      
000046bf  uart_read                      
00004747  uart_rename                    
0000473b  uart_unlink                    
000046e9  uart_write                     
00006929  unlink                         
20000990  vccstate                       
0000697d  write                          


GLOBAL SYMBOLS: SORTED BY Symbol Address 

address   name                           
-------   ----                           
00000000  __TI_static_base__             
00000000  interruptVectors               
00000115  ssd1306_Testcommandwrite       
00000145  ssd1306_command                
00000155  ssd1306_command1               
00000165  ssd1306_commandList            
0000018d  SSD1306_Init                   
00000200  __STACK_SIZE                   
00000293  SSD1306_DrawPixel              
00000400  __SYSMEM_SIZE                  
0000040d  SSD1306_DrawChar               
000004c1  SSD1306_DrawString             
0000050d  SSD1306_ClearBuffer            
0000054d  SSD1306_Clear                  
000005a1  SSD1306_DrawFullImage          
00000605  SSD1306_PrintBMP               
000007e5  SSD1306_DrawFastHLine          
000008f7  SSD1306_drawFastHLineInternal  
00000a09  SSD1306_DrawFastVLine          
00000b21  SSD1306_drawFastVLineInternal  
00000d21  SSD1306_GetPixel               
00000e1f  SSD1306_GetBuffer              
00000e23  SSD1306_DisplayBuffer          
00000e5d  SSD1306_startscrollright       
00000e8f  SSD1306_startscrollleft        
00000ec5  SSD1306_startscrolldiagright   
00000f09  SSD1306_startscrolldiagleft    
00000f49  SSD1306_stopscroll             
00000f53  SSD1306_InvertDisplay          
00000f69  SSD1306_Dim                    
00000f9b  SSD1306_SetCursor              
00001015  SSD1306_OutChar                
0000113b  SSD1306_OutString              
00001195  SSD1306_OutUDec                
00001381  SSD1306_OutSDec                
0000164d  SSD1306_OutUFix1               
000016e1  SSD1306_OutSFix1               
000017cf  SSD1306_OutHex7                
00001805  SSD1306_OutUHex7               
00001835  SSD1306_OutUDec16              
000018cd  SSD1306_OutUDec2               
0000192d  AP_Reset                       
00001957  AP_Init                        
00001a3d  AP_GetSize                     
00001a67  AP_EchoSendMessage             
00001ad3  AP_EchoReceived                
00001b59  AP_SendMessage                 
00001cf5  AP_RecvMessage                 
00001ed1  AP_RecvStatus                  
00001edf  AP_SendMessageResponse         
00001f1f  AP_GetNotifyCCCD               
00001f35  AP_AddService                  
00001f6d  AP_RegisterService             
00001f8d  AP_AddCharacteristic           
00002149  AP_AddNotifyCharacteristic     
00002371  AP_SendNotification            
00002471  AP_StartAdvertisement          
000024c5  AP_StartAdvertisementJacki     
0000252d  AP_GetStatus                   
00002569  AP_GetVersion                  
00002655  AP_BackgroundProcess           
00002939  main                           
00003745  pow                            
00003745  powl                           
00004115  UART0_Init                     
0000415b  UART0_InChar                   
0000416b  UART0_OutChar                  
00004187  UART0_OutString                
000041a5  UART0_InUDec                   
00004229  UART0_OutUDec                  
0000425d  UART0_OutSDec                  
000043a3  UART0_OutUDec4                 
000043fd  UART0_OutUDec5                 
00004435  UART0_OutUFix1                 
0000445d  UART0_OutUFix2                 
000044a9  UART0_InUHex                   
0000456d  UART0_OutUHex                  
000045b1  outnibble                      
000045d9  UART0_OutUHex2                 
000045f5  UART0_InString                 
0000466f  fgetc                          
0000468f  ferror                         
0000469d  uart_open                      
000046ad  uart_close                     
000046bf  uart_read                      
000046e9  uart_write                     
0000472b  uart_lseek                     
0000473b  uart_unlink                    
00004747  uart_rename                    
00004755  UART0_Initprintf               
000047e1  SystemCoreClockUpdate          
00004a59  SystemInit                     
00004b15  Port1_Init                     
00004b49  Port2_Init                     
00004b9b  Port3_Init                     
00004bc5  Port4_Init                     
00004bf9  Port5_Init                     
00004c23  Port6_Init                     
00004c61  Port7_Init                     
00004c63  Port8_Init                     
00004c65  Port9_Init                     
00004c85  Port10_Init                    
00004c87  PortJ_Init                     
00004d05  Clock_Init48MHz                
00004e1b  Clock_GetFreq                  
00004e21  delay                          
00004e2f  Clock_Delay1us                 
00004e59  Clock_Delay1ms                 
00004ee5  __aeabi_dsub                   
00004eef  __aeabi_dadd                   
0000509b  _nop                           
0000509d  Motor_Stop                     
000050cb  Motor_Forward                  
00005125  Motor_Right                    
0000517d  Motor_Left                     
000051d5  Motor_Backward                 
00005245  RxFifo_Init                    
00005257  RxFifo_Put                     
0000529d  RxFifo_Get                     
000052d3  UART1_InStatus                 
000052e3  UART1_Init                     
0000533f  UART1_InChar                   
00005351  UART1_OutChar                  
0000536d  EUSCIA2_IRQHandler             
0000536d  EUSCIA2_IRQHandler             
00005383  UART1_OutString                
000053a1  UART1_FinishOutput             
000053e9  sqrt                           
000053e9  sqrtl                          
00005541  __aeabi_ddiv                   
00005789  ldexp                          
00005789  ldexpl                         
00005789  scalbn                         
00005789  scalbnl                        
00005899  aligned_alloc                  
00005899  memalign                       
00005999  __aeabi_dmul                   
00005a95  free                           
00005b79  setvbuf                        
00005c55  GPIO_Init                      
00005d15  open                           
00005dd1  add_device                     
00005e89  fopen                          
00005f25  __aeabi_memcpy                 
00005f25  __aeabi_memcpy4                
00005f25  __aeabi_memcpy8                
00005f25  memcpy                         
00005fc1  __aeabi_cdcmpeq                
00005fc1  __aeabi_cdcmple                
00006047  __aeabi_cdrcmple               
000060cd  TimerA0_Init                   
00006101  TimerA1_Init                   
00006103  TimerA2_Init                   
0000610b  TimerA3_Init                   
00006151  __aeabi_memclr                 
00006151  __aeabi_memclr4                
00006151  __aeabi_memclr8                
00006153  __aeabi_memset                 
00006153  __aeabi_memset4                
00006153  __aeabi_memset8                
00006159  memset                         
000061cd  __TI_closefile                 
000062b1  HOSTrename                     
0000631d  HOSTlseek                      
00006385  __TI_decompress_lzss           
000063ed  HOSTopen                       
0000644d  close                          
000064a9  HOSTread                       
00006501  HOSTwrite                      
00006559  __TI_doflush                   
000065a5  exit                           
000065ed  __aeabi_d2iz                   
00006635  HOSTclose                      
00006679  HOSTunlink                     
000066bd  __TI_auto_init_nobinit_nopinit 
00006701  getdevice                      
00006745  __aeabi_d2uiz                  
00006789  __TI_writemsg                  
000067b7  C$$IO$$                        
000067c1  strncpy                        
000067f9  __TI_cleanup                   
0000682d  __TI_readmsg                   
00006861  _c_int00_noargs                
00006895  freopen                        
000068c9  finddevice                     
000068f9  __aeabi_i2d                    
00006929  remove                         
00006929  unlink                         
0000697d  write                          
000069a5  DisableInterrupts              
000069ab  EnableInterrupts               
000069b1  StartCritical                  
000069bb  EndCritical                    
000069c3  WaitForInterrupt               
000069c9  __aeabi_ui2d                   
00006a05  copysign                       
00006a05  copysignl                      
00006a1f  strcmp                         
00006a37  strchr                         
00006a4d  strcpy                         
00006a61  strlen                         
00006a75  __TI_decompress_none           
00006a83  Reset_Handler                  
00006a8f  ADC14_IRQHandler               
00006a8f  AES256_IRQHandler              
00006a8f  BusFault_Handler               
00006a8f  COMP_E0_IRQHandler             
00006a8f  COMP_E1_IRQHandler             
00006a8f  CS_IRQHandler                  
00006a8f  DMA_ERR_IRQHandler             
00006a8f  DMA_INT0_IRQHandler            
00006a8f  DMA_INT1_IRQHandler            
00006a8f  DMA_INT2_IRQHandler            
00006a8f  DMA_INT3_IRQHandler            
00006a8f  DebugMon_Handler               
00006a8f  Default_Handler                
00006a8f  EUSCIA0_IRQHandler             
00006a8f  EUSCIA1_IRQHandler             
00006a8f  EUSCIA3_IRQHandler             
00006a8f  EUSCIB0_IRQHandler             
00006a8f  EUSCIB1_IRQHandler             
00006a8f  EUSCIB2_IRQHandler             
00006a8f  EUSCIB3_IRQHandler             
00006a8f  FLCTL_IRQHandler               
00006a8f  FPU_IRQHandler                 
00006a8f  HardFault_Handler              
00006a8f  MemManage_Handler              
00006a8f  NMI_Handler                    
00006a8f  PCM_IRQHandler                 
00006a8f  PORT1_IRQHandler               
00006a8f  PORT2_IRQHandler               
00006a8f  PORT3_IRQHandler               
00006a8f  PORT4_IRQHandler               
00006a8f  PORT5_IRQHandler               
00006a8f  PORT6_IRQHandler               
00006a8f  PSS_IRQHandler                 
00006a8f  PendSV_Handler                 
00006a8f  RTC_C_IRQHandler               
00006a8f  SVC_Handler                    
00006a8f  SysTick_Handler                
00006a8f  T32_INT1_IRQHandler            
00006a8f  T32_INT2_IRQHandler            
00006a8f  T32_INTC_IRQHandler            
00006a8f  TA0_0_IRQHandler               
00006a8f  TA0_N_IRQHandler               
00006a8f  TA1_0_IRQHandler               
00006a8f  TA1_N_IRQHandler               
00006a8f  TA2_0_IRQHandler               
00006a8f  TA2_N_IRQHandler               
00006a8f  TA3_0_IRQHandler               
00006a8f  TA3_N_IRQHandler               
00006a8f  UsageFault_Handler             
00006a8f  WDT_A_IRQHandler               
00006a91  __TI_zero_init                 
00006a9d  __aeabi_errno_addr             
00006aa5  malloc                         
00006aad  _system_pre_init               
00006ab1  C$$EXIT                        
00006ab1  abort                          
00006ce1  NPI_StartAdvertisement         
00006cf5  NPI_SetAdvertisement1          
00006d06  HCI_EXT_ResetSystemCmd         
00006d1f  NPI_GetStatus                  
00006d25  NPI_GetVersion                 
00006d2b  NPI_Register                   
00006e90  __TI_Handler_Table_Base        
00006e9c  __TI_Handler_Table_Limit       
00006ea8  __TI_CINIT_Base                
00006eb8  __TI_CINIT_Limit               
20000000  __start___llvm_prf_cnts        
20000000  __stop___llvm_prf_cnts         
20000000  buffer                         
20000400  __CIOBUF_                      
20000520  RxFIFO                         
2000071c  CharacteristicList             
200007bc  __TI_tmpnams                   
2000085c  RecvBuf                        
200008dc  NotifyCharacteristicList       
20000960  Messageb                       
20000968  parmbuf                        
20000970  Messageindexb                  
20000974  NoSOFErr                       
20000978  RxFifoLost                     
2000097c  RxGetI                         
20000980  RxPutI                         
20000984  TimeOutErr                     
20000988  fcserr                         
2000098c  rotation                       
20000990  vccstate                       
20000996  StartX                         
20000998  StartY                         
2000099a  BLE_Cmd                        
2000099b  BLE_X                          
2000099c  BLE_Y                          
200009a0  _sys_memory                    
20000da0  _ftable                        
20000e90  _device                        
20000f08  _stream                        
20000f58  NPI_SetAdvertisementData       
20000f7d  NPI_SetAdvertisementDataJacki  
20000f9f  NPI_AddCharDescriptor          
20000fbf  NPI_GATTSetDeviceName          
20000fdc  ClockFrequency                 
20000fe0  Prewait                        
20000fe4  CPMwait                        
20000fe8  Postwait                       
20000fec  IFlags                         
20000ff0  Crystalstable                  
20000ff4  NPI_ReadConfirmation           
20001009  NPI_SendNotificationIndication 
20001020  __TI_ft_end                    
20001024  __aeabi_stdin                  
20001028  __aeabi_stdout                 
2000102c  __aeabi_stderr                 
20001030  NPI_AddCharValue               
20001040  __TI_cleanup_ptr               
20001044  __TI_dtors_ptr                 
20001048  __TI_enable_exit_profile_output
2000104c  NPI_AddService                 
20001055  NPI_CCCDUpdatedConfirmation    
2000105e  NPI_WriteConfirmation          
20001068  _lock                          
2000106c  _unlock                        
20001078  CharacteristicCount            
2000107c  NotifyCharacteristicCount      
20001080  CurrentX                       
20001082  CurrentY                       
20001088  errno                          
20001094  SystemCoreClock                
2000fe00  __stack                        
20010000  __STACK_END                    
4000480c  WDTCTL_SYM                     
ffffffff  __TI_pprof_out_hndl            
ffffffff  __TI_prof_data_size            
ffffffff  __TI_prof_data_start           
ffffffff  __binit__                      
ffffffff  __c_args__                     
ffffffff  binit                          
UNDEFED   __mpu_init                     
UNDEFED   _system_post_cinit             

[340 symbols]
