<?xml version="1.0" encoding="ISO-8859-1" ?>
<link_info>
   <banner>TI ARM Linker PC v20.2.7.LTS</banner>
   <copyright>Copyright (c) 1996-2018 Texas Instruments Incorporated</copyright>
   <link_time>0x67fbd0c9</link_time>
   <link_errors>0x0</link_errors>
   <output_file>Final Project.out</output_file>
   <entry_point>
      <name>_c_int00_noargs</name>
      <address>0x50f5</address>
   </entry_point>
   <input_file_list>
      <input_file id="fl-2">
         <path>.\</path>
         <kind>object</kind>
         <file>AP.obj</file>
         <name>AP.obj</name>
      </input_file>
      <input_file id="fl-3">
         <path>.\</path>
         <kind>object</kind>
         <file>Clock.obj</file>
         <name>Clock.obj</name>
      </input_file>
      <input_file id="fl-4">
         <path>.\</path>
         <kind>object</kind>
         <file>CortexM.obj</file>
         <name>CortexM.obj</name>
      </input_file>
      <input_file id="fl-5">
         <path>.\</path>
         <kind>object</kind>
         <file>GPIO.obj</file>
         <name>GPIO.obj</name>
      </input_file>
      <input_file id="fl-6">
         <path>.\</path>
         <kind>object</kind>
         <file>Init_Ports.obj</file>
         <name>Init_Ports.obj</name>
      </input_file>
      <input_file id="fl-7">
         <path>.\</path>
         <kind>object</kind>
         <file>Init_Timers.obj</file>
         <name>Init_Timers.obj</name>
      </input_file>
      <input_file id="fl-8">
         <path>.\</path>
         <kind>object</kind>
         <file>LaunchPad.obj</file>
         <name>LaunchPad.obj</name>
      </input_file>
      <input_file id="fl-9">
         <path>.\</path>
         <kind>object</kind>
         <file>Motor.obj</file>
         <name>Motor.obj</name>
      </input_file>
      <input_file id="fl-a">
         <path>.\</path>
         <kind>object</kind>
         <file>SSD1306.obj</file>
         <name>SSD1306.obj</name>
      </input_file>
      <input_file id="fl-b">
         <path>.\</path>
         <kind>object</kind>
         <file>UART0.obj</file>
         <name>UART0.obj</name>
      </input_file>
      <input_file id="fl-c">
         <path>.\</path>
         <kind>object</kind>
         <file>UART1.obj</file>
         <name>UART1.obj</name>
      </input_file>
      <input_file id="fl-d">
         <path>.\</path>
         <kind>object</kind>
         <file>main.obj</file>
         <name>main.obj</name>
      </input_file>
      <input_file id="fl-e">
         <path>.\</path>
         <kind>object</kind>
         <file>startup_msp432p401r_ccs.obj</file>
         <name>startup_msp432p401r_ccs.obj</name>
      </input_file>
      <input_file id="fl-f">
         <path>.\</path>
         <kind>object</kind>
         <file>system_msp432p401r.obj</file>
         <name>system_msp432p401r.obj</name>
      </input_file>
      <input_file id="fl-13">
         <kind>object</kind>
         <file>&lt;internal&gt;</file>
         <name>&lt;internal&gt;</name>
      </input_file>
      <input_file id="fl-c9">
         <path>C:\ti\ccs1271\ccs\tools\compiler\ti-cgt-arm_20.2.7.LTS\lib\</path>
         <kind>archive</kind>
         <file>rtsv7M4_T_le_v4SPD16_eabi.lib</file>
         <name>e_pow.c.obj</name>
      </input_file>
      <input_file id="fl-ca">
         <path>C:\ti\ccs1271\ccs\tools\compiler\ti-cgt-arm_20.2.7.LTS\lib\</path>
         <kind>archive</kind>
         <file>rtsv7M4_T_le_v4SPD16_eabi.lib</file>
         <name>e_sqrt.c.obj</name>
      </input_file>
      <input_file id="fl-cb">
         <path>C:\ti\ccs1271\ccs\tools\compiler\ti-cgt-arm_20.2.7.LTS\lib\</path>
         <kind>archive</kind>
         <file>rtsv7M4_T_le_v4SPD16_eabi.lib</file>
         <name>s_scalbn.c.obj</name>
      </input_file>
      <input_file id="fl-cc">
         <path>C:\ti\ccs1271\ccs\tools\compiler\ti-cgt-arm_20.2.7.LTS\lib\</path>
         <kind>archive</kind>
         <file>rtsv7M4_T_le_v4SPD16_eabi.lib</file>
         <name>fopen.c.obj</name>
      </input_file>
      <input_file id="fl-cd">
         <path>C:\ti\ccs1271\ccs\tools\compiler\ti-cgt-arm_20.2.7.LTS\lib\</path>
         <kind>archive</kind>
         <file>rtsv7M4_T_le_v4SPD16_eabi.lib</file>
         <name>setvbuf.c.obj</name>
      </input_file>
      <input_file id="fl-ce">
         <path>C:\ti\ccs1271\ccs\tools\compiler\ti-cgt-arm_20.2.7.LTS\lib\</path>
         <kind>archive</kind>
         <file>rtsv7M4_T_le_v4SPD16_eabi.lib</file>
         <name>fd_add_t2.asm.obj</name>
      </input_file>
      <input_file id="fl-cf">
         <path>C:\ti\ccs1271\ccs\tools\compiler\ti-cgt-arm_20.2.7.LTS\lib\</path>
         <kind>archive</kind>
         <file>rtsv7M4_T_le_v4SPD16_eabi.lib</file>
         <name>fd_cmp_t2.asm.obj</name>
      </input_file>
      <input_file id="fl-d0">
         <path>C:\ti\ccs1271\ccs\tools\compiler\ti-cgt-arm_20.2.7.LTS\lib\</path>
         <kind>archive</kind>
         <file>rtsv7M4_T_le_v4SPD16_eabi.lib</file>
         <name>fd_div_t2.asm.obj</name>
      </input_file>
      <input_file id="fl-d1">
         <path>C:\ti\ccs1271\ccs\tools\compiler\ti-cgt-arm_20.2.7.LTS\lib\</path>
         <kind>archive</kind>
         <file>rtsv7M4_T_le_v4SPD16_eabi.lib</file>
         <name>fd_mul_t2.asm.obj</name>
      </input_file>
      <input_file id="fl-d2">
         <path>C:\ti\ccs1271\ccs\tools\compiler\ti-cgt-arm_20.2.7.LTS\lib\</path>
         <kind>archive</kind>
         <file>rtsv7M4_T_le_v4SPD16_eabi.lib</file>
         <name>fd_toi_t2.asm.obj</name>
      </input_file>
      <input_file id="fl-d3">
         <path>C:\ti\ccs1271\ccs\tools\compiler\ti-cgt-arm_20.2.7.LTS\lib\</path>
         <kind>archive</kind>
         <file>rtsv7M4_T_le_v4SPD16_eabi.lib</file>
         <name>i_tofd_t2.asm.obj</name>
      </input_file>
      <input_file id="fl-d4">
         <path>C:\ti\ccs1271\ccs\tools\compiler\ti-cgt-arm_20.2.7.LTS\lib\</path>
         <kind>archive</kind>
         <file>rtsv7M4_T_le_v4SPD16_eabi.lib</file>
         <name>memset_t2.asm.obj</name>
      </input_file>
      <input_file id="fl-d5">
         <path>C:\ti\ccs1271\ccs\tools\compiler\ti-cgt-arm_20.2.7.LTS\lib\</path>
         <kind>archive</kind>
         <file>rtsv7M4_T_le_v4SPD16_eabi.lib</file>
         <name>copy_zero_init.c.obj</name>
      </input_file>
      <input_file id="fl-d6">
         <path>C:\ti\ccs1271\ccs\tools\compiler\ti-cgt-arm_20.2.7.LTS\lib\</path>
         <kind>archive</kind>
         <file>rtsv7M4_T_le_v4SPD16_eabi.lib</file>
         <name>copy_decompress_none.c.obj</name>
      </input_file>
      <input_file id="fl-d7">
         <path>C:\ti\ccs1271\ccs\tools\compiler\ti-cgt-arm_20.2.7.LTS\lib\</path>
         <kind>archive</kind>
         <file>rtsv7M4_T_le_v4SPD16_eabi.lib</file>
         <name>copy_decompress_lzss.c.obj</name>
      </input_file>
      <input_file id="fl-d8">
         <path>C:\ti\ccs1271\ccs\tools\compiler\ti-cgt-arm_20.2.7.LTS\lib\</path>
         <kind>archive</kind>
         <file>rtsv7M4_T_le_v4SPD16_eabi.lib</file>
         <name>exit.c.obj</name>
      </input_file>
      <input_file id="fl-d9">
         <path>C:\ti\ccs1271\ccs\tools\compiler\ti-cgt-arm_20.2.7.LTS\lib\</path>
         <kind>archive</kind>
         <file>rtsv7M4_T_le_v4SPD16_eabi.lib</file>
         <name>_lock.c.obj</name>
      </input_file>
      <input_file id="fl-da">
         <path>C:\ti\ccs1271\ccs\tools\compiler\ti-cgt-arm_20.2.7.LTS\lib\</path>
         <kind>archive</kind>
         <file>rtsv7M4_T_le_v4SPD16_eabi.lib</file>
         <name>defs.c.obj</name>
      </input_file>
      <input_file id="fl-db">
         <path>C:\ti\ccs1271\ccs\tools\compiler\ti-cgt-arm_20.2.7.LTS\lib\</path>
         <kind>archive</kind>
         <file>rtsv7M4_T_le_v4SPD16_eabi.lib</file>
         <name>memory.c.obj</name>
      </input_file>
      <input_file id="fl-dc">
         <path>C:\ti\ccs1271\ccs\tools\compiler\ti-cgt-arm_20.2.7.LTS\lib\</path>
         <kind>archive</kind>
         <file>rtsv7M4_T_le_v4SPD16_eabi.lib</file>
         <name>boot_cortex_m.c.obj</name>
      </input_file>
      <input_file id="fl-dd">
         <path>C:\ti\ccs1271\ccs\tools\compiler\ti-cgt-arm_20.2.7.LTS\lib\</path>
         <kind>archive</kind>
         <file>rtsv7M4_T_le_v4SPD16_eabi.lib</file>
         <name>open.c.obj</name>
      </input_file>
      <input_file id="fl-de">
         <path>C:\ti\ccs1271\ccs\tools\compiler\ti-cgt-arm_20.2.7.LTS\lib\</path>
         <kind>archive</kind>
         <file>rtsv7M4_T_le_v4SPD16_eabi.lib</file>
         <name>add_device.c.obj</name>
      </input_file>
      <input_file id="fl-df">
         <path>C:\ti\ccs1271\ccs\tools\compiler\ti-cgt-arm_20.2.7.LTS\lib\</path>
         <kind>archive</kind>
         <file>rtsv7M4_T_le_v4SPD16_eabi.lib</file>
         <name>errno.c.obj</name>
      </input_file>
      <input_file id="fl-e0">
         <path>C:\ti\ccs1271\ccs\tools\compiler\ti-cgt-arm_20.2.7.LTS\lib\</path>
         <kind>archive</kind>
         <file>rtsv7M4_T_le_v4SPD16_eabi.lib</file>
         <name>s_copysign.c.obj</name>
      </input_file>
      <input_file id="fl-e1">
         <path>C:\ti\ccs1271\ccs\tools\compiler\ti-cgt-arm_20.2.7.LTS\lib\</path>
         <kind>archive</kind>
         <file>rtsv7M4_T_le_v4SPD16_eabi.lib</file>
         <name>fclose.c.obj</name>
      </input_file>
      <input_file id="fl-e2">
         <path>C:\ti\ccs1271\ccs\tools\compiler\ti-cgt-arm_20.2.7.LTS\lib\</path>
         <kind>archive</kind>
         <file>rtsv7M4_T_le_v4SPD16_eabi.lib</file>
         <name>fflush.c.obj</name>
      </input_file>
      <input_file id="fl-e3">
         <path>C:\ti\ccs1271\ccs\tools\compiler\ti-cgt-arm_20.2.7.LTS\lib\</path>
         <kind>archive</kind>
         <file>rtsv7M4_T_le_v4SPD16_eabi.lib</file>
         <name>getdevice.c.obj</name>
      </input_file>
      <input_file id="fl-e4">
         <path>C:\ti\ccs1271\ccs\tools\compiler\ti-cgt-arm_20.2.7.LTS\lib\</path>
         <kind>archive</kind>
         <file>rtsv7M4_T_le_v4SPD16_eabi.lib</file>
         <name>memcpy_t2.asm.obj</name>
      </input_file>
      <input_file id="fl-e5">
         <path>C:\ti\ccs1271\ccs\tools\compiler\ti-cgt-arm_20.2.7.LTS\lib\</path>
         <kind>archive</kind>
         <file>rtsv7M4_T_le_v4SPD16_eabi.lib</file>
         <name>autoinit.c.obj</name>
      </input_file>
      <input_file id="fl-e6">
         <path>C:\ti\ccs1271\ccs\tools\compiler\ti-cgt-arm_20.2.7.LTS\lib\</path>
         <kind>archive</kind>
         <file>rtsv7M4_T_le_v4SPD16_eabi.lib</file>
         <name>pre_init.c.obj</name>
      </input_file>
      <input_file id="fl-e7">
         <path>C:\ti\ccs1271\ccs\tools\compiler\ti-cgt-arm_20.2.7.LTS\lib\</path>
         <kind>archive</kind>
         <file>rtsv7M4_T_le_v4SPD16_eabi.lib</file>
         <name>cpy_tbl.c.obj</name>
      </input_file>
      <input_file id="fl-e8">
         <path>C:\ti\ccs1271\ccs\tools\compiler\ti-cgt-arm_20.2.7.LTS\lib\</path>
         <kind>archive</kind>
         <file>rtsv7M4_T_le_v4SPD16_eabi.lib</file>
         <name>args_main.c.obj</name>
      </input_file>
      <input_file id="fl-e9">
         <path>C:\ti\ccs1271\ccs\tools\compiler\ti-cgt-arm_20.2.7.LTS\lib\</path>
         <kind>archive</kind>
         <file>rtsv7M4_T_le_v4SPD16_eabi.lib</file>
         <name>strchr.c.obj</name>
      </input_file>
      <input_file id="fl-ea">
         <path>C:\ti\ccs1271\ccs\tools\compiler\ti-cgt-arm_20.2.7.LTS\lib\</path>
         <kind>archive</kind>
         <file>rtsv7M4_T_le_v4SPD16_eabi.lib</file>
         <name>strcmp.c.obj</name>
      </input_file>
      <input_file id="fl-eb">
         <path>C:\ti\ccs1271\ccs\tools\compiler\ti-cgt-arm_20.2.7.LTS\lib\</path>
         <kind>archive</kind>
         <file>rtsv7M4_T_le_v4SPD16_eabi.lib</file>
         <name>strncpy.c.obj</name>
      </input_file>
      <input_file id="fl-ec">
         <path>C:\ti\ccs1271\ccs\tools\compiler\ti-cgt-arm_20.2.7.LTS\lib\</path>
         <kind>archive</kind>
         <file>rtsv7M4_T_le_v4SPD16_eabi.lib</file>
         <name>write.c.obj</name>
      </input_file>
      <input_file id="fl-ed">
         <path>C:\ti\ccs1271\ccs\tools\compiler\ti-cgt-arm_20.2.7.LTS\lib\</path>
         <kind>archive</kind>
         <file>rtsv7M4_T_le_v4SPD16_eabi.lib</file>
         <name>host_device.c.obj</name>
      </input_file>
      <input_file id="fl-ee">
         <path>C:\ti\ccs1271\ccs\tools\compiler\ti-cgt-arm_20.2.7.LTS\lib\</path>
         <kind>archive</kind>
         <file>rtsv7M4_T_le_v4SPD16_eabi.lib</file>
         <name>remove.c.obj</name>
      </input_file>
      <input_file id="fl-ef">
         <path>C:\ti\ccs1271\ccs\tools\compiler\ti-cgt-arm_20.2.7.LTS\lib\</path>
         <kind>archive</kind>
         <file>rtsv7M4_T_le_v4SPD16_eabi.lib</file>
         <name>close.c.obj</name>
      </input_file>
      <input_file id="fl-f0">
         <path>C:\ti\ccs1271\ccs\tools\compiler\ti-cgt-arm_20.2.7.LTS\lib\</path>
         <kind>archive</kind>
         <file>rtsv7M4_T_le_v4SPD16_eabi.lib</file>
         <name>unlink.c.obj</name>
      </input_file>
      <input_file id="fl-f1">
         <path>C:\ti\ccs1271\ccs\tools\compiler\ti-cgt-arm_20.2.7.LTS\lib\</path>
         <kind>archive</kind>
         <file>rtsv7M4_T_le_v4SPD16_eabi.lib</file>
         <name>hostclose.c.obj</name>
      </input_file>
      <input_file id="fl-f2">
         <path>C:\ti\ccs1271\ccs\tools\compiler\ti-cgt-arm_20.2.7.LTS\lib\</path>
         <kind>archive</kind>
         <file>rtsv7M4_T_le_v4SPD16_eabi.lib</file>
         <name>hostlseek.c.obj</name>
      </input_file>
      <input_file id="fl-f3">
         <path>C:\ti\ccs1271\ccs\tools\compiler\ti-cgt-arm_20.2.7.LTS\lib\</path>
         <kind>archive</kind>
         <file>rtsv7M4_T_le_v4SPD16_eabi.lib</file>
         <name>hostopen.c.obj</name>
      </input_file>
      <input_file id="fl-f4">
         <path>C:\ti\ccs1271\ccs\tools\compiler\ti-cgt-arm_20.2.7.LTS\lib\</path>
         <kind>archive</kind>
         <file>rtsv7M4_T_le_v4SPD16_eabi.lib</file>
         <name>hostread.c.obj</name>
      </input_file>
      <input_file id="fl-f5">
         <path>C:\ti\ccs1271\ccs\tools\compiler\ti-cgt-arm_20.2.7.LTS\lib\</path>
         <kind>archive</kind>
         <file>rtsv7M4_T_le_v4SPD16_eabi.lib</file>
         <name>hostrename.c.obj</name>
      </input_file>
      <input_file id="fl-f6">
         <path>C:\ti\ccs1271\ccs\tools\compiler\ti-cgt-arm_20.2.7.LTS\lib\</path>
         <kind>archive</kind>
         <file>rtsv7M4_T_le_v4SPD16_eabi.lib</file>
         <name>hostunlink.c.obj</name>
      </input_file>
      <input_file id="fl-f7">
         <path>C:\ti\ccs1271\ccs\tools\compiler\ti-cgt-arm_20.2.7.LTS\lib\</path>
         <kind>archive</kind>
         <file>rtsv7M4_T_le_v4SPD16_eabi.lib</file>
         <name>hostwrite.c.obj</name>
      </input_file>
      <input_file id="fl-f8">
         <path>C:\ti\ccs1271\ccs\tools\compiler\ti-cgt-arm_20.2.7.LTS\lib\</path>
         <kind>archive</kind>
         <file>rtsv7M4_T_le_v4SPD16_eabi.lib</file>
         <name>trgmsg.c.obj</name>
      </input_file>
      <input_file id="fl-f9">
         <path>C:\ti\ccs1271\ccs\tools\compiler\ti-cgt-arm_20.2.7.LTS\lib\</path>
         <kind>archive</kind>
         <file>rtsv7M4_T_le_v4SPD16_eabi.lib</file>
         <name>strcpy.c.obj</name>
      </input_file>
      <input_file id="fl-fa">
         <path>C:\ti\ccs1271\ccs\tools\compiler\ti-cgt-arm_20.2.7.LTS\lib\</path>
         <kind>archive</kind>
         <file>rtsv7M4_T_le_v4SPD16_eabi.lib</file>
         <name>strlen.c.obj</name>
      </input_file>
   </input_file_list>
   <object_component_list>
      <object_component id="oc-26">
         <name>.intvecs:retain</name>
         <load_address>0x0</load_address>
         <run_address>0x0</run_address>
         <size>0xe4</size>
         <input_file_ref idref="fl-e"/>
      </object_component>
      <object_component id="oc-11b">
         <name>.text</name>
         <load_address>0xe4</load_address>
         <run_address>0xe4</run_address>
         <size>0x1848</size>
         <input_file_ref idref="fl-a"/>
      </object_component>
      <object_component id="oc-1ff">
         <name>.text:pow</name>
         <load_address>0x192c</load_address>
         <run_address>0x192c</run_address>
         <size>0x9d0</size>
         <input_file_ref idref="fl-c9"/>
      </object_component>
      <object_component id="oc-a0">
         <name>.text</name>
         <load_address>0x22fc</load_address>
         <run_address>0x22fc</run_address>
         <size>0x7b0</size>
         <input_file_ref idref="fl-d"/>
      </object_component>
      <object_component id="oc-f7">
         <name>.text</name>
         <load_address>0x2aac</load_address>
         <run_address>0x2aac</run_address>
         <size>0x6cc</size>
         <input_file_ref idref="fl-b"/>
      </object_component>
      <object_component id="oc-b2">
         <name>.text</name>
         <load_address>0x3178</load_address>
         <run_address>0x3178</run_address>
         <size>0x334</size>
         <input_file_ref idref="fl-f"/>
      </object_component>
      <object_component id="oc-10f">
         <name>.text</name>
         <load_address>0x34ac</load_address>
         <run_address>0x34ac</run_address>
         <size>0x1f0</size>
         <input_file_ref idref="fl-6"/>
      </object_component>
      <object_component id="oc-103">
         <name>.text</name>
         <load_address>0x369c</load_address>
         <run_address>0x369c</run_address>
         <size>0x1e0</size>
         <input_file_ref idref="fl-3"/>
      </object_component>
      <object_component id="oc-2b3">
         <name>.text</name>
         <load_address>0x387c</load_address>
         <run_address>0x387c</run_address>
         <size>0x1b6</size>
         <input_file_ref idref="fl-ce"/>
      </object_component>
      <object_component id="oc-2ec">
         <name>.text:_nop</name>
         <load_address>0x3a32</load_address>
         <run_address>0x3a32</run_address>
         <size>0x2</size>
         <input_file_ref idref="fl-d9"/>
      </object_component>
      <object_component id="oc-fd">
         <name>.text</name>
         <load_address>0x3a34</load_address>
         <run_address>0x3a34</run_address>
         <size>0x1a8</size>
         <input_file_ref idref="fl-9"/>
      </object_component>
      <object_component id="oc-70">
         <name>.text</name>
         <load_address>0x3bdc</load_address>
         <run_address>0x3bdc</run_address>
         <size>0x1a4</size>
         <input_file_ref idref="fl-c"/>
      </object_component>
      <object_component id="oc-2bd">
         <name>.text:sqrt</name>
         <load_address>0x3d80</load_address>
         <run_address>0x3d80</run_address>
         <size>0x158</size>
         <input_file_ref idref="fl-ca"/>
      </object_component>
      <object_component id="oc-2b8">
         <name>.text</name>
         <load_address>0x3ed8</load_address>
         <run_address>0x3ed8</run_address>
         <size>0x136</size>
         <input_file_ref idref="fl-d0"/>
      </object_component>
      <object_component id="oc-254">
         <name>.text:_openfile</name>
         <load_address>0x4010</load_address>
         <run_address>0x4010</run_address>
         <size>0x110</size>
         <input_file_ref idref="fl-cc"/>
      </object_component>
      <object_component id="oc-2db">
         <name>.text:scalbn</name>
         <load_address>0x4120</load_address>
         <run_address>0x4120</run_address>
         <size>0x110</size>
         <input_file_ref idref="fl-cb"/>
      </object_component>
      <object_component id="oc-380">
         <name>.text:aligned_alloc</name>
         <load_address>0x4230</load_address>
         <run_address>0x4230</run_address>
         <size>0x100</size>
         <input_file_ref idref="fl-db"/>
      </object_component>
      <object_component id="oc-2c9">
         <name>.text</name>
         <load_address>0x4330</load_address>
         <run_address>0x4330</run_address>
         <size>0xfc</size>
         <input_file_ref idref="fl-d1"/>
      </object_component>
      <object_component id="oc-267">
         <name>.text:free</name>
         <load_address>0x442c</load_address>
         <run_address>0x442c</run_address>
         <size>0xe4</size>
         <input_file_ref idref="fl-db"/>
      </object_component>
      <object_component id="oc-19f">
         <name>.text:setvbuf</name>
         <load_address>0x4510</load_address>
         <run_address>0x4510</run_address>
         <size>0xdc</size>
         <input_file_ref idref="fl-cd"/>
      </object_component>
      <object_component id="oc-34e">
         <name>.text:open</name>
         <load_address>0x45ec</load_address>
         <run_address>0x45ec</run_address>
         <size>0xbc</size>
         <input_file_ref idref="fl-dd"/>
      </object_component>
      <object_component id="oc-18d">
         <name>.text:add_device</name>
         <load_address>0x46a8</load_address>
         <run_address>0x46a8</run_address>
         <size>0xb8</size>
         <input_file_ref idref="fl-de"/>
      </object_component>
      <object_component id="oc-193">
         <name>.text:fopen</name>
         <load_address>0x4760</load_address>
         <run_address>0x4760</run_address>
         <size>0x9c</size>
         <input_file_ref idref="fl-cc"/>
      </object_component>
      <object_component id="oc-3a">
         <name>.text</name>
         <load_address>0x47fc</load_address>
         <run_address>0x47fc</run_address>
         <size>0x9c</size>
         <input_file_ref idref="fl-e4"/>
      </object_component>
      <object_component id="oc-2d1">
         <name>.text:__aeabi_cdcmple</name>
         <load_address>0x4898</load_address>
         <run_address>0x4898</run_address>
         <size>0x86</size>
         <input_file_ref idref="fl-cf"/>
      </object_component>
      <object_component id="oc-2d6">
         <name>.text:__aeabi_cdrcmple</name>
         <load_address>0x491e</load_address>
         <run_address>0x491e</run_address>
         <size>0x86</size>
         <input_file_ref idref="fl-cf"/>
      </object_component>
      <object_component id="oc-115">
         <name>.text</name>
         <load_address>0x49a4</load_address>
         <run_address>0x49a4</run_address>
         <size>0x84</size>
         <input_file_ref idref="fl-7"/>
      </object_component>
      <object_component id="oc-94">
         <name>.text</name>
         <load_address>0x4a28</load_address>
         <run_address>0x4a28</run_address>
         <size>0x7a</size>
         <input_file_ref idref="fl-d4"/>
      </object_component>
      <object_component id="oc-260">
         <name>.text:__TI_closefile</name>
         <load_address>0x4aa4</load_address>
         <run_address>0x4aa4</run_address>
         <size>0x74</size>
         <input_file_ref idref="fl-e1"/>
      </object_component>
      <object_component id="oc-411">
         <name>.text:split</name>
         <load_address>0x4b18</load_address>
         <run_address>0x4b18</run_address>
         <size>0x70</size>
         <input_file_ref idref="fl-db"/>
      </object_component>
      <object_component id="oc-339">
         <name>.text:HOSTrename</name>
         <load_address>0x4b88</load_address>
         <run_address>0x4b88</run_address>
         <size>0x6c</size>
         <input_file_ref idref="fl-f5"/>
      </object_component>
      <object_component id="oc-32d">
         <name>.text:HOSTlseek</name>
         <load_address>0x4bf4</load_address>
         <run_address>0x4bf4</run_address>
         <size>0x68</size>
         <input_file_ref idref="fl-f2"/>
      </object_component>
      <object_component id="oc-17">
         <name>.text:decompress:lzss:__TI_decompress_lzss</name>
         <load_address>0x4c5c</load_address>
         <run_address>0x4c5c</run_address>
         <size>0x68</size>
         <input_file_ref idref="fl-d7"/>
      </object_component>
      <object_component id="oc-315">
         <name>.text:HOSTopen</name>
         <load_address>0x4cc4</load_address>
         <run_address>0x4cc4</run_address>
         <size>0x60</size>
         <input_file_ref idref="fl-f3"/>
      </object_component>
      <object_component id="oc-364">
         <name>.text:close</name>
         <load_address>0x4d24</load_address>
         <run_address>0x4d24</run_address>
         <size>0x5c</size>
         <input_file_ref idref="fl-ef"/>
      </object_component>
      <object_component id="oc-321">
         <name>.text:HOSTread</name>
         <load_address>0x4d80</load_address>
         <run_address>0x4d80</run_address>
         <size>0x58</size>
         <input_file_ref idref="fl-f4"/>
      </object_component>
      <object_component id="oc-327">
         <name>.text:HOSTwrite</name>
         <load_address>0x4dd8</load_address>
         <run_address>0x4dd8</run_address>
         <size>0x58</size>
         <input_file_ref idref="fl-f7"/>
      </object_component>
      <object_component id="oc-35e">
         <name>.text:__TI_doflush</name>
         <load_address>0x4e30</load_address>
         <run_address>0x4e30</run_address>
         <size>0x4c</size>
         <input_file_ref idref="fl-e2"/>
      </object_component>
      <object_component id="oc-130">
         <name>.text:exit</name>
         <load_address>0x4e7c</load_address>
         <run_address>0x4e7c</run_address>
         <size>0x48</size>
         <input_file_ref idref="fl-d8"/>
      </object_component>
      <object_component id="oc-205">
         <name>.text</name>
         <load_address>0x4ec4</load_address>
         <run_address>0x4ec4</run_address>
         <size>0x48</size>
         <input_file_ref idref="fl-d2"/>
      </object_component>
      <object_component id="oc-31b">
         <name>.text:HOSTclose</name>
         <load_address>0x4f0c</load_address>
         <run_address>0x4f0c</run_address>
         <size>0x44</size>
         <input_file_ref idref="fl-f1"/>
      </object_component>
      <object_component id="oc-333">
         <name>.text:HOSTunlink</name>
         <load_address>0x4f50</load_address>
         <run_address>0x4f50</run_address>
         <size>0x44</size>
         <input_file_ref idref="fl-f6"/>
      </object_component>
      <object_component id="oc-136">
         <name>.text:__TI_auto_init_nobinit_nopinit:__TI_auto_init_nobinit_nopinit</name>
         <load_address>0x4f94</load_address>
         <run_address>0x4f94</run_address>
         <size>0x44</size>
         <input_file_ref idref="fl-e5"/>
      </object_component>
      <object_component id="oc-3f2">
         <name>.text:getdevice</name>
         <load_address>0x4fd8</load_address>
         <run_address>0x4fd8</run_address>
         <size>0x44</size>
         <input_file_ref idref="fl-e3"/>
      </object_component>
      <object_component id="oc-3c9">
         <name>.text:__TI_writemsg</name>
         <load_address>0x501c</load_address>
         <run_address>0x501c</run_address>
         <size>0x38</size>
         <input_file_ref idref="fl-f8"/>
      </object_component>
      <object_component id="oc-248">
         <name>.text:strncpy</name>
         <load_address>0x5054</load_address>
         <run_address>0x5054</run_address>
         <size>0x36</size>
         <input_file_ref idref="fl-eb"/>
      </object_component>
      <object_component id="oc-273">
         <name>.text:__TI_cleanup</name>
         <load_address>0x508c</load_address>
         <run_address>0x508c</run_address>
         <size>0x34</size>
         <input_file_ref idref="fl-cc"/>
      </object_component>
      <object_component id="oc-3cf">
         <name>.text:__TI_readmsg</name>
         <load_address>0x50c0</load_address>
         <run_address>0x50c0</run_address>
         <size>0x34</size>
         <input_file_ref idref="fl-f8"/>
      </object_component>
      <object_component id="oc-58">
         <name>.text:_c_int00_noargs:_c_int00_noargs</name>
         <load_address>0x50f4</load_address>
         <run_address>0x50f4</run_address>
         <size>0x34</size>
         <input_file_ref idref="fl-dc"/>
      </object_component>
      <object_component id="oc-199">
         <name>.text:freopen</name>
         <load_address>0x5128</load_address>
         <run_address>0x5128</run_address>
         <size>0x34</size>
         <input_file_ref idref="fl-cc"/>
      </object_component>
      <object_component id="oc-242">
         <name>.text:finddevice</name>
         <load_address>0x515c</load_address>
         <run_address>0x515c</run_address>
         <size>0x30</size>
         <input_file_ref idref="fl-e3"/>
      </object_component>
      <object_component id="oc-1fa">
         <name>.text</name>
         <load_address>0x518c</load_address>
         <run_address>0x518c</run_address>
         <size>0x2e</size>
         <input_file_ref idref="fl-d3"/>
      </object_component>
      <object_component id="oc-36a">
         <name>.text:unlink</name>
         <load_address>0x51bc</load_address>
         <run_address>0x51bc</run_address>
         <size>0x2c</size>
         <input_file_ref idref="fl-f0"/>
      </object_component>
      <object_component id="oc-379">
         <name>.text:free_list_insert</name>
         <load_address>0x51e8</load_address>
         <run_address>0x51e8</run_address>
         <size>0x28</size>
         <input_file_ref idref="fl-db"/>
      </object_component>
      <object_component id="oc-3fe">
         <name>.text:write</name>
         <load_address>0x5210</load_address>
         <run_address>0x5210</run_address>
         <size>0x28</size>
         <input_file_ref idref="fl-ec"/>
      </object_component>
      <object_component id="oc-109">
         <name>.text</name>
         <load_address>0x5238</load_address>
         <run_address>0x5238</run_address>
         <size>0x24</size>
         <input_file_ref idref="fl-4"/>
      </object_component>
      <object_component id="oc-373">
         <name>.text:free_list_remove</name>
         <load_address>0x525c</load_address>
         <run_address>0x525c</run_address>
         <size>0x1c</size>
         <input_file_ref idref="fl-db"/>
      </object_component>
      <object_component id="oc-39a">
         <name>.text:copysign</name>
         <load_address>0x5278</load_address>
         <run_address>0x5278</run_address>
         <size>0x1a</size>
         <input_file_ref idref="fl-e0"/>
      </object_component>
      <object_component id="oc-30b">
         <name>.text:strcmp</name>
         <load_address>0x5292</load_address>
         <run_address>0x5292</run_address>
         <size>0x18</size>
         <input_file_ref idref="fl-ea"/>
      </object_component>
      <object_component id="oc-440">
         <name>.text:strchr</name>
         <load_address>0x52aa</load_address>
         <run_address>0x52aa</run_address>
         <size>0x16</size>
         <input_file_ref idref="fl-e9"/>
      </object_component>
      <object_component id="oc-3e3">
         <name>.text:strcpy</name>
         <load_address>0x52c0</load_address>
         <run_address>0x52c0</run_address>
         <size>0x14</size>
         <input_file_ref idref="fl-f9"/>
      </object_component>
      <object_component id="oc-3c3">
         <name>.text:strlen</name>
         <load_address>0x52d4</load_address>
         <run_address>0x52d4</run_address>
         <size>0x14</size>
         <input_file_ref idref="fl-fa"/>
      </object_component>
      <object_component id="oc-1d">
         <name>.text:decompress:none:__TI_decompress_none</name>
         <load_address>0x52e8</load_address>
         <run_address>0x52e8</run_address>
         <size>0xe</size>
         <input_file_ref idref="fl-d6"/>
      </object_component>
      <object_component id="oc-6a">
         <name>.text</name>
         <load_address>0x52f6</load_address>
         <run_address>0x52f6</run_address>
         <size>0xe</size>
         <input_file_ref idref="fl-e"/>
      </object_component>
      <object_component id="oc-4c">
         <name>.text:decompress:ZI:__TI_zero_init</name>
         <load_address>0x5304</load_address>
         <run_address>0x5304</run_address>
         <size>0xc</size>
         <input_file_ref idref="fl-d5"/>
      </object_component>
      <object_component id="oc-2c3">
         <name>.text:__aeabi_errno_addr</name>
         <load_address>0x5310</load_address>
         <run_address>0x5310</run_address>
         <size>0x8</size>
         <input_file_ref idref="fl-df"/>
      </object_component>
      <object_component id="oc-26d">
         <name>.text:malloc</name>
         <load_address>0x5318</load_address>
         <run_address>0x5318</run_address>
         <size>0x8</size>
         <input_file_ref idref="fl-db"/>
      </object_component>
      <object_component id="oc-9a">
         <name>.text:_system_pre_init</name>
         <load_address>0x5320</load_address>
         <run_address>0x5320</run_address>
         <size>0x4</size>
         <input_file_ref idref="fl-e6"/>
      </object_component>
      <object_component id="oc-12a">
         <name>.text:abort:abort</name>
         <load_address>0x5324</load_address>
         <run_address>0x5324</run_address>
         <size>0x4</size>
         <input_file_ref idref="fl-d8"/>
      </object_component>
      <object_component id="oc-1cb">
         <name>.const:ASCII</name>
         <load_address>0x5328</load_address>
         <run_address>0x5328</run_address>
         <size>0x1e0</size>
         <input_file_ref idref="fl-a"/>
      </object_component>
      <object_component id="oc-2ce">
         <name>.const:$O1$$</name>
         <load_address>0x5508</load_address>
         <run_address>0x5508</run_address>
         <size>0x30</size>
         <input_file_ref idref="fl-c9"/>
      </object_component>
      <object_component id="oc-1d1">
         <name>.const:.string:postmask</name>
         <load_address>0x5538</load_address>
         <run_address>0x5538</run_address>
         <size>0x8</size>
         <input_file_ref idref="fl-a"/>
      </object_component>
      <object_component id="oc-1ce">
         <name>.const:.string:premask</name>
         <load_address>0x5540</load_address>
         <run_address>0x5540</run_address>
         <size>0x8</size>
         <input_file_ref idref="fl-a"/>
      </object_component>
      <object_component id="oc-1c6">
         <name>.const:.string:init5</name>
         <load_address>0x5548</load_address>
         <run_address>0x5548</run_address>
         <size>0x6</size>
         <input_file_ref idref="fl-a"/>
      </object_component>
      <object_component id="oc-1d4">
         <name>.const:.string:dlist1</name>
         <load_address>0x554e</load_address>
         <run_address>0x554e</run_address>
         <size>0x5</size>
         <input_file_ref idref="fl-a"/>
      </object_component>
      <object_component id="oc-1ba">
         <name>.const:.string:init1</name>
         <load_address>0x5553</load_address>
         <run_address>0x5553</run_address>
         <size>0x4</size>
         <input_file_ref idref="fl-a"/>
      </object_component>
      <object_component id="oc-1bd">
         <name>.const:.string:init2</name>
         <load_address>0x5557</load_address>
         <run_address>0x5557</run_address>
         <size>0x4</size>
         <input_file_ref idref="fl-a"/>
      </object_component>
      <object_component id="oc-1c0">
         <name>.const:.string:init3</name>
         <load_address>0x555b</load_address>
         <run_address>0x555b</run_address>
         <size>0x4</size>
         <input_file_ref idref="fl-a"/>
      </object_component>
      <object_component id="oc-1c3">
         <name>.const:.string:init4b</name>
         <load_address>0x555f</load_address>
         <run_address>0x555f</run_address>
         <size>0x3</size>
         <input_file_ref idref="fl-a"/>
      </object_component>
      <object_component id="oc-1da">
         <name>.const:.string:scrollList1b</name>
         <load_address>0x5562</load_address>
         <run_address>0x5562</run_address>
         <size>0x3</size>
         <input_file_ref idref="fl-a"/>
      </object_component>
      <object_component id="oc-1e0">
         <name>.const:.string:scrollList2b</name>
         <load_address>0x5565</load_address>
         <run_address>0x5565</run_address>
         <size>0x3</size>
         <input_file_ref idref="fl-a"/>
      </object_component>
      <object_component id="oc-1d7">
         <name>.const:.string:scrollList1a</name>
         <load_address>0x5568</load_address>
         <run_address>0x5568</run_address>
         <size>0x2</size>
         <input_file_ref idref="fl-a"/>
      </object_component>
      <object_component id="oc-1dd">
         <name>.const:.string:scrollList2a</name>
         <load_address>0x556a</load_address>
         <run_address>0x556a</run_address>
         <size>0x2</size>
         <input_file_ref idref="fl-a"/>
      </object_component>
      <object_component id="oc-1e3">
         <name>.const:.string:scrollList3a</name>
         <load_address>0x556c</load_address>
         <run_address>0x556c</run_address>
         <size>0x2</size>
         <input_file_ref idref="fl-a"/>
      </object_component>
      <object_component id="oc-1e6">
         <name>.const:.string:scrollList3b</name>
         <load_address>0x556e</load_address>
         <run_address>0x556e</run_address>
         <size>0x2</size>
         <input_file_ref idref="fl-a"/>
      </object_component>
      <object_component id="oc-1e9">
         <name>.const:.string:scrollList3c</name>
         <load_address>0x5570</load_address>
         <run_address>0x5570</run_address>
         <size>0x2</size>
         <input_file_ref idref="fl-a"/>
      </object_component>
      <object_component id="oc-1ec">
         <name>.const:.string:scrollList4a</name>
         <load_address>0x5572</load_address>
         <run_address>0x5572</run_address>
         <size>0x2</size>
         <input_file_ref idref="fl-a"/>
      </object_component>
      <object_component id="oc-1ef">
         <name>.const:.string:scrollList4b</name>
         <load_address>0x5574</load_address>
         <run_address>0x5574</run_address>
         <size>0x2</size>
         <input_file_ref idref="fl-a"/>
      </object_component>
      <object_component id="oc-1f2">
         <name>.const:.string:scrollList4c</name>
         <load_address>0x5576</load_address>
         <run_address>0x5576</run_address>
         <size>0x2</size>
         <input_file_ref idref="fl-a"/>
      </object_component>
      <object_component id="oc-495">
         <name>.cinit..data.load</name>
         <load_address>0x5578</load_address>
         <run_address>0x5578</run_address>
         <size>0x7f</size>
      </object_component>
      <object_component id="oc-493">
         <name>__TI_handler_table</name>
         <load_address>0x55f8</load_address>
         <run_address>0x55f8</run_address>
         <size>0xc</size>
      </object_component>
      <object_component id="oc-496">
         <name>.cinit..bss.load</name>
         <load_address>0x5608</load_address>
         <run_address>0x5608</run_address>
         <size>0x8</size>
      </object_component>
      <object_component id="oc-494">
         <name>__TI_cinit_table</name>
         <load_address>0x5610</load_address>
         <run_address>0x5610</run_address>
         <size>0x10</size>
      </object_component>
      <object_component id="oc-467">
         <name>.binit</name>
         <load_address>0x0</load_address>
         <run_address>0x0</run_address>
         <size>0x0</size>
      </object_component>
      <object_component id="oc-1b0">
         <name>.data</name>
         <load_address>0x20000ee8</load_address>
         <run_address>0x20000ee8</run_address>
         <size>0x18</size>
         <input_file_ref idref="fl-3"/>
      </object_component>
      <object_component id="oc-1f5">
         <name>.data</name>
         <load_address>0x20000f5c</load_address>
         <run_address>0x20000f5c</run_address>
         <size>0x4</size>
         <input_file_ref idref="fl-a"/>
      </object_component>
      <object_component id="oc-f4">
         <name>.data:grid</name>
         <load_address>0x20000f10</load_address>
         <run_address>0x20000f10</run_address>
         <size>0x10</size>
         <input_file_ref idref="fl-d"/>
      </object_component>
      <object_component id="oc-e8">
         <name>.data</name>
         <load_address>0x20000f60</load_address>
         <run_address>0x20000f60</run_address>
         <size>0x4</size>
         <input_file_ref idref="fl-d"/>
      </object_component>
      <object_component id="oc-121">
         <name>.data:rowOff$1</name>
         <load_address>0x20000f20</load_address>
         <run_address>0x20000f20</run_address>
         <size>0x10</size>
         <input_file_ref idref="fl-d"/>
      </object_component>
      <object_component id="oc-122">
         <name>.data:colOff$2</name>
         <load_address>0x20000f00</load_address>
         <run_address>0x20000f00</run_address>
         <size>0x10</size>
         <input_file_ref idref="fl-d"/>
      </object_component>
      <object_component id="oc-168">
         <name>.data</name>
         <load_address>0x20000f74</load_address>
         <run_address>0x20000f74</run_address>
         <size>0x4</size>
         <input_file_ref idref="fl-f"/>
      </object_component>
      <object_component id="oc-25a">
         <name>.data</name>
         <load_address>0x20000f6c</load_address>
         <run_address>0x20000f6c</run_address>
         <size>0x4</size>
         <input_file_ref idref="fl-cc"/>
      </object_component>
      <object_component id="oc-213">
         <name>.data:$O1$$</name>
         <load_address>0x20000f40</load_address>
         <run_address>0x20000f40</run_address>
         <size>0xc</size>
         <input_file_ref idref="fl-d8"/>
      </object_component>
      <object_component id="oc-216">
         <name>.data:$O1$$</name>
         <load_address>0x20000f4c</load_address>
         <run_address>0x20000f4c</run_address>
         <size>0x8</size>
         <input_file_ref idref="fl-d9"/>
      </object_component>
      <object_component id="oc-1a5">
         <name>.data:_ftable</name>
         <load_address>0x20000d30</load_address>
         <run_address>0x20000d30</run_address>
         <size>0xf0</size>
         <input_file_ref idref="fl-da"/>
      </object_component>
      <object_component id="oc-25b">
         <name>.data</name>
         <load_address>0x20000f30</load_address>
         <run_address>0x20000f30</run_address>
         <size>0x10</size>
         <input_file_ref idref="fl-da"/>
      </object_component>
      <object_component id="oc-40c">
         <name>.data:$O1$$</name>
         <load_address>0x20000f54</load_address>
         <run_address>0x20000f54</run_address>
         <size>0x8</size>
         <input_file_ref idref="fl-db"/>
      </object_component>
      <object_component id="oc-3f8">
         <name>.data</name>
         <load_address>0x20000f70</load_address>
         <run_address>0x20000f70</run_address>
         <size>0x4</size>
         <input_file_ref idref="fl-dd"/>
      </object_component>
      <object_component id="oc-24e">
         <name>.data</name>
         <load_address>0x20000f64</load_address>
         <run_address>0x20000f64</run_address>
         <size>0x4</size>
         <input_file_ref idref="fl-de"/>
      </object_component>
      <object_component id="oc-390">
         <name>.data</name>
         <load_address>0x20000f68</load_address>
         <run_address>0x20000f68</run_address>
         <size>0x4</size>
         <input_file_ref idref="fl-df"/>
      </object_component>
      <object_component id="oc-24f">
         <name>.data:_device</name>
         <load_address>0x20000e20</load_address>
         <run_address>0x20000e20</run_address>
         <size>0x78</size>
         <input_file_ref idref="fl-ed"/>
      </object_component>
      <object_component id="oc-3f9">
         <name>.data:_stream</name>
         <load_address>0x20000e98</load_address>
         <run_address>0x20000e98</run_address>
         <size>0x50</size>
         <input_file_ref idref="fl-ed"/>
      </object_component>
      <object_component id="oc-f1">
         <name>.bss:nodes</name>
         <uninitialized>true</uninitialized>
         <run_address>0x20000400</run_address>
         <size>0x1c0</size>
         <input_file_ref idref="fl-d"/>
      </object_component>
      <object_component id="oc-eb">
         <name>.bss:pathRow</name>
         <uninitialized>true</uninitialized>
         <run_address>0x200008c0</run_address>
         <size>0x40</size>
         <input_file_ref idref="fl-d"/>
      </object_component>
      <object_component id="oc-ee">
         <name>.bss:pathCol</name>
         <uninitialized>true</uninitialized>
         <run_address>0x20000880</run_address>
         <size>0x40</size>
         <input_file_ref idref="fl-d"/>
      </object_component>
      <object_component id="oc-42a">
         <name>.bss:_CIOBUF_</name>
         <uninitialized>true</uninitialized>
         <run_address>0x200005c0</run_address>
         <size>0x120</size>
         <input_file_ref idref="fl-f8"/>
      </object_component>
      <object_component id="oc-1ca">
         <name>.common:buffer</name>
         <uninitialized>true</uninitialized>
         <run_address>0x20000000</run_address>
         <size>0x400</size>
      </object_component>
      <object_component id="oc-1b7">
         <name>.common:vccstate</name>
         <uninitialized>true</uninitialized>
         <run_address>0x20000924</run_address>
         <size>0x4</size>
      </object_component>
      <object_component id="oc-1c9">
         <name>.common:rotation</name>
         <uninitialized>true</uninitialized>
         <run_address>0x20000920</run_address>
         <size>0x4</size>
      </object_component>
      <object_component id="oc-1f8">
         <name>.common:StartX</name>
         <uninitialized>true</uninitialized>
         <run_address>0x20000928</run_address>
         <size>0x2</size>
      </object_component>
      <object_component id="oc-1f9">
         <name>.common:StartY</name>
         <uninitialized>true</uninitialized>
         <run_address>0x2000092a</run_address>
         <size>0x2</size>
      </object_component>
      <object_component id="oc-18c">
         <name>.common:Messageindexb</name>
         <uninitialized>true</uninitialized>
         <run_address>0x20000910</run_address>
         <size>0x4</size>
      </object_component>
      <object_component id="oc-189">
         <name>.common:Messageb</name>
         <uninitialized>true</uninitialized>
         <run_address>0x20000900</run_address>
         <size>0x8</size>
      </object_component>
      <object_component id="oc-b9">
         <name>.common:RxPutI</name>
         <uninitialized>true</uninitialized>
         <run_address>0x2000091c</run_address>
         <size>0x4</size>
      </object_component>
      <object_component id="oc-bc">
         <name>.common:RxGetI</name>
         <uninitialized>true</uninitialized>
         <run_address>0x20000918</run_address>
         <size>0x4</size>
      </object_component>
      <object_component id="oc-bd">
         <name>.common:RxFifoLost</name>
         <uninitialized>true</uninitialized>
         <run_address>0x20000914</run_address>
         <size>0x4</size>
      </object_component>
      <object_component id="oc-be">
         <name>.common:RxFIFO</name>
         <uninitialized>true</uninitialized>
         <run_address>0x200006e0</run_address>
         <size>0x100</size>
      </object_component>
      <object_component id="oc-370">
         <name>.common:__TI_tmpnams</name>
         <uninitialized>true</uninitialized>
         <run_address>0x200007e0</run_address>
         <size>0xa0</size>
      </object_component>
      <object_component id="oc-3d5">
         <name>.common:parmbuf</name>
         <uninitialized>true</uninitialized>
         <run_address>0x20000908</run_address>
         <size>0x8</size>
      </object_component>
      <object_component id="oc-29">
         <name>.sysmem</name>
         <uninitialized>true</uninitialized>
         <run_address>0x20000930</run_address>
         <size>0x10</size>
         <input_file_ref idref="fl-db"/>
      </object_component>
      <object_component id="oc-499">
         <name>.sysmem</name>
         <uninitialized>true</uninitialized>
         <run_address>0x20000930</run_address>
         <size>0x0</size>
      </object_component>
      <object_component id="oc-2c">
         <name>.stack</name>
         <uninitialized>true</uninitialized>
         <run_address>0x2000fe00</run_address>
         <size>0x4</size>
         <input_file_ref idref="fl-dc"/>
      </object_component>
      <object_component id="oc-498">
         <name>.stack</name>
         <uninitialized>true</uninitialized>
         <run_address>0x2000fe00</run_address>
         <size>0x0</size>
      </object_component>
      <object_component id="oc-17d">
         <name>.debug_info</name>
         <load_address>0x0</load_address>
         <run_address>0x0</run_address>
         <size>0x939</size>
         <input_file_ref idref="fl-2"/>
      </object_component>
      <object_component id="oc-16e">
         <name>.debug_info</name>
         <load_address>0x939</load_address>
         <run_address>0x939</run_address>
         <size>0x37e2</size>
         <input_file_ref idref="fl-2"/>
      </object_component>
      <object_component id="oc-c7">
         <name>.debug_info</name>
         <load_address>0x411b</load_address>
         <run_address>0x411b</run_address>
         <size>0x26b</size>
         <input_file_ref idref="fl-2"/>
      </object_component>
      <object_component id="oc-173">
         <name>.debug_info</name>
         <load_address>0x4386</load_address>
         <run_address>0x4386</run_address>
         <size>0x1055</size>
         <input_file_ref idref="fl-2"/>
      </object_component>
      <object_component id="oc-236">
         <name>.debug_info</name>
         <load_address>0x53db</load_address>
         <run_address>0x53db</run_address>
         <size>0x155</size>
         <input_file_ref idref="fl-2"/>
      </object_component>
      <object_component id="oc-35">
         <name>.debug_info</name>
         <load_address>0x5530</load_address>
         <run_address>0x5530</run_address>
         <size>0x84</size>
         <input_file_ref idref="fl-2"/>
      </object_component>
      <object_component id="oc-178">
         <name>.debug_info</name>
         <load_address>0x55b4</load_address>
         <run_address>0x55b4</run_address>
         <size>0x2a4</size>
         <input_file_ref idref="fl-2"/>
      </object_component>
      <object_component id="oc-c0">
         <name>.debug_info</name>
         <load_address>0x5858</load_address>
         <run_address>0x5858</run_address>
         <size>0xbb</size>
         <input_file_ref idref="fl-2"/>
      </object_component>
      <object_component id="oc-1b1">
         <name>.debug_info</name>
         <load_address>0x5913</load_address>
         <run_address>0x5913</run_address>
         <size>0x1ab</size>
         <input_file_ref idref="fl-3"/>
      </object_component>
      <object_component id="oc-105">
         <name>.debug_info</name>
         <load_address>0x5abe</load_address>
         <run_address>0x5abe</run_address>
         <size>0x2cf</size>
         <input_file_ref idref="fl-3"/>
      </object_component>
      <object_component id="oc-10a">
         <name>.debug_info</name>
         <load_address>0x5d8d</load_address>
         <run_address>0x5d8d</run_address>
         <size>0x290</size>
         <input_file_ref idref="fl-4"/>
      </object_component>
      <object_component id="oc-112">
         <name>.debug_info</name>
         <load_address>0x601d</load_address>
         <run_address>0x601d</run_address>
         <size>0x477</size>
         <input_file_ref idref="fl-6"/>
      </object_component>
      <object_component id="oc-117">
         <name>.debug_info</name>
         <load_address>0x6494</load_address>
         <run_address>0x6494</run_address>
         <size>0x249</size>
         <input_file_ref idref="fl-7"/>
      </object_component>
      <object_component id="oc-1af">
         <name>.debug_info</name>
         <load_address>0x66dd</load_address>
         <run_address>0x66dd</run_address>
         <size>0x54f</size>
         <input_file_ref idref="fl-9"/>
      </object_component>
      <object_component id="oc-fe">
         <name>.debug_info</name>
         <load_address>0x6c2c</load_address>
         <run_address>0x6c2c</run_address>
         <size>0x404</size>
         <input_file_ref idref="fl-9"/>
      </object_component>
      <object_component id="oc-1b8">
         <name>.debug_info</name>
         <load_address>0x7030</load_address>
         <run_address>0x7030</run_address>
         <size>0x6b6</size>
         <input_file_ref idref="fl-a"/>
      </object_component>
      <object_component id="oc-1cc">
         <name>.debug_info</name>
         <load_address>0x76e6</load_address>
         <run_address>0x76e6</run_address>
         <size>0xf3</size>
         <input_file_ref idref="fl-a"/>
      </object_component>
      <object_component id="oc-1bb">
         <name>.debug_info</name>
         <load_address>0x77d9</load_address>
         <run_address>0x77d9</run_address>
         <size>0xf4</size>
         <input_file_ref idref="fl-a"/>
      </object_component>
      <object_component id="oc-1be">
         <name>.debug_info</name>
         <load_address>0x78cd</load_address>
         <run_address>0x78cd</run_address>
         <size>0xf4</size>
         <input_file_ref idref="fl-a"/>
      </object_component>
      <object_component id="oc-1c1">
         <name>.debug_info</name>
         <load_address>0x79c1</load_address>
         <run_address>0x79c1</run_address>
         <size>0xf4</size>
         <input_file_ref idref="fl-a"/>
      </object_component>
      <object_component id="oc-1c4">
         <name>.debug_info</name>
         <load_address>0x7ab5</load_address>
         <run_address>0x7ab5</run_address>
         <size>0xf6</size>
         <input_file_ref idref="fl-a"/>
      </object_component>
      <object_component id="oc-1c7">
         <name>.debug_info</name>
         <load_address>0x7bab</load_address>
         <run_address>0x7bab</run_address>
         <size>0xf4</size>
         <input_file_ref idref="fl-a"/>
      </object_component>
      <object_component id="oc-1cf">
         <name>.debug_info</name>
         <load_address>0x7c9f</load_address>
         <run_address>0x7c9f</run_address>
         <size>0xf8</size>
         <input_file_ref idref="fl-a"/>
      </object_component>
      <object_component id="oc-1d2">
         <name>.debug_info</name>
         <load_address>0x7d97</load_address>
         <run_address>0x7d97</run_address>
         <size>0xfa</size>
         <input_file_ref idref="fl-a"/>
      </object_component>
      <object_component id="oc-1d5">
         <name>.debug_info</name>
         <load_address>0x7e91</load_address>
         <run_address>0x7e91</run_address>
         <size>0xf6</size>
         <input_file_ref idref="fl-a"/>
      </object_component>
      <object_component id="oc-1d8">
         <name>.debug_info</name>
         <load_address>0x7f87</load_address>
         <run_address>0x7f87</run_address>
         <size>0x102</size>
         <input_file_ref idref="fl-a"/>
      </object_component>
      <object_component id="oc-1db">
         <name>.debug_info</name>
         <load_address>0x8089</load_address>
         <run_address>0x8089</run_address>
         <size>0x102</size>
         <input_file_ref idref="fl-a"/>
      </object_component>
      <object_component id="oc-1de">
         <name>.debug_info</name>
         <load_address>0x818b</load_address>
         <run_address>0x818b</run_address>
         <size>0x102</size>
         <input_file_ref idref="fl-a"/>
      </object_component>
      <object_component id="oc-1e1">
         <name>.debug_info</name>
         <load_address>0x828d</load_address>
         <run_address>0x828d</run_address>
         <size>0x102</size>
         <input_file_ref idref="fl-a"/>
      </object_component>
      <object_component id="oc-1e4">
         <name>.debug_info</name>
         <load_address>0x838f</load_address>
         <run_address>0x838f</run_address>
         <size>0x102</size>
         <input_file_ref idref="fl-a"/>
      </object_component>
      <object_component id="oc-1e7">
         <name>.debug_info</name>
         <load_address>0x8491</load_address>
         <run_address>0x8491</run_address>
         <size>0x102</size>
         <input_file_ref idref="fl-a"/>
      </object_component>
      <object_component id="oc-1ea">
         <name>.debug_info</name>
         <load_address>0x8593</load_address>
         <run_address>0x8593</run_address>
         <size>0x102</size>
         <input_file_ref idref="fl-a"/>
      </object_component>
      <object_component id="oc-1ed">
         <name>.debug_info</name>
         <load_address>0x8695</load_address>
         <run_address>0x8695</run_address>
         <size>0x102</size>
         <input_file_ref idref="fl-a"/>
      </object_component>
      <object_component id="oc-1f0">
         <name>.debug_info</name>
         <load_address>0x8797</load_address>
         <run_address>0x8797</run_address>
         <size>0x102</size>
         <input_file_ref idref="fl-a"/>
      </object_component>
      <object_component id="oc-1f3">
         <name>.debug_info</name>
         <load_address>0x8899</load_address>
         <run_address>0x8899</run_address>
         <size>0x102</size>
         <input_file_ref idref="fl-a"/>
      </object_component>
      <object_component id="oc-1f6">
         <name>.debug_info</name>
         <load_address>0x899b</load_address>
         <run_address>0x899b</run_address>
         <size>0x11d</size>
         <input_file_ref idref="fl-a"/>
      </object_component>
      <object_component id="oc-11c">
         <name>.debug_info</name>
         <load_address>0x8ab8</load_address>
         <run_address>0x8ab8</run_address>
         <size>0x298d</size>
         <input_file_ref idref="fl-a"/>
      </object_component>
      <object_component id="oc-18a">
         <name>.debug_info</name>
         <load_address>0xb445</load_address>
         <run_address>0xb445</run_address>
         <size>0x79c</size>
         <input_file_ref idref="fl-b"/>
      </object_component>
      <object_component id="oc-f8">
         <name>.debug_info</name>
         <load_address>0xbbe1</load_address>
         <run_address>0xbbe1</run_address>
         <size>0x139d</size>
         <input_file_ref idref="fl-b"/>
      </object_component>
      <object_component id="oc-23d">
         <name>.debug_info</name>
         <load_address>0xcf7e</load_address>
         <run_address>0xcf7e</run_address>
         <size>0xcc</size>
         <input_file_ref idref="fl-b"/>
      </object_component>
      <object_component id="oc-1a9">
         <name>.debug_info</name>
         <load_address>0xd04a</load_address>
         <run_address>0xd04a</run_address>
         <size>0x2c</size>
         <input_file_ref idref="fl-b"/>
      </object_component>
      <object_component id="oc-ba">
         <name>.debug_info</name>
         <load_address>0xd076</load_address>
         <run_address>0xd076</run_address>
         <size>0x5e0</size>
         <input_file_ref idref="fl-c"/>
      </object_component>
      <object_component id="oc-72">
         <name>.debug_info</name>
         <load_address>0xd656</load_address>
         <run_address>0xd656</run_address>
         <size>0x4f1</size>
         <input_file_ref idref="fl-c"/>
      </object_component>
      <object_component id="oc-129">
         <name>.debug_info</name>
         <load_address>0xdb47</load_address>
         <run_address>0xdb47</run_address>
         <size>0x8ed</size>
         <input_file_ref idref="fl-d"/>
      </object_component>
      <object_component id="oc-f5">
         <name>.debug_info</name>
         <load_address>0xe434</load_address>
         <run_address>0xe434</run_address>
         <size>0xee</size>
         <input_file_ref idref="fl-d"/>
      </object_component>
      <object_component id="oc-f2">
         <name>.debug_info</name>
         <load_address>0xe522</load_address>
         <run_address>0xe522</run_address>
         <size>0xf0</size>
         <input_file_ref idref="fl-d"/>
      </object_component>
      <object_component id="oc-ec">
         <name>.debug_info</name>
         <load_address>0xe612</load_address>
         <run_address>0xe612</run_address>
         <size>0xf4</size>
         <input_file_ref idref="fl-d"/>
      </object_component>
      <object_component id="oc-ef">
         <name>.debug_info</name>
         <load_address>0xe706</load_address>
         <run_address>0xe706</run_address>
         <size>0xf4</size>
         <input_file_ref idref="fl-d"/>
      </object_component>
      <object_component id="oc-e9">
         <name>.debug_info</name>
         <load_address>0xe7fa</load_address>
         <run_address>0xe7fa</run_address>
         <size>0xfa</size>
         <input_file_ref idref="fl-d"/>
      </object_component>
      <object_component id="oc-a2">
         <name>.debug_info</name>
         <load_address>0xe8f4</load_address>
         <run_address>0xe8f4</run_address>
         <size>0xa57</size>
         <input_file_ref idref="fl-d"/>
      </object_component>
      <object_component id="oc-20d">
         <name>.debug_info</name>
         <load_address>0xf34b</load_address>
         <run_address>0xf34b</run_address>
         <size>0xd6</size>
         <input_file_ref idref="fl-d"/>
      </object_component>
      <object_component id="oc-124">
         <name>.debug_info</name>
         <load_address>0xf421</load_address>
         <run_address>0xf421</run_address>
         <size>0x8b</size>
         <input_file_ref idref="fl-d"/>
      </object_component>
      <object_component id="oc-78">
         <name>.debug_info</name>
         <load_address>0xf4ac</load_address>
         <run_address>0xf4ac</run_address>
         <size>0x2ee</size>
         <input_file_ref idref="fl-e"/>
      </object_component>
      <object_component id="oc-27">
         <name>.debug_info</name>
         <load_address>0xf79a</load_address>
         <run_address>0xf79a</run_address>
         <size>0x11a</size>
         <input_file_ref idref="fl-e"/>
      </object_component>
      <object_component id="oc-6d">
         <name>.debug_info</name>
         <load_address>0xf8b4</load_address>
         <run_address>0xf8b4</run_address>
         <size>0x1e1</size>
         <input_file_ref idref="fl-e"/>
      </object_component>
      <object_component id="oc-169">
         <name>.debug_info</name>
         <load_address>0xfa95</load_address>
         <run_address>0xfa95</run_address>
         <size>0x113</size>
         <input_file_ref idref="fl-f"/>
      </object_component>
      <object_component id="oc-b6">
         <name>.debug_info</name>
         <load_address>0xfba8</load_address>
         <run_address>0xfba8</run_address>
         <size>0x285</size>
         <input_file_ref idref="fl-f"/>
      </object_component>
      <object_component id="oc-2e7">
         <name>.debug_info</name>
         <load_address>0xfe2d</load_address>
         <run_address>0xfe2d</run_address>
         <size>0x35e</size>
         <input_file_ref idref="fl-c9"/>
      </object_component>
      <object_component id="oc-2cf">
         <name>.debug_info</name>
         <load_address>0x1018b</load_address>
         <run_address>0x1018b</run_address>
         <size>0x128</size>
         <input_file_ref idref="fl-c9"/>
      </object_component>
      <object_component id="oc-201">
         <name>.debug_info</name>
         <load_address>0x102b3</load_address>
         <run_address>0x102b3</run_address>
         <size>0xbf2</size>
         <input_file_ref idref="fl-c9"/>
      </object_component>
      <object_component id="oc-3a7">
         <name>.debug_info</name>
         <load_address>0x10ea5</load_address>
         <run_address>0x10ea5</run_address>
         <size>0x46</size>
         <input_file_ref idref="fl-c9"/>
      </object_component>
      <object_component id="oc-2e2">
         <name>.debug_info</name>
         <load_address>0x10eeb</load_address>
         <run_address>0x10eeb</run_address>
         <size>0x39</size>
         <input_file_ref idref="fl-c9"/>
      </object_component>
      <object_component id="oc-38f">
         <name>.debug_info</name>
         <load_address>0x10f24</load_address>
         <run_address>0x10f24</run_address>
         <size>0x2c5</size>
         <input_file_ref idref="fl-ca"/>
      </object_component>
      <object_component id="oc-2bf">
         <name>.debug_info</name>
         <load_address>0x111e9</load_address>
         <run_address>0x111e9</run_address>
         <size>0x24e</size>
         <input_file_ref idref="fl-ca"/>
      </object_component>
      <object_component id="oc-3a1">
         <name>.debug_info</name>
         <load_address>0x11437</load_address>
         <run_address>0x11437</run_address>
         <size>0x2f8</size>
         <input_file_ref idref="fl-cb"/>
      </object_component>
      <object_component id="oc-2dd">
         <name>.debug_info</name>
         <load_address>0x1172f</load_address>
         <run_address>0x1172f</run_address>
         <size>0x225</size>
         <input_file_ref idref="fl-cb"/>
      </object_component>
      <object_component id="oc-421">
         <name>.debug_info</name>
         <load_address>0x11954</load_address>
         <run_address>0x11954</run_address>
         <size>0x39</size>
         <input_file_ref idref="fl-cb"/>
      </object_component>
      <object_component id="oc-3a2">
         <name>.debug_info</name>
         <load_address>0x1198d</load_address>
         <run_address>0x1198d</run_address>
         <size>0x2c</size>
         <input_file_ref idref="fl-cb"/>
      </object_component>
      <object_component id="oc-25f">
         <name>.debug_info</name>
         <load_address>0x119b9</load_address>
         <run_address>0x119b9</run_address>
         <size>0x3f5</size>
         <input_file_ref idref="fl-cc"/>
      </object_component>
      <object_component id="oc-258">
         <name>.debug_info</name>
         <load_address>0x11dae</load_address>
         <run_address>0x11dae</run_address>
         <size>0x20e</size>
         <input_file_ref idref="fl-cc"/>
      </object_component>
      <object_component id="oc-277">
         <name>.debug_info</name>
         <load_address>0x11fbc</load_address>
         <run_address>0x11fbc</run_address>
         <size>0x176</size>
         <input_file_ref idref="fl-cc"/>
      </object_component>
      <object_component id="oc-19d">
         <name>.debug_info</name>
         <load_address>0x12132</load_address>
         <run_address>0x12132</run_address>
         <size>0x1e4</size>
         <input_file_ref idref="fl-cc"/>
      </object_component>
      <object_component id="oc-197">
         <name>.debug_info</name>
         <load_address>0x12316</load_address>
         <run_address>0x12316</run_address>
         <size>0x1cd</size>
         <input_file_ref idref="fl-cc"/>
      </object_component>
      <object_component id="oc-ce">
         <name>.debug_info</name>
         <load_address>0x124e3</load_address>
         <run_address>0x124e3</run_address>
         <size>0x2c</size>
         <input_file_ref idref="fl-cc"/>
      </object_component>
      <object_component id="oc-359">
         <name>.debug_info</name>
         <load_address>0x1250f</load_address>
         <run_address>0x1250f</run_address>
         <size>0xb2</size>
         <input_file_ref idref="fl-cc"/>
      </object_component>
      <object_component id="oc-27a">
         <name>.debug_info</name>
         <load_address>0x125c1</load_address>
         <run_address>0x125c1</run_address>
         <size>0x374</size>
         <input_file_ref idref="fl-cd"/>
      </object_component>
      <object_component id="oc-1a0">
         <name>.debug_info</name>
         <load_address>0x12935</load_address>
         <run_address>0x12935</run_address>
         <size>0x20b</size>
         <input_file_ref idref="fl-cd"/>
      </object_component>
      <object_component id="oc-27b">
         <name>.debug_info</name>
         <load_address>0x12b40</load_address>
         <run_address>0x12b40</run_address>
         <size>0xbf</size>
         <input_file_ref idref="fl-cd"/>
      </object_component>
      <object_component id="oc-2b6">
         <name>.debug_info</name>
         <load_address>0x12bff</load_address>
         <run_address>0x12bff</run_address>
         <size>0x14c</size>
         <input_file_ref idref="fl-ce"/>
      </object_component>
      <object_component id="oc-2d4">
         <name>.debug_info</name>
         <load_address>0x12d4b</load_address>
         <run_address>0x12d4b</run_address>
         <size>0x128</size>
         <input_file_ref idref="fl-cf"/>
      </object_component>
      <object_component id="oc-2d8">
         <name>.debug_info</name>
         <load_address>0x12e73</load_address>
         <run_address>0x12e73</run_address>
         <size>0x12a</size>
         <input_file_ref idref="fl-cf"/>
      </object_component>
      <object_component id="oc-2ba">
         <name>.debug_info</name>
         <load_address>0x12f9d</load_address>
         <run_address>0x12f9d</run_address>
         <size>0x13a</size>
         <input_file_ref idref="fl-d0"/>
      </object_component>
      <object_component id="oc-2cc">
         <name>.debug_info</name>
         <load_address>0x130d7</load_address>
         <run_address>0x130d7</run_address>
         <size>0x13a</size>
         <input_file_ref idref="fl-d1"/>
      </object_component>
      <object_component id="oc-207">
         <name>.debug_info</name>
         <load_address>0x13211</load_address>
         <run_address>0x13211</run_address>
         <size>0x12e</size>
         <input_file_ref idref="fl-d2"/>
      </object_component>
      <object_component id="oc-1fc">
         <name>.debug_info</name>
         <load_address>0x1333f</load_address>
         <run_address>0x1333f</run_address>
         <size>0x12c</size>
         <input_file_ref idref="fl-d3"/>
      </object_component>
      <object_component id="oc-96">
         <name>.debug_info</name>
         <load_address>0x1346b</load_address>
         <run_address>0x1346b</run_address>
         <size>0x147</size>
         <input_file_ref idref="fl-d4"/>
      </object_component>
      <object_component id="oc-93">
         <name>.debug_info</name>
         <load_address>0x135b2</load_address>
         <run_address>0x135b2</run_address>
         <size>0x2d4</size>
         <input_file_ref idref="fl-d5"/>
      </object_component>
      <object_component id="oc-50">
         <name>.debug_info</name>
         <load_address>0x13886</load_address>
         <run_address>0x13886</run_address>
         <size>0x1b5</size>
         <input_file_ref idref="fl-d5"/>
      </object_component>
      <object_component id="oc-8e">
         <name>.debug_info</name>
         <load_address>0x13a3b</load_address>
         <run_address>0x13a3b</run_address>
         <size>0x46</size>
         <input_file_ref idref="fl-d5"/>
      </object_component>
      <object_component id="oc-df">
         <name>.debug_info</name>
         <load_address>0x13a81</load_address>
         <run_address>0x13a81</run_address>
         <size>0x2c</size>
         <input_file_ref idref="fl-d5"/>
      </object_component>
      <object_component id="oc-45">
         <name>.debug_info</name>
         <load_address>0x13aad</load_address>
         <run_address>0x13aad</run_address>
         <size>0x2a8</size>
         <input_file_ref idref="fl-d6"/>
      </object_component>
      <object_component id="oc-1f">
         <name>.debug_info</name>
         <load_address>0x13d55</load_address>
         <run_address>0x13d55</run_address>
         <size>0x1ea</size>
         <input_file_ref idref="fl-d6"/>
      </object_component>
      <object_component id="oc-40">
         <name>.debug_info</name>
         <load_address>0x13f3f</load_address>
         <run_address>0x13f3f</run_address>
         <size>0x46</size>
         <input_file_ref idref="fl-d6"/>
      </object_component>
      <object_component id="oc-86">
         <name>.debug_info</name>
         <load_address>0x13f85</load_address>
         <run_address>0x13f85</run_address>
         <size>0x2c</size>
         <input_file_ref idref="fl-d6"/>
      </object_component>
      <object_component id="oc-84">
         <name>.debug_info</name>
         <load_address>0x13fb1</load_address>
         <run_address>0x13fb1</run_address>
         <size>0x29e</size>
         <input_file_ref idref="fl-d7"/>
      </object_component>
      <object_component id="oc-1b">
         <name>.debug_info</name>
         <load_address>0x1424f</load_address>
         <run_address>0x1424f</run_address>
         <size>0x250</size>
         <input_file_ref idref="fl-d7"/>
      </object_component>
      <object_component id="oc-30">
         <name>.debug_info</name>
         <load_address>0x1449f</load_address>
         <run_address>0x1449f</run_address>
         <size>0x60</size>
         <input_file_ref idref="fl-d7"/>
      </object_component>
      <object_component id="oc-d8">
         <name>.debug_info</name>
         <load_address>0x144ff</load_address>
         <run_address>0x144ff</run_address>
         <size>0x46</size>
         <input_file_ref idref="fl-d7"/>
      </object_component>
      <object_component id="oc-7f">
         <name>.debug_info</name>
         <load_address>0x14545</load_address>
         <run_address>0x14545</run_address>
         <size>0x39</size>
         <input_file_ref idref="fl-d7"/>
      </object_component>
      <object_component id="oc-21a">
         <name>.debug_info</name>
         <load_address>0x1457e</load_address>
         <run_address>0x1457e</run_address>
         <size>0x3ad</size>
         <input_file_ref idref="fl-d8"/>
      </object_component>
      <object_component id="oc-214">
         <name>.debug_info</name>
         <load_address>0x1492b</load_address>
         <run_address>0x1492b</run_address>
         <size>0x190</size>
         <input_file_ref idref="fl-d8"/>
      </object_component>
      <object_component id="oc-12b">
         <name>.debug_info</name>
         <load_address>0x14abb</load_address>
         <run_address>0x14abb</run_address>
         <size>0x122</size>
         <input_file_ref idref="fl-d8"/>
      </object_component>
      <object_component id="oc-132">
         <name>.debug_info</name>
         <load_address>0x14bdd</load_address>
         <run_address>0x14bdd</run_address>
         <size>0x184</size>
         <input_file_ref idref="fl-d8"/>
      </object_component>
      <object_component id="oc-2f4">
         <name>.debug_info</name>
         <load_address>0x14d61</load_address>
         <run_address>0x14d61</run_address>
         <size>0x2c9</size>
         <input_file_ref idref="fl-d9"/>
      </object_component>
      <object_component id="oc-217">
         <name>.debug_info</name>
         <load_address>0x1502a</load_address>
         <run_address>0x1502a</run_address>
         <size>0x11e</size>
         <input_file_ref idref="fl-d9"/>
      </object_component>
      <object_component id="oc-2ef">
         <name>.debug_info</name>
         <load_address>0x15148</load_address>
         <run_address>0x15148</run_address>
         <size>0x12e</size>
         <input_file_ref idref="fl-d9"/>
      </object_component>
      <object_component id="oc-282">
         <name>.debug_info</name>
         <load_address>0x15276</load_address>
         <run_address>0x15276</run_address>
         <size>0x144</size>
         <input_file_ref idref="fl-da"/>
      </object_component>
      <object_component id="oc-1a6">
         <name>.debug_info</name>
         <load_address>0x153ba</load_address>
         <run_address>0x153ba</run_address>
         <size>0x102</size>
         <input_file_ref idref="fl-da"/>
      </object_component>
      <object_component id="oc-25c">
         <name>.debug_info</name>
         <load_address>0x154bc</load_address>
         <run_address>0x154bc</run_address>
         <size>0x18f</size>
         <input_file_ref idref="fl-da"/>
      </object_component>
      <object_component id="oc-7b">
         <name>.debug_info</name>
         <load_address>0x1564b</load_address>
         <run_address>0x1564b</run_address>
         <size>0x3b2</size>
         <input_file_ref idref="fl-db"/>
      </object_component>
      <object_component id="oc-2a">
         <name>.debug_info</name>
         <load_address>0x159fd</load_address>
         <run_address>0x159fd</run_address>
         <size>0x10c</size>
         <input_file_ref idref="fl-db"/>
      </object_component>
      <object_component id="oc-40d">
         <name>.debug_info</name>
         <load_address>0x15b09</load_address>
         <run_address>0x15b09</run_address>
         <size>0x13f</size>
         <input_file_ref idref="fl-db"/>
      </object_component>
      <object_component id="oc-271">
         <name>.debug_info</name>
         <load_address>0x15c48</load_address>
         <run_address>0x15c48</run_address>
         <size>0x168</size>
         <input_file_ref idref="fl-db"/>
      </object_component>
      <object_component id="oc-377">
         <name>.debug_info</name>
         <load_address>0x15db0</load_address>
         <run_address>0x15db0</run_address>
         <size>0x18e</size>
         <input_file_ref idref="fl-db"/>
      </object_component>
      <object_component id="oc-37d">
         <name>.debug_info</name>
         <load_address>0x15f3e</load_address>
         <run_address>0x15f3e</run_address>
         <size>0x19f</size>
         <input_file_ref idref="fl-db"/>
      </object_component>
      <object_component id="oc-26b">
         <name>.debug_info</name>
         <load_address>0x160dd</load_address>
         <run_address>0x160dd</run_address>
         <size>0x203</size>
         <input_file_ref idref="fl-db"/>
      </object_component>
      <object_component id="oc-415">
         <name>.debug_info</name>
         <load_address>0x162e0</load_address>
         <run_address>0x162e0</run_address>
         <size>0x1db</size>
         <input_file_ref idref="fl-db"/>
      </object_component>
      <object_component id="oc-384">
         <name>.debug_info</name>
         <load_address>0x164bb</load_address>
         <run_address>0x164bb</run_address>
         <size>0x299</size>
         <input_file_ref idref="fl-db"/>
      </object_component>
      <object_component id="oc-d3">
         <name>.debug_info</name>
         <load_address>0x16754</load_address>
         <run_address>0x16754</run_address>
         <size>0xb2</size>
         <input_file_ref idref="fl-db"/>
      </object_component>
      <object_component id="oc-2d">
         <name>.debug_info</name>
         <load_address>0x16806</load_address>
         <run_address>0x16806</run_address>
         <size>0x10b</size>
         <input_file_ref idref="fl-dc"/>
      </object_component>
      <object_component id="oc-5c">
         <name>.debug_info</name>
         <load_address>0x16911</load_address>
         <run_address>0x16911</run_address>
         <size>0x1a9</size>
         <input_file_ref idref="fl-dc"/>
      </object_component>
      <object_component id="oc-3fd">
         <name>.debug_info</name>
         <load_address>0x16aba</load_address>
         <run_address>0x16aba</run_address>
         <size>0x402</size>
[...]
      </symbol>
      <symbol id="sm-5a7">
         <name>sqrtl</name>
         <value>0x3d81</value>
         <object_component_ref idref="oc-2bd"/>
      </symbol>
      <symbol id="sm-5a8">
         <name>sqrt</name>
         <value>0x3d81</value>
         <object_component_ref idref="oc-2bd"/>
      </symbol>
      <symbol id="sm-5cf">
         <name>scalbn</name>
         <value>0x4121</value>
         <object_component_ref idref="oc-2db"/>
      </symbol>
      <symbol id="sm-5d0">
         <name>scalbnl</name>
         <value>0x4121</value>
         <object_component_ref idref="oc-2db"/>
      </symbol>
      <symbol id="sm-5d1">
         <name>ldexpl</name>
         <value>0x4121</value>
         <object_component_ref idref="oc-2db"/>
      </symbol>
      <symbol id="sm-5d2">
         <name>ldexp</name>
         <value>0x4121</value>
         <object_component_ref idref="oc-2db"/>
      </symbol>
      <symbol id="sm-62e">
         <name>__TI_cleanup</name>
         <value>0x508d</value>
         <object_component_ref idref="oc-273"/>
      </symbol>
      <symbol id="sm-62f">
         <name>freopen</name>
         <value>0x5129</value>
         <object_component_ref idref="oc-199"/>
      </symbol>
      <symbol id="sm-630">
         <name>fopen</name>
         <value>0x4761</value>
         <object_component_ref idref="oc-193"/>
      </symbol>
      <symbol id="sm-651">
         <name>setvbuf</name>
         <value>0x4511</value>
         <object_component_ref idref="oc-19f"/>
      </symbol>
      <symbol id="sm-668">
         <name>__aeabi_dsub</name>
         <value>0x387d</value>
         <object_component_ref idref="oc-2b3"/>
      </symbol>
      <symbol id="sm-669">
         <name>__aeabi_dadd</name>
         <value>0x3887</value>
         <object_component_ref idref="oc-2b3"/>
      </symbol>
      <symbol id="sm-68b">
         <name>__aeabi_cdcmpeq</name>
         <value>0x4899</value>
         <object_component_ref idref="oc-2d1"/>
      </symbol>
      <symbol id="sm-68c">
         <name>__aeabi_cdcmple</name>
         <value>0x4899</value>
         <object_component_ref idref="oc-2d1"/>
      </symbol>
      <symbol id="sm-68d">
         <name>__aeabi_cdrcmple</name>
         <value>0x491f</value>
         <object_component_ref idref="oc-2d6"/>
      </symbol>
      <symbol id="sm-6a1">
         <name>__aeabi_ddiv</name>
         <value>0x3ed9</value>
         <object_component_ref idref="oc-2b8"/>
      </symbol>
      <symbol id="sm-6ac">
         <name>__aeabi_dmul</name>
         <value>0x4331</value>
         <object_component_ref idref="oc-2c9"/>
      </symbol>
      <symbol id="sm-6b6">
         <name>__aeabi_d2iz</name>
         <value>0x4ec5</value>
         <object_component_ref idref="oc-205"/>
      </symbol>
      <symbol id="sm-6c0">
         <name>__aeabi_i2d</name>
         <value>0x518d</value>
         <object_component_ref idref="oc-1fa"/>
      </symbol>
      <symbol id="sm-6cf">
         <name>__aeabi_memset</name>
         <value>0x4a2b</value>
         <object_component_ref idref="oc-94"/>
      </symbol>
      <symbol id="sm-6d0">
         <name>memset</name>
         <value>0x4a31</value>
         <object_component_ref idref="oc-94"/>
      </symbol>
      <symbol id="sm-6d1">
         <name>__aeabi_memset8</name>
         <value>0x4a2b</value>
         <object_component_ref idref="oc-94"/>
      </symbol>
      <symbol id="sm-6d2">
         <name>__aeabi_memset4</name>
         <value>0x4a2b</value>
         <object_component_ref idref="oc-94"/>
      </symbol>
      <symbol id="sm-6d3">
         <name>__aeabi_memclr8</name>
         <value>0x4a29</value>
         <object_component_ref idref="oc-94"/>
      </symbol>
      <symbol id="sm-6d4">
         <name>__aeabi_memclr4</name>
         <value>0x4a29</value>
         <object_component_ref idref="oc-94"/>
      </symbol>
      <symbol id="sm-6d5">
         <name>__aeabi_memclr</name>
         <value>0x4a29</value>
         <object_component_ref idref="oc-94"/>
      </symbol>
      <symbol id="sm-6ec">
         <name>__TI_zero_init</name>
         <value>0x5305</value>
         <object_component_ref idref="oc-4c"/>
      </symbol>
      <symbol id="sm-703">
         <name>__TI_decompress_none</name>
         <value>0x52e9</value>
         <object_component_ref idref="oc-1d"/>
      </symbol>
      <symbol id="sm-726">
         <name>__TI_decompress_lzss</name>
         <value>0x4c5d</value>
         <object_component_ref idref="oc-17"/>
      </symbol>
      <symbol id="sm-74c">
         <name>C$$EXIT</name>
         <value>0x5325</value>
         <object_component_ref idref="oc-12a"/>
      </symbol>
      <symbol id="sm-74d">
         <name>abort</name>
         <value>0x5325</value>
         <object_component_ref idref="oc-12a"/>
      </symbol>
      <symbol id="sm-74e">
         <name>__TI_dtors_ptr</name>
         <value>0x20000f44</value>
         <object_component_ref idref="oc-213"/>
      </symbol>
      <symbol id="sm-74f">
         <name>__TI_cleanup_ptr</name>
         <value>0x20000f40</value>
         <object_component_ref idref="oc-213"/>
      </symbol>
      <symbol id="sm-750">
         <name>__TI_enable_exit_profile_output</name>
         <value>0x20000f48</value>
         <object_component_ref idref="oc-213"/>
      </symbol>
      <symbol id="sm-751">
         <name>exit</name>
         <value>0x4e7d</value>
         <object_component_ref idref="oc-130"/>
      </symbol>
      <symbol id="sm-766">
         <name>_nop</name>
         <value>0x3a33</value>
         <object_component_ref idref="oc-2ec"/>
      </symbol>
      <symbol id="sm-767">
         <name>_lock</name>
         <value>0x20000f4c</value>
         <object_component_ref idref="oc-216"/>
      </symbol>
      <symbol id="sm-768">
         <name>_unlock</name>
         <value>0x20000f50</value>
         <object_component_ref idref="oc-216"/>
      </symbol>
      <symbol id="sm-77d">
         <name>__TI_tmpnams</name>
         <value>0x200007e0</value>
      </symbol>
      <symbol id="sm-77e">
         <name>__aeabi_stdout</name>
         <value>0x20000f38</value>
         <object_component_ref idref="oc-25b"/>
      </symbol>
      <symbol id="sm-77f">
         <name>__aeabi_stderr</name>
         <value>0x20000f3c</value>
         <object_component_ref idref="oc-25b"/>
      </symbol>
      <symbol id="sm-780">
         <name>__aeabi_stdin</name>
         <value>0x20000f34</value>
         <object_component_ref idref="oc-25b"/>
      </symbol>
      <symbol id="sm-781">
         <name>_ftable</name>
         <value>0x20000d30</value>
         <object_component_ref idref="oc-1a5"/>
      </symbol>
      <symbol id="sm-782">
         <name>__TI_ft_end</name>
         <value>0x20000f30</value>
         <object_component_ref idref="oc-25b"/>
      </symbol>
      <symbol id="sm-806">
         <name>_sys_memory</name>
         <value>0x20000930</value>
         <object_component_ref idref="oc-29"/>
      </symbol>
      <symbol id="sm-807">
         <name>free</name>
         <value>0x442d</value>
         <object_component_ref idref="oc-267"/>
      </symbol>
      <symbol id="sm-808">
         <name>memalign</name>
         <value>0x4231</value>
         <object_component_ref idref="oc-380"/>
      </symbol>
      <symbol id="sm-809">
         <name>malloc</name>
         <value>0x5319</value>
         <object_component_ref idref="oc-26d"/>
      </symbol>
      <symbol id="sm-80a">
         <name>aligned_alloc</name>
         <value>0x4231</value>
         <object_component_ref idref="oc-380"/>
      </symbol>
      <symbol id="sm-81d">
         <name>__stack</name>
         <value>0x2000fe00</value>
         <object_component_ref idref="oc-2c"/>
      </symbol>
      <symbol id="sm-81e">
         <name>_c_int00_noargs</name>
         <value>0x50f5</value>
         <object_component_ref idref="oc-58"/>
      </symbol>
      <symbol id="sm-840">
         <name>open</name>
         <value>0x45ed</value>
         <object_component_ref idref="oc-34e"/>
      </symbol>
      <symbol id="sm-865">
         <name>add_device</name>
         <value>0x46a9</value>
         <object_component_ref idref="oc-18d"/>
      </symbol>
      <symbol id="sm-87b">
         <name>__aeabi_errno_addr</name>
         <value>0x5311</value>
         <object_component_ref idref="oc-2c3"/>
      </symbol>
      <symbol id="sm-87c">
         <name>errno</name>
         <value>0x20000f68</value>
         <object_component_ref idref="oc-390"/>
      </symbol>
      <symbol id="sm-886">
         <name>copysign</name>
         <value>0x5279</value>
         <object_component_ref idref="oc-39a"/>
      </symbol>
      <symbol id="sm-887">
         <name>copysignl</name>
         <value>0x5279</value>
         <object_component_ref idref="oc-39a"/>
      </symbol>
      <symbol id="sm-89c">
         <name>__TI_closefile</name>
         <value>0x4aa5</value>
         <object_component_ref idref="oc-260"/>
      </symbol>
      <symbol id="sm-8ac">
         <name>__TI_doflush</name>
         <value>0x4e31</value>
         <object_component_ref idref="oc-35e"/>
      </symbol>
      <symbol id="sm-8ca">
         <name>finddevice</name>
         <value>0x515d</value>
         <object_component_ref idref="oc-242"/>
      </symbol>
      <symbol id="sm-8cb">
         <name>getdevice</name>
         <value>0x4fd9</value>
         <object_component_ref idref="oc-3f2"/>
      </symbol>
      <symbol id="sm-8e6">
         <name>memcpy</name>
         <value>0x47fd</value>
         <object_component_ref idref="oc-3a"/>
      </symbol>
      <symbol id="sm-8e7">
         <name>__aeabi_memcpy</name>
         <value>0x47fd</value>
         <object_component_ref idref="oc-3a"/>
      </symbol>
      <symbol id="sm-8e8">
         <name>__aeabi_memcpy8</name>
         <value>0x47fd</value>
         <object_component_ref idref="oc-3a"/>
      </symbol>
      <symbol id="sm-8e9">
         <name>__aeabi_memcpy4</name>
         <value>0x47fd</value>
         <object_component_ref idref="oc-3a"/>
      </symbol>
      <symbol id="sm-911">
         <name>__TI_auto_init_nobinit_nopinit</name>
         <value>0x4f95</value>
         <object_component_ref idref="oc-136"/>
      </symbol>
      <symbol id="sm-91b">
         <name>_system_pre_init</name>
         <value>0x5321</value>
         <object_component_ref idref="oc-9a"/>
      </symbol>
      <symbol id="sm-92d">
         <name>strchr</name>
         <value>0x52ab</value>
         <object_component_ref idref="oc-440"/>
      </symbol>
      <symbol id="sm-93c">
         <name>strcmp</name>
         <value>0x5293</value>
         <object_component_ref idref="oc-30b"/>
      </symbol>
      <symbol id="sm-94c">
         <name>strncpy</name>
         <value>0x5055</value>
         <object_component_ref idref="oc-248"/>
      </symbol>
      <symbol id="sm-95c">
         <name>write</name>
         <value>0x5211</value>
         <object_component_ref idref="oc-3fe"/>
      </symbol>
      <symbol id="sm-96d">
         <name>_stream</name>
         <value>0x20000e98</value>
         <object_component_ref idref="oc-3f9"/>
      </symbol>
      <symbol id="sm-96e">
         <name>_device</name>
         <value>0x20000e20</value>
         <object_component_ref idref="oc-24f"/>
      </symbol>
      <symbol id="sm-983">
         <name>close</name>
         <value>0x4d25</value>
         <object_component_ref idref="oc-364"/>
      </symbol>
      <symbol id="sm-993">
         <name>unlink</name>
         <value>0x51bd</value>
         <object_component_ref idref="oc-36a"/>
      </symbol>
      <symbol id="sm-9a4">
         <name>HOSTclose</name>
         <value>0x4f0d</value>
         <object_component_ref idref="oc-31b"/>
      </symbol>
      <symbol id="sm-9b5">
         <name>HOSTlseek</name>
         <value>0x4bf5</value>
         <object_component_ref idref="oc-32d"/>
      </symbol>
      <symbol id="sm-9c7">
         <name>parmbuf</name>
         <value>0x20000908</value>
      </symbol>
      <symbol id="sm-9c8">
         <name>HOSTopen</name>
         <value>0x4cc5</value>
         <object_component_ref idref="oc-315"/>
      </symbol>
      <symbol id="sm-9d9">
         <name>HOSTread</name>
         <value>0x4d81</value>
         <object_component_ref idref="oc-321"/>
      </symbol>
      <symbol id="sm-9ea">
         <name>HOSTrename</name>
         <value>0x4b89</value>
         <object_component_ref idref="oc-339"/>
      </symbol>
      <symbol id="sm-9fb">
         <name>HOSTunlink</name>
         <value>0x4f51</value>
         <object_component_ref idref="oc-333"/>
      </symbol>
      <symbol id="sm-a0c">
         <name>HOSTwrite</name>
         <value>0x4dd9</value>
         <object_component_ref idref="oc-327"/>
      </symbol>
      <symbol id="sm-a30">
         <name>__TI_readmsg</name>
         <value>0x50c1</value>
         <object_component_ref idref="oc-3cf"/>
      </symbol>
      <symbol id="sm-a31">
         <name>C$$IO$$</name>
         <value>0x504b</value>
         <object_component_ref idref="oc-3c9"/>
      </symbol>
      <symbol id="sm-a32">
         <name>__CIOBUF_</name>
         <value>0x200005c0</value>
         <object_component_ref idref="oc-42a"/>
      </symbol>
      <symbol id="sm-a33">
         <name>__TI_writemsg</name>
         <value>0x501d</value>
         <object_component_ref idref="oc-3c9"/>
      </symbol>
      <symbol id="sm-a41">
         <name>strcpy</name>
         <value>0x52c1</value>
         <object_component_ref idref="oc-3e3"/>
      </symbol>
      <symbol id="sm-a4f">
         <name>strlen</name>
         <value>0x52d5</value>
         <object_component_ref idref="oc-3c3"/>
      </symbol>
      <symbol id="sm-a50">
         <name>__TI_static_base__</name>
         <value>0x0</value>
      </symbol>
      <symbol id="sm-a53">
         <name>__mpu_init</name>
         <value>0x0</value>
      </symbol>
      <symbol id="sm-a54">
         <name>_system_post_cinit</name>
         <value>0x0</value>
      </symbol>
      <symbol id="sm-a55">
         <name>NMI_Handler</name>
         <value>0x5303</value>
      </symbol>
      <symbol id="sm-a56">
         <name>HardFault_Handler</name>
         <value>0x5303</value>
      </symbol>
      <symbol id="sm-a57">
         <name>MemManage_Handler</name>
         <value>0x5303</value>
      </symbol>
      <symbol id="sm-a58">
         <name>BusFault_Handler</name>
         <value>0x5303</value>
      </symbol>
      <symbol id="sm-a59">
         <name>UsageFault_Handler</name>
         <value>0x5303</value>
      </symbol>
      <symbol id="sm-a5a">
         <name>SVC_Handler</name>
         <value>0x5303</value>
      </symbol>
      <symbol id="sm-a5b">
         <name>DebugMon_Handler</name>
         <value>0x5303</value>
      </symbol>
      <symbol id="sm-a5c">
         <name>PendSV_Handler</name>
         <value>0x5303</value>
      </symbol>
      <symbol id="sm-a5d">
         <name>SysTick_Handler</name>
         <value>0x5303</value>
      </symbol>
      <symbol id="sm-a5e">
         <name>PSS_IRQHandler</name>
         <value>0x5303</value>
      </symbol>
      <symbol id="sm-a5f">
         <name>CS_IRQHandler</name>
         <value>0x5303</value>
      </symbol>
      <symbol id="sm-a60">
         <name>PCM_IRQHandler</name>
         <value>0x5303</value>
      </symbol>
      <symbol id="sm-a61">
         <name>WDT_A_IRQHandler</name>
         <value>0x5303</value>
      </symbol>
      <symbol id="sm-a62">
         <name>FPU_IRQHandler</name>
         <value>0x5303</value>
      </symbol>
      <symbol id="sm-a63">
         <name>FLCTL_IRQHandler</name>
         <value>0x5303</value>
      </symbol>
      <symbol id="sm-a64">
         <name>COMP_E0_IRQHandler</name>
         <value>0x5303</value>
      </symbol>
      <symbol id="sm-a65">
         <name>COMP_E1_IRQHandler</name>
         <value>0x5303</value>
      </symbol>
      <symbol id="sm-a66">
         <name>TA0_0_IRQHandler</name>
         <value>0x5303</value>
      </symbol>
      <symbol id="sm-a67">
         <name>TA0_N_IRQHandler</name>
         <value>0x5303</value>
      </symbol>
      <symbol id="sm-a68">
         <name>TA1_0_IRQHandler</name>
         <value>0x5303</value>
      </symbol>
      <symbol id="sm-a69">
         <name>TA1_N_IRQHandler</name>
         <value>0x5303</value>
      </symbol>
      <symbol id="sm-a6a">
         <name>TA2_0_IRQHandler</name>
         <value>0x5303</value>
      </symbol>
      <symbol id="sm-a6b">
         <name>TA2_N_IRQHandler</name>
         <value>0x5303</value>
      </symbol>
      <symbol id="sm-a6c">
         <name>TA3_0_IRQHandler</name>
         <value>0x5303</value>
      </symbol>
      <symbol id="sm-a6d">
         <name>TA3_N_IRQHandler</name>
         <value>0x5303</value>
      </symbol>
      <symbol id="sm-a6e">
         <name>EUSCIA0_IRQHandler</name>
         <value>0x5303</value>
      </symbol>
      <symbol id="sm-a6f">
         <name>EUSCIA1_IRQHandler</name>
         <value>0x5303</value>
      </symbol>
      <symbol id="sm-a70">
         <name>EUSCIA2_IRQHandler</name>
         <value>0x3d05</value>
      </symbol>
      <symbol id="sm-a71">
         <name>EUSCIA3_IRQHandler</name>
         <value>0x5303</value>
      </symbol>
      <symbol id="sm-a72">
         <name>EUSCIB0_IRQHandler</name>
         <value>0x5303</value>
      </symbol>
      <symbol id="sm-a73">
         <name>EUSCIB1_IRQHandler</name>
         <value>0x5303</value>
      </symbol>
      <symbol id="sm-a74">
         <name>EUSCIB2_IRQHandler</name>
         <value>0x5303</value>
      </symbol>
      <symbol id="sm-a75">
         <name>EUSCIB3_IRQHandler</name>
         <value>0x5303</value>
      </symbol>
      <symbol id="sm-a76">
         <name>ADC14_IRQHandler</name>
         <value>0x5303</value>
      </symbol>
      <symbol id="sm-a77">
         <name>T32_INT1_IRQHandler</name>
         <value>0x5303</value>
      </symbol>
      <symbol id="sm-a78">
         <name>T32_INT2_IRQHandler</name>
         <value>0x5303</value>
      </symbol>
      <symbol id="sm-a79">
         <name>T32_INTC_IRQHandler</name>
         <value>0x5303</value>
      </symbol>
      <symbol id="sm-a7a">
         <name>AES256_IRQHandler</name>
         <value>0x5303</value>
      </symbol>
      <symbol id="sm-a7b">
         <name>RTC_C_IRQHandler</name>
         <value>0x5303</value>
      </symbol>
      <symbol id="sm-a7c">
         <name>DMA_ERR_IRQHandler</name>
         <value>0x5303</value>
      </symbol>
      <symbol id="sm-a7d">
         <name>DMA_INT3_IRQHandler</name>
         <value>0x5303</value>
      </symbol>
      <symbol id="sm-a7e">
         <name>DMA_INT2_IRQHandler</name>
         <value>0x5303</value>
      </symbol>
      <symbol id="sm-a7f">
         <name>DMA_INT1_IRQHandler</name>
         <value>0x5303</value>
      </symbol>
      <symbol id="sm-a80">
         <name>DMA_INT0_IRQHandler</name>
         <value>0x5303</value>
      </symbol>
      <symbol id="sm-a81">
         <name>PORT1_IRQHandler</name>
         <value>0x5303</value>
      </symbol>
      <symbol id="sm-a82">
         <name>PORT2_IRQHandler</name>
         <value>0x5303</value>
      </symbol>
      <symbol id="sm-a83">
         <name>PORT3_IRQHandler</name>
         <value>0x5303</value>
      </symbol>
      <symbol id="sm-a84">
         <name>PORT4_IRQHandler</name>
         <value>0x5303</value>
      </symbol>
      <symbol id="sm-a85">
         <name>PORT5_IRQHandler</name>
         <value>0x5303</value>
      </symbol>
      <symbol id="sm-a86">
         <name>PORT6_IRQHandler</name>
         <value>0x5303</value>
      </symbol>
      <symbol id="sm-a87">
         <name>remove</name>
         <value>0x51bd</value>
      </symbol>
   </symbol_table>
   <title>Link successful</title>
</link_info>
