<?xml version="1.0" encoding="ISO-8859-1" ?>
<link_info>
   <banner>TI ARM Linker PC v20.2.7.LTS</banner>
   <copyright>Copyright (c) 1996-2018 Texas Instruments Incorporated</copyright>
   <link_time>0x6803b815</link_time>
   <link_errors>0x0</link_errors>
   <output_file>Final Project.out</output_file>
   <entry_point>
      <name>_c_int00_noargs</name>
      <address>0x6ad9</address>
   </entry_point>
   <input_file_list>
      <input_file id="fl-2">
         <path>.\</path>
         <kind>object</kind>
         <file>AP.obj</file>
         <name>AP.obj</name>
      </input_file>
      <input_file id="fl-3">
         <path>.\</path>
         <kind>object</kind>
         <file>Clock.obj</file>
         <name>Clock.obj</name>
      </input_file>
      <input_file id="fl-4">
         <path>.\</path>
         <kind>object</kind>
         <file>CortexM.obj</file>
         <name>CortexM.obj</name>
      </input_file>
      <input_file id="fl-5">
         <path>.\</path>
         <kind>object</kind>
         <file>GPIO.obj</file>
         <name>GPIO.obj</name>
      </input_file>
      <input_file id="fl-6">
         <path>.\</path>
         <kind>object</kind>
         <file>Init_Ports.obj</file>
         <name>Init_Ports.obj</name>
      </input_file>
      <input_file id="fl-7">
         <path>.\</path>
         <kind>object</kind>
         <file>Init_Timers.obj</file>
         <name>Init_Timers.obj</name>
      </input_file>
      <input_file id="fl-8">
         <path>.\</path>
         <kind>object</kind>
         <file>LaunchPad.obj</file>
         <name>LaunchPad.obj</name>
      </input_file>
      <input_file id="fl-9">
         <path>.\</path>
         <kind>object</kind>
         <file>Motor.obj</file>
         <name>Motor.obj</name>
      </input_file>
      <input_file id="fl-a">
         <path>.\</path>
         <kind>object</kind>
         <file>SSD1306.obj</file>
         <name>SSD1306.obj</name>
      </input_file>
      <input_file id="fl-b">
         <path>.\</path>
         <kind>object</kind>
         <file>UART0.obj</file>
         <name>UART0.obj</name>
      </input_file>
      <input_file id="fl-c">
         <path>.\</path>
         <kind>object</kind>
         <file>UART1.obj</file>
         <name>UART1.obj</name>
      </input_file>
      <input_file id="fl-d">
         <path>.\</path>
         <kind>object</kind>
         <file>main.obj</file>
         <name>main.obj</name>
      </input_file>
      <input_file id="fl-e">
         <path>.\</path>
         <kind>object</kind>
         <file>startup_msp432p401r_ccs.obj</file>
         <name>startup_msp432p401r_ccs.obj</name>
      </input_file>
      <input_file id="fl-f">
         <path>.\</path>
         <kind>object</kind>
         <file>system_msp432p401r.obj</file>
         <name>system_msp432p401r.obj</name>
      </input_file>
      <input_file id="fl-13">
         <kind>object</kind>
         <file>&lt;internal&gt;</file>
         <name>&lt;internal&gt;</name>
      </input_file>
      <input_file id="fl-c9">
         <path>C:\ti\ccs1271\ccs\tools\compiler\ti-cgt-arm_20.2.7.LTS\lib\</path>
         <kind>archive</kind>
         <file>rtsv7M4_T_le_v4SPD16_eabi.lib</file>
         <name>e_pow.c.obj</name>
      </input_file>
      <input_file id="fl-ca">
         <path>C:\ti\ccs1271\ccs\tools\compiler\ti-cgt-arm_20.2.7.LTS\lib\</path>
         <kind>archive</kind>
         <file>rtsv7M4_T_le_v4SPD16_eabi.lib</file>
         <name>e_sqrt.c.obj</name>
      </input_file>
      <input_file id="fl-cb">
         <path>C:\ti\ccs1271\ccs\tools\compiler\ti-cgt-arm_20.2.7.LTS\lib\</path>
         <kind>archive</kind>
         <file>rtsv7M4_T_le_v4SPD16_eabi.lib</file>
         <name>s_scalbn.c.obj</name>
      </input_file>
      <input_file id="fl-cc">
         <path>C:\ti\ccs1271\ccs\tools\compiler\ti-cgt-arm_20.2.7.LTS\lib\</path>
         <kind>archive</kind>
         <file>rtsv7M4_T_le_v4SPD16_eabi.lib</file>
         <name>fopen.c.obj</name>
      </input_file>
      <input_file id="fl-cd">
         <path>C:\ti\ccs1271\ccs\tools\compiler\ti-cgt-arm_20.2.7.LTS\lib\</path>
         <kind>archive</kind>
         <file>rtsv7M4_T_le_v4SPD16_eabi.lib</file>
         <name>setvbuf.c.obj</name>
      </input_file>
      <input_file id="fl-ce">
         <path>C:\ti\ccs1271\ccs\tools\compiler\ti-cgt-arm_20.2.7.LTS\lib\</path>
         <kind>archive</kind>
         <file>rtsv7M4_T_le_v4SPD16_eabi.lib</file>
         <name>fd_add_t2.asm.obj</name>
      </input_file>
      <input_file id="fl-cf">
         <path>C:\ti\ccs1271\ccs\tools\compiler\ti-cgt-arm_20.2.7.LTS\lib\</path>
         <kind>archive</kind>
         <file>rtsv7M4_T_le_v4SPD16_eabi.lib</file>
         <name>fd_cmp_t2.asm.obj</name>
      </input_file>
      <input_file id="fl-d0">
         <path>C:\ti\ccs1271\ccs\tools\compiler\ti-cgt-arm_20.2.7.LTS\lib\</path>
         <kind>archive</kind>
         <file>rtsv7M4_T_le_v4SPD16_eabi.lib</file>
         <name>fd_div_t2.asm.obj</name>
      </input_file>
      <input_file id="fl-d1">
         <path>C:\ti\ccs1271\ccs\tools\compiler\ti-cgt-arm_20.2.7.LTS\lib\</path>
         <kind>archive</kind>
         <file>rtsv7M4_T_le_v4SPD16_eabi.lib</file>
         <name>fd_mul_t2.asm.obj</name>
      </input_file>
      <input_file id="fl-d2">
         <path>C:\ti\ccs1271\ccs\tools\compiler\ti-cgt-arm_20.2.7.LTS\lib\</path>
         <kind>archive</kind>
         <file>rtsv7M4_T_le_v4SPD16_eabi.lib</file>
         <name>fd_toi_t2.asm.obj</name>
      </input_file>
      <input_file id="fl-d3">
         <path>C:\ti\ccs1271\ccs\tools\compiler\ti-cgt-arm_20.2.7.LTS\lib\</path>
         <kind>archive</kind>
         <file>rtsv7M4_T_le_v4SPD16_eabi.lib</file>
         <name>fd_tou_t2.asm.obj</name>
      </input_file>
      <input_file id="fl-d4">
         <path>C:\ti\ccs1271\ccs\tools\compiler\ti-cgt-arm_20.2.7.LTS\lib\</path>
         <kind>archive</kind>
         <file>rtsv7M4_T_le_v4SPD16_eabi.lib</file>
         <name>i_tofd_t2.asm.obj</name>
      </input_file>
      <input_file id="fl-d5">
         <path>C:\ti\ccs1271\ccs\tools\compiler\ti-cgt-arm_20.2.7.LTS\lib\</path>
         <kind>archive</kind>
         <file>rtsv7M4_T_le_v4SPD16_eabi.lib</file>
         <name>u_tofd_t2.asm.obj</name>
      </input_file>
      <input_file id="fl-d6">
         <path>C:\ti\ccs1271\ccs\tools\compiler\ti-cgt-arm_20.2.7.LTS\lib\</path>
         <kind>archive</kind>
         <file>rtsv7M4_T_le_v4SPD16_eabi.lib</file>
         <name>memset_t2.asm.obj</name>
      </input_file>
      <input_file id="fl-d7">
         <path>C:\ti\ccs1271\ccs\tools\compiler\ti-cgt-arm_20.2.7.LTS\lib\</path>
         <kind>archive</kind>
         <file>rtsv7M4_T_le_v4SPD16_eabi.lib</file>
         <name>copy_zero_init.c.obj</name>
      </input_file>
      <input_file id="fl-d8">
         <path>C:\ti\ccs1271\ccs\tools\compiler\ti-cgt-arm_20.2.7.LTS\lib\</path>
         <kind>archive</kind>
         <file>rtsv7M4_T_le_v4SPD16_eabi.lib</file>
         <name>copy_decompress_none.c.obj</name>
      </input_file>
      <input_file id="fl-d9">
         <path>C:\ti\ccs1271\ccs\tools\compiler\ti-cgt-arm_20.2.7.LTS\lib\</path>
         <kind>archive</kind>
         <file>rtsv7M4_T_le_v4SPD16_eabi.lib</file>
         <name>copy_decompress_lzss.c.obj</name>
      </input_file>
      <input_file id="fl-da">
         <path>C:\ti\ccs1271\ccs\tools\compiler\ti-cgt-arm_20.2.7.LTS\lib\</path>
         <kind>archive</kind>
         <file>rtsv7M4_T_le_v4SPD16_eabi.lib</file>
         <name>exit.c.obj</name>
      </input_file>
      <input_file id="fl-db">
         <path>C:\ti\ccs1271\ccs\tools\compiler\ti-cgt-arm_20.2.7.LTS\lib\</path>
         <kind>archive</kind>
         <file>rtsv7M4_T_le_v4SPD16_eabi.lib</file>
         <name>_lock.c.obj</name>
      </input_file>
      <input_file id="fl-dc">
         <path>C:\ti\ccs1271\ccs\tools\compiler\ti-cgt-arm_20.2.7.LTS\lib\</path>
         <kind>archive</kind>
         <file>rtsv7M4_T_le_v4SPD16_eabi.lib</file>
         <name>defs.c.obj</name>
      </input_file>
      <input_file id="fl-dd">
         <path>C:\ti\ccs1271\ccs\tools\compiler\ti-cgt-arm_20.2.7.LTS\lib\</path>
         <kind>archive</kind>
         <file>rtsv7M4_T_le_v4SPD16_eabi.lib</file>
         <name>memory.c.obj</name>
      </input_file>
      <input_file id="fl-de">
         <path>C:\ti\ccs1271\ccs\tools\compiler\ti-cgt-arm_20.2.7.LTS\lib\</path>
         <kind>archive</kind>
         <file>rtsv7M4_T_le_v4SPD16_eabi.lib</file>
         <name>boot_cortex_m.c.obj</name>
      </input_file>
      <input_file id="fl-df">
         <path>C:\ti\ccs1271\ccs\tools\compiler\ti-cgt-arm_20.2.7.LTS\lib\</path>
         <kind>archive</kind>
         <file>rtsv7M4_T_le_v4SPD16_eabi.lib</file>
         <name>open.c.obj</name>
      </input_file>
      <input_file id="fl-e0">
         <path>C:\ti\ccs1271\ccs\tools\compiler\ti-cgt-arm_20.2.7.LTS\lib\</path>
         <kind>archive</kind>
         <file>rtsv7M4_T_le_v4SPD16_eabi.lib</file>
         <name>add_device.c.obj</name>
      </input_file>
      <input_file id="fl-e1">
         <path>C:\ti\ccs1271\ccs\tools\compiler\ti-cgt-arm_20.2.7.LTS\lib\</path>
         <kind>archive</kind>
         <file>rtsv7M4_T_le_v4SPD16_eabi.lib</file>
         <name>errno.c.obj</name>
      </input_file>
      <input_file id="fl-e2">
         <path>C:\ti\ccs1271\ccs\tools\compiler\ti-cgt-arm_20.2.7.LTS\lib\</path>
         <kind>archive</kind>
         <file>rtsv7M4_T_le_v4SPD16_eabi.lib</file>
         <name>s_copysign.c.obj</name>
      </input_file>
      <input_file id="fl-e3">
         <path>C:\ti\ccs1271\ccs\tools\compiler\ti-cgt-arm_20.2.7.LTS\lib\</path>
         <kind>archive</kind>
         <file>rtsv7M4_T_le_v4SPD16_eabi.lib</file>
         <name>fclose.c.obj</name>
      </input_file>
      <input_file id="fl-e4">
         <path>C:\ti\ccs1271\ccs\tools\compiler\ti-cgt-arm_20.2.7.LTS\lib\</path>
         <kind>archive</kind>
         <file>rtsv7M4_T_le_v4SPD16_eabi.lib</file>
         <name>fflush.c.obj</name>
      </input_file>
      <input_file id="fl-e5">
         <path>C:\ti\ccs1271\ccs\tools\compiler\ti-cgt-arm_20.2.7.LTS\lib\</path>
         <kind>archive</kind>
         <file>rtsv7M4_T_le_v4SPD16_eabi.lib</file>
         <name>getdevice.c.obj</name>
      </input_file>
      <input_file id="fl-e6">
         <path>C:\ti\ccs1271\ccs\tools\compiler\ti-cgt-arm_20.2.7.LTS\lib\</path>
         <kind>archive</kind>
         <file>rtsv7M4_T_le_v4SPD16_eabi.lib</file>
         <name>memcpy_t2.asm.obj</name>
      </input_file>
      <input_file id="fl-e7">
         <path>C:\ti\ccs1271\ccs\tools\compiler\ti-cgt-arm_20.2.7.LTS\lib\</path>
         <kind>archive</kind>
         <file>rtsv7M4_T_le_v4SPD16_eabi.lib</file>
         <name>autoinit.c.obj</name>
      </input_file>
      <input_file id="fl-e8">
         <path>C:\ti\ccs1271\ccs\tools\compiler\ti-cgt-arm_20.2.7.LTS\lib\</path>
         <kind>archive</kind>
         <file>rtsv7M4_T_le_v4SPD16_eabi.lib</file>
         <name>pre_init.c.obj</name>
      </input_file>
      <input_file id="fl-e9">
         <path>C:\ti\ccs1271\ccs\tools\compiler\ti-cgt-arm_20.2.7.LTS\lib\</path>
         <kind>archive</kind>
         <file>rtsv7M4_T_le_v4SPD16_eabi.lib</file>
         <name>cpy_tbl.c.obj</name>
      </input_file>
      <input_file id="fl-ea">
         <path>C:\ti\ccs1271\ccs\tools\compiler\ti-cgt-arm_20.2.7.LTS\lib\</path>
         <kind>archive</kind>
         <file>rtsv7M4_T_le_v4SPD16_eabi.lib</file>
         <name>args_main.c.obj</name>
      </input_file>
      <input_file id="fl-eb">
         <path>C:\ti\ccs1271\ccs\tools\compiler\ti-cgt-arm_20.2.7.LTS\lib\</path>
         <kind>archive</kind>
         <file>rtsv7M4_T_le_v4SPD16_eabi.lib</file>
         <name>strchr.c.obj</name>
      </input_file>
      <input_file id="fl-ec">
         <path>C:\ti\ccs1271\ccs\tools\compiler\ti-cgt-arm_20.2.7.LTS\lib\</path>
         <kind>archive</kind>
         <file>rtsv7M4_T_le_v4SPD16_eabi.lib</file>
         <name>strcmp.c.obj</name>
      </input_file>
      <input_file id="fl-ed">
         <path>C:\ti\ccs1271\ccs\tools\compiler\ti-cgt-arm_20.2.7.LTS\lib\</path>
         <kind>archive</kind>
         <file>rtsv7M4_T_le_v4SPD16_eabi.lib</file>
         <name>strncpy.c.obj</name>
      </input_file>
      <input_file id="fl-ee">
         <path>C:\ti\ccs1271\ccs\tools\compiler\ti-cgt-arm_20.2.7.LTS\lib\</path>
         <kind>archive</kind>
         <file>rtsv7M4_T_le_v4SPD16_eabi.lib</file>
         <name>write.c.obj</name>
      </input_file>
      <input_file id="fl-ef">
         <path>C:\ti\ccs1271\ccs\tools\compiler\ti-cgt-arm_20.2.7.LTS\lib\</path>
         <kind>archive</kind>
         <file>rtsv7M4_T_le_v4SPD16_eabi.lib</file>
         <name>host_device.c.obj</name>
      </input_file>
      <input_file id="fl-f0">
         <path>C:\ti\ccs1271\ccs\tools\compiler\ti-cgt-arm_20.2.7.LTS\lib\</path>
         <kind>archive</kind>
         <file>rtsv7M4_T_le_v4SPD16_eabi.lib</file>
         <name>remove.c.obj</name>
      </input_file>
      <input_file id="fl-f1">
         <path>C:\ti\ccs1271\ccs\tools\compiler\ti-cgt-arm_20.2.7.LTS\lib\</path>
         <kind>archive</kind>
         <file>rtsv7M4_T_le_v4SPD16_eabi.lib</file>
         <name>close.c.obj</name>
      </input_file>
      <input_file id="fl-f2">
         <path>C:\ti\ccs1271\ccs\tools\compiler\ti-cgt-arm_20.2.7.LTS\lib\</path>
         <kind>archive</kind>
         <file>rtsv7M4_T_le_v4SPD16_eabi.lib</file>
         <name>unlink.c.obj</name>
      </input_file>
      <input_file id="fl-f3">
         <path>C:\ti\ccs1271\ccs\tools\compiler\ti-cgt-arm_20.2.7.LTS\lib\</path>
         <kind>archive</kind>
         <file>rtsv7M4_T_le_v4SPD16_eabi.lib</file>
         <name>hostclose.c.obj</name>
      </input_file>
      <input_file id="fl-f4">
         <path>C:\ti\ccs1271\ccs\tools\compiler\ti-cgt-arm_20.2.7.LTS\lib\</path>
         <kind>archive</kind>
         <file>rtsv7M4_T_le_v4SPD16_eabi.lib</file>
         <name>hostlseek.c.obj</name>
      </input_file>
      <input_file id="fl-f5">
         <path>C:\ti\ccs1271\ccs\tools\compiler\ti-cgt-arm_20.2.7.LTS\lib\</path>
         <kind>archive</kind>
         <file>rtsv7M4_T_le_v4SPD16_eabi.lib</file>
         <name>hostopen.c.obj</name>
      </input_file>
      <input_file id="fl-f6">
         <path>C:\ti\ccs1271\ccs\tools\compiler\ti-cgt-arm_20.2.7.LTS\lib\</path>
         <kind>archive</kind>
         <file>rtsv7M4_T_le_v4SPD16_eabi.lib</file>
         <name>hostread.c.obj</name>
      </input_file>
      <input_file id="fl-f7">
         <path>C:\ti\ccs1271\ccs\tools\compiler\ti-cgt-arm_20.2.7.LTS\lib\</path>
         <kind>archive</kind>
         <file>rtsv7M4_T_le_v4SPD16_eabi.lib</file>
         <name>hostrename.c.obj</name>
      </input_file>
      <input_file id="fl-f8">
         <path>C:\ti\ccs1271\ccs\tools\compiler\ti-cgt-arm_20.2.7.LTS\lib\</path>
         <kind>archive</kind>
         <file>rtsv7M4_T_le_v4SPD16_eabi.lib</file>
         <name>hostunlink.c.obj</name>
      </input_file>
      <input_file id="fl-f9">
         <path>C:\ti\ccs1271\ccs\tools\compiler\ti-cgt-arm_20.2.7.LTS\lib\</path>
         <kind>archive</kind>
         <file>rtsv7M4_T_le_v4SPD16_eabi.lib</file>
         <name>hostwrite.c.obj</name>
      </input_file>
      <input_file id="fl-fa">
         <path>C:\ti\ccs1271\ccs\tools\compiler\ti-cgt-arm_20.2.7.LTS\lib\</path>
         <kind>archive</kind>
         <file>rtsv7M4_T_le_v4SPD16_eabi.lib</file>
         <name>trgmsg.c.obj</name>
      </input_file>
      <input_file id="fl-fb">
         <path>C:\ti\ccs1271\ccs\tools\compiler\ti-cgt-arm_20.2.7.LTS\lib\</path>
         <kind>archive</kind>
         <file>rtsv7M4_T_le_v4SPD16_eabi.lib</file>
         <name>strcpy.c.obj</name>
      </input_file>
      <input_file id="fl-fc">
         <path>C:\ti\ccs1271\ccs\tools\compiler\ti-cgt-arm_20.2.7.LTS\lib\</path>
         <kind>archive</kind>
         <file>rtsv7M4_T_le_v4SPD16_eabi.lib</file>
         <name>strlen.c.obj</name>
      </input_file>
   </input_file_list>
   <object_component_list>
      <object_component id="oc-26">
         <name>.intvecs:retain</name>
         <load_address>0x0</load_address>
         <run_address>0x0</run_address>
         <size>0xe4</size>
         <input_file_ref idref="fl-e"/>
      </object_component>
      <object_component id="oc-10d">
         <name>.text</name>
         <load_address>0xe4</load_address>
         <run_address>0xe4</run_address>
         <size>0x1848</size>
         <input_file_ref idref="fl-a"/>
      </object_component>
      <object_component id="oc-a0">
         <name>.text</name>
         <load_address>0x192c</load_address>
         <run_address>0x192c</run_address>
         <size>0x1084</size>
         <input_file_ref idref="fl-d"/>
      </object_component>
      <object_component id="oc-13b">
         <name>.text</name>
         <load_address>0x29b0</load_address>
         <run_address>0x29b0</run_address>
         <size>0x100c</size>
         <input_file_ref idref="fl-2"/>
      </object_component>
      <object_component id="oc-200">
         <name>.text:pow</name>
         <load_address>0x39bc</load_address>
         <run_address>0x39bc</run_address>
         <size>0x9d0</size>
         <input_file_ref idref="fl-c9"/>
      </object_component>
      <object_component id="oc-129">
         <name>.text</name>
         <load_address>0x438c</load_address>
         <run_address>0x438c</run_address>
         <size>0x6cc</size>
         <input_file_ref idref="fl-b"/>
      </object_component>
      <object_component id="oc-b2">
         <name>.text</name>
         <load_address>0x4a58</load_address>
         <run_address>0x4a58</run_address>
         <size>0x334</size>
         <input_file_ref idref="fl-f"/>
      </object_component>
      <object_component id="oc-12f">
         <name>.text</name>
         <load_address>0x4d8c</load_address>
         <run_address>0x4d8c</run_address>
         <size>0x1f0</size>
         <input_file_ref idref="fl-6"/>
      </object_component>
      <object_component id="oc-e8">
         <name>.text</name>
         <load_address>0x4f7c</load_address>
         <run_address>0x4f7c</run_address>
         <size>0x1e0</size>
         <input_file_ref idref="fl-3"/>
      </object_component>
      <object_component id="oc-2db">
         <name>.text</name>
         <load_address>0x515c</load_address>
         <run_address>0x515c</run_address>
         <size>0x1b6</size>
         <input_file_ref idref="fl-ce"/>
      </object_component>
      <object_component id="oc-37d">
         <name>.text:_nop</name>
         <load_address>0x5312</load_address>
         <run_address>0x5312</run_address>
         <size>0x2</size>
         <input_file_ref idref="fl-db"/>
      </object_component>
      <object_component id="oc-113">
         <name>.text</name>
         <load_address>0x5314</load_address>
         <run_address>0x5314</run_address>
         <size>0x1a8</size>
         <input_file_ref idref="fl-9"/>
      </object_component>
      <object_component id="oc-70">
         <name>.text</name>
         <load_address>0x54bc</load_address>
         <run_address>0x54bc</run_address>
         <size>0x1a4</size>
         <input_file_ref idref="fl-c"/>
      </object_component>
      <object_component id="oc-2e0">
         <name>.text:sqrt</name>
         <load_address>0x5660</load_address>
         <run_address>0x5660</run_address>
         <size>0x158</size>
         <input_file_ref idref="fl-ca"/>
      </object_component>
      <object_component id="oc-f3">
         <name>.text</name>
         <load_address>0x57b8</load_address>
         <run_address>0x57b8</run_address>
         <size>0x136</size>
         <input_file_ref idref="fl-d0"/>
      </object_component>
      <object_component id="oc-328">
         <name>.text:_openfile</name>
         <load_address>0x58f0</load_address>
         <run_address>0x58f0</run_address>
         <size>0x110</size>
         <input_file_ref idref="fl-cc"/>
      </object_component>
      <object_component id="oc-2fe">
         <name>.text:scalbn</name>
         <load_address>0x5a00</load_address>
         <run_address>0x5a00</run_address>
         <size>0x110</size>
         <input_file_ref idref="fl-cb"/>
      </object_component>
      <object_component id="oc-432">
         <name>.text:aligned_alloc</name>
         <load_address>0x5b10</load_address>
         <run_address>0x5b10</run_address>
         <size>0x100</size>
         <input_file_ref idref="fl-dd"/>
      </object_component>
      <object_component id="oc-2ec">
         <name>.text</name>
         <load_address>0x5c10</load_address>
         <run_address>0x5c10</run_address>
         <size>0xfc</size>
         <input_file_ref idref="fl-d1"/>
      </object_component>
      <object_component id="oc-33b">
         <name>.text:free</name>
         <load_address>0x5d0c</load_address>
         <run_address>0x5d0c</run_address>
         <size>0xe4</size>
         <input_file_ref idref="fl-dd"/>
      </object_component>
      <object_component id="oc-22b">
         <name>.text:setvbuf</name>
         <load_address>0x5df0</load_address>
         <run_address>0x5df0</run_address>
         <size>0xdc</size>
         <input_file_ref idref="fl-cd"/>
      </object_component>
      <object_component id="oc-23c">
         <name>.text</name>
         <load_address>0x5ecc</load_address>
         <run_address>0x5ecc</run_address>
         <size>0xc0</size>
         <input_file_ref idref="fl-5"/>
      </object_component>
      <object_component id="oc-400">
         <name>.text:open</name>
         <load_address>0x5f8c</load_address>
         <run_address>0x5f8c</run_address>
         <size>0xbc</size>
         <input_file_ref idref="fl-df"/>
      </object_component>
      <object_component id="oc-219">
         <name>.text:add_device</name>
         <load_address>0x6048</load_address>
         <run_address>0x6048</run_address>
         <size>0xb8</size>
         <input_file_ref idref="fl-e0"/>
      </object_component>
      <object_component id="oc-21f">
         <name>.text:fopen</name>
         <load_address>0x6100</load_address>
         <run_address>0x6100</run_address>
         <size>0x9c</size>
         <input_file_ref idref="fl-cc"/>
      </object_component>
      <object_component id="oc-3a">
         <name>.text</name>
         <load_address>0x619c</load_address>
         <run_address>0x619c</run_address>
         <size>0x9c</size>
         <input_file_ref idref="fl-e6"/>
      </object_component>
      <object_component id="oc-2f4">
         <name>.text:__aeabi_cdcmple</name>
         <load_address>0x6238</load_address>
         <run_address>0x6238</run_address>
         <size>0x86</size>
         <input_file_ref idref="fl-cf"/>
      </object_component>
      <object_component id="oc-2f9">
         <name>.text:__aeabi_cdrcmple</name>
         <load_address>0x62be</load_address>
         <run_address>0x62be</run_address>
         <size>0x86</size>
         <input_file_ref idref="fl-cf"/>
      </object_component>
      <object_component id="oc-135">
         <name>.text</name>
         <load_address>0x6344</load_address>
         <run_address>0x6344</run_address>
         <size>0x84</size>
         <input_file_ref idref="fl-7"/>
      </object_component>
      <object_component id="oc-94">
         <name>.text</name>
         <load_address>0x63c8</load_address>
         <run_address>0x63c8</run_address>
         <size>0x7a</size>
         <input_file_ref idref="fl-d6"/>
      </object_component>
      <object_component id="oc-334">
         <name>.text:__TI_closefile</name>
         <load_address>0x6444</load_address>
         <run_address>0x6444</run_address>
         <size>0x74</size>
         <input_file_ref idref="fl-e3"/>
      </object_component>
      <object_component id="oc-4af">
         <name>.text:split</name>
         <load_address>0x64b8</load_address>
         <run_address>0x64b8</run_address>
         <size>0x70</size>
         <input_file_ref idref="fl-dd"/>
      </object_component>
      <object_component id="oc-3eb">
         <name>.text:HOSTrename</name>
         <load_address>0x6528</load_address>
         <run_address>0x6528</run_address>
         <size>0x6c</size>
         <input_file_ref idref="fl-f7"/>
      </object_component>
      <object_component id="oc-3df">
         <name>.text:HOSTlseek</name>
         <load_address>0x6594</load_address>
         <run_address>0x6594</run_address>
         <size>0x68</size>
         <input_file_ref idref="fl-f4"/>
      </object_component>
      <object_component id="oc-17">
         <name>.text:decompress:lzss:__TI_decompress_lzss</name>
         <load_address>0x65fc</load_address>
         <run_address>0x65fc</run_address>
         <size>0x68</size>
         <input_file_ref idref="fl-d9"/>
      </object_component>
      <object_component id="oc-3c7">
         <name>.text:HOSTopen</name>
         <load_address>0x6664</load_address>
         <run_address>0x6664</run_address>
         <size>0x60</size>
         <input_file_ref idref="fl-f5"/>
      </object_component>
      <object_component id="oc-416">
         <name>.text:close</name>
         <load_address>0x66c4</load_address>
         <run_address>0x66c4</run_address>
         <size>0x5c</size>
         <input_file_ref idref="fl-f1"/>
      </object_component>
      <object_component id="oc-3d3">
         <name>.text:HOSTread</name>
         <load_address>0x6720</load_address>
         <run_address>0x6720</run_address>
         <size>0x58</size>
         <input_file_ref idref="fl-f6"/>
      </object_component>
      <object_component id="oc-3d9">
         <name>.text:HOSTwrite</name>
         <load_address>0x6778</load_address>
         <run_address>0x6778</run_address>
         <size>0x58</size>
         <input_file_ref idref="fl-f9"/>
      </object_component>
      <object_component id="oc-410">
         <name>.text:__TI_doflush</name>
         <load_address>0x67d0</load_address>
         <run_address>0x67d0</run_address>
         <size>0x4c</size>
         <input_file_ref idref="fl-e4"/>
      </object_component>
      <object_component id="oc-158">
         <name>.text:exit</name>
         <load_address>0x681c</load_address>
         <run_address>0x681c</run_address>
         <size>0x48</size>
         <input_file_ref idref="fl-da"/>
      </object_component>
      <object_component id="oc-206">
         <name>.text</name>
         <load_address>0x6864</load_address>
         <run_address>0x6864</run_address>
         <size>0x48</size>
         <input_file_ref idref="fl-d2"/>
      </object_component>
      <object_component id="oc-3cd">
         <name>.text:HOSTclose</name>
         <load_address>0x68ac</load_address>
         <run_address>0x68ac</run_address>
         <size>0x44</size>
         <input_file_ref idref="fl-f3"/>
      </object_component>
      <object_component id="oc-3e5">
         <name>.text:HOSTunlink</name>
         <load_address>0x68f0</load_address>
         <run_address>0x68f0</run_address>
         <size>0x44</size>
         <input_file_ref idref="fl-f8"/>
      </object_component>
      <object_component id="oc-15e">
         <name>.text:__TI_auto_init_nobinit_nopinit:__TI_auto_init_nobinit_nopinit</name>
         <load_address>0x6934</load_address>
         <run_address>0x6934</run_address>
         <size>0x44</size>
         <input_file_ref idref="fl-e7"/>
      </object_component>
      <object_component id="oc-490">
         <name>.text:getdevice</name>
         <load_address>0x6978</load_address>
         <run_address>0x6978</run_address>
         <size>0x44</size>
         <input_file_ref idref="fl-e5"/>
      </object_component>
      <object_component id="oc-f8">
         <name>.text</name>
         <load_address>0x69bc</load_address>
         <run_address>0x69bc</run_address>
         <size>0x44</size>
         <input_file_ref idref="fl-d3"/>
      </object_component>
      <object_component id="oc-467">
         <name>.text:__TI_writemsg</name>
         <load_address>0x6a00</load_address>
         <run_address>0x6a00</run_address>
         <size>0x38</size>
         <input_file_ref idref="fl-fa"/>
      </object_component>
      <object_component id="oc-31c">
         <name>.text:strncpy</name>
         <load_address>0x6a38</load_address>
         <run_address>0x6a38</run_address>
         <size>0x36</size>
         <input_file_ref idref="fl-ed"/>
      </object_component>
      <object_component id="oc-347">
         <name>.text:__TI_cleanup</name>
         <load_address>0x6a70</load_address>
         <run_address>0x6a70</run_address>
         <size>0x34</size>
         <input_file_ref idref="fl-cc"/>
      </object_component>
      <object_component id="oc-46d">
         <name>.text:__TI_readmsg</name>
         <load_address>0x6aa4</load_address>
         <run_address>0x6aa4</run_address>
         <size>0x34</size>
         <input_file_ref idref="fl-fa"/>
      </object_component>
      <object_component id="oc-58">
         <name>.text:_c_int00_noargs:_c_int00_noargs</name>
         <load_address>0x6ad8</load_address>
         <run_address>0x6ad8</run_address>
         <size>0x34</size>
         <input_file_ref idref="fl-de"/>
      </object_component>
      <object_component id="oc-225">
         <name>.text:freopen</name>
         <load_address>0x6b0c</load_address>
         <run_address>0x6b0c</run_address>
         <size>0x34</size>
         <input_file_ref idref="fl-cc"/>
      </object_component>
      <object_component id="oc-316">
         <name>.text:finddevice</name>
         <load_address>0x6b40</load_address>
         <run_address>0x6b40</run_address>
         <size>0x30</size>
         <input_file_ref idref="fl-e5"/>
      </object_component>
      <object_component id="oc-1fb">
         <name>.text</name>
         <load_address>0x6b70</load_address>
         <run_address>0x6b70</run_address>
         <size>0x2e</size>
         <input_file_ref idref="fl-d4"/>
      </object_component>
      <object_component id="oc-41c">
         <name>.text:unlink</name>
         <load_address>0x6ba0</load_address>
         <run_address>0x6ba0</run_address>
         <size>0x2c</size>
         <input_file_ref idref="fl-f2"/>
      </object_component>
      <object_component id="oc-42b">
         <name>.text:free_list_insert</name>
         <load_address>0x6bcc</load_address>
         <run_address>0x6bcc</run_address>
         <size>0x28</size>
         <input_file_ref idref="fl-dd"/>
      </object_component>
      <object_component id="oc-49c">
         <name>.text:write</name>
         <load_address>0x6bf4</load_address>
         <run_address>0x6bf4</run_address>
         <size>0x28</size>
         <input_file_ref idref="fl-ee"/>
      </object_component>
      <object_component id="oc-123">
         <name>.text</name>
         <load_address>0x6c1c</load_address>
         <run_address>0x6c1c</run_address>
         <size>0x24</size>
         <input_file_ref idref="fl-4"/>
      </object_component>
      <object_component id="oc-ee">
         <name>.text</name>
         <load_address>0x6c40</load_address>
         <run_address>0x6c40</run_address>
         <size>0x20</size>
         <input_file_ref idref="fl-d5"/>
      </object_component>
      <object_component id="oc-425">
         <name>.text:free_list_remove</name>
         <load_address>0x6c60</load_address>
         <run_address>0x6c60</run_address>
         <size>0x1c</size>
         <input_file_ref idref="fl-dd"/>
      </object_component>
      <object_component id="oc-3a9">
         <name>.text:copysign</name>
         <load_address>0x6c7c</load_address>
         <run_address>0x6c7c</run_address>
         <size>0x1a</size>
         <input_file_ref idref="fl-e2"/>
      </object_component>
      <object_component id="oc-3bd">
         <name>.text:strcmp</name>
         <load_address>0x6c96</load_address>
         <run_address>0x6c96</run_address>
         <size>0x18</size>
         <input_file_ref idref="fl-ec"/>
      </object_component>
      <object_component id="oc-4d0">
         <name>.text:strchr</name>
         <load_address>0x6cae</load_address>
         <run_address>0x6cae</run_address>
         <size>0x16</size>
         <input_file_ref idref="fl-eb"/>
      </object_component>
      <object_component id="oc-481">
         <name>.text:strcpy</name>
         <load_address>0x6cc4</load_address>
         <run_address>0x6cc4</run_address>
         <size>0x14</size>
         <input_file_ref idref="fl-fb"/>
      </object_component>
      <object_component id="oc-461">
         <name>.text:strlen</name>
         <load_address>0x6cd8</load_address>
         <run_address>0x6cd8</run_address>
         <size>0x14</size>
         <input_file_ref idref="fl-fc"/>
      </object_component>
      <object_component id="oc-1d">
         <name>.text:decompress:none:__TI_decompress_none</name>
         <load_address>0x6cec</load_address>
         <run_address>0x6cec</run_address>
         <size>0xe</size>
         <input_file_ref idref="fl-d8"/>
      </object_component>
      <object_component id="oc-6a">
         <name>.text</name>
         <load_address>0x6cfa</load_address>
         <run_address>0x6cfa</run_address>
         <size>0xe</size>
         <input_file_ref idref="fl-e"/>
      </object_component>
      <object_component id="oc-4c">
         <name>.text:decompress:ZI:__TI_zero_init</name>
         <load_address>0x6d08</load_address>
         <run_address>0x6d08</run_address>
         <size>0xc</size>
         <input_file_ref idref="fl-d7"/>
      </object_component>
      <object_component id="oc-2e6">
         <name>.text:__aeabi_errno_addr</name>
         <load_address>0x6d14</load_address>
         <run_address>0x6d14</run_address>
         <size>0x8</size>
         <input_file_ref idref="fl-e1"/>
      </object_component>
      <object_component id="oc-341">
         <name>.text:malloc</name>
         <load_address>0x6d1c</load_address>
         <run_address>0x6d1c</run_address>
         <size>0x8</size>
         <input_file_ref idref="fl-dd"/>
      </object_component>
      <object_component id="oc-9a">
         <name>.text:_system_pre_init</name>
         <load_address>0x6d24</load_address>
         <run_address>0x6d24</run_address>
         <size>0x4</size>
         <input_file_ref idref="fl-e8"/>
      </object_component>
      <object_component id="oc-152">
         <name>.text:abort:abort</name>
         <load_address>0x6d28</load_address>
         <run_address>0x6d28</run_address>
         <size>0x4</size>
         <input_file_ref idref="fl-da"/>
      </object_component>
      <object_component id="oc-1cc">
         <name>.const:ASCII</name>
         <load_address>0x6d30</load_address>
         <run_address>0x6d30</run_address>
         <size>0x1e0</size>
         <input_file_ref idref="fl-a"/>
      </object_component>
      <object_component id="oc-2f1">
         <name>.const:$O1$$</name>
         <load_address>0x6f10</load_address>
         <run_address>0x6f10</run_address>
         <size>0x30</size>
         <input_file_ref idref="fl-c9"/>
      </object_component>
      <object_component id="oc-266">
         <name>.const:.string:NPI_StartAdvertisement</name>
         <load_address>0x6f40</load_address>
         <run_address>0x6f40</run_address>
         <size>0x14</size>
         <input_file_ref idref="fl-2"/>
      </object_component>
      <object_component id="oc-260">
         <name>.const:.string:NPI_SetAdvertisement1</name>
         <load_address>0x6f54</load_address>
         <run_address>0x6f54</run_address>
         <size>0x11</size>
         <input_file_ref idref="fl-2"/>
      </object_component>
      <object_component id="oc-245">
         <name>.const:.string:HCI_EXT_ResetSystemCmd</name>
         <load_address>0x6f65</load_address>
         <run_address>0x6f65</run_address>
         <size>0x9</size>
         <input_file_ref idref="fl-2"/>
      </object_component>
      <object_component id="oc-1d2">
         <name>.const:.string:postmask</name>
         <load_address>0x6f6e</load_address>
         <run_address>0x6f6e</run_address>
         <size>0x8</size>
         <input_file_ref idref="fl-a"/>
      </object_component>
      <object_component id="oc-1cf">
         <name>.const:.string:premask</name>
         <load_address>0x6f76</load_address>
         <run_address>0x6f76</run_address>
         <size>0x8</size>
         <input_file_ref idref="fl-a"/>
      </object_component>
      <object_component id="oc-26c">
         <name>.const:.string:NPI_GetStatus</name>
         <load_address>0x6f7e</load_address>
         <run_address>0x6f7e</run_address>
         <size>0x6</size>
         <input_file_ref idref="fl-2"/>
      </object_component>
      <object_component id="oc-26f">
         <name>.const:.string:NPI_GetVersion</name>
         <load_address>0x6f84</load_address>
         <run_address>0x6f84</run_address>
         <size>0x6</size>
         <input_file_ref idref="fl-2"/>
      </object_component>
      <object_component id="oc-24d">
         <name>.const:.string:NPI_Register</name>
         <load_address>0x6f8a</load_address>
         <run_address>0x6f8a</run_address>
         <size>0x6</size>
         <input_file_ref idref="fl-2"/>
      </object_component>
      <object_component id="oc-1c7">
         <name>.const:.string:init5</name>
         <load_address>0x6f90</load_address>
         <run_address>0x6f90</run_address>
         <size>0x6</size>
         <input_file_ref idref="fl-a"/>
      </object_component>
      <object_component id="oc-1d5">
         <name>.const:.string:dlist1</name>
         <load_address>0x6f96</load_address>
         <run_address>0x6f96</run_address>
         <size>0x5</size>
         <input_file_ref idref="fl-a"/>
      </object_component>
      <object_component id="oc-107">
         <name>.const:.string:$P$T0$2</name>
         <load_address>0x6f9b</load_address>
         <run_address>0x6f9b</run_address>
         <size>0x4</size>
         <input_file_ref idref="fl-d"/>
      </object_component>
      <object_component id="oc-10a">
         <name>.const:.string:$P$T1$3</name>
         <load_address>0x6f9f</load_address>
         <run_address>0x6f9f</run_address>
         <size>0x4</size>
         <input_file_ref idref="fl-d"/>
      </object_component>
      <object_component id="oc-11d">
         <name>.const:.string:dX</name>
         <load_address>0x6fa3</load_address>
         <run_address>0x6fa3</run_address>
         <size>0x4</size>
         <input_file_ref idref="fl-d"/>
      </object_component>
      <object_component id="oc-120">
         <name>.const:.string:dY</name>
         <load_address>0x6fa7</load_address>
         <run_address>0x6fa7</run_address>
         <size>0x4</size>
         <input_file_ref idref="fl-d"/>
      </object_component>
      <object_component id="oc-1bb">
         <name>.const:.string:init1</name>
         <load_address>0x6fab</load_address>
         <run_address>0x6fab</run_address>
         <size>0x4</size>
         <input_file_ref idref="fl-a"/>
      </object_component>
      <object_component id="oc-1be">
         <name>.const:.string:init2</name>
         <load_address>0x6faf</load_address>
         <run_address>0x6faf</run_address>
         <size>0x4</size>
         <input_file_ref idref="fl-a"/>
      </object_component>
      <object_component id="oc-1c1">
         <name>.const:.string:init3</name>
         <load_address>0x6fb3</load_address>
         <run_address>0x6fb3</run_address>
         <size>0x4</size>
         <input_file_ref idref="fl-a"/>
      </object_component>
      <object_component id="oc-1c4">
         <name>.const:.string:init4b</name>
         <load_address>0x6fb7</load_address>
         <run_address>0x6fb7</run_address>
         <size>0x3</size>
         <input_file_ref idref="fl-a"/>
      </object_component>
      <object_component id="oc-1db">
         <name>.const:.string:scrollList1b</name>
         <load_address>0x6fba</load_address>
         <run_address>0x6fba</run_address>
         <size>0x3</size>
         <input_file_ref idref="fl-a"/>
      </object_component>
      <object_component id="oc-1e1">
         <name>.const:.string:scrollList2b</name>
         <load_address>0x6fbd</load_address>
         <run_address>0x6fbd</run_address>
         <size>0x3</size>
         <input_file_ref idref="fl-a"/>
      </object_component>
      <object_component id="oc-144">
         <name>.const:$P$T3$5</name>
         <load_address>0x6fc0</load_address>
         <run_address>0x6fc0</run_address>
         <size>0x2</size>
         <input_file_ref idref="fl-d"/>
      </object_component>
      <object_component id="oc-1d8">
         <name>.const:.string:scrollList1a</name>
         <load_address>0x6fc2</load_address>
         <run_address>0x6fc2</run_address>
         <size>0x2</size>
         <input_file_ref idref="fl-a"/>
      </object_component>
      <object_component id="oc-1de">
         <name>.const:.string:scrollList2a</name>
         <load_address>0x6fc4</load_address>
         <run_address>0x6fc4</run_address>
         <size>0x2</size>
         <input_file_ref idref="fl-a"/>
      </object_component>
      <object_component id="oc-1e4">
         <name>.const:.string:scrollList3a</name>
         <load_address>0x6fc6</load_address>
         <run_address>0x6fc6</run_address>
         <size>0x2</size>
         <input_file_ref idref="fl-a"/>
      </object_component>
      <object_component id="oc-1e7">
         <name>.const:.string:scrollList3b</name>
         <load_address>0x6fc8</load_address>
         <run_address>0x6fc8</run_address>
         <size>0x2</size>
         <input_file_ref idref="fl-a"/>
      </object_component>
      <object_component id="oc-1ea">
         <name>.const:.string:scrollList3c</name>
         <load_address>0x6fca</load_address>
         <run_address>0x6fca</run_address>
         <size>0x2</size>
         <input_file_ref idref="fl-a"/>
      </object_component>
      <object_component id="oc-1ed">
         <name>.const:.string:scrollList4a</name>
         <load_address>0x6fcc</load_address>
         <run_address>0x6fcc</run_address>
         <size>0x2</size>
         <input_file_ref idref="fl-a"/>
      </object_component>
      <object_component id="oc-1f0">
         <name>.const:.string:scrollList4b</name>
         <load_address>0x6fce</load_address>
         <run_address>0x6fce</run_address>
         <size>0x2</size>
         <input_file_ref idref="fl-a"/>
      </object_component>
      <object_component id="oc-1f3">
         <name>.const:.string:scrollList4c</name>
         <load_address>0x6fd0</load_address>
         <run_address>0x6fd0</run_address>
         <size>0x2</size>
         <input_file_ref idref="fl-a"/>
      </object_component>
      <object_component id="oc-525">
         <name>.cinit..data.load</name>
         <load_address>0x6fd8</load_address>
         <run_address>0x6fd8</run_address>
         <size>0x11a</size>
      </object_component>
      <object_component id="oc-523">
         <name>__TI_handler_table</name>
         <load_address>0x70f4</load_address>
         <run_address>0x70f4</run_address>
         <size>0xc</size>
      </object_component>
      <object_component id="oc-526">
         <name>.cinit..bss.load</name>
         <load_address>0x7100</load_address>
         <run_address>0x7100</run_address>
         <size>0x8</size>
      </object_component>
      <object_component id="oc-524">
         <name>__TI_cinit_table</name>
         <load_address>0x7108</load_address>
         <run_address>0x7108</run_address>
         <size>0x10</size>
      </object_component>
      <object_component id="oc-4f7">
         <name>.binit</name>
         <load_address>0x0</load_address>
         <run_address>0x0</run_address>
         <size>0x0</size>
      </object_component>
      <object_component id="oc-24a">
         <name>.data:NPI_AddService</name>
         <load_address>0x20001084</load_address>
         <run_address>0x20001084</run_address>
         <size>0x9</size>
         <input_file_ref idref="fl-2"/>
      </object_component>
      <object_component id="oc-25d">
         <name>.data:NPI_GATTSetDeviceName</name>
         <load_address>0x20000ff7</load_address>
         <run_address>0x20000ff7</run_address>
         <size>0x1c</size>
         <input_file_ref idref="fl-2"/>
      </object_component>
      <object_component id="oc-263">
         <name>.data:NPI_SetAdvertisementData</name>
         <load_address>0x20000f90</load_address>
         <run_address>0x20000f90</run_address>
         <size>0x25</size>
         <input_file_ref idref="fl-2"/>
      </object_component>
      <object_component id="oc-269">
         <name>.data:NPI_SetAdvertisementDataJacki</name>
         <load_address>0x20000fb5</load_address>
         <run_address>0x20000fb5</run_address>
         <size>0x22</size>
         <input_file_ref idref="fl-2"/>
      </object_component>
      <object_component id="oc-275">
         <name>.data:NPI_ReadConfirmation</name>
         <load_address>0x2000102c</load_address>
         <run_address>0x2000102c</run_address>
         <size>0x15</size>
         <input_file_ref idref="fl-2"/>
      </object_component>
      <object_component id="oc-272">
         <name>.data:NPI_WriteConfirmation</name>
         <load_address>0x20001096</load_address>
         <run_address>0x20001096</run_address>
         <size>0x9</size>
         <input_file_ref idref="fl-2"/>
      </object_component>
      <object_component id="oc-278">
         <name>.data:NPI_CCCDUpdatedConfirmation</name>
         <load_address>0x2000108d</load_address>
         <run_address>0x2000108d</run_address>
         <size>0x9</size>
         <input_file_ref idref="fl-2"/>
      </object_component>
      <object_component id="oc-25a">
         <name>.data:NPI_SendNotificationIndication</name>
         <load_address>0x20001041</load_address>
         <run_address>0x20001041</run_address>
         <size>0x14</size>
         <input_file_ref idref="fl-2"/>
      </object_component>
      <object_component id="oc-253">
         <name>.data:NPI_AddCharValue</name>
         <load_address>0x20001068</load_address>
         <run_address>0x20001068</run_address>
         <size>0xe</size>
         <input_file_ref idref="fl-2"/>
      </object_component>
      <object_component id="oc-256">
         <name>.data:NPI_AddCharDescriptor</name>
         <load_address>0x20000fd7</load_address>
         <run_address>0x20000fd7</run_address>
         <size>0x20</size>
         <input_file_ref idref="fl-2"/>
      </object_component>
      <object_component id="oc-250">
         <name>.data</name>
         <load_address>0x200010b0</load_address>
         <run_address>0x200010b0</run_address>
         <size>0x8</size>
         <input_file_ref idref="fl-2"/>
      </object_component>
      <object_component id="oc-1a7">
         <name>.data</name>
         <load_address>0x20001014</load_address>
         <run_address>0x20001014</run_address>
         <size>0x18</size>
         <input_file_ref idref="fl-3"/>
      </object_component>
      <object_component id="oc-1f6">
         <name>.data</name>
         <load_address>0x200010b8</load_address>
         <run_address>0x200010b8</run_address>
         <size>0x4</size>
         <input_file_ref idref="fl-a"/>
      </object_component>
      <object_component id="oc-11a">
         <name>.data</name>
         <load_address>0x20001055</load_address>
         <run_address>0x20001055</run_address>
         <size>0x3</size>
         <input_file_ref idref="fl-d"/>
      </object_component>
      <object_component id="oc-190">
         <name>.data</name>
         <load_address>0x200010cc</load_address>
         <run_address>0x200010cc</run_address>
         <size>0x4</size>
         <input_file_ref idref="fl-f"/>
      </object_component>
      <object_component id="oc-32e">
         <name>.data</name>
         <load_address>0x200010c4</load_address>
         <run_address>0x200010c4</run_address>
         <size>0x4</size>
         <input_file_ref idref="fl-cc"/>
      </object_component>
      <object_component id="oc-286">
         <name>.data:$O1$$</name>
         <load_address>0x20001078</load_address>
         <run_address>0x20001078</run_address>
         <size>0xc</size>
         <input_file_ref idref="fl-da"/>
      </object_component>
      <object_component id="oc-289">
         <name>.data:$O1$$</name>
         <load_address>0x200010a0</load_address>
         <run_address>0x200010a0</run_address>
         <size>0x8</size>
         <input_file_ref idref="fl-db"/>
      </object_component>
      <object_component id="oc-231">
         <name>.data:_ftable</name>
         <load_address>0x20000dd8</load_address>
         <run_address>0x20000dd8</run_address>
         <size>0xf0</size>
         <input_file_ref idref="fl-dc"/>
      </object_component>
      <object_component id="oc-32f">
         <name>.data</name>
         <load_address>0x20001058</load_address>
         <run_address>0x20001058</run_address>
         <size>0x10</size>
         <input_file_ref idref="fl-dc"/>
      </object_component>
      <object_component id="oc-4aa">
         <name>.data:$O1$$</name>
         <load_address>0x200010a8</load_address>
         <run_address>0x200010a8</run_address>
         <size>0x8</size>
         <input_file_ref idref="fl-dd"/>
      </object_component>
      <object_component id="oc-496">
         <name>.data</name>
         <load_address>0x200010c8</load_address>
         <run_address>0x200010c8</run_address>
         <size>0x4</size>
         <input_file_ref idref="fl-df"/>
      </object_component>
      <object_component id="oc-322">
         <name>.data</name>
         <load_address>0x200010bc</load_address>
         <run_address>0x200010bc</run_address>
         <size>0x4</size>
         <input_file_ref idref="fl-e0"/>
      </object_component>
      <object_component id="oc-39f">
         <name>.data</name>
         <load_address>0x200010c0</load_address>
         <run_address>0x200010c0</run_address>
         <size>0x4</size>
         <input_file_ref idref="fl-e1"/>
      </object_component>
      <object_component id="oc-323">
         <name>.data:_device</name>
         <load_address>0x20000ec8</load_address>
         <run_address>0x20000ec8</run_address>
         <size>0x78</size>
         <input_file_ref idref="fl-ef"/>
      </object_component>
      <object_component id="oc-497">
         <name>.data:_stream</name>
         <load_address>0x20000f40</load_address>
         <run_address>0x20000f40</run_address>
         <size>0x50</size>
         <input_file_ref idref="fl-ef"/>
      </object_component>
      <object_component id="oc-104">
         <name>.bss:openSet</name>
         <uninitialized>true</uninitialized>
         <run_address>0x2000092c</run_address>
         <size>0x34</size>
         <input_file_ref idref="fl-d"/>
      </object_component>
      <object_component id="oc-101">
         <name>.bss</name>
         <uninitialized>true</uninitialized>
         <run_address>0x200009cc</run_address>
         <size>0x2</size>
         <input_file_ref idref="fl-d"/>
      </object_component>
      <object_component id="oc-fd">
         <name>.bss:grid</name>
         <uninitialized>true</uninitialized>
         <run_address>0x20000620</run_address>
         <size>0xfc</size>
         <input_file_ref idref="fl-d"/>
      </object_component>
      <object_component id="oc-100">
         <name>.bss:closed$1</name>
         <uninitialized>true</uninitialized>
         <run_address>0x20000960</run_address>
         <size>0x1c</size>
         <input_file_ref idref="fl-d"/>
      </object_component>
      <object_component id="oc-119">
         <name>.bss:visited$4</name>
         <uninitialized>true</uninitialized>
         <run_address>0x2000097c</run_address>
         <size>0x1c</size>
         <input_file_ref idref="fl-d"/>
      </object_component>
      <object_component id="oc-4ba">
         <name>.bss:_CIOBUF_</name>
         <uninitialized>true</uninitialized>
         <run_address>0x20000400</run_address>
         <size>0x120</size>
         <input_file_ref idref="fl-fa"/>
      </object_component>
      <object_component id="oc-244">
         <name>.common:RecvBuf</name>
         <uninitialized>true</uninitialized>
         <run_address>0x2000085c</run_address>
         <size>0x80</size>
      </object_component>
      <object_component id="oc-242">
         <name>.common:fcserr</name>
         <uninitialized>true</uninitialized>
         <run_address>0x200009c0</run_address>
         <size>0x4</size>
      </object_component>
      <object_component id="oc-248">
         <name>.common:TimeOutErr</name>
         <uninitialized>true</uninitialized>
         <run_address>0x200009bc</run_address>
         <size>0x4</size>
      </object_component>
      <object_component id="oc-243">
         <name>.common:NoSOFErr</name>
         <uninitialized>true</uninitialized>
         <run_address>0x200009ac</run_address>
         <size>0x4</size>
      </object_component>
      <object_component id="oc-259">
         <name>.common:CharacteristicList</name>
         <uninitialized>true</uninitialized>
         <run_address>0x2000071c</run_address>
         <size>0xa0</size>
      </object_component>
      <object_component id="oc-249">
         <name>.common:NotifyCharacteristicList</name>
         <uninitialized>true</uninitialized>
         <run_address>0x200008dc</run_address>
         <size>0x50</size>
      </object_component>
      <object_component id="oc-1cb">
         <name>.common:buffer</name>
         <uninitialized>true</uninitialized>
         <run_address>0x20000000</run_address>
         <size>0x400</size>
      </object_component>
      <object_component id="oc-1b8">
         <name>.common:vccstate</name>
         <uninitialized>true</uninitialized>
         <run_address>0x200009c8</run_address>
         <size>0x4</size>
      </object_component>
      <object_component id="oc-1ca">
         <name>.common:rotation</name>
         <uninitialized>true</uninitialized>
         <run_address>0x200009c4</run_address>
         <size>0x4</size>
      </object_component>
      <object_component id="oc-1f9">
         <name>.common:StartX</name>
         <uninitialized>true</uninitialized>
         <run_address>0x200009ce</run_address>
         <size>0x2</size>
      </object_component>
      <object_component id="oc-1fa">
         <name>.common:StartY</name>
         <uninitialized>true</uninitialized>
         <run_address>0x200009d0</run_address>
         <size>0x2</size>
      </object_component>
      <object_component id="oc-218">
         <name>.common:Messageindexb</name>
         <uninitialized>true</uninitialized>
         <run_address>0x200009a8</run_address>
         <size>0x4</size>
      </object_component>
      <object_component id="oc-215">
         <name>.common:Messageb</name>
         <uninitialized>true</uninitialized>
         <run_address>0x20000998</run_address>
         <size>0x8</size>
      </object_component>
      <object_component id="oc-b9">
         <name>.common:RxPutI</name>
         <uninitialized>true</uninitialized>
         <run_address>0x200009b8</run_address>
         <size>0x4</size>
      </object_component>
      <object_component id="oc-bc">
         <name>.common:RxGetI</name>
         <uninitialized>true</uninitialized>
         <run_address>0x200009b4</run_address>
         <size>0x4</size>
      </object_component>
      <object_component id="oc-bd">
         <name>.common:RxFifoLost</name>
         <uninitialized>true</uninitialized>
         <run_address>0x200009b0</run_address>
         <size>0x4</size>
      </object_component>
      <object_component id="oc-be">
         <name>.common:RxFIFO</name>
         <uninitialized>true</uninitialized>
         <run_address>0x20000520</run_address>
         <size>0x100</size>
      </object_component>
      <object_component id="oc-141">
         <name>.common:BLE_Cmd</name>
         <uninitialized>true</uninitialized>
         <run_address>0x200009d2</run_address>
         <size>0x1</size>
      </object_component>
      <object_component id="oc-422">
         <name>.common:__TI_tmpnams</name>
         <uninitialized>true</uninitialized>
         <run_address>0x200007bc</run_address>
         <size>0xa0</size>
      </object_component>
      <object_component id="oc-473">
         <name>.common:parmbuf</name>
         <uninitialized>true</uninitialized>
         <run_address>0x200009a0</run_address>
         <size>0x8</size>
      </object_component>
      <object_component id="oc-29">
         <name>.sysmem</name>
         <uninitialized>true</uninitialized>
         <run_address>0x200009d8</run_address>
         <size>0x10</size>
         <input_file_ref idref="fl-dd"/>
      </object_component>
      <object_component id="oc-529">
         <name>.sysmem</name>
         <uninitialized>true</uninitialized>
         <run_address>0x200009d8</run_address>
         <size>0x0</size>
      </object_component>
      <object_component id="oc-2c">
         <name>.stack</name>
         <uninitialized>true</uninitialized>
         <run_address>0x2000fe00</run_address>
         <size>0x4</size>
         <input_file_ref idref="fl-de"/>
      </object_component>
      <object_component id="oc-528">
         <name>.stack</name>
         <uninitialized>true</uninitialized>
         <run_address>0x2000fe00</run_address>
         <size>0x0</size>
      </object_component>
      <object_component id="oc-1a5">
         <name>.debug_info</name>
         <load_address>0x0</load_address>
         <run_address>0x0</run_address>
         <size>0x916</size>
         <input_file_ref idref="fl-2"/>
      </object_component>
      <object_component id="oc-246">
         <name>.debug_info</name>
         <load_address>0x916</load_address>
         <run_address>0x916</run_address>
         <size>0xee</size>
         <input_file_ref idref="fl-2"/>
      </object_component>
      <object_component id="oc-26d">
         <name>.debug_info</name>
         <load_address>0xa04</load_address>
         <run_address>0xa04</run_address>
         <size>0xdc</size>
         <input_file_ref idref="fl-2"/>
      </object_component>
      <object_component id="oc-270">
         <name>.debug_info</name>
         <load_address>0xae0</load_address>
         <run_address>0xae0</run_address>
         <size>0xde</size>
         <input_file_ref idref="fl-2"/>
      </object_component>
      <object_component id="oc-24b">
         <name>.debug_info</name>
         <load_address>0xbbe</load_address>
         <run_address>0xbbe</run_address>
         <size>0xde</size>
         <input_file_ref idref="fl-2"/>
      </object_component>
      <object_component id="oc-24e">
         <name>.debug_info</name>
         <load_address>0xc9c</load_address>
         <run_address>0xc9c</run_address>
         <size>0xda</size>
         <input_file_ref idref="fl-2"/>
      </object_component>
      <object_component id="oc-261">
         <name>.debug_info</name>
         <load_address>0xd76</load_address>
         <run_address>0xd76</run_address>
         <size>0xec</size>
         <input_file_ref idref="fl-2"/>
      </object_component>
      <object_component id="oc-25e">
         <name>.debug_info</name>
         <load_address>0xe62</load_address>
         <run_address>0xe62</run_address>
         <size>0xec</size>
         <input_file_ref idref="fl-2"/>
      </object_component>
      <object_component id="oc-264">
         <name>.debug_info</name>
         <load_address>0xf4e</load_address>
         <run_address>0xf4e</run_address>
         <size>0xf2</size>
         <input_file_ref idref="fl-2"/>
      </object_component>
      <object_component id="oc-26a">
         <name>.debug_info</name>
         <load_address>0x1040</load_address>
         <run_address>0x1040</run_address>
         <size>0xfc</size>
         <input_file_ref idref="fl-2"/>
      </object_component>
      <object_component id="oc-267">
         <name>.debug_info</name>
         <load_address>0x113c</load_address>
         <run_address>0x113c</run_address>
         <size>0xee</size>
         <input_file_ref idref="fl-2"/>
      </object_component>
      <object_component id="oc-276">
         <name>.debug_info</name>
         <load_address>0x122a</load_address>
         <run_address>0x122a</run_address>
         <size>0xea</size>
         <input_file_ref idref="fl-2"/>
      </object_component>
      <object_component id="oc-273">
         <name>.debug_info</name>
         <load_address>0x1314</load_address>
         <run_address>0x1314</run_address>
         <size>0xec</size>
         <input_file_ref idref="fl-2"/>
      </object_component>
      <object_component id="oc-279">
         <name>.debug_info</name>
         <load_address>0x1400</load_address>
         <run_address>0x1400</run_address>
         <size>0xf8</size>
         <input_file_ref idref="fl-2"/>
      </object_component>
      <object_component id="oc-25b">
         <name>.debug_info</name>
         <load_address>0x14f8</load_address>
         <run_address>0x14f8</run_address>
         <size>0xfe</size>
         <input_file_ref idref="fl-2"/>
      </object_component>
      <object_component id="oc-254">
         <name>.debug_info</name>
         <load_address>0x15f6</load_address>
         <run_address>0x15f6</run_address>
         <size>0xe2</size>
         <input_file_ref idref="fl-2"/>
      </object_component>
      <object_component id="oc-257">
         <name>.debug_info</name>
         <load_address>0x16d8</load_address>
         <run_address>0x16d8</run_address>
         <size>0xec</size>
         <input_file_ref idref="fl-2"/>
      </object_component>
      <object_component id="oc-251">
         <name>.debug_info</name>
         <load_address>0x17c4</load_address>
         <run_address>0x17c4</run_address>
         <size>0x12d</size>
         <input_file_ref idref="fl-2"/>
      </object_component>
      <object_component id="oc-13e">
         <name>.debug_info</name>
         <load_address>0x18f1</load_address>
         <run_address>0x18f1</run_address>
         <size>0x15ee</size>
         <input_file_ref idref="fl-2"/>
      </object_component>
      <object_component id="oc-196">
         <name>.debug_info</name>
         <load_address>0x2edf</load_address>
         <run_address>0x2edf</run_address>
         <size>0x37e2</size>
         <input_file_ref idref="fl-2"/>
      </object_component>
      <object_component id="oc-c7">
         <name>.debug_info</name>
         <load_address>0x66c1</load_address>
         <run_address>0x66c1</run_address>
         <size>0x26b</size>
         <input_file_ref idref="fl-2"/>
      </object_component>
      <object_component id="oc-19b">
         <name>.debug_info</name>
         <load_address>0x692c</load_address>
         <run_address>0x692c</run_address>
         <size>0x1055</size>
         <input_file_ref idref="fl-2"/>
      </object_component>
      <object_component id="oc-2a9">
         <name>.debug_info</name>
         <load_address>0x7981</load_address>
         <run_address>0x7981</run_address>
         <size>0x155</size>
         <input_file_ref idref="fl-2"/>
      </object_component>
      <object_component id="oc-35">
         <name>.debug_info</name>
         <load_address>0x7ad6</load_address>
         <run_address>0x7ad6</run_address>
         <size>0x84</size>
         <input_file_ref idref="fl-2"/>
      </object_component>
      <object_component id="oc-1a0">
         <name>.debug_info</name>
         <load_address>0x7b5a</load_address>
         <run_address>0x7b5a</run_address>
         <size>0x2a4</size>
         <input_file_ref idref="fl-2"/>
      </object_component>
      <object_component id="oc-c0">
         <name>.debug_info</name>
         <load_address>0x7dfe</load_address>
         <run_address>0x7dfe</run_address>
         <size>0xbb</size>
         <input_file_ref idref="fl-2"/>
      </object_component>
      <object_component id="oc-1a8">
         <name>.debug_info</name>
         <load_address>0x7eb9</load_address>
         <run_address>0x7eb9</run_address>
         <size>0x188</size>
         <input_file_ref idref="fl-3"/>
      </object_component>
      <object_component id="oc-ec">
         <name>.debug_info</name>
         <load_address>0x8041</load_address>
         <run_address>0x8041</run_address>
         <size>0x2ac</size>
         <input_file_ref idref="fl-3"/>
      </object_component>
      <object_component id="oc-125">
         <name>.debug_info</name>
         <load_address>0x82ed</load_address>
         <run_address>0x82ed</run_address>
         <size>0x26d</size>
         <input_file_ref idref="fl-4"/>
      </object_component>
      <object_component id="oc-23f">
         <name>.debug_info</name>
         <load_address>0x855a</load_address>
         <run_address>0x855a</run_address>
         <size>0x100</size>
         <input_file_ref idref="fl-5"/>
      </object_component>
      <object_component id="oc-133">
         <name>.debug_info</name>
         <load_address>0x865a</load_address>
         <run_address>0x865a</run_address>
         <size>0x454</size>
         <input_file_ref idref="fl-6"/>
      </object_component>
      <object_component id="oc-139">
         <name>.debug_info</name>
         <load_address>0x8aae</load_address>
         <run_address>0x8aae</run_address>
         <size>0x226</size>
         <input_file_ref idref="fl-7"/>
      </object_component>
      <object_component id="oc-20d">
         <name>.debug_info</name>
         <load_address>0x8cd4</load_address>
         <run_address>0x8cd4</run_address>
         <size>0x52c</size>
         <input_file_ref idref="fl-9"/>
      </object_component>
      <object_component id="oc-116">
         <name>.debug_info</name>
         <load_address>0x9200</load_address>
         <run_address>0x9200</run_address>
         <size>0x3e1</size>
         <input_file_ref idref="fl-9"/>
      </object_component>
      <object_component id="oc-1b9">
         <name>.debug_info</name>
         <load_address>0x95e1</load_address>
         <run_address>0x95e1</run_address>
         <size>0x693</size>
         <input_file_ref idref="fl-a"/>
      </object_component>
      <object_component id="oc-1cd">
         <name>.debug_info</name>
         <load_address>0x9c74</load_address>
         <run_address>0x9c74</run_address>
         <size>0xd0</size>
         <input_file_ref idref="fl-a"/>
      </object_component>
      <object_component id="oc-1bc">
         <name>.debug_info</name>
         <load_address>0x9d44</load_address>
         <run_address>0x9d44</run_address>
         <size>0xd1</size>
         <input_file_ref idref="fl-a"/>
      </object_component>
      <object_component id="oc-1bf">
         <name>.debug_info</name>
         <load_address>0x9e15</load_address>
         <run_address>0x9e15</run_address>
         <size>0xd1</size>
         <input_file_ref idref="fl-a"/>
      </object_component>
      <object_component id="oc-1c2">
         <name>.debug_info</name>
         <load_address>0x9ee6</load_address>
         <run_address>0x9ee6</run_address>
         <size>0xd1</size>
         <input_file_ref idref="fl-a"/>
      </object_component>
      <object_component id="oc-1c5">
         <name>.debug_info</name>
         <load_address>0x9fb7</load_address>
         <run_address>0x9fb7</run_address>
         <size>0xd3</size>
         <input_file_ref idref="fl-a"/>
      </object_component>
      <object_component id="oc-1c8">
         <name>.debug_info</name>
         <load_address>0xa08a</load_address>
         <run_address>0xa08a</run_address>
         <size>0xd1</size>
         <input_file_ref idref="fl-a"/>
      </object_component>
      <object_component id="oc-1d0">
         <name>.debug_info</name>
         <load_address>0xa15b</load_address>
         <run_address>0xa15b</run_address>
         <size>0xd5</size>
         <input_file_ref idref="fl-a"/>
      </object_component>
      <object_component id="oc-1d3">
         <name>.debug_info</name>
         <load_address>0xa230</load_address>
         <run_address>0xa230</run_address>
         <size>0xd7</size>
         <input_file_ref idref="fl-a"/>
      </object_component>
      <object_component id="oc-1d6">
         <name>.debug_info</name>
         <load_address>0xa307</load_address>
         <run_address>0xa307</run_address>
         <size>0xd3</size>
         <input_file_ref idref="fl-a"/>
      </object_component>
      <object_component id="oc-1d9">
         <name>.debug_info</name>
         <load_address>0xa3da</load_address>
         <run_address>0xa3da</run_address>
         <size>0xdf</size>
         <input_file_ref idref="fl-a"/>
      </object_component>
      <object_component id="oc-1dc">
         <name>.debug_info</name>
         <load_address>0xa4b9</load_address>
         <run_address>0xa4b9</run_address>
         <size>0xdf</size>
         <input_file_ref idref="fl-a"/>
      </object_component>
      <object_component id="oc-1df">
         <name>.debug_info</name>
         <load_address>0xa598</load_address>
         <run_address>0xa598</run_address>
         <size>0xdf</size>
         <input_file_ref idref="fl-a"/>
      </object_component>
      <object_component id="oc-1e2">
         <name>.debug_info</name>
         <load_address>0xa677</load_address>
         <run_address>0xa677</run_address>
         <size>0xdf</size>
         <input_file_ref idref="fl-a"/>
      </object_component>
      <object_component id="oc-1e5">
         <name>.debug_info</name>
         <load_address>0xa756</load_address>
         <run_address>0xa756</run_address>
         <size>0xdf</size>
         <input_file_ref idref="fl-a"/>
      </object_component>
      <object_component id="oc-1e8">
         <name>.debug_info</name>
         <load_address>0xa835</load_address>
         <run_address>0xa835</run_address>
         <size>0xdf</size>
         <input_file_ref idref="fl-a"/>
      </object_component>
      <object_component id="oc-1eb">
         <name>.debug_info</name>
         <load_address>0xa914</load_address>
         <run_address>0xa914</run_address>
         <size>0xdf</size>
         <input_file_ref idref="fl-a"/>
      </object_component>
      <object_component id="oc-1ee">
         <name>.debug_info</name>
         <load_address>0xa9f3</load_address>
         <run_address>0xa9f3</run_address>
         <size>0xdf</size>
         <input_file_ref idref="fl-a"/>
      </object_component>
      <object_component id="oc-1f1">
         <name>.debug_info</name>
         <load_address>0xaad2</load_address>
         <run_address>0xaad2</run_address>
         <size>0xdf</size>
         <input_file_ref idref="fl-a"/>
      </object_component>
      <object_component id="oc-1f4">
         <name>.debug_info</name>
         <load_address>0xabb1</load_address>
         <run_address>0xabb1</run_address>
         <size>0xdf</size>
         <input_file_ref idref="fl-a"/>
      </object_component>
      <object_component id="oc-1f7">
         <name>.debug_info</name>
         <load_address>0xac90</load_address>
         <run_address>0xac90</run_address>
         <size>0xfa</size>
         <input_file_ref idref="fl-a"/>
      </object_component>
      <object_component id="oc-10e">
         <name>.debug_info</name>
         <load_address>0xad8a</load_address>
         <run_address>0xad8a</run_address>
         <size>0x296a</size>
         <input_file_ref idref="fl-a"/>
      </object_component>
      <object_component id="oc-216">
         <name>.debug_info</name>
         <load_address>0xd6f4</load_address>
         <run_address>0xd6f4</run_address>
         <size>0x779</size>
         <input_file_ref idref="fl-b"/>
      </object_component>
      <object_component id="oc-12a">
         <name>.debug_info</name>
         <load_address>0xde6d</load_address>
         <run_address>0xde6d</run_address>
         <size>0x137a</size>
         <input_file_ref idref="fl-b"/>
      </object_component>
      <object_component id="oc-311">
         <name>.debug_info</name>
         <load_address>0xf1e7</load_address>
         <run_address>0xf1e7</run_address>
         <size>0xcc</size>
         <input_file_ref idref="fl-b"/>
      </object_component>
      <object_component id="oc-235">
         <name>.debug_info</name>
         <load_address>0xf2b3</load_address>
         <run_address>0xf2b3</run_address>
         <size>0x2c</size>
         <input_file_ref idref="fl-b"/>
      </object_component>
      <object_component id="oc-ba">
         <name>.debug_info</name>
         <load_address>0xf2df</load_address>
         <run_address>0xf2df</run_address>
         <size>0x5bd</size>
         <input_file_ref idref="fl-c"/>
      </object_component>
      <object_component id="oc-73">
         <name>.debug_info</name>
         <load_address>0xf89c</load_address>
         <run_address>0xf89c</run_address>
         <size>0x4ce</size>
         <input_file_ref idref="fl-c"/>
      </object_component>
      <object_component id="oc-142">
         <name>.debug_info</name>
         <load_address>0xfd6a</load_address>
         <run_address>0xfd6a</run_address>
         <size>0xb34</size>
         <input_file_ref idref="fl-d"/>
      </object_component>
      <object_component id="oc-11e">
         <name>.debug_info</name>
         <load_address>0x1089e</load_address>
         <run_address>0x1089e</run_address>
         <size>0xc7</size>
         <input_file_ref idref="fl-d"/>
      </object_component>
      <object_component id="oc-121">
         <name>.debug_info</name>
         <load_address>0x10965</load_address>
         <run_address>0x10965</run_address>
         <size>0xc7</size>
         <input_file_ref idref="fl-d"/>
      </object_component>
      <object_component id="oc-105">
         <name>.debug_info</name>
         <load_address>0x10a2c</load_address>
         <run_address>0x10a2c</run_address>
         <size>0xd1</size>
         <input_file_ref idref="fl-d"/>
      </object_component>
      <object_component id="oc-102">
         <name>.debug_info</name>
         <load_address>0x10afd</load_address>
         <run_address>0x10afd</run_address>
         <size>0xd5</size>
         <input_file_ref idref="fl-d"/>
      </object_component>
      <object_component id="oc-fe">
         <name>.debug_info</name>
         <load_address>0x10bd2</load_address>
         <run_address>0x10bd2</run_address>
         <size>0xcb</size>
         <input_file_ref idref="fl-d"/>
      </object_component>
      <object_component id="oc-11b">
         <name>.debug_info</name>
         <load_address>0x10c9d</load_address>
         <run_address>0x10c9d</run_address>
         <size>0x107</size>
         <input_file_ref idref="fl-d"/>
      </object_component>
      <object_component id="oc-108">
         <name>.debug_info</name>
         <load_address>0x10da4</load_address>
         <run_address>0x10da4</run_address>
         <size>0xd1</size>
         <input_file_ref idref="fl-d"/>
      </object_component>
      <object_component id="oc-10b">
         <name>.debug_info</name>
         <load_address>0x10e75</load_address>
         <run_address>0x10e75</run_address>
         <size>0xd1</size>
         <input_file_ref idref="fl-d"/>
      </object_component>
      <object_component id="oc-145">
         <name>.debug_info</name>
         <load_address>0x10f46</load_address>
         <run_address>0x10f46</run_address>
         <size>0xd2</size>
         <input_file_ref idref="fl-d"/>
      </object_component>
      <object_component id="oc-a3">
         <name>.debug_info</name>
         <load_address>0x11018</load_address>
         <run_address>0x11018</run_address>
         <size>0x10f7</size>
         <input_file_ref idref="fl-d"/>
      </object_component>
      <object_component id="oc-14d">
         <name>.debug_info</name>
         <load_address>0x1210f</load_address>
         <run_address>0x1210f</run_address>
         <size>0x143</size>
         <input_file_ref idref="fl-d"/>
      </object_component>
      <object_component id="oc-27e">
         <name>.debug_info</name>
         <load_address>0x12252</load_address>
         <run_address>0x12252</run_address>
         <size>0x37e2</size>
         <input_file_ref idref="fl-d"/>
      </object_component>
      <object_component id="oc-148">
         <name>.debug_info</name>
         <load_address>0x15a34</load_address>
         <run_address>0x15a34</run_address>
         <size>0x8b</size>
         <input_file_ref idref="fl-d"/>
      </object_component>
      <object_component id="oc-78">
         <name>.debug_info</name>
         <load_address>0x15abf</load_address>
         <run_address>0x15abf</run_address>
         <size>0x2cb</size>
         <input_file_ref idref="fl-e"/>
      </object_component>
      <object_component id="oc-27">
         <name>.debug_info</name>
         <load_address>0x15d8a</load_address>
         <run_address>0x15d8a</run_address>
         <size>0xf7</size>
         <input_file_ref idref="fl-e"/>
      </object_component>
      <object_component id="oc-6e">
         <name>.debug_info</name>
         <load_address>0x15e81</load_address>
         <run_address>0x15e81</run_address>
         <size>0x1be</size>
         <input_file_ref idref="fl-e"/>
      </object_component>
      <object_component id="oc-191">
         <name>.debug_info</name>
         <load_address>0x1603f</load_address>
         <run_address>0x1603f</run_address>
         <size>0xf0</size>
         <input_file_ref idref="fl-f"/>
      </object_component>
      <object_component id="oc-b3">
         <name>.debug_info</name>
         <load_address>0x1612f</load_address>
         <run_address>0x1612f</run_address>
         <size>0x262</size>
         <input_file_ref idref="fl-f"/>
      </object_component>
      <object_component id="oc-30a">
         <name>.debug_info</name>
         <load_address>0x16391</load_address>
         <run_address>0x16391</run_address>
         <size>0x35e</size>
         <input_file_ref idref="fl-c9"/>
      </object_component>
      <object_component id="oc-2f2">
         <name>.debug_info</name>
         <load_address>0x166ef</load_address>
         <run_address>0x166ef</run_address>
         <size>0x128</size>
         <input_file_ref idref="fl-c9"/>
      </object_component>
      <object_component id="oc-204">
         <name>.debug_info</name>
         <load_address>0x16817</load_address>
         <run_address>0x16817</run_address>
         <size>0xbf2</size>
         <input_file_ref idref="fl-c9"/>
      </object_component>
      <object_component id="oc-3b6">
         <name>.debug_info</name>
         <load_address>0x17409</load_address>
         <run_address>0x17409</run_address>
         <size>0x46</size>
         <input_file_ref idref="fl-c9"/>
      </object_component>
      <object_component id="oc-305">
         <name>.debug_info</name>
         <load_address>0x1744f</load_address>
         <run_address>0x1744f</run_address>
         <size>0x39</size>
         <input_file_ref idref="fl-c9"/>
      </object_component>
      <object_component id="oc-39e">
         <name>.debug_info</name>
         <load_address>0x17488</load_address>
         <run_address>0x17488</run_address>
         <size>0x2c5</size>
         <input_file_ref idref="fl-ca"/>
      </object_component>
      <object_component id="oc-2e1">
         <name>.debug_info</name>
         <load_address>0x1774d</load_address>
         <run_address>0x1774d</run_address>
         <size>0x24e</size>
[...]
      </symbol>
      <symbol id="sm-80b">
         <name>scalbn</name>
         <value>0x5a01</value>
         <object_component_ref idref="oc-2fe"/>
      </symbol>
      <symbol id="sm-80c">
         <name>scalbnl</name>
         <value>0x5a01</value>
         <object_component_ref idref="oc-2fe"/>
      </symbol>
      <symbol id="sm-80d">
         <name>ldexpl</name>
         <value>0x5a01</value>
         <object_component_ref idref="oc-2fe"/>
      </symbol>
      <symbol id="sm-80e">
         <name>ldexp</name>
         <value>0x5a01</value>
         <object_component_ref idref="oc-2fe"/>
      </symbol>
      <symbol id="sm-86a">
         <name>__TI_cleanup</name>
         <value>0x6a71</value>
         <object_component_ref idref="oc-347"/>
      </symbol>
      <symbol id="sm-86b">
         <name>freopen</name>
         <value>0x6b0d</value>
         <object_component_ref idref="oc-225"/>
      </symbol>
      <symbol id="sm-86c">
         <name>fopen</name>
         <value>0x6101</value>
         <object_component_ref idref="oc-21f"/>
      </symbol>
      <symbol id="sm-88d">
         <name>setvbuf</name>
         <value>0x5df1</value>
         <object_component_ref idref="oc-22b"/>
      </symbol>
      <symbol id="sm-8a4">
         <name>__aeabi_dsub</name>
         <value>0x515d</value>
         <object_component_ref idref="oc-2db"/>
      </symbol>
      <symbol id="sm-8a5">
         <name>__aeabi_dadd</name>
         <value>0x5167</value>
         <object_component_ref idref="oc-2db"/>
      </symbol>
      <symbol id="sm-8c7">
         <name>__aeabi_cdcmpeq</name>
         <value>0x6239</value>
         <object_component_ref idref="oc-2f4"/>
      </symbol>
      <symbol id="sm-8c8">
         <name>__aeabi_cdcmple</name>
         <value>0x6239</value>
         <object_component_ref idref="oc-2f4"/>
      </symbol>
      <symbol id="sm-8c9">
         <name>__aeabi_cdrcmple</name>
         <value>0x62bf</value>
         <object_component_ref idref="oc-2f9"/>
      </symbol>
      <symbol id="sm-8dd">
         <name>__aeabi_ddiv</name>
         <value>0x57b9</value>
         <object_component_ref idref="oc-f3"/>
      </symbol>
      <symbol id="sm-8e8">
         <name>__aeabi_dmul</name>
         <value>0x5c11</value>
         <object_component_ref idref="oc-2ec"/>
      </symbol>
      <symbol id="sm-8f2">
         <name>__aeabi_d2iz</name>
         <value>0x6865</value>
         <object_component_ref idref="oc-206"/>
      </symbol>
      <symbol id="sm-8fc">
         <name>__aeabi_d2uiz</name>
         <value>0x69bd</value>
         <object_component_ref idref="oc-f8"/>
      </symbol>
      <symbol id="sm-906">
         <name>__aeabi_i2d</name>
         <value>0x6b71</value>
         <object_component_ref idref="oc-1fb"/>
      </symbol>
      <symbol id="sm-910">
         <name>__aeabi_ui2d</name>
         <value>0x6c41</value>
         <object_component_ref idref="oc-ee"/>
      </symbol>
      <symbol id="sm-91f">
         <name>__aeabi_memset</name>
         <value>0x63cb</value>
         <object_component_ref idref="oc-94"/>
      </symbol>
      <symbol id="sm-920">
         <name>memset</name>
         <value>0x63d1</value>
         <object_component_ref idref="oc-94"/>
      </symbol>
      <symbol id="sm-921">
         <name>__aeabi_memset8</name>
         <value>0x63cb</value>
         <object_component_ref idref="oc-94"/>
      </symbol>
      <symbol id="sm-922">
         <name>__aeabi_memset4</name>
         <value>0x63cb</value>
         <object_component_ref idref="oc-94"/>
      </symbol>
      <symbol id="sm-923">
         <name>__aeabi_memclr8</name>
         <value>0x63c9</value>
         <object_component_ref idref="oc-94"/>
      </symbol>
      <symbol id="sm-924">
         <name>__aeabi_memclr4</name>
         <value>0x63c9</value>
         <object_component_ref idref="oc-94"/>
      </symbol>
      <symbol id="sm-925">
         <name>__aeabi_memclr</name>
         <value>0x63c9</value>
         <object_component_ref idref="oc-94"/>
      </symbol>
      <symbol id="sm-93c">
         <name>__TI_zero_init</name>
         <value>0x6d09</value>
         <object_component_ref idref="oc-4c"/>
      </symbol>
      <symbol id="sm-953">
         <name>__TI_decompress_none</name>
         <value>0x6ced</value>
         <object_component_ref idref="oc-1d"/>
      </symbol>
      <symbol id="sm-976">
         <name>__TI_decompress_lzss</name>
         <value>0x65fd</value>
         <object_component_ref idref="oc-17"/>
      </symbol>
      <symbol id="sm-99c">
         <name>C$$EXIT</name>
         <value>0x6d29</value>
         <object_component_ref idref="oc-152"/>
      </symbol>
      <symbol id="sm-99d">
         <name>abort</name>
         <value>0x6d29</value>
         <object_component_ref idref="oc-152"/>
      </symbol>
      <symbol id="sm-99e">
         <name>__TI_dtors_ptr</name>
         <value>0x2000107c</value>
         <object_component_ref idref="oc-286"/>
      </symbol>
      <symbol id="sm-99f">
         <name>__TI_cleanup_ptr</name>
         <value>0x20001078</value>
         <object_component_ref idref="oc-286"/>
      </symbol>
      <symbol id="sm-9a0">
         <name>__TI_enable_exit_profile_output</name>
         <value>0x20001080</value>
         <object_component_ref idref="oc-286"/>
      </symbol>
      <symbol id="sm-9a1">
         <name>exit</name>
         <value>0x681d</value>
         <object_component_ref idref="oc-158"/>
      </symbol>
      <symbol id="sm-9b6">
         <name>_nop</name>
         <value>0x5313</value>
         <object_component_ref idref="oc-37d"/>
      </symbol>
      <symbol id="sm-9b7">
         <name>_lock</name>
         <value>0x200010a0</value>
         <object_component_ref idref="oc-289"/>
      </symbol>
      <symbol id="sm-9b8">
         <name>_unlock</name>
         <value>0x200010a4</value>
         <object_component_ref idref="oc-289"/>
      </symbol>
      <symbol id="sm-9cd">
         <name>__TI_tmpnams</name>
         <value>0x200007bc</value>
      </symbol>
      <symbol id="sm-9ce">
         <name>__aeabi_stdout</name>
         <value>0x20001060</value>
         <object_component_ref idref="oc-32f"/>
      </symbol>
      <symbol id="sm-9cf">
         <name>__aeabi_stderr</name>
         <value>0x20001064</value>
         <object_component_ref idref="oc-32f"/>
      </symbol>
      <symbol id="sm-9d0">
         <name>__aeabi_stdin</name>
         <value>0x2000105c</value>
         <object_component_ref idref="oc-32f"/>
      </symbol>
      <symbol id="sm-9d1">
         <name>_ftable</name>
         <value>0x20000dd8</value>
         <object_component_ref idref="oc-231"/>
      </symbol>
      <symbol id="sm-9d2">
         <name>__TI_ft_end</name>
         <value>0x20001058</value>
         <object_component_ref idref="oc-32f"/>
      </symbol>
      <symbol id="sm-a56">
         <name>_sys_memory</name>
         <value>0x200009d8</value>
         <object_component_ref idref="oc-29"/>
      </symbol>
      <symbol id="sm-a57">
         <name>free</name>
         <value>0x5d0d</value>
         <object_component_ref idref="oc-33b"/>
      </symbol>
      <symbol id="sm-a58">
         <name>memalign</name>
         <value>0x5b11</value>
         <object_component_ref idref="oc-432"/>
      </symbol>
      <symbol id="sm-a59">
         <name>malloc</name>
         <value>0x6d1d</value>
         <object_component_ref idref="oc-341"/>
      </symbol>
      <symbol id="sm-a5a">
         <name>aligned_alloc</name>
         <value>0x5b11</value>
         <object_component_ref idref="oc-432"/>
      </symbol>
      <symbol id="sm-a6d">
         <name>__stack</name>
         <value>0x2000fe00</value>
         <object_component_ref idref="oc-2c"/>
      </symbol>
      <symbol id="sm-a6e">
         <name>_c_int00_noargs</name>
         <value>0x6ad9</value>
         <object_component_ref idref="oc-58"/>
      </symbol>
      <symbol id="sm-a90">
         <name>open</name>
         <value>0x5f8d</value>
         <object_component_ref idref="oc-400"/>
      </symbol>
      <symbol id="sm-ab5">
         <name>add_device</name>
         <value>0x6049</value>
         <object_component_ref idref="oc-219"/>
      </symbol>
      <symbol id="sm-acb">
         <name>__aeabi_errno_addr</name>
         <value>0x6d15</value>
         <object_component_ref idref="oc-2e6"/>
      </symbol>
      <symbol id="sm-acc">
         <name>errno</name>
         <value>0x200010c0</value>
         <object_component_ref idref="oc-39f"/>
      </symbol>
      <symbol id="sm-ad6">
         <name>copysign</name>
         <value>0x6c7d</value>
         <object_component_ref idref="oc-3a9"/>
      </symbol>
      <symbol id="sm-ad7">
         <name>copysignl</name>
         <value>0x6c7d</value>
         <object_component_ref idref="oc-3a9"/>
      </symbol>
      <symbol id="sm-aec">
         <name>__TI_closefile</name>
         <value>0x6445</value>
         <object_component_ref idref="oc-334"/>
      </symbol>
      <symbol id="sm-afc">
         <name>__TI_doflush</name>
         <value>0x67d1</value>
         <object_component_ref idref="oc-410"/>
      </symbol>
      <symbol id="sm-b1a">
         <name>finddevice</name>
         <value>0x6b41</value>
         <object_component_ref idref="oc-316"/>
      </symbol>
      <symbol id="sm-b1b">
         <name>getdevice</name>
         <value>0x6979</value>
         <object_component_ref idref="oc-490"/>
      </symbol>
      <symbol id="sm-b36">
         <name>memcpy</name>
         <value>0x619d</value>
         <object_component_ref idref="oc-3a"/>
      </symbol>
      <symbol id="sm-b37">
         <name>__aeabi_memcpy</name>
         <value>0x619d</value>
         <object_component_ref idref="oc-3a"/>
      </symbol>
      <symbol id="sm-b38">
         <name>__aeabi_memcpy8</name>
         <value>0x619d</value>
         <object_component_ref idref="oc-3a"/>
      </symbol>
      <symbol id="sm-b39">
         <name>__aeabi_memcpy4</name>
         <value>0x619d</value>
         <object_component_ref idref="oc-3a"/>
      </symbol>
      <symbol id="sm-b61">
         <name>__TI_auto_init_nobinit_nopinit</name>
         <value>0x6935</value>
         <object_component_ref idref="oc-15e"/>
      </symbol>
      <symbol id="sm-b6b">
         <name>_system_pre_init</name>
         <value>0x6d25</value>
         <object_component_ref idref="oc-9a"/>
      </symbol>
      <symbol id="sm-b7d">
         <name>strchr</name>
         <value>0x6caf</value>
         <object_component_ref idref="oc-4d0"/>
      </symbol>
      <symbol id="sm-b8c">
         <name>strcmp</name>
         <value>0x6c97</value>
         <object_component_ref idref="oc-3bd"/>
      </symbol>
      <symbol id="sm-b9c">
         <name>strncpy</name>
         <value>0x6a39</value>
         <object_component_ref idref="oc-31c"/>
      </symbol>
      <symbol id="sm-bac">
         <name>write</name>
         <value>0x6bf5</value>
         <object_component_ref idref="oc-49c"/>
      </symbol>
      <symbol id="sm-bbd">
         <name>_stream</name>
         <value>0x20000f40</value>
         <object_component_ref idref="oc-497"/>
      </symbol>
      <symbol id="sm-bbe">
         <name>_device</name>
         <value>0x20000ec8</value>
         <object_component_ref idref="oc-323"/>
      </symbol>
      <symbol id="sm-bd3">
         <name>close</name>
         <value>0x66c5</value>
         <object_component_ref idref="oc-416"/>
      </symbol>
      <symbol id="sm-be3">
         <name>unlink</name>
         <value>0x6ba1</value>
         <object_component_ref idref="oc-41c"/>
      </symbol>
      <symbol id="sm-bf4">
         <name>HOSTclose</name>
         <value>0x68ad</value>
         <object_component_ref idref="oc-3cd"/>
      </symbol>
      <symbol id="sm-c05">
         <name>HOSTlseek</name>
         <value>0x6595</value>
         <object_component_ref idref="oc-3df"/>
      </symbol>
      <symbol id="sm-c17">
         <name>parmbuf</name>
         <value>0x200009a0</value>
      </symbol>
      <symbol id="sm-c18">
         <name>HOSTopen</name>
         <value>0x6665</value>
         <object_component_ref idref="oc-3c7"/>
      </symbol>
      <symbol id="sm-c29">
         <name>HOSTread</name>
         <value>0x6721</value>
         <object_component_ref idref="oc-3d3"/>
      </symbol>
      <symbol id="sm-c3a">
         <name>HOSTrename</name>
         <value>0x6529</value>
         <object_component_ref idref="oc-3eb"/>
      </symbol>
      <symbol id="sm-c4b">
         <name>HOSTunlink</name>
         <value>0x68f1</value>
         <object_component_ref idref="oc-3e5"/>
      </symbol>
      <symbol id="sm-c5c">
         <name>HOSTwrite</name>
         <value>0x6779</value>
         <object_component_ref idref="oc-3d9"/>
      </symbol>
      <symbol id="sm-c80">
         <name>__TI_readmsg</name>
         <value>0x6aa5</value>
         <object_component_ref idref="oc-46d"/>
      </symbol>
      <symbol id="sm-c81">
         <name>C$$IO$$</name>
         <value>0x6a2f</value>
         <object_component_ref idref="oc-467"/>
      </symbol>
      <symbol id="sm-c82">
         <name>__CIOBUF_</name>
         <value>0x20000400</value>
         <object_component_ref idref="oc-4ba"/>
      </symbol>
      <symbol id="sm-c83">
         <name>__TI_writemsg</name>
         <value>0x6a01</value>
         <object_component_ref idref="oc-467"/>
      </symbol>
      <symbol id="sm-c91">
         <name>strcpy</name>
         <value>0x6cc5</value>
         <object_component_ref idref="oc-481"/>
      </symbol>
      <symbol id="sm-c9f">
         <name>strlen</name>
         <value>0x6cd9</value>
         <object_component_ref idref="oc-461"/>
      </symbol>
      <symbol id="sm-ca0">
         <name>__TI_static_base__</name>
         <value>0x0</value>
      </symbol>
      <symbol id="sm-ca3">
         <name>__mpu_init</name>
         <value>0x0</value>
      </symbol>
      <symbol id="sm-ca4">
         <name>_system_post_cinit</name>
         <value>0x0</value>
      </symbol>
      <symbol id="sm-ca5">
         <name>NMI_Handler</name>
         <value>0x6d07</value>
      </symbol>
      <symbol id="sm-ca6">
         <name>HardFault_Handler</name>
         <value>0x6d07</value>
      </symbol>
      <symbol id="sm-ca7">
         <name>MemManage_Handler</name>
         <value>0x6d07</value>
      </symbol>
      <symbol id="sm-ca8">
         <name>BusFault_Handler</name>
         <value>0x6d07</value>
      </symbol>
      <symbol id="sm-ca9">
         <name>UsageFault_Handler</name>
         <value>0x6d07</value>
      </symbol>
      <symbol id="sm-caa">
         <name>SVC_Handler</name>
         <value>0x6d07</value>
      </symbol>
      <symbol id="sm-cab">
         <name>DebugMon_Handler</name>
         <value>0x6d07</value>
      </symbol>
      <symbol id="sm-cac">
         <name>PendSV_Handler</name>
         <value>0x6d07</value>
      </symbol>
      <symbol id="sm-cad">
         <name>SysTick_Handler</name>
         <value>0x6d07</value>
      </symbol>
      <symbol id="sm-cae">
         <name>PSS_IRQHandler</name>
         <value>0x6d07</value>
      </symbol>
      <symbol id="sm-caf">
         <name>CS_IRQHandler</name>
         <value>0x6d07</value>
      </symbol>
      <symbol id="sm-cb0">
         <name>PCM_IRQHandler</name>
         <value>0x6d07</value>
      </symbol>
      <symbol id="sm-cb1">
         <name>WDT_A_IRQHandler</name>
         <value>0x6d07</value>
      </symbol>
      <symbol id="sm-cb2">
         <name>FPU_IRQHandler</name>
         <value>0x6d07</value>
      </symbol>
      <symbol id="sm-cb3">
         <name>FLCTL_IRQHandler</name>
         <value>0x6d07</value>
      </symbol>
      <symbol id="sm-cb4">
         <name>COMP_E0_IRQHandler</name>
         <value>0x6d07</value>
      </symbol>
      <symbol id="sm-cb5">
         <name>COMP_E1_IRQHandler</name>
         <value>0x6d07</value>
      </symbol>
      <symbol id="sm-cb6">
         <name>TA0_0_IRQHandler</name>
         <value>0x6d07</value>
      </symbol>
      <symbol id="sm-cb7">
         <name>TA0_N_IRQHandler</name>
         <value>0x6d07</value>
      </symbol>
      <symbol id="sm-cb8">
         <name>TA1_0_IRQHandler</name>
         <value>0x6d07</value>
      </symbol>
      <symbol id="sm-cb9">
         <name>TA1_N_IRQHandler</name>
         <value>0x6d07</value>
      </symbol>
      <symbol id="sm-cba">
         <name>TA2_0_IRQHandler</name>
         <value>0x6d07</value>
      </symbol>
      <symbol id="sm-cbb">
         <name>TA2_N_IRQHandler</name>
         <value>0x6d07</value>
      </symbol>
      <symbol id="sm-cbc">
         <name>TA3_0_IRQHandler</name>
         <value>0x6d07</value>
      </symbol>
      <symbol id="sm-cbd">
         <name>TA3_N_IRQHandler</name>
         <value>0x6d07</value>
      </symbol>
      <symbol id="sm-cbe">
         <name>EUSCIA0_IRQHandler</name>
         <value>0x6d07</value>
      </symbol>
      <symbol id="sm-cbf">
         <name>EUSCIA1_IRQHandler</name>
         <value>0x6d07</value>
      </symbol>
      <symbol id="sm-cc0">
         <name>EUSCIA2_IRQHandler</name>
         <value>0x55e5</value>
      </symbol>
      <symbol id="sm-cc1">
         <name>EUSCIA3_IRQHandler</name>
         <value>0x6d07</value>
      </symbol>
      <symbol id="sm-cc2">
         <name>EUSCIB0_IRQHandler</name>
         <value>0x6d07</value>
      </symbol>
      <symbol id="sm-cc3">
         <name>EUSCIB1_IRQHandler</name>
         <value>0x6d07</value>
      </symbol>
      <symbol id="sm-cc4">
         <name>EUSCIB2_IRQHandler</name>
         <value>0x6d07</value>
      </symbol>
      <symbol id="sm-cc5">
         <name>EUSCIB3_IRQHandler</name>
         <value>0x6d07</value>
      </symbol>
      <symbol id="sm-cc6">
         <name>ADC14_IRQHandler</name>
         <value>0x6d07</value>
      </symbol>
      <symbol id="sm-cc7">
         <name>T32_INT1_IRQHandler</name>
         <value>0x6d07</value>
      </symbol>
      <symbol id="sm-cc8">
         <name>T32_INT2_IRQHandler</name>
         <value>0x6d07</value>
      </symbol>
      <symbol id="sm-cc9">
         <name>T32_INTC_IRQHandler</name>
         <value>0x6d07</value>
      </symbol>
      <symbol id="sm-cca">
         <name>AES256_IRQHandler</name>
         <value>0x6d07</value>
      </symbol>
      <symbol id="sm-ccb">
         <name>RTC_C_IRQHandler</name>
         <value>0x6d07</value>
      </symbol>
      <symbol id="sm-ccc">
         <name>DMA_ERR_IRQHandler</name>
         <value>0x6d07</value>
      </symbol>
      <symbol id="sm-ccd">
         <name>DMA_INT3_IRQHandler</name>
         <value>0x6d07</value>
      </symbol>
      <symbol id="sm-cce">
         <name>DMA_INT2_IRQHandler</name>
         <value>0x6d07</value>
      </symbol>
      <symbol id="sm-ccf">
         <name>DMA_INT1_IRQHandler</name>
         <value>0x6d07</value>
      </symbol>
      <symbol id="sm-cd0">
         <name>DMA_INT0_IRQHandler</name>
         <value>0x6d07</value>
      </symbol>
      <symbol id="sm-cd1">
         <name>PORT1_IRQHandler</name>
         <value>0x6d07</value>
      </symbol>
      <symbol id="sm-cd2">
         <name>PORT2_IRQHandler</name>
         <value>0x6d07</value>
      </symbol>
      <symbol id="sm-cd3">
         <name>PORT3_IRQHandler</name>
         <value>0x6d07</value>
      </symbol>
      <symbol id="sm-cd4">
         <name>PORT4_IRQHandler</name>
         <value>0x6d07</value>
      </symbol>
      <symbol id="sm-cd5">
         <name>PORT5_IRQHandler</name>
         <value>0x6d07</value>
      </symbol>
      <symbol id="sm-cd6">
         <name>PORT6_IRQHandler</name>
         <value>0x6d07</value>
      </symbol>
      <symbol id="sm-cd7">
         <name>remove</name>
         <value>0x6ba1</value>
      </symbol>
   </symbol_table>
   <title>Link successful</title>
</link_info>
