******************************************************************************
                  TI ARM Linker PC v20.2.7                     
******************************************************************************
>> Linked Wed Apr 23 17:26:31 2025

OUTPUT FILE NAME:   <Final Project.out>
ENTRY POINT SYMBOL: "_c_int00_noargs"  address: 00007025


MEMORY CONFIGURATION

         name            origin    length      used     unused   attr    fill
----------------------  --------  ---------  --------  --------  ----  --------
  MAIN                  00000000   00040000  00007666  0003899a  R  X
  INFO                  00200000   00004000  00000000  00004000  R  X
  SRAM_CODE             01000000   00010000  000012c7  0000ed39  RW X
  SRAM_DATA             20000000   00010000  000012c7  0000ed39  RW  


SEGMENT ALLOCATION MAP

run origin  load origin   length   init length attrs members
----------  ----------- ---------- ----------- ----- -------
00000000    00000000    00007668   00007668    r-x
  00000000    00000000    000000e4   000000e4    r-- .intvecs
  000000e4    000000e4    00007194   00007194    r-x .text
  00007278    00007278    000002a6   000002a6    r-- .const
  00007520    00007520    00000148   00000148    r-- .cinit
20000000    20000000    000010c8   00000000    rw-
  20000000    20000000    000009b7   00000000    rw- .bss
  200009b8    200009b8    00000400   00000000    rw- .sysmem
  20000db8    20000db8    00000310   00000000    rw- .data
2000fe00    2000fe00    00000200   00000000    rw-
  2000fe00    2000fe00    00000200   00000000    rw- .stack


SECTION ALLOCATION MAP

 output                                  attributes/
section   page    origin      length       input sections
--------  ----  ----------  ----------   ----------------
.intvecs   0    00000000    000000e4     
                  00000000    000000e4     startup_msp432p401r_ccs.obj (.intvecs:retain)

.text      0    000000e4    00007194     
                  000000e4    00001848     SSD1306.obj (.text)
                  0000192c    000015d0     main.obj (.text)
                  00002efc    0000100c     AP.obj (.text)
                  00003f08    000009d0     rtsv7M4_T_le_v4SPD16_eabi.lib : e_pow.c.obj (.text:pow)
                  000048d8    000006cc     UART0.obj (.text)
                  00004fa4    00000334     system_msp432p401r.obj (.text)
                  000052d8    000001f0     Init_Ports.obj (.text)
                  000054c8    000001e0     Clock.obj (.text)
                  000056a8    000001b6     rtsv7M4_T_le_v4SPD16_eabi.lib : fd_add_t2.asm.obj (.text)
                  0000585e    00000002                                   : _lock.c.obj (.text:_nop)
                  00005860    000001a8     Motor.obj (.text)
                  00005a08    000001a4     UART1.obj (.text)
                  00005bac    00000158     rtsv7M4_T_le_v4SPD16_eabi.lib : e_sqrt.c.obj (.text:sqrt)
                  00005d04    00000136                                   : fd_div_t2.asm.obj (.text)
                  00005e3a    00000002     --HOLE-- [fill = 0]
                  00005e3c    00000110                                   : fopen.c.obj (.text:_openfile)
                  00005f4c    00000110                                   : s_scalbn.c.obj (.text:scalbn)
                  0000605c    00000100                                   : memory.c.obj (.text:aligned_alloc)
                  0000615c    000000fc                                   : fd_mul_t2.asm.obj (.text)
                  00006258    000000e4                                   : memory.c.obj (.text:free)
                  0000633c    000000dc                                   : setvbuf.c.obj (.text:setvbuf)
                  00006418    000000c0     GPIO.obj (.text)
                  000064d8    000000bc     rtsv7M4_T_le_v4SPD16_eabi.lib : open.c.obj (.text:open)
                  00006594    000000b8                                   : add_device.c.obj (.text:add_device)
                  0000664c    0000009c                                   : fopen.c.obj (.text:fopen)
                  000066e8    0000009c                                   : memcpy_t2.asm.obj (.text)
                  00006784    00000086                                   : fd_cmp_t2.asm.obj (.text:__aeabi_cdcmple)
                  0000680a    00000086                                   : fd_cmp_t2.asm.obj (.text:__aeabi_cdrcmple)
                  00006890    00000084     Init_Timers.obj (.text)
                  00006914    0000007a     rtsv7M4_T_le_v4SPD16_eabi.lib : memset_t2.asm.obj (.text)
                  0000698e    00000002     --HOLE-- [fill = 0]
                  00006990    00000074                                   : fclose.c.obj (.text:__TI_closefile)
                  00006a04    00000070                                   : memory.c.obj (.text:split)
                  00006a74    0000006c                                   : hostrename.c.obj (.text:HOSTrename)
                  00006ae0    00000068                                   : hostlseek.c.obj (.text:HOSTlseek)
                  00006b48    00000068                                   : copy_decompress_lzss.c.obj (.text:decompress:lzss:__TI_decompress_lzss)
                  00006bb0    00000060                                   : hostopen.c.obj (.text:HOSTopen)
                  00006c10    0000005c                                   : close.c.obj (.text:close)
                  00006c6c    00000058                                   : hostread.c.obj (.text:HOSTread)
                  00006cc4    00000058                                   : hostwrite.c.obj (.text:HOSTwrite)
                  00006d1c    0000004c                                   : fflush.c.obj (.text:__TI_doflush)
                  00006d68    00000048                                   : exit.c.obj (.text:exit)
                  00006db0    00000048                                   : fd_toi_t2.asm.obj (.text)
                  00006df8    00000044                                   : hostclose.c.obj (.text:HOSTclose)
                  00006e3c    00000044                                   : hostunlink.c.obj (.text:HOSTunlink)
                  00006e80    00000044                                   : autoinit.c.obj (.text:__TI_auto_init_nobinit_nopinit:__TI_auto_init_nobinit_nopinit)
                  00006ec4    00000044                                   : getdevice.c.obj (.text:getdevice)
                  00006f08    00000044                                   : fd_tou_t2.asm.obj (.text)
                  00006f4c    00000038                                   : trgmsg.c.obj (.text:__TI_writemsg)
                  00006f84    00000036                                   : strncpy.c.obj (.text:strncpy)
                  00006fba    00000002     --HOLE-- [fill = 0]
                  00006fbc    00000034                                   : fopen.c.obj (.text:__TI_cleanup)
                  00006ff0    00000034                                   : trgmsg.c.obj (.text:__TI_readmsg)
                  00007024    00000034                                   : boot_cortex_m.c.obj (.text:_c_int00_noargs:_c_int00_noargs)
                  00007058    00000034                                   : fopen.c.obj (.text:freopen)
                  0000708c    00000030                                   : getdevice.c.obj (.text:finddevice)
                  000070bc    0000002e                                   : i_tofd_t2.asm.obj (.text)
                  000070ea    00000002     --HOLE-- [fill = 0]
                  000070ec    0000002c                                   : unlink.c.obj (.text:unlink)
                  00007118    00000028                                   : memory.c.obj (.text:free_list_insert)
                  00007140    00000028                                   : write.c.obj (.text:write)
                  00007168    00000024     CortexM.obj (.text)
                  0000718c    00000020     rtsv7M4_T_le_v4SPD16_eabi.lib : u_tofd_t2.asm.obj (.text)
                  000071ac    0000001c                                   : memory.c.obj (.text:free_list_remove)
                  000071c8    0000001a                                   : s_copysign.c.obj (.text:copysign)
                  000071e2    00000018                                   : strcmp.c.obj (.text:strcmp)
                  000071fa    00000016                                   : strchr.c.obj (.text:strchr)
                  00007210    00000014                                   : strcpy.c.obj (.text:strcpy)
                  00007224    00000014                                   : strlen.c.obj (.text:strlen)
                  00007238    0000000e                                   : copy_decompress_none.c.obj (.text:decompress:none:__TI_decompress_none)
                  00007246    0000000e     startup_msp432p401r_ccs.obj (.text)
                  00007254    0000000c     rtsv7M4_T_le_v4SPD16_eabi.lib : copy_zero_init.c.obj (.text:decompress:ZI:__TI_zero_init)
                  00007260    00000008                                   : errno.c.obj (.text:__aeabi_errno_addr)
                  00007268    00000008                                   : memory.c.obj (.text:malloc)
                  00007270    00000004                                   : pre_init.c.obj (.text:_system_pre_init)
                  00007274    00000004                                   : exit.c.obj (.text:abort:abort)

.const     0    00007278    000002a6     
                  00007278    000001e0     SSD1306.obj (.const:ASCII)
                  00007458    00000030     rtsv7M4_T_le_v4SPD16_eabi.lib : e_pow.c.obj (.const:$O1$$)
                  00007488    00000014     AP.obj (.const:.string:NPI_StartAdvertisement)
                  0000749c    00000011     AP.obj (.const:.string:NPI_SetAdvertisement1)
                  000074ad    00000009     AP.obj (.const:.string:HCI_EXT_ResetSystemCmd)
                  000074b6    00000008     SSD1306.obj (.const:.string:postmask)
                  000074be    00000008     SSD1306.obj (.const:.string:premask)
                  000074c6    00000006     AP.obj (.const:.string:NPI_GetStatus)
                  000074cc    00000006     AP.obj (.const:.string:NPI_GetVersion)
                  000074d2    00000006     AP.obj (.const:.string:NPI_Register)
                  000074d8    00000006     SSD1306.obj (.const:.string:init5)
                  000074de    00000005     SSD1306.obj (.const:.string:dlist1)
                  000074e3    00000004     main.obj (.const:.string:dX)
                  000074e7    00000004     main.obj (.const:.string:dY)
                  000074eb    00000004     main.obj (.const:.string:dx$2)
                  000074ef    00000004     main.obj (.const:.string:dy$3)
                  000074f3    00000004     SSD1306.obj (.const:.string:init1)
                  000074f7    00000004     SSD1306.obj (.const:.string:init2)
                  000074fb    00000004     SSD1306.obj (.const:.string:init3)
                  000074ff    00000003     SSD1306.obj (.const:.string:init4b)
                  00007502    00000003     SSD1306.obj (.const:.string:scrollList1b)
                  00007505    00000003     SSD1306.obj (.const:.string:scrollList2b)
                  00007508    00000002     main.obj (.const:$P$T1$4)
                  0000750a    00000002     main.obj (.const:$P$T3$5)
                  0000750c    00000002     main.obj (.const:$P$T4$6)
                  0000750e    00000002     SSD1306.obj (.const:.string:scrollList1a)
                  00007510    00000002     SSD1306.obj (.const:.string:scrollList2a)
                  00007512    00000002     SSD1306.obj (.const:.string:scrollList3a)
                  00007514    00000002     SSD1306.obj (.const:.string:scrollList3b)
                  00007516    00000002     SSD1306.obj (.const:.string:scrollList3c)
                  00007518    00000002     SSD1306.obj (.const:.string:scrollList4a)
                  0000751a    00000002     SSD1306.obj (.const:.string:scrollList4b)
                  0000751c    00000002     SSD1306.obj (.const:.string:scrollList4c)

.cinit     0    00007520    00000148     
                  00007520    0000011d     (.cinit..data.load) [load image, compression = lzss]
                  0000763d    00000003     --HOLE-- [fill = 0]
                  00007640    0000000c     (__TI_handler_table)
                  0000764c    00000004     --HOLE-- [fill = 0]
                  00007650    00000008     (.cinit..bss.load) [load image, compression = zero_init]
                  00007658    00000010     (__TI_cinit_table)

.init_array 
*          0    00000000    00000000     UNINITIALIZED

.binit     0    00000000    00000000     

.bss       0    20000000    000009b7     UNINITIALIZED
                  20000000    00000400     (.common:buffer)
                  20000400    00000120     rtsv7M4_T_le_v4SPD16_eabi.lib : trgmsg.c.obj (.bss:_CIOBUF_)
                  20000520    00000100     (.common:RxFIFO)
                  20000620    000000fc     main.obj (.bss:grid)
                  2000071c    000000a0     (.common:CharacteristicList)
                  200007bc    000000a0     (.common:__TI_tmpnams)
                  2000085c    00000080     (.common:RecvBuf)
                  200008dc    00000050     (.common:NotifyCharacteristicList)
                  2000092c    00000034     main.obj (.bss:openSet)
                  20000960    0000001c     main.obj (.bss:closed$1)
                  2000097c    00000008     (.common:Messageb)
                  20000984    00000008     (.common:parmbuf)
                  2000098c    00000004     (.common:Messageindexb)
                  20000990    00000004     (.common:NoSOFErr)
                  20000994    00000004     (.common:RxFifoLost)
                  20000998    00000004     (.common:RxGetI)
                  2000099c    00000004     (.common:RxPutI)
                  200009a0    00000004     (.common:TimeOutErr)
                  200009a4    00000004     (.common:fcserr)
                  200009a8    00000004     (.common:rotation)
                  200009ac    00000004     (.common:vccstate)
                  200009b0    00000002     main.obj (.bss)
                  200009b2    00000002     (.common:StartX)
                  200009b4    00000002     (.common:StartY)
                  200009b6    00000001     (.common:BLE_Cmd)

.sysmem    0    200009b8    00000400     UNINITIALIZED
                  200009b8    00000010     rtsv7M4_T_le_v4SPD16_eabi.lib : memory.c.obj (.sysmem)
                  200009c8    000003f0     --HOLE--

.data      0    20000db8    00000310     UNINITIALIZED
                  20000db8    000000f0     rtsv7M4_T_le_v4SPD16_eabi.lib : defs.c.obj (.data:_ftable)
                  20000ea8    00000078                                   : host_device.c.obj (.data:_device)
                  20000f20    00000050                                   : host_device.c.obj (.data:_stream)
                  20000f70    00000025     AP.obj (.data:NPI_SetAdvertisementData)
                  20000f95    00000022     AP.obj (.data:NPI_SetAdvertisementDataJacki)
                  20000fb7    00000020     AP.obj (.data:NPI_AddCharDescriptor)
                  20000fd7    0000001c     AP.obj (.data:NPI_GATTSetDeviceName)
                  20000ff3    00000019     main.obj (.data:visited)
                  2000100c    00000018     Clock.obj (.data)
                  20001024    00000015     AP.obj (.data:NPI_ReadConfirmation)
                  20001039    00000014     AP.obj (.data:NPI_SendNotificationIndication)
                  2000104d    00000003     main.obj (.data)
                  20001050    00000010     rtsv7M4_T_le_v4SPD16_eabi.lib : defs.c.obj (.data)
                  20001060    0000000e     AP.obj (.data:NPI_AddCharValue)
                  2000106e    00000002     --HOLE--
                  20001070    0000000c     rtsv7M4_T_le_v4SPD16_eabi.lib : exit.c.obj (.data:$O1$$)
                  2000107c    00000009     AP.obj (.data:NPI_AddService)
                  20001085    00000009     AP.obj (.data:NPI_CCCDUpdatedConfirmation)
                  2000108e    00000009     AP.obj (.data:NPI_WriteConfirmation)
                  20001097    00000001     --HOLE--
                  20001098    00000008     rtsv7M4_T_le_v4SPD16_eabi.lib : _lock.c.obj (.data:$O1$$)
                  200010a0    00000008                                   : memory.c.obj (.data:$O1$$)
                  200010a8    00000008     AP.obj (.data)
                  200010b0    00000004     SSD1306.obj (.data)
                  200010b4    00000004     rtsv7M4_T_le_v4SPD16_eabi.lib : add_device.c.obj (.data)
                  200010b8    00000004                                   : errno.c.obj (.data)
                  200010bc    00000004                                   : fopen.c.obj (.data)
                  200010c0    00000004                                   : open.c.obj (.data)
                  200010c4    00000004     system_msp432p401r.obj (.data)

.stack     0    2000fe00    00000200     UNINITIALIZED
                  2000fe00    00000004     rtsv7M4_T_le_v4SPD16_eabi.lib : boot_cortex_m.c.obj (.stack)
                  2000fe04    000001fc     --HOLE--

__llvm_prf_cnts 
*          0    20000000    00000000     UNINITIALIZED

MODULE SUMMARY

       Module                        code    ro data   rw data
       ------                        ----    -------   -------
    .\
       SSD1306.obj                   6216    544       2080   
       main.obj                      5584    22        726    
       AP.obj                        4108    64        1202   
       UART0.obj                     1740    0         24     
       UART1.obj                     420     0         536    
       system_msp432p401r.obj        820     0         8      
       Clock.obj                     480     0         48     
       Init_Ports.obj                496     0         0      
       Motor.obj                     424     0         0      
       startup_msp432p401r_ccs.obj   14      228       0      
       GPIO.obj                      192     0         0      
       Init_Timers.obj               132     0         0      
       CortexM.obj                   36      0         0      
    +--+-----------------------------+-------+---------+---------+
       Total:                        20662   858       4624   
                                                              
    C:\ti\ccs1271\ccs\tools\compiler\ti-cgt-arm_20.2.7.LTS\lib\rtsv7M4_T_le_v4SPD16_eabi.lib
       e_pow.c.obj                   2512    48        0      
       defs.c.obj                    0       0         832    
       memory.c.obj                  672     0         16     
       trgmsg.c.obj                  108     0         576    
       fopen.c.obj                   532     0         8      
       fd_add_t2.asm.obj             438     0         0      
       host_device.c.obj             0       0         400    
       e_sqrt.c.obj                  344     0         0      
       fd_div_t2.asm.obj             310     0         0      
       s_scalbn.c.obj                272     0         0      
       fd_cmp_t2.asm.obj             268     0         0      
       fd_mul_t2.asm.obj             252     0         0      
       setvbuf.c.obj                 220     0         0      
       open.c.obj                    188     0         8      
       add_device.c.obj              184     0         8      
       memcpy_t2.asm.obj             156     0         0      
       memset_t2.asm.obj             122     0         0      
       fclose.c.obj                  116     0         0      
       getdevice.c.obj               116     0         0      
       hostopen.c.obj                96      0         16     
       hostrename.c.obj              108     0         0      
       copy_decompress_lzss.c.obj    104     0         0      
       hostlseek.c.obj               104     0         0      
       exit.c.obj                    76      0         24     
       close.c.obj                   92      0         0      
       hostread.c.obj                88      0         0      
       hostwrite.c.obj               88      0         0      
       fflush.c.obj                  76      0         0      
       fd_toi_t2.asm.obj             72      0         0      
       autoinit.c.obj                68      0         0      
       fd_tou_t2.asm.obj             68      0         0      
       hostclose.c.obj               68      0         0      
       hostunlink.c.obj              68      0         0      
       strncpy.c.obj                 54      0         0      
       boot_cortex_m.c.obj           52      0         0      
       i_tofd_t2.asm.obj             46      0         0      
       unlink.c.obj                  44      0         0      
       write.c.obj                   40      0         0      
       u_tofd_t2.asm.obj             32      0         0      
       s_copysign.c.obj              26      0         0      
       strcmp.c.obj                  24      0         0      
       strchr.c.obj                  22      0         0      
       strcpy.c.obj                  20      0         0      
       strlen.c.obj                  20      0         0      
       _lock.c.obj                   2       0         16     
       errno.c.obj                   8       0         8      
       copy_decompress_none.c.obj    14      0         0      
       copy_zero_init.c.obj          12      0         0      
       pre_init.c.obj                4       0         0      
    +--+-----------------------------+-------+---------+---------+
       Total:                        8406    48        1912   
                                                              
       Heap:                         0       0         2048   
       Stack:                        0       0         1024   
       Linker Generated:             0       321       0      
    +--+-----------------------------+-------+---------+---------+
       Grand Total:                  29068   1227      9608   


LINKER GENERATED COPY TABLES

__TI_cinit_table @ 00007658 records: 2, size/record: 8, table size: 16
	.data: load addr=00007520, load size=0000011d bytes, run addr=20000db8, run size=00000310 bytes, compression=lzss
	.bss: load addr=00007650, load size=00000008 bytes, run addr=20000000, run size=000009b7 bytes, compression=zero_init


LINKER GENERATED HANDLER TABLE

__TI_handler_table @ 00007640 records: 3, size/record: 4, table size: 12
	index: 0, handler: __TI_decompress_lzss
	index: 1, handler: __TI_decompress_none
	index: 2, handler: __TI_zero_init


GLOBAL SYMBOLS: SORTED ALPHABETICALLY BY Name 

address   name                           
-------   ----                           
00007253  ADC14_IRQHandler               
00007253  AES256_IRQHandler              
0000355d  AP_AddCharacteristic           
00003719  AP_AddNotifyCharacteristic     
00003505  AP_AddService                  
00003c25  AP_BackgroundProcess           
000030a3  AP_EchoReceived                
00003037  AP_EchoSendMessage             
000034ef  AP_GetNotifyCCCD               
0000300d  AP_GetSize                     
00003afd  AP_GetStatus                   
00003b39  AP_GetVersion                  
00002f27  AP_Init                        
000032c5  AP_RecvMessage                 
000034a1  AP_RecvStatus                  
0000353d  AP_RegisterService             
00002efd  AP_Reset                       
00003129  AP_SendMessage                 
000034af  AP_SendMessageResponse         
00003941  AP_SendNotification            
00003a41  AP_StartAdvertisement          
00003a95  AP_StartAdvertisementJacki     
200009b6  BLE_Cmd                        
00007253  BusFault_Handler               
00007275  C$$EXIT                        
00006f7b  C$$IO$$                        
00007253  COMP_E0_IRQHandler             
00007253  COMP_E1_IRQHandler             
20001014  CPMwait                        
00007253  CS_IRQHandler                  
200010a8  CharacteristicCount            
2000071c  CharacteristicList             
2000100c  ClockFrequency                 
0000561d  Clock_Delay1ms                 
000055f3  Clock_Delay1us                 
000055df  Clock_GetFreq                  
000054c9  Clock_Init48MHz                
20001020  Crystalstable                  
200010b0  CurrentX                       
200010b2  CurrentY                       
00007253  DMA_ERR_IRQHandler             
00007253  DMA_INT0_IRQHandler            
00007253  DMA_INT1_IRQHandler            
00007253  DMA_INT2_IRQHandler            
00007253  DMA_INT3_IRQHandler            
00007253  DebugMon_Handler               
00007253  Default_Handler                
00007169  DisableInterrupts              
00007253  EUSCIA0_IRQHandler             
00007253  EUSCIA1_IRQHandler             
00005b31  EUSCIA2_IRQHandler             
00005b31  EUSCIA2_IRQHandler             
00007253  EUSCIA3_IRQHandler             
00007253  EUSCIB0_IRQHandler             
00007253  EUSCIB1_IRQHandler             
00007253  EUSCIB2_IRQHandler             
00007253  EUSCIB3_IRQHandler             
0000716f  EnableInterrupts               
0000717f  EndCritical                    
00007253  FLCTL_IRQHandler               
00007253  FPU_IRQHandler                 
00006419  GPIO_Init                      
00001a87  GridInit                       
000074ad  HCI_EXT_ResetSystemCmd         
00006df9  HOSTclose                      
00006ae1  HOSTlseek                      
00006bb1  HOSTopen                       
00006c6d  HOSTread                       
00006a75  HOSTrename                     
00006e3d  HOSTunlink                     
00006cc5  HOSTwrite                      
00007253  HardFault_Handler              
2000101c  IFlags                         
00007253  MemManage_Handler              
2000097c  Messageb                       
2000098c  Messageindexb                  
00005999  Motor_Backward                 
0000588f  Motor_Forward                  
00005941  Motor_Left                     
000058e9  Motor_Right                    
00005861  Motor_Stop                     
00007253  NMI_Handler                    
20000fb7  NPI_AddCharDescriptor          
20001060  NPI_AddCharValue               
2000107c  NPI_AddService                 
20001085  NPI_CCCDUpdatedConfirmation    
20000fd7  NPI_GATTSetDeviceName          
000074c6  NPI_GetStatus                  
000074cc  NPI_GetVersion                 
20001024  NPI_ReadConfirmation           
000074d2  NPI_Register                   
20001039  NPI_SendNotificationIndication 
0000749c  NPI_SetAdvertisement1          
20000f70  NPI_SetAdvertisementData       
20000f95  NPI_SetAdvertisementDataJacki  
00007488  NPI_StartAdvertisement         
2000108e  NPI_WriteConfirmation          
20000990  NoSOFErr                       
200010ac  NotifyCharacteristicCount      
200008dc  NotifyCharacteristicList       
00007253  PCM_IRQHandler                 
00007253  PORT1_IRQHandler               
00007253  PORT2_IRQHandler               
00007253  PORT3_IRQHandler               
00007253  PORT4_IRQHandler               
00007253  PORT5_IRQHandler               
00007253  PORT6_IRQHandler               
00007253  PSS_IRQHandler                 
00007253  PendSV_Handler                 
00005449  Port10_Init                    
000052d9  Port1_Init                     
0000530d  Port2_Init                     
0000535f  Port3_Init                     
00005389  Port4_Init                     
000053bd  Port5_Init                     
000053e7  Port6_Init                     
00005425  Port7_Init                     
00005427  Port8_Init                     
00005429  Port9_Init                     
0000544b  PortJ_Init                     
20001018  Postwait                       
20001010  Prewait                        
00007253  RTC_C_IRQHandler               
2000085c  RecvBuf                        
00007247  Reset_Handler                  
20000520  RxFIFO                         
20000994  RxFifoLost                     
00005a61  RxFifo_Get                     
00005a09  RxFifo_Init                    
00005a1b  RxFifo_Put                     
20000998  RxGetI                         
2000099c  RxPutI                         
0000054d  SSD1306_Clear                  
0000050d  SSD1306_ClearBuffer            
00000f69  SSD1306_Dim                    
00000e23  SSD1306_DisplayBuffer          
0000040d  SSD1306_DrawChar               
000007e5  SSD1306_DrawFastHLine          
00000a09  SSD1306_DrawFastVLine          
000005a1  SSD1306_DrawFullImage          
00000293  SSD1306_DrawPixel              
000004c1  SSD1306_DrawString             
00000e1f  SSD1306_GetBuffer              
00000d21  SSD1306_GetPixel               
0000018d  SSD1306_Init                   
00000f53  SSD1306_InvertDisplay          
00001015  SSD1306_OutChar                
000017cf  SSD1306_OutHex7                
00001381  SSD1306_OutSDec                
000016e1  SSD1306_OutSFix1               
0000113b  SSD1306_OutString              
00001195  SSD1306_OutUDec                
00001835  SSD1306_OutUDec16              
000018cd  SSD1306_OutUDec2               
0000164d  SSD1306_OutUFix1               
00001805  SSD1306_OutUHex7               
00000605  SSD1306_PrintBMP               
00000f9b  SSD1306_SetCursor              
000008f7  SSD1306_drawFastHLineInternal  
00000b21  SSD1306_drawFastVLineInternal  
00000f09  SSD1306_startscrolldiagleft    
00000ec5  SSD1306_startscrolldiagright   
00000e8f  SSD1306_startscrollleft        
00000e5d  SSD1306_startscrollright       
00000f49  SSD1306_stopscroll             
00007253  SVC_Handler                    
00001aeb  Servo                          
00001acd  ServoInit                      
00007175  StartCritical                  
200009b2  StartX                         
200009b4  StartY                         
00007253  SysTick_Handler                
200010c4  SystemCoreClock                
00004fa5  SystemCoreClockUpdate          
0000521d  SystemInit                     
00007253  T32_INT1_IRQHandler            
00007253  T32_INT2_IRQHandler            
00007253  T32_INTC_IRQHandler            
00007253  TA0_0_IRQHandler               
00007253  TA0_N_IRQHandler               
00007253  TA1_0_IRQHandler               
00007253  TA1_N_IRQHandler               
00007253  TA2_0_IRQHandler               
00007253  TA2_N_IRQHandler               
00007253  TA3_0_IRQHandler               
00007253  TA3_N_IRQHandler               
200009a0  TimeOutErr                     
00006891  TimerA0_Init                   
000068c5  TimerA1_Init                   
000068c7  TimerA2_Init                   
000068cf  TimerA3_Init                   
0000491f  UART0_InChar                   
00004db9  UART0_InString                 
00004969  UART0_InUDec                   
00004c6d  UART0_InUHex                   
000048d9  UART0_Init                     
00004f19  UART0_Initprintf               
0000492f  UART0_OutChar                  
00004a21  UART0_OutSDec                  
0000494b  UART0_OutString                
000049ed  UART0_OutUDec                  
00004b67  UART0_OutUDec4                 
00004bc1  UART0_OutUDec5                 
00004bf9  UART0_OutUFix1                 
00004c21  UART0_OutUFix2                 
00004d31  UART0_OutUHex                  
00004d9d  UART0_OutUHex2                 
00005b65  UART1_FinishOutput             
00005b03  UART1_InChar                   
00005a97  UART1_InStatus                 
00005aa7  UART1_Init                     
00005b15  UART1_OutChar                  
00005b47  UART1_OutString                
00007253  UsageFault_Handler             
4000480c  WDTCTL_SYM                     
00007253  WDT_A_IRQHandler               
00007187  WaitForInterrupt               
00001bcf  WriteByteCmd                   
20000400  __CIOBUF_                      
20010000  __STACK_END                    
00000200  __STACK_SIZE                   
00000400  __SYSMEM_SIZE                  
00007658  __TI_CINIT_Base                
00007668  __TI_CINIT_Limit               
00007640  __TI_Handler_Table_Base        
0000764c  __TI_Handler_Table_Limit       
00006e81  __TI_auto_init_nobinit_nopinit 
00006fbd  __TI_cleanup                   
20001070  __TI_cleanup_ptr               
00006991  __TI_closefile                 
00006b49  __TI_decompress_lzss           
00007239  __TI_decompress_none           
00006d1d  __TI_doflush                   
20001074  __TI_dtors_ptr                 
20001078  __TI_enable_exit_profile_output
20001050  __TI_ft_end                    
ffffffff  __TI_pprof_out_hndl            
ffffffff  __TI_prof_data_size            
ffffffff  __TI_prof_data_start           
00006ff1  __TI_readmsg                   
00000000  __TI_static_base__             
200007bc  __TI_tmpnams                   
00006f4d  __TI_writemsg                  
00007255  __TI_zero_init                 
00006785  __aeabi_cdcmpeq                
00006785  __aeabi_cdcmple                
0000680b  __aeabi_cdrcmple               
00006db1  __aeabi_d2iz                   
00006f09  __aeabi_d2uiz                  
000056b3  __aeabi_dadd                   
00005d05  __aeabi_ddiv                   
0000615d  __aeabi_dmul                   
000056a9  __aeabi_dsub                   
00007261  __aeabi_errno_addr             
000070bd  __aeabi_i2d                    
00006915  __aeabi_memclr                 
00006915  __aeabi_memclr4                
00006915  __aeabi_memclr8                
000066e9  __aeabi_memcpy                 
000066e9  __aeabi_memcpy4                
000066e9  __aeabi_memcpy8                
00006917  __aeabi_memset                 
00006917  __aeabi_memset4                
00006917  __aeabi_memset8                
2000105c  __aeabi_stderr                 
20001054  __aeabi_stdin                  
20001058  __aeabi_stdout                 
0000718d  __aeabi_ui2d                   
ffffffff  __binit__                      
ffffffff  __c_args__                     
UNDEFED   __mpu_init                     
2000fe00  __stack                        
20000000  __start___llvm_prf_cnts        
20000000  __stop___llvm_prf_cnts         
00007025  _c_int00_noargs                
20000ea8  _device                        
20000db8  _ftable                        
20001098  _lock                          
0000585f  _nop                           
20000f20  _stream                        
200009b8  _sys_memory                    
UNDEFED   _system_post_cinit             
00007271  _system_pre_init               
2000109c  _unlock                        
00007275  abort                          
00006595  add_device                     
0000605d  aligned_alloc                  
ffffffff  binit                          
20000000  buffer                         
00006c11  close                          
000071c9  copysign                       
000071c9  copysignl                      
000055e5  delay                          
00001b0f  distanceInCm                   
200010b8  errno                          
00006d69  exit                           
200009a4  fcserr                         
00004e53  ferror                         
00004e33  fgetc                          
0000708d  finddevice                     
0000664d  fopen                          
00006259  free                           
00007059  freopen                        
00006ec5  getdevice                      
00000000  interruptVectors               
00005f4d  ldexp                          
00005f4d  ldexpl                         
00002c95  main                           
00007269  malloc                         
0000605d  memalign                       
000066e9  memcpy                         
0000691d  memset                         
000064d9  open                           
00004d75  outnibble                      
20000984  parmbuf                        
00003f09  pow                            
00003f09  powl                           
00001b5b  pulseIn                        
000070ed  remove                         
200009a8  rotation                       
00005f4d  scalbn                         
00005f4d  scalbnl                        
0000633d  setvbuf                        
00005bad  sqrt                           
00005bad  sqrtl                          
00000115  ssd1306_Testcommandwrite       
00000145  ssd1306_command                
00000155  ssd1306_command1               
00000165  ssd1306_commandList            
000071fb  strchr                         
000071e3  strcmp                         
00007211  strcpy                         
00007225  strlen                         
00006f85  strncpy                        
00004e71  uart_close                     
00004eef  uart_lseek                     
00004e61  uart_open                      
00004e83  uart_read                      
00004f0b  uart_rename                    
00004eff  uart_unlink                    
00004ead  uart_write                     
000070ed  unlink                         
200009ac  vccstate                       
00007141  write                          


GLOBAL SYMBOLS: SORTED BY Symbol Address 

address   name                           
-------   ----                           
00000000  __TI_static_base__             
00000000  interruptVectors               
00000115  ssd1306_Testcommandwrite       
00000145  ssd1306_command                
00000155  ssd1306_command1               
00000165  ssd1306_commandList            
0000018d  SSD1306_Init                   
00000200  __STACK_SIZE                   
00000293  SSD1306_DrawPixel              
00000400  __SYSMEM_SIZE                  
0000040d  SSD1306_DrawChar               
000004c1  SSD1306_DrawString             
0000050d  SSD1306_ClearBuffer            
0000054d  SSD1306_Clear                  
000005a1  SSD1306_DrawFullImage          
00000605  SSD1306_PrintBMP               
000007e5  SSD1306_DrawFastHLine          
000008f7  SSD1306_drawFastHLineInternal  
00000a09  SSD1306_DrawFastVLine          
00000b21  SSD1306_drawFastVLineInternal  
00000d21  SSD1306_GetPixel               
00000e1f  SSD1306_GetBuffer              
00000e23  SSD1306_DisplayBuffer          
00000e5d  SSD1306_startscrollright       
00000e8f  SSD1306_startscrollleft        
00000ec5  SSD1306_startscrolldiagright   
00000f09  SSD1306_startscrolldiagleft    
00000f49  SSD1306_stopscroll             
00000f53  SSD1306_InvertDisplay          
00000f69  SSD1306_Dim                    
00000f9b  SSD1306_SetCursor              
00001015  SSD1306_OutChar                
0000113b  SSD1306_OutString              
00001195  SSD1306_OutUDec                
00001381  SSD1306_OutSDec                
0000164d  SSD1306_OutUFix1               
000016e1  SSD1306_OutSFix1               
000017cf  SSD1306_OutHex7                
00001805  SSD1306_OutUHex7               
00001835  SSD1306_OutUDec16              
000018cd  SSD1306_OutUDec2               
00001a87  GridInit                       
00001acd  ServoInit                      
00001aeb  Servo                          
00001b0f  distanceInCm                   
00001b5b  pulseIn                        
00001bcf  WriteByteCmd                   
00002c95  main                           
00002efd  AP_Reset                       
00002f27  AP_Init                        
0000300d  AP_GetSize                     
00003037  AP_EchoSendMessage             
000030a3  AP_EchoReceived                
00003129  AP_SendMessage                 
000032c5  AP_RecvMessage                 
000034a1  AP_RecvStatus                  
000034af  AP_SendMessageResponse         
000034ef  AP_GetNotifyCCCD               
00003505  AP_AddService                  
0000353d  AP_RegisterService             
0000355d  AP_AddCharacteristic           
00003719  AP_AddNotifyCharacteristic     
00003941  AP_SendNotification            
00003a41  AP_StartAdvertisement          
00003a95  AP_StartAdvertisementJacki     
00003afd  AP_GetStatus                   
00003b39  AP_GetVersion                  
00003c25  AP_BackgroundProcess           
00003f09  pow                            
00003f09  powl                           
000048d9  UART0_Init                     
0000491f  UART0_InChar                   
0000492f  UART0_OutChar                  
0000494b  UART0_OutString                
00004969  UART0_InUDec                   
000049ed  UART0_OutUDec                  
00004a21  UART0_OutSDec                  
00004b67  UART0_OutUDec4                 
00004bc1  UART0_OutUDec5                 
00004bf9  UART0_OutUFix1                 
00004c21  UART0_OutUFix2                 
00004c6d  UART0_InUHex                   
00004d31  UART0_OutUHex                  
00004d75  outnibble                      
00004d9d  UART0_OutUHex2                 
00004db9  UART0_InString                 
00004e33  fgetc                          
00004e53  ferror                         
00004e61  uart_open                      
00004e71  uart_close                     
00004e83  uart_read                      
00004ead  uart_write                     
00004eef  uart_lseek                     
00004eff  uart_unlink                    
00004f0b  uart_rename                    
00004f19  UART0_Initprintf               
00004fa5  SystemCoreClockUpdate          
0000521d  SystemInit                     
000052d9  Port1_Init                     
0000530d  Port2_Init                     
0000535f  Port3_Init                     
00005389  Port4_Init                     
000053bd  Port5_Init                     
000053e7  Port6_Init                     
00005425  Port7_Init                     
00005427  Port8_Init                     
00005429  Port9_Init                     
00005449  Port10_Init                    
0000544b  PortJ_Init                     
000054c9  Clock_Init48MHz                
000055df  Clock_GetFreq                  
000055e5  delay                          
000055f3  Clock_Delay1us                 
0000561d  Clock_Delay1ms                 
000056a9  __aeabi_dsub                   
000056b3  __aeabi_dadd                   
0000585f  _nop                           
00005861  Motor_Stop                     
0000588f  Motor_Forward                  
000058e9  Motor_Right                    
00005941  Motor_Left                     
00005999  Motor_Backward                 
00005a09  RxFifo_Init                    
00005a1b  RxFifo_Put                     
00005a61  RxFifo_Get                     
00005a97  UART1_InStatus                 
00005aa7  UART1_Init                     
00005b03  UART1_InChar                   
00005b15  UART1_OutChar                  
00005b31  EUSCIA2_IRQHandler             
00005b31  EUSCIA2_IRQHandler             
00005b47  UART1_OutString                
00005b65  UART1_FinishOutput             
00005bad  sqrt                           
00005bad  sqrtl                          
00005d05  __aeabi_ddiv                   
00005f4d  ldexp                          
00005f4d  ldexpl                         
00005f4d  scalbn                         
00005f4d  scalbnl                        
0000605d  aligned_alloc                  
0000605d  memalign                       
0000615d  __aeabi_dmul                   
00006259  free                           
0000633d  setvbuf                        
00006419  GPIO_Init                      
000064d9  open                           
00006595  add_device                     
0000664d  fopen                          
000066e9  __aeabi_memcpy                 
000066e9  __aeabi_memcpy4                
000066e9  __aeabi_memcpy8                
000066e9  memcpy                         
00006785  __aeabi_cdcmpeq                
00006785  __aeabi_cdcmple                
0000680b  __aeabi_cdrcmple               
00006891  TimerA0_Init                   
000068c5  TimerA1_Init                   
000068c7  TimerA2_Init                   
000068cf  TimerA3_Init                   
00006915  __aeabi_memclr                 
00006915  __aeabi_memclr4                
00006915  __aeabi_memclr8                
00006917  __aeabi_memset                 
00006917  __aeabi_memset4                
00006917  __aeabi_memset8                
0000691d  memset                         
00006991  __TI_closefile                 
00006a75  HOSTrename                     
00006ae1  HOSTlseek                      
00006b49  __TI_decompress_lzss           
00006bb1  HOSTopen                       
00006c11  close                          
00006c6d  HOSTread                       
00006cc5  HOSTwrite                      
00006d1d  __TI_doflush                   
00006d69  exit                           
00006db1  __aeabi_d2iz                   
00006df9  HOSTclose                      
00006e3d  HOSTunlink                     
00006e81  __TI_auto_init_nobinit_nopinit 
00006ec5  getdevice                      
00006f09  __aeabi_d2uiz                  
00006f4d  __TI_writemsg                  
00006f7b  C$$IO$$                        
00006f85  strncpy                        
00006fbd  __TI_cleanup                   
00006ff1  __TI_readmsg                   
00007025  _c_int00_noargs                
00007059  freopen                        
0000708d  finddevice                     
000070bd  __aeabi_i2d                    
000070ed  remove                         
000070ed  unlink                         
00007141  write                          
00007169  DisableInterrupts              
0000716f  EnableInterrupts               
00007175  StartCritical                  
0000717f  EndCritical                    
00007187  WaitForInterrupt               
0000718d  __aeabi_ui2d                   
000071c9  copysign                       
000071c9  copysignl                      
000071e3  strcmp                         
000071fb  strchr                         
00007211  strcpy                         
00007225  strlen                         
00007239  __TI_decompress_none           
00007247  Reset_Handler                  
00007253  ADC14_IRQHandler               
00007253  AES256_IRQHandler              
00007253  BusFault_Handler               
00007253  COMP_E0_IRQHandler             
00007253  COMP_E1_IRQHandler             
00007253  CS_IRQHandler                  
00007253  DMA_ERR_IRQHandler             
00007253  DMA_INT0_IRQHandler            
00007253  DMA_INT1_IRQHandler            
00007253  DMA_INT2_IRQHandler            
00007253  DMA_INT3_IRQHandler            
00007253  DebugMon_Handler               
00007253  Default_Handler                
00007253  EUSCIA0_IRQHandler             
00007253  EUSCIA1_IRQHandler             
00007253  EUSCIA3_IRQHandler             
00007253  EUSCIB0_IRQHandler             
00007253  EUSCIB1_IRQHandler             
00007253  EUSCIB2_IRQHandler             
00007253  EUSCIB3_IRQHandler             
00007253  FLCTL_IRQHandler               
00007253  FPU_IRQHandler                 
00007253  HardFault_Handler              
00007253  MemManage_Handler              
00007253  NMI_Handler                    
00007253  PCM_IRQHandler                 
00007253  PORT1_IRQHandler               
00007253  PORT2_IRQHandler               
00007253  PORT3_IRQHandler               
00007253  PORT4_IRQHandler               
00007253  PORT5_IRQHandler               
00007253  PORT6_IRQHandler               
00007253  PSS_IRQHandler                 
00007253  PendSV_Handler                 
00007253  RTC_C_IRQHandler               
00007253  SVC_Handler                    
00007253  SysTick_Handler                
00007253  T32_INT1_IRQHandler            
00007253  T32_INT2_IRQHandler            
00007253  T32_INTC_IRQHandler            
00007253  TA0_0_IRQHandler               
00007253  TA0_N_IRQHandler               
00007253  TA1_0_IRQHandler               
00007253  TA1_N_IRQHandler               
00007253  TA2_0_IRQHandler               
00007253  TA2_N_IRQHandler               
00007253  TA3_0_IRQHandler               
00007253  TA3_N_IRQHandler               
00007253  UsageFault_Handler             
00007253  WDT_A_IRQHandler               
00007255  __TI_zero_init                 
00007261  __aeabi_errno_addr             
00007269  malloc                         
00007271  _system_pre_init               
00007275  C$$EXIT                        
00007275  abort                          
00007488  NPI_StartAdvertisement         
0000749c  NPI_SetAdvertisement1          
000074ad  HCI_EXT_ResetSystemCmd         
000074c6  NPI_GetStatus                  
000074cc  NPI_GetVersion                 
000074d2  NPI_Register                   
00007640  __TI_Handler_Table_Base        
0000764c  __TI_Handler_Table_Limit       
00007658  __TI_CINIT_Base                
00007668  __TI_CINIT_Limit               
20000000  __start___llvm_prf_cnts        
20000000  __stop___llvm_prf_cnts         
20000000  buffer                         
20000400  __CIOBUF_                      
20000520  RxFIFO                         
2000071c  CharacteristicList             
200007bc  __TI_tmpnams                   
2000085c  RecvBuf                        
200008dc  NotifyCharacteristicList       
2000097c  Messageb                       
20000984  parmbuf                        
2000098c  Messageindexb                  
20000990  NoSOFErr                       
20000994  RxFifoLost                     
20000998  RxGetI                         
2000099c  RxPutI                         
200009a0  TimeOutErr                     
200009a4  fcserr                         
200009a8  rotation                       
200009ac  vccstate                       
200009b2  StartX                         
200009b4  StartY                         
200009b6  BLE_Cmd                        
200009b8  _sys_memory                    
20000db8  _ftable                        
20000ea8  _device                        
20000f20  _stream                        
20000f70  NPI_SetAdvertisementData       
20000f95  NPI_SetAdvertisementDataJacki  
20000fb7  NPI_AddCharDescriptor          
20000fd7  NPI_GATTSetDeviceName          
2000100c  ClockFrequency                 
20001010  Prewait                        
20001014  CPMwait                        
20001018  Postwait                       
2000101c  IFlags                         
20001020  Crystalstable                  
20001024  NPI_ReadConfirmation           
20001039  NPI_SendNotificationIndication 
20001050  __TI_ft_end                    
20001054  __aeabi_stdin                  
20001058  __aeabi_stdout                 
2000105c  __aeabi_stderr                 
20001060  NPI_AddCharValue               
20001070  __TI_cleanup_ptr               
20001074  __TI_dtors_ptr                 
20001078  __TI_enable_exit_profile_output
2000107c  NPI_AddService                 
20001085  NPI_CCCDUpdatedConfirmation    
2000108e  NPI_WriteConfirmation          
20001098  _lock                          
2000109c  _unlock                        
200010a8  CharacteristicCount            
200010ac  NotifyCharacteristicCount      
200010b0  CurrentX                       
200010b2  CurrentY                       
200010b8  errno                          
200010c4  SystemCoreClock                
2000fe00  __stack                        
20010000  __STACK_END                    
4000480c  WDTCTL_SYM                     
ffffffff  __TI_pprof_out_hndl            
ffffffff  __TI_prof_data_size            
ffffffff  __TI_prof_data_start           
ffffffff  __binit__                      
ffffffff  __c_args__                     
ffffffff  binit                          
UNDEFED   __mpu_init                     
UNDEFED   _system_post_cinit             

[344 symbols]
