******************************************************************************
                  TI ARM Linker PC v20.2.7                     
******************************************************************************
>> Linked Wed Apr 23 13:42:05 2025

OUTPUT FILE NAME:   <Final Project.out>
ENTRY POINT SYMBOL: "_c_int00_noargs"  address: 00006e3d


MEMORY CONFIGURATION

         name            origin    length      used     unused   attr    fill
----------------------  --------  ---------  --------  --------  ----  --------
  MAIN                  00000000   00040000  00007474  00038b8c  R  X
  INFO                  00200000   00004000  00000000  00004000  R  X
  SRAM_CODE             01000000   00010000  000012c7  0000ed39  RW X
  SRAM_DATA             20000000   00010000  000012c7  0000ed39  RW  


SEGMENT ALLOCATION MAP

run origin  load origin   length   init length attrs members
----------  ----------- ---------- ----------- ----- -------
00000000    00000000    00007478   00007478    r-x
  00000000    00000000    000000e4   000000e4    r-- .intvecs
  000000e4    000000e4    00006fac   00006fac    r-x .text
  00007090    00007090    000002a4   000002a4    r-- .const
  00007338    00007338    00000140   00000140    r-- .cinit
20000000    20000000    000010c8   00000000    rw-
  20000000    20000000    000009b7   00000000    rw- .bss
  200009b8    200009b8    00000400   00000000    rw- .sysmem
  20000db8    20000db8    00000310   00000000    rw- .data
2000fe00    2000fe00    00000200   00000000    rw-
  2000fe00    2000fe00    00000200   00000000    rw- .stack


SECTION ALLOCATION MAP

 output                                  attributes/
section   page    origin      length       input sections
--------  ----  ----------  ----------   ----------------
.intvecs   0    00000000    000000e4     
                  00000000    000000e4     startup_msp432p401r_ccs.obj (.intvecs:retain)

.text      0    000000e4    00006fac     
                  000000e4    00001848     SSD1306.obj (.text)
                  0000192c    000013e8     main.obj (.text)
                  00002d14    0000100c     AP.obj (.text)
                  00003d20    000009d0     rtsv7M4_T_le_v4SPD16_eabi.lib : e_pow.c.obj (.text:pow)
                  000046f0    000006cc     UART0.obj (.text)
                  00004dbc    00000334     system_msp432p401r.obj (.text)
                  000050f0    000001f0     Init_Ports.obj (.text)
                  000052e0    000001e0     Clock.obj (.text)
                  000054c0    000001b6     rtsv7M4_T_le_v4SPD16_eabi.lib : fd_add_t2.asm.obj (.text)
                  00005676    00000002                                   : _lock.c.obj (.text:_nop)
                  00005678    000001a8     Motor.obj (.text)
                  00005820    000001a4     UART1.obj (.text)
                  000059c4    00000158     rtsv7M4_T_le_v4SPD16_eabi.lib : e_sqrt.c.obj (.text:sqrt)
                  00005b1c    00000136                                   : fd_div_t2.asm.obj (.text)
                  00005c52    00000002     --HOLE-- [fill = 0]
                  00005c54    00000110                                   : fopen.c.obj (.text:_openfile)
                  00005d64    00000110                                   : s_scalbn.c.obj (.text:scalbn)
                  00005e74    00000100                                   : memory.c.obj (.text:aligned_alloc)
                  00005f74    000000fc                                   : fd_mul_t2.asm.obj (.text)
                  00006070    000000e4                                   : memory.c.obj (.text:free)
                  00006154    000000dc                                   : setvbuf.c.obj (.text:setvbuf)
                  00006230    000000c0     GPIO.obj (.text)
                  000062f0    000000bc     rtsv7M4_T_le_v4SPD16_eabi.lib : open.c.obj (.text:open)
                  000063ac    000000b8                                   : add_device.c.obj (.text:add_device)
                  00006464    0000009c                                   : fopen.c.obj (.text:fopen)
                  00006500    0000009c                                   : memcpy_t2.asm.obj (.text)
                  0000659c    00000086                                   : fd_cmp_t2.asm.obj (.text:__aeabi_cdcmple)
                  00006622    00000086                                   : fd_cmp_t2.asm.obj (.text:__aeabi_cdrcmple)
                  000066a8    00000084     Init_Timers.obj (.text)
                  0000672c    0000007a     rtsv7M4_T_le_v4SPD16_eabi.lib : memset_t2.asm.obj (.text)
                  000067a6    00000002     --HOLE-- [fill = 0]
                  000067a8    00000074                                   : fclose.c.obj (.text:__TI_closefile)
                  0000681c    00000070                                   : memory.c.obj (.text:split)
                  0000688c    0000006c                                   : hostrename.c.obj (.text:HOSTrename)
                  000068f8    00000068                                   : hostlseek.c.obj (.text:HOSTlseek)
                  00006960    00000068                                   : copy_decompress_lzss.c.obj (.text:decompress:lzss:__TI_decompress_lzss)
                  000069c8    00000060                                   : hostopen.c.obj (.text:HOSTopen)
                  00006a28    0000005c                                   : close.c.obj (.text:close)
                  00006a84    00000058                                   : hostread.c.obj (.text:HOSTread)
                  00006adc    00000058                                   : hostwrite.c.obj (.text:HOSTwrite)
                  00006b34    0000004c                                   : fflush.c.obj (.text:__TI_doflush)
                  00006b80    00000048                                   : exit.c.obj (.text:exit)
                  00006bc8    00000048                                   : fd_toi_t2.asm.obj (.text)
                  00006c10    00000044                                   : hostclose.c.obj (.text:HOSTclose)
                  00006c54    00000044                                   : hostunlink.c.obj (.text:HOSTunlink)
                  00006c98    00000044                                   : autoinit.c.obj (.text:__TI_auto_init_nobinit_nopinit:__TI_auto_init_nobinit_nopinit)
                  00006cdc    00000044                                   : getdevice.c.obj (.text:getdevice)
                  00006d20    00000044                                   : fd_tou_t2.asm.obj (.text)
                  00006d64    00000038                                   : trgmsg.c.obj (.text:__TI_writemsg)
                  00006d9c    00000036                                   : strncpy.c.obj (.text:strncpy)
                  00006dd2    00000002     --HOLE-- [fill = 0]
                  00006dd4    00000034                                   : fopen.c.obj (.text:__TI_cleanup)
                  00006e08    00000034                                   : trgmsg.c.obj (.text:__TI_readmsg)
                  00006e3c    00000034                                   : boot_cortex_m.c.obj (.text:_c_int00_noargs:_c_int00_noargs)
                  00006e70    00000034                                   : fopen.c.obj (.text:freopen)
                  00006ea4    00000030                                   : getdevice.c.obj (.text:finddevice)
                  00006ed4    0000002e                                   : i_tofd_t2.asm.obj (.text)
                  00006f02    00000002     --HOLE-- [fill = 0]
                  00006f04    0000002c                                   : unlink.c.obj (.text:unlink)
                  00006f30    00000028                                   : memory.c.obj (.text:free_list_insert)
                  00006f58    00000028                                   : write.c.obj (.text:write)
                  00006f80    00000024     CortexM.obj (.text)
                  00006fa4    00000020     rtsv7M4_T_le_v4SPD16_eabi.lib : u_tofd_t2.asm.obj (.text)
                  00006fc4    0000001c                                   : memory.c.obj (.text:free_list_remove)
                  00006fe0    0000001a                                   : s_copysign.c.obj (.text:copysign)
                  00006ffa    00000018                                   : strcmp.c.obj (.text:strcmp)
                  00007012    00000016                                   : strchr.c.obj (.text:strchr)
                  00007028    00000014                                   : strcpy.c.obj (.text:strcpy)
                  0000703c    00000014                                   : strlen.c.obj (.text:strlen)
                  00007050    0000000e                                   : copy_decompress_none.c.obj (.text:decompress:none:__TI_decompress_none)
                  0000705e    0000000e     startup_msp432p401r_ccs.obj (.text)
                  0000706c    0000000c     rtsv7M4_T_le_v4SPD16_eabi.lib : copy_zero_init.c.obj (.text:decompress:ZI:__TI_zero_init)
                  00007078    00000008                                   : errno.c.obj (.text:__aeabi_errno_addr)
                  00007080    00000008                                   : memory.c.obj (.text:malloc)
                  00007088    00000004                                   : pre_init.c.obj (.text:_system_pre_init)
                  0000708c    00000004                                   : exit.c.obj (.text:abort:abort)

.const     0    00007090    000002a4     
                  00007090    000001e0     SSD1306.obj (.const:ASCII)
                  00007270    00000030     rtsv7M4_T_le_v4SPD16_eabi.lib : e_pow.c.obj (.const:$O1$$)
                  000072a0    00000014     AP.obj (.const:.string:NPI_StartAdvertisement)
                  000072b4    00000011     AP.obj (.const:.string:NPI_SetAdvertisement1)
                  000072c5    00000009     AP.obj (.const:.string:HCI_EXT_ResetSystemCmd)
                  000072ce    00000008     SSD1306.obj (.const:.string:postmask)
                  000072d6    00000008     SSD1306.obj (.const:.string:premask)
                  000072de    00000006     AP.obj (.const:.string:NPI_GetStatus)
                  000072e4    00000006     AP.obj (.const:.string:NPI_GetVersion)
                  000072ea    00000006     AP.obj (.const:.string:NPI_Register)
                  000072f0    00000006     SSD1306.obj (.const:.string:init5)
                  000072f6    00000005     SSD1306.obj (.const:.string:dlist1)
                  000072fb    00000004     main.obj (.const:.string:dX)
                  000072ff    00000004     main.obj (.const:.string:dY)
                  00007303    00000004     main.obj (.const:.string:dx$2)
                  00007307    00000004     main.obj (.const:.string:dy$3)
                  0000730b    00000004     SSD1306.obj (.const:.string:init1)
                  0000730f    00000004     SSD1306.obj (.const:.string:init2)
                  00007313    00000004     SSD1306.obj (.const:.string:init3)
                  00007317    00000003     SSD1306.obj (.const:.string:init4b)
                  0000731a    00000003     SSD1306.obj (.const:.string:scrollList1b)
                  0000731d    00000003     SSD1306.obj (.const:.string:scrollList2b)
                  00007320    00000002     main.obj (.const:$P$T1$5)
                  00007322    00000002     main.obj (.const:$P$T3$6)
                  00007324    00000002     SSD1306.obj (.const:.string:scrollList1a)
                  00007326    00000002     SSD1306.obj (.const:.string:scrollList2a)
                  00007328    00000002     SSD1306.obj (.const:.string:scrollList3a)
                  0000732a    00000002     SSD1306.obj (.const:.string:scrollList3b)
                  0000732c    00000002     SSD1306.obj (.const:.string:scrollList3c)
                  0000732e    00000002     SSD1306.obj (.const:.string:scrollList4a)
                  00007330    00000002     SSD1306.obj (.const:.string:scrollList4b)
                  00007332    00000002     SSD1306.obj (.const:.string:scrollList4c)

.cinit     0    00007338    00000140     
                  00007338    0000011c     (.cinit..data.load) [load image, compression = lzss]
                  00007454    0000000c     (__TI_handler_table)
                  00007460    00000008     (.cinit..bss.load) [load image, compression = zero_init]
                  00007468    00000010     (__TI_cinit_table)

.init_array 
*          0    00000000    00000000     UNINITIALIZED

.binit     0    00000000    00000000     

.bss       0    20000000    000009b7     UNINITIALIZED
                  20000000    00000400     (.common:buffer)
                  20000400    00000120     rtsv7M4_T_le_v4SPD16_eabi.lib : trgmsg.c.obj (.bss:_CIOBUF_)
                  20000520    00000100     (.common:RxFIFO)
                  20000620    000000fc     main.obj (.bss:grid)
                  2000071c    000000a0     (.common:CharacteristicList)
                  200007bc    000000a0     (.common:__TI_tmpnams)
                  2000085c    00000080     (.common:RecvBuf)
                  200008dc    00000050     (.common:NotifyCharacteristicList)
                  2000092c    00000034     main.obj (.bss:openSet)
                  20000960    0000001c     main.obj (.bss:closed$1)
                  2000097c    00000008     (.common:Messageb)
                  20000984    00000008     (.common:parmbuf)
                  2000098c    00000004     (.common:Messageindexb)
                  20000990    00000004     (.common:NoSOFErr)
                  20000994    00000004     (.common:RxFifoLost)
                  20000998    00000004     (.common:RxGetI)
                  2000099c    00000004     (.common:RxPutI)
                  200009a0    00000004     (.common:TimeOutErr)
                  200009a4    00000004     (.common:fcserr)
                  200009a8    00000004     (.common:rotation)
                  200009ac    00000004     (.common:vccstate)
                  200009b0    00000002     main.obj (.bss)
                  200009b2    00000002     (.common:StartX)
                  200009b4    00000002     (.common:StartY)
                  200009b6    00000001     (.common:BLE_Cmd)

.sysmem    0    200009b8    00000400     UNINITIALIZED
                  200009b8    00000010     rtsv7M4_T_le_v4SPD16_eabi.lib : memory.c.obj (.sysmem)
                  200009c8    000003f0     --HOLE--

.data      0    20000db8    00000310     UNINITIALIZED
                  20000db8    000000f0     rtsv7M4_T_le_v4SPD16_eabi.lib : defs.c.obj (.data:_ftable)
                  20000ea8    00000078                                   : host_device.c.obj (.data:_device)
                  20000f20    00000050                                   : host_device.c.obj (.data:_stream)
                  20000f70    00000025     AP.obj (.data:NPI_SetAdvertisementData)
                  20000f95    00000022     AP.obj (.data:NPI_SetAdvertisementDataJacki)
                  20000fb7    00000020     AP.obj (.data:NPI_AddCharDescriptor)
                  20000fd7    0000001c     AP.obj (.data:NPI_GATTSetDeviceName)
                  20000ff3    00000019     main.obj (.data:visited$4)
                  2000100c    00000018     Clock.obj (.data)
                  20001024    00000015     AP.obj (.data:NPI_ReadConfirmation)
                  20001039    00000014     AP.obj (.data:NPI_SendNotificationIndication)
                  2000104d    00000003     main.obj (.data)
                  20001050    00000010     rtsv7M4_T_le_v4SPD16_eabi.lib : defs.c.obj (.data)
                  20001060    0000000e     AP.obj (.data:NPI_AddCharValue)
                  2000106e    00000002     --HOLE--
                  20001070    0000000c     rtsv7M4_T_le_v4SPD16_eabi.lib : exit.c.obj (.data:$O1$$)
                  2000107c    00000009     AP.obj (.data:NPI_AddService)
                  20001085    00000009     AP.obj (.data:NPI_CCCDUpdatedConfirmation)
                  2000108e    00000009     AP.obj (.data:NPI_WriteConfirmation)
                  20001097    00000001     --HOLE--
                  20001098    00000008     rtsv7M4_T_le_v4SPD16_eabi.lib : _lock.c.obj (.data:$O1$$)
                  200010a0    00000008                                   : memory.c.obj (.data:$O1$$)
                  200010a8    00000008     AP.obj (.data)
                  200010b0    00000004     SSD1306.obj (.data)
                  200010b4    00000004     rtsv7M4_T_le_v4SPD16_eabi.lib : add_device.c.obj (.data)
                  200010b8    00000004                                   : errno.c.obj (.data)
                  200010bc    00000004                                   : fopen.c.obj (.data)
                  200010c0    00000004                                   : open.c.obj (.data)
                  200010c4    00000004     system_msp432p401r.obj (.data)

.stack     0    2000fe00    00000200     UNINITIALIZED
                  2000fe00    00000004     rtsv7M4_T_le_v4SPD16_eabi.lib : boot_cortex_m.c.obj (.stack)
                  2000fe04    000001fc     --HOLE--

__llvm_prf_cnts 
*          0    20000000    00000000     UNINITIALIZED

MODULE SUMMARY

       Module                        code    ro data   rw data
       ------                        ----    -------   -------
    .\
       SSD1306.obj                   6216    544       2080   
       main.obj                      5096    20        726    
       AP.obj                        4108    64        1202   
       UART0.obj                     1740    0         24     
       UART1.obj                     420     0         536    
       system_msp432p401r.obj        820     0         8      
       Clock.obj                     480     0         48     
       Init_Ports.obj                496     0         0      
       Motor.obj                     424     0         0      
       startup_msp432p401r_ccs.obj   14      228       0      
       GPIO.obj                      192     0         0      
       Init_Timers.obj               132     0         0      
       CortexM.obj                   36      0         0      
    +--+-----------------------------+-------+---------+---------+
       Total:                        20174   856       4624   
                                                              
    C:\ti\ccs1271\ccs\tools\compiler\ti-cgt-arm_20.2.7.LTS\lib\rtsv7M4_T_le_v4SPD16_eabi.lib
       e_pow.c.obj                   2512    48        0      
       defs.c.obj                    0       0         832    
       memory.c.obj                  672     0         16     
       trgmsg.c.obj                  108     0         576    
       fopen.c.obj                   532     0         8      
       fd_add_t2.asm.obj             438     0         0      
       host_device.c.obj             0       0         400    
       e_sqrt.c.obj                  344     0         0      
       fd_div_t2.asm.obj             310     0         0      
       s_scalbn.c.obj                272     0         0      
       fd_cmp_t2.asm.obj             268     0         0      
       fd_mul_t2.asm.obj             252     0         0      
       setvbuf.c.obj                 220     0         0      
       open.c.obj                    188     0         8      
       add_device.c.obj              184     0         8      
       memcpy_t2.asm.obj             156     0         0      
       memset_t2.asm.obj             122     0         0      
       fclose.c.obj                  116     0         0      
       getdevice.c.obj               116     0         0      
       hostopen.c.obj                96      0         16     
       hostrename.c.obj              108     0         0      
       copy_decompress_lzss.c.obj    104     0         0      
       hostlseek.c.obj               104     0         0      
       exit.c.obj                    76      0         24     
       close.c.obj                   92      0         0      
       hostread.c.obj                88      0         0      
       hostwrite.c.obj               88      0         0      
       fflush.c.obj                  76      0         0      
       fd_toi_t2.asm.obj             72      0         0      
       autoinit.c.obj                68      0         0      
       fd_tou_t2.asm.obj             68      0         0      
       hostclose.c.obj               68      0         0      
       hostunlink.c.obj              68      0         0      
       strncpy.c.obj                 54      0         0      
       boot_cortex_m.c.obj           52      0         0      
       i_tofd_t2.asm.obj             46      0         0      
       unlink.c.obj                  44      0         0      
       write.c.obj                   40      0         0      
       u_tofd_t2.asm.obj             32      0         0      
       s_copysign.c.obj              26      0         0      
       strcmp.c.obj                  24      0         0      
       strchr.c.obj                  22      0         0      
       strcpy.c.obj                  20      0         0      
       strlen.c.obj                  20      0         0      
       _lock.c.obj                   2       0         16     
       errno.c.obj                   8       0         8      
       copy_decompress_none.c.obj    14      0         0      
       copy_zero_init.c.obj          12      0         0      
       pre_init.c.obj                4       0         0      
    +--+-----------------------------+-------+---------+---------+
       Total:                        8406    48        1912   
                                                              
       Heap:                         0       0         2048   
       Stack:                        0       0         1024   
       Linker Generated:             0       320       0      
    +--+-----------------------------+-------+---------+---------+
       Grand Total:                  28580   1224      9608   


LINKER GENERATED COPY TABLES

__TI_cinit_table @ 00007468 records: 2, size/record: 8, table size: 16
	.data: load addr=00007338, load size=0000011c bytes, run addr=20000db8, run size=00000310 bytes, compression=lzss
	.bss: load addr=00007460, load size=00000008 bytes, run addr=20000000, run size=000009b7 bytes, compression=zero_init


LINKER GENERATED HANDLER TABLE

__TI_handler_table @ 00007454 records: 3, size/record: 4, table size: 12
	index: 0, handler: __TI_decompress_lzss
	index: 1, handler: __TI_decompress_none
	index: 2, handler: __TI_zero_init


GLOBAL SYMBOLS: SORTED ALPHABETICALLY BY Name 

address   name                           
-------   ----                           
0000706b  ADC14_IRQHandler               
0000706b  AES256_IRQHandler              
00003375  AP_AddCharacteristic           
00003531  AP_AddNotifyCharacteristic     
0000331d  AP_AddService                  
00003a3d  AP_BackgroundProcess           
00002ebb  AP_EchoReceived                
00002e4f  AP_EchoSendMessage             
00003307  AP_GetNotifyCCCD               
00002e25  AP_GetSize                     
00003915  AP_GetStatus                   
00003951  AP_GetVersion                  
00002d3f  AP_Init                        
000030dd  AP_RecvMessage                 
000032b9  AP_RecvStatus                  
00003355  AP_RegisterService             
00002d15  AP_Reset                       
00002f41  AP_SendMessage                 
000032c7  AP_SendMessageResponse         
00003759  AP_SendNotification            
00003859  AP_StartAdvertisement          
000038ad  AP_StartAdvertisementJacki     
200009b6  BLE_Cmd                        
0000706b  BusFault_Handler               
0000708d  C$$EXIT                        
00006d93  C$$IO$$                        
0000706b  COMP_E0_IRQHandler             
0000706b  COMP_E1_IRQHandler             
20001014  CPMwait                        
0000706b  CS_IRQHandler                  
200010a8  CharacteristicCount            
2000071c  CharacteristicList             
2000100c  ClockFrequency                 
00005435  Clock_Delay1ms                 
0000540b  Clock_Delay1us                 
000053f7  Clock_GetFreq                  
000052e1  Clock_Init48MHz                
20001020  Crystalstable                  
200010b0  CurrentX                       
200010b2  CurrentY                       
0000706b  DMA_ERR_IRQHandler             
0000706b  DMA_INT0_IRQHandler            
0000706b  DMA_INT1_IRQHandler            
0000706b  DMA_INT2_IRQHandler            
0000706b  DMA_INT3_IRQHandler            
0000706b  DebugMon_Handler               
0000706b  Default_Handler                
00006f81  DisableInterrupts              
0000706b  EUSCIA0_IRQHandler             
0000706b  EUSCIA1_IRQHandler             
00005949  EUSCIA2_IRQHandler             
00005949  EUSCIA2_IRQHandler             
0000706b  EUSCIA3_IRQHandler             
0000706b  EUSCIB0_IRQHandler             
0000706b  EUSCIB1_IRQHandler             
0000706b  EUSCIB2_IRQHandler             
0000706b  EUSCIB3_IRQHandler             
00006f87  EnableInterrupts               
00006f97  EndCritical                    
0000706b  FLCTL_IRQHandler               
0000706b  FPU_IRQHandler                 
00006231  GPIO_Init                      
00001a87  GridInit                       
000072c5  HCI_EXT_ResetSystemCmd         
00006c11  HOSTclose                      
000068f9  HOSTlseek                      
000069c9  HOSTopen                       
00006a85  HOSTread                       
0000688d  HOSTrename                     
00006c55  HOSTunlink                     
00006add  HOSTwrite                      
0000706b  HardFault_Handler              
2000101c  IFlags                         
0000706b  MemManage_Handler              
2000097c  Messageb                       
2000098c  Messageindexb                  
000057b1  Motor_Backward                 
000056a7  Motor_Forward                  
00005759  Motor_Left                     
00005701  Motor_Right                    
00005679  Motor_Stop                     
0000706b  NMI_Handler                    
20000fb7  NPI_AddCharDescriptor          
20001060  NPI_AddCharValue               
2000107c  NPI_AddService                 
20001085  NPI_CCCDUpdatedConfirmation    
20000fd7  NPI_GATTSetDeviceName          
000072de  NPI_GetStatus                  
000072e4  NPI_GetVersion                 
20001024  NPI_ReadConfirmation           
000072ea  NPI_Register                   
20001039  NPI_SendNotificationIndication 
000072b4  NPI_SetAdvertisement1          
20000f70  NPI_SetAdvertisementData       
20000f95  NPI_SetAdvertisementDataJacki  
000072a0  NPI_StartAdvertisement         
2000108e  NPI_WriteConfirmation          
20000990  NoSOFErr                       
200010ac  NotifyCharacteristicCount      
200008dc  NotifyCharacteristicList       
0000706b  PCM_IRQHandler                 
0000706b  PORT1_IRQHandler               
0000706b  PORT2_IRQHandler               
0000706b  PORT3_IRQHandler               
0000706b  PORT4_IRQHandler               
0000706b  PORT5_IRQHandler               
0000706b  PORT6_IRQHandler               
0000706b  PSS_IRQHandler                 
0000706b  PendSV_Handler                 
00005261  Port10_Init                    
000050f1  Port1_Init                     
00005125  Port2_Init                     
00005177  Port3_Init                     
000051a1  Port4_Init                     
000051d5  Port5_Init                     
000051ff  Port6_Init                     
0000523d  Port7_Init                     
0000523f  Port8_Init                     
00005241  Port9_Init                     
00005263  PortJ_Init                     
20001018  Postwait                       
20001010  Prewait                        
0000706b  RTC_C_IRQHandler               
2000085c  RecvBuf                        
0000705f  Reset_Handler                  
20000520  RxFIFO                         
20000994  RxFifoLost                     
00005879  RxFifo_Get                     
00005821  RxFifo_Init                    
00005833  RxFifo_Put                     
20000998  RxGetI                         
2000099c  RxPutI                         
0000054d  SSD1306_Clear                  
0000050d  SSD1306_ClearBuffer            
00000f69  SSD1306_Dim                    
00000e23  SSD1306_DisplayBuffer          
0000040d  SSD1306_DrawChar               
000007e5  SSD1306_DrawFastHLine          
00000a09  SSD1306_DrawFastVLine          
000005a1  SSD1306_DrawFullImage          
00000293  SSD1306_DrawPixel              
000004c1  SSD1306_DrawString             
00000e1f  SSD1306_GetBuffer              
00000d21  SSD1306_GetPixel               
0000018d  SSD1306_Init                   
00000f53  SSD1306_InvertDisplay          
00001015  SSD1306_OutChar                
000017cf  SSD1306_OutHex7                
00001381  SSD1306_OutSDec                
000016e1  SSD1306_OutSFix1               
0000113b  SSD1306_OutString              
00001195  SSD1306_OutUDec                
00001835  SSD1306_OutUDec16              
000018cd  SSD1306_OutUDec2               
0000164d  SSD1306_OutUFix1               
00001805  SSD1306_OutUHex7               
00000605  SSD1306_PrintBMP               
00000f9b  SSD1306_SetCursor              
000008f7  SSD1306_drawFastHLineInternal  
00000b21  SSD1306_drawFastVLineInternal  
00000f09  SSD1306_startscrolldiagleft    
00000ec5  SSD1306_startscrolldiagright   
00000e8f  SSD1306_startscrollleft        
00000e5d  SSD1306_startscrollright       
00000f49  SSD1306_stopscroll             
0000706b  SVC_Handler                    
00001aeb  Servo                          
00001acd  ServoInit                      
00006f8d  StartCritical                  
200009b2  StartX                         
200009b4  StartY                         
0000706b  SysTick_Handler                
200010c4  SystemCoreClock                
00004dbd  SystemCoreClockUpdate          
00005035  SystemInit                     
0000706b  T32_INT1_IRQHandler            
0000706b  T32_INT2_IRQHandler            
0000706b  T32_INTC_IRQHandler            
0000706b  TA0_0_IRQHandler               
0000706b  TA0_N_IRQHandler               
0000706b  TA1_0_IRQHandler               
0000706b  TA1_N_IRQHandler               
0000706b  TA2_0_IRQHandler               
0000706b  TA2_N_IRQHandler               
0000706b  TA3_0_IRQHandler               
0000706b  TA3_N_IRQHandler               
200009a0  TimeOutErr                     
000066a9  TimerA0_Init                   
000066dd  TimerA1_Init                   
000066df  TimerA2_Init                   
000066e7  TimerA3_Init                   
00004737  UART0_InChar                   
00004bd1  UART0_InString                 
00004781  UART0_InUDec                   
00004a85  UART0_InUHex                   
000046f1  UART0_Init                     
00004d31  UART0_Initprintf               
00004747  UART0_OutChar                  
00004839  UART0_OutSDec                  
00004763  UART0_OutString                
00004805  UART0_OutUDec                  
0000497f  UART0_OutUDec4                 
000049d9  UART0_OutUDec5                 
00004a11  UART0_OutUFix1                 
00004a39  UART0_OutUFix2                 
00004b49  UART0_OutUHex                  
00004bb5  UART0_OutUHex2                 
0000597d  UART1_FinishOutput             
0000591b  UART1_InChar                   
000058af  UART1_InStatus                 
000058bf  UART1_Init                     
0000592d  UART1_OutChar                  
0000595f  UART1_OutString                
0000706b  UsageFault_Handler             
4000480c  WDTCTL_SYM                     
0000706b  WDT_A_IRQHandler               
00006f9f  WaitForInterrupt               
00001bcf  WriteByteCmd                   
20000400  __CIOBUF_                      
20010000  __STACK_END                    
00000200  __STACK_SIZE                   
00000400  __SYSMEM_SIZE                  
00007468  __TI_CINIT_Base                
00007478  __TI_CINIT_Limit               
00007454  __TI_Handler_Table_Base        
00007460  __TI_Handler_Table_Limit       
00006c99  __TI_auto_init_nobinit_nopinit 
00006dd5  __TI_cleanup                   
20001070  __TI_cleanup_ptr               
000067a9  __TI_closefile                 
00006961  __TI_decompress_lzss           
00007051  __TI_decompress_none           
00006b35  __TI_doflush                   
20001074  __TI_dtors_ptr                 
20001078  __TI_enable_exit_profile_output
20001050  __TI_ft_end                    
ffffffff  __TI_pprof_out_hndl            
ffffffff  __TI_prof_data_size            
ffffffff  __TI_prof_data_start           
00006e09  __TI_readmsg                   
00000000  __TI_static_base__             
200007bc  __TI_tmpnams                   
00006d65  __TI_writemsg                  
0000706d  __TI_zero_init                 
0000659d  __aeabi_cdcmpeq                
0000659d  __aeabi_cdcmple                
00006623  __aeabi_cdrcmple               
00006bc9  __aeabi_d2iz                   
00006d21  __aeabi_d2uiz                  
000054cb  __aeabi_dadd                   
00005b1d  __aeabi_ddiv                   
00005f75  __aeabi_dmul                   
000054c1  __aeabi_dsub                   
00007079  __aeabi_errno_addr             
00006ed5  __aeabi_i2d                    
0000672d  __aeabi_memclr                 
0000672d  __aeabi_memclr4                
0000672d  __aeabi_memclr8                
00006501  __aeabi_memcpy                 
00006501  __aeabi_memcpy4                
00006501  __aeabi_memcpy8                
0000672f  __aeabi_memset                 
0000672f  __aeabi_memset4                
0000672f  __aeabi_memset8                
2000105c  __aeabi_stderr                 
20001054  __aeabi_stdin                  
20001058  __aeabi_stdout                 
00006fa5  __aeabi_ui2d                   
ffffffff  __binit__                      
ffffffff  __c_args__                     
UNDEFED   __mpu_init                     
2000fe00  __stack                        
20000000  __start___llvm_prf_cnts        
20000000  __stop___llvm_prf_cnts         
00006e3d  _c_int00_noargs                
20000ea8  _device                        
20000db8  _ftable                        
20001098  _lock                          
00005677  _nop                           
20000f20  _stream                        
200009b8  _sys_memory                    
UNDEFED   _system_post_cinit             
00007089  _system_pre_init               
2000109c  _unlock                        
0000708d  abort                          
000063ad  add_device                     
00005e75  aligned_alloc                  
ffffffff  binit                          
20000000  buffer                         
00006a29  close                          
00006fe1  copysign                       
00006fe1  copysignl                      
000053fd  delay                          
00001b0f  distanceInCm                   
200010b8  errno                          
00006b81  exit                           
200009a4  fcserr                         
00004c6b  ferror                         
00004c4b  fgetc                          
00006ea5  finddevice                     
00006465  fopen                          
00006071  free                           
00006e71  freopen                        
00006cdd  getdevice                      
00000000  interruptVectors               
00005d65  ldexp                          
00005d65  ldexpl                         
00002b4d  main                           
00007081  malloc                         
00005e75  memalign                       
00006501  memcpy                         
00006735  memset                         
000062f1  open                           
00004b8d  outnibble                      
20000984  parmbuf                        
00003d21  pow                            
00003d21  powl                           
00001b5b  pulseIn                        
00006f05  remove                         
200009a8  rotation                       
00005d65  scalbn                         
00005d65  scalbnl                        
00006155  setvbuf                        
000059c5  sqrt                           
000059c5  sqrtl                          
00000115  ssd1306_Testcommandwrite       
00000145  ssd1306_command                
00000155  ssd1306_command1               
00000165  ssd1306_commandList            
00007013  strchr                         
00006ffb  strcmp                         
00007029  strcpy                         
0000703d  strlen                         
00006d9d  strncpy                        
00004c89  uart_close                     
00004d07  uart_lseek                     
00004c79  uart_open                      
00004c9b  uart_read                      
00004d23  uart_rename                    
00004d17  uart_unlink                    
00004cc5  uart_write                     
00006f05  unlink                         
200009ac  vccstate                       
00006f59  write                          


GLOBAL SYMBOLS: SORTED BY Symbol Address 

address   name                           
-------   ----                           
00000000  __TI_static_base__             
00000000  interruptVectors               
00000115  ssd1306_Testcommandwrite       
00000145  ssd1306_command                
00000155  ssd1306_command1               
00000165  ssd1306_commandList            
0000018d  SSD1306_Init                   
00000200  __STACK_SIZE                   
00000293  SSD1306_DrawPixel              
00000400  __SYSMEM_SIZE                  
0000040d  SSD1306_DrawChar               
000004c1  SSD1306_DrawString             
0000050d  SSD1306_ClearBuffer            
0000054d  SSD1306_Clear                  
000005a1  SSD1306_DrawFullImage          
00000605  SSD1306_PrintBMP               
000007e5  SSD1306_DrawFastHLine          
000008f7  SSD1306_drawFastHLineInternal  
00000a09  SSD1306_DrawFastVLine          
00000b21  SSD1306_drawFastVLineInternal  
00000d21  SSD1306_GetPixel               
00000e1f  SSD1306_GetBuffer              
00000e23  SSD1306_DisplayBuffer          
00000e5d  SSD1306_startscrollright       
00000e8f  SSD1306_startscrollleft        
00000ec5  SSD1306_startscrolldiagright   
00000f09  SSD1306_startscrolldiagleft    
00000f49  SSD1306_stopscroll             
00000f53  SSD1306_InvertDisplay          
00000f69  SSD1306_Dim                    
00000f9b  SSD1306_SetCursor              
00001015  SSD1306_OutChar                
0000113b  SSD1306_OutString              
00001195  SSD1306_OutUDec                
00001381  SSD1306_OutSDec                
0000164d  SSD1306_OutUFix1               
000016e1  SSD1306_OutSFix1               
000017cf  SSD1306_OutHex7                
00001805  SSD1306_OutUHex7               
00001835  SSD1306_OutUDec16              
000018cd  SSD1306_OutUDec2               
00001a87  GridInit                       
00001acd  ServoInit                      
00001aeb  Servo                          
00001b0f  distanceInCm                   
00001b5b  pulseIn                        
00001bcf  WriteByteCmd                   
00002b4d  main                           
00002d15  AP_Reset                       
00002d3f  AP_Init                        
00002e25  AP_GetSize                     
00002e4f  AP_EchoSendMessage             
00002ebb  AP_EchoReceived                
00002f41  AP_SendMessage                 
000030dd  AP_RecvMessage                 
000032b9  AP_RecvStatus                  
000032c7  AP_SendMessageResponse         
00003307  AP_GetNotifyCCCD               
0000331d  AP_AddService                  
00003355  AP_RegisterService             
00003375  AP_AddCharacteristic           
00003531  AP_AddNotifyCharacteristic     
00003759  AP_SendNotification            
00003859  AP_StartAdvertisement          
000038ad  AP_StartAdvertisementJacki     
00003915  AP_GetStatus                   
00003951  AP_GetVersion                  
00003a3d  AP_BackgroundProcess           
00003d21  pow                            
00003d21  powl                           
000046f1  UART0_Init                     
00004737  UART0_InChar                   
00004747  UART0_OutChar                  
00004763  UART0_OutString                
00004781  UART0_InUDec                   
00004805  UART0_OutUDec                  
00004839  UART0_OutSDec                  
0000497f  UART0_OutUDec4                 
000049d9  UART0_OutUDec5                 
00004a11  UART0_OutUFix1                 
00004a39  UART0_OutUFix2                 
00004a85  UART0_InUHex                   
00004b49  UART0_OutUHex                  
00004b8d  outnibble                      
00004bb5  UART0_OutUHex2                 
00004bd1  UART0_InString                 
00004c4b  fgetc                          
00004c6b  ferror                         
00004c79  uart_open                      
00004c89  uart_close                     
00004c9b  uart_read                      
00004cc5  uart_write                     
00004d07  uart_lseek                     
00004d17  uart_unlink                    
00004d23  uart_rename                    
00004d31  UART0_Initprintf               
00004dbd  SystemCoreClockUpdate          
00005035  SystemInit                     
000050f1  Port1_Init                     
00005125  Port2_Init                     
00005177  Port3_Init                     
000051a1  Port4_Init                     
000051d5  Port5_Init                     
000051ff  Port6_Init                     
0000523d  Port7_Init                     
0000523f  Port8_Init                     
00005241  Port9_Init                     
00005261  Port10_Init                    
00005263  PortJ_Init                     
000052e1  Clock_Init48MHz                
000053f7  Clock_GetFreq                  
000053fd  delay                          
0000540b  Clock_Delay1us                 
00005435  Clock_Delay1ms                 
000054c1  __aeabi_dsub                   
000054cb  __aeabi_dadd                   
00005677  _nop                           
00005679  Motor_Stop                     
000056a7  Motor_Forward                  
00005701  Motor_Right                    
00005759  Motor_Left                     
000057b1  Motor_Backward                 
00005821  RxFifo_Init                    
00005833  RxFifo_Put                     
00005879  RxFifo_Get                     
000058af  UART1_InStatus                 
000058bf  UART1_Init                     
0000591b  UART1_InChar                   
0000592d  UART1_OutChar                  
00005949  EUSCIA2_IRQHandler             
00005949  EUSCIA2_IRQHandler             
0000595f  UART1_OutString                
0000597d  UART1_FinishOutput             
000059c5  sqrt                           
000059c5  sqrtl                          
00005b1d  __aeabi_ddiv                   
00005d65  ldexp                          
00005d65  ldexpl                         
00005d65  scalbn                         
00005d65  scalbnl                        
00005e75  aligned_alloc                  
00005e75  memalign                       
00005f75  __aeabi_dmul                   
00006071  free                           
00006155  setvbuf                        
00006231  GPIO_Init                      
000062f1  open                           
000063ad  add_device                     
00006465  fopen                          
00006501  __aeabi_memcpy                 
00006501  __aeabi_memcpy4                
00006501  __aeabi_memcpy8                
00006501  memcpy                         
0000659d  __aeabi_cdcmpeq                
0000659d  __aeabi_cdcmple                
00006623  __aeabi_cdrcmple               
000066a9  TimerA0_Init                   
000066dd  TimerA1_Init                   
000066df  TimerA2_Init                   
000066e7  TimerA3_Init                   
0000672d  __aeabi_memclr                 
0000672d  __aeabi_memclr4                
0000672d  __aeabi_memclr8                
0000672f  __aeabi_memset                 
0000672f  __aeabi_memset4                
0000672f  __aeabi_memset8                
00006735  memset                         
000067a9  __TI_closefile                 
0000688d  HOSTrename                     
000068f9  HOSTlseek                      
00006961  __TI_decompress_lzss           
000069c9  HOSTopen                       
00006a29  close                          
00006a85  HOSTread                       
00006add  HOSTwrite                      
00006b35  __TI_doflush                   
00006b81  exit                           
00006bc9  __aeabi_d2iz                   
00006c11  HOSTclose                      
00006c55  HOSTunlink                     
00006c99  __TI_auto_init_nobinit_nopinit 
00006cdd  getdevice                      
00006d21  __aeabi_d2uiz                  
00006d65  __TI_writemsg                  
00006d93  C$$IO$$                        
00006d9d  strncpy                        
00006dd5  __TI_cleanup                   
00006e09  __TI_readmsg                   
00006e3d  _c_int00_noargs                
00006e71  freopen                        
00006ea5  finddevice                     
00006ed5  __aeabi_i2d                    
00006f05  remove                         
00006f05  unlink                         
00006f59  write                          
00006f81  DisableInterrupts              
00006f87  EnableInterrupts               
00006f8d  StartCritical                  
00006f97  EndCritical                    
00006f9f  WaitForInterrupt               
00006fa5  __aeabi_ui2d                   
00006fe1  copysign                       
00006fe1  copysignl                      
00006ffb  strcmp                         
00007013  strchr                         
00007029  strcpy                         
0000703d  strlen                         
00007051  __TI_decompress_none           
0000705f  Reset_Handler                  
0000706b  ADC14_IRQHandler               
0000706b  AES256_IRQHandler              
0000706b  BusFault_Handler               
0000706b  COMP_E0_IRQHandler             
0000706b  COMP_E1_IRQHandler             
0000706b  CS_IRQHandler                  
0000706b  DMA_ERR_IRQHandler             
0000706b  DMA_INT0_IRQHandler            
0000706b  DMA_INT1_IRQHandler            
0000706b  DMA_INT2_IRQHandler            
0000706b  DMA_INT3_IRQHandler            
0000706b  DebugMon_Handler               
0000706b  Default_Handler                
0000706b  EUSCIA0_IRQHandler             
0000706b  EUSCIA1_IRQHandler             
0000706b  EUSCIA3_IRQHandler             
0000706b  EUSCIB0_IRQHandler             
0000706b  EUSCIB1_IRQHandler             
0000706b  EUSCIB2_IRQHandler             
0000706b  EUSCIB3_IRQHandler             
0000706b  FLCTL_IRQHandler               
0000706b  FPU_IRQHandler                 
0000706b  HardFault_Handler              
0000706b  MemManage_Handler              
0000706b  NMI_Handler                    
0000706b  PCM_IRQHandler                 
0000706b  PORT1_IRQHandler               
0000706b  PORT2_IRQHandler               
0000706b  PORT3_IRQHandler               
0000706b  PORT4_IRQHandler               
0000706b  PORT5_IRQHandler               
0000706b  PORT6_IRQHandler               
0000706b  PSS_IRQHandler                 
0000706b  PendSV_Handler                 
0000706b  RTC_C_IRQHandler               
0000706b  SVC_Handler                    
0000706b  SysTick_Handler                
0000706b  T32_INT1_IRQHandler            
0000706b  T32_INT2_IRQHandler            
0000706b  T32_INTC_IRQHandler            
0000706b  TA0_0_IRQHandler               
0000706b  TA0_N_IRQHandler               
0000706b  TA1_0_IRQHandler               
0000706b  TA1_N_IRQHandler               
0000706b  TA2_0_IRQHandler               
0000706b  TA2_N_IRQHandler               
0000706b  TA3_0_IRQHandler               
0000706b  TA3_N_IRQHandler               
0000706b  UsageFault_Handler             
0000706b  WDT_A_IRQHandler               
0000706d  __TI_zero_init                 
00007079  __aeabi_errno_addr             
00007081  malloc                         
00007089  _system_pre_init               
0000708d  C$$EXIT                        
0000708d  abort                          
000072a0  NPI_StartAdvertisement         
000072b4  NPI_SetAdvertisement1          
000072c5  HCI_EXT_ResetSystemCmd         
000072de  NPI_GetStatus                  
000072e4  NPI_GetVersion                 
000072ea  NPI_Register                   
00007454  __TI_Handler_Table_Base        
00007460  __TI_Handler_Table_Limit       
00007468  __TI_CINIT_Base                
00007478  __TI_CINIT_Limit               
20000000  __start___llvm_prf_cnts        
20000000  __stop___llvm_prf_cnts         
20000000  buffer                         
20000400  __CIOBUF_                      
20000520  RxFIFO                         
2000071c  CharacteristicList             
200007bc  __TI_tmpnams                   
2000085c  RecvBuf                        
200008dc  NotifyCharacteristicList       
2000097c  Messageb                       
20000984  parmbuf                        
2000098c  Messageindexb                  
20000990  NoSOFErr                       
20000994  RxFifoLost                     
20000998  RxGetI                         
2000099c  RxPutI                         
200009a0  TimeOutErr                     
200009a4  fcserr                         
200009a8  rotation                       
200009ac  vccstate                       
200009b2  StartX                         
200009b4  StartY                         
200009b6  BLE_Cmd                        
200009b8  _sys_memory                    
20000db8  _ftable                        
20000ea8  _device                        
20000f20  _stream                        
20000f70  NPI_SetAdvertisementData       
20000f95  NPI_SetAdvertisementDataJacki  
20000fb7  NPI_AddCharDescriptor          
20000fd7  NPI_GATTSetDeviceName          
2000100c  ClockFrequency                 
20001010  Prewait                        
20001014  CPMwait                        
20001018  Postwait                       
2000101c  IFlags                         
20001020  Crystalstable                  
20001024  NPI_ReadConfirmation           
20001039  NPI_SendNotificationIndication 
20001050  __TI_ft_end                    
20001054  __aeabi_stdin                  
20001058  __aeabi_stdout                 
2000105c  __aeabi_stderr                 
20001060  NPI_AddCharValue               
20001070  __TI_cleanup_ptr               
20001074  __TI_dtors_ptr                 
20001078  __TI_enable_exit_profile_output
2000107c  NPI_AddService                 
20001085  NPI_CCCDUpdatedConfirmation    
2000108e  NPI_WriteConfirmation          
20001098  _lock                          
2000109c  _unlock                        
200010a8  CharacteristicCount            
200010ac  NotifyCharacteristicCount      
200010b0  CurrentX                       
200010b2  CurrentY                       
200010b8  errno                          
200010c4  SystemCoreClock                
2000fe00  __stack                        
20010000  __STACK_END                    
4000480c  WDTCTL_SYM                     
ffffffff  __TI_pprof_out_hndl            
ffffffff  __TI_prof_data_size            
ffffffff  __TI_prof_data_start           
ffffffff  __binit__                      
ffffffff  __c_args__                     
ffffffff  binit                          
UNDEFED   __mpu_init                     
UNDEFED   _system_post_cinit             

[344 symbols]
