******************************************************************************
                  TI ARM Linker PC v20.2.7                     
******************************************************************************
>> Linked Mon Apr 21 15:15:00 2025

OUTPUT FILE NAME:   <Final Project.out>
ENTRY POINT SYMBOL: "_c_int00_noargs"  address: 00006fb9


MEMORY CONFIGURATION

         name            origin    length      used     unused   attr    fill
----------------------  --------  ---------  --------  --------  ----  --------
  MAIN                  00000000   00040000  000075f0  00038a10  R  X
  INFO                  00200000   00004000  00000000  00004000  R  X
  SRAM_CODE             01000000   00010000  000012c7  0000ed39  RW X
  SRAM_DATA             20000000   00010000  000012c7  0000ed39  RW  


SEGMENT ALLOCATION MAP

run origin  load origin   length   init length attrs members
----------  ----------- ---------- ----------- ----- -------
00000000    00000000    000075f8   000075f8    r-x
  00000000    00000000    000000e4   000000e4    r-- .intvecs
  000000e4    000000e4    00007128   00007128    r-x .text
  00007210    00007210    000002a4   000002a4    r-- .const
  000074b8    000074b8    00000140   00000140    r-- .cinit
20000000    20000000    000010c8   00000000    rw-
  20000000    20000000    000009b7   00000000    rw- .bss
  200009b8    200009b8    00000400   00000000    rw- .sysmem
  20000db8    20000db8    00000310   00000000    rw- .data
2000fe00    2000fe00    00000200   00000000    rw-
  2000fe00    2000fe00    00000200   00000000    rw- .stack


SECTION ALLOCATION MAP

 output                                  attributes/
section   page    origin      length       input sections
--------  ----  ----------  ----------   ----------------
.intvecs   0    00000000    000000e4     
                  00000000    000000e4     startup_msp432p401r_ccs.obj (.intvecs:retain)

.text      0    000000e4    00007128     
                  000000e4    00001848     SSD1306.obj (.text)
                  0000192c    00001564     main.obj (.text)
                  00002e90    0000100c     AP.obj (.text)
                  00003e9c    000009d0     rtsv7M4_T_le_v4SPD16_eabi.lib : e_pow.c.obj (.text:pow)
                  0000486c    000006cc     UART0.obj (.text)
                  00004f38    00000334     system_msp432p401r.obj (.text)
                  0000526c    000001f0     Init_Ports.obj (.text)
                  0000545c    000001e0     Clock.obj (.text)
                  0000563c    000001b6     rtsv7M4_T_le_v4SPD16_eabi.lib : fd_add_t2.asm.obj (.text)
                  000057f2    00000002                                   : _lock.c.obj (.text:_nop)
                  000057f4    000001a8     Motor.obj (.text)
                  0000599c    000001a4     UART1.obj (.text)
                  00005b40    00000158     rtsv7M4_T_le_v4SPD16_eabi.lib : e_sqrt.c.obj (.text:sqrt)
                  00005c98    00000136                                   : fd_div_t2.asm.obj (.text)
                  00005dce    00000002     --HOLE-- [fill = 0]
                  00005dd0    00000110                                   : fopen.c.obj (.text:_openfile)
                  00005ee0    00000110                                   : s_scalbn.c.obj (.text:scalbn)
                  00005ff0    00000100                                   : memory.c.obj (.text:aligned_alloc)
                  000060f0    000000fc                                   : fd_mul_t2.asm.obj (.text)
                  000061ec    000000e4                                   : memory.c.obj (.text:free)
                  000062d0    000000dc                                   : setvbuf.c.obj (.text:setvbuf)
                  000063ac    000000c0     GPIO.obj (.text)
                  0000646c    000000bc     rtsv7M4_T_le_v4SPD16_eabi.lib : open.c.obj (.text:open)
                  00006528    000000b8                                   : add_device.c.obj (.text:add_device)
                  000065e0    0000009c                                   : fopen.c.obj (.text:fopen)
                  0000667c    0000009c                                   : memcpy_t2.asm.obj (.text)
                  00006718    00000086                                   : fd_cmp_t2.asm.obj (.text:__aeabi_cdcmple)
                  0000679e    00000086                                   : fd_cmp_t2.asm.obj (.text:__aeabi_cdrcmple)
                  00006824    00000084     Init_Timers.obj (.text)
                  000068a8    0000007a     rtsv7M4_T_le_v4SPD16_eabi.lib : memset_t2.asm.obj (.text)
                  00006922    00000002     --HOLE-- [fill = 0]
                  00006924    00000074                                   : fclose.c.obj (.text:__TI_closefile)
                  00006998    00000070                                   : memory.c.obj (.text:split)
                  00006a08    0000006c                                   : hostrename.c.obj (.text:HOSTrename)
                  00006a74    00000068                                   : hostlseek.c.obj (.text:HOSTlseek)
                  00006adc    00000068                                   : copy_decompress_lzss.c.obj (.text:decompress:lzss:__TI_decompress_lzss)
                  00006b44    00000060                                   : hostopen.c.obj (.text:HOSTopen)
                  00006ba4    0000005c                                   : close.c.obj (.text:close)
                  00006c00    00000058                                   : hostread.c.obj (.text:HOSTread)
                  00006c58    00000058                                   : hostwrite.c.obj (.text:HOSTwrite)
                  00006cb0    0000004c                                   : fflush.c.obj (.text:__TI_doflush)
                  00006cfc    00000048                                   : exit.c.obj (.text:exit)
                  00006d44    00000048                                   : fd_toi_t2.asm.obj (.text)
                  00006d8c    00000044                                   : hostclose.c.obj (.text:HOSTclose)
                  00006dd0    00000044                                   : hostunlink.c.obj (.text:HOSTunlink)
                  00006e14    00000044                                   : autoinit.c.obj (.text:__TI_auto_init_nobinit_nopinit:__TI_auto_init_nobinit_nopinit)
                  00006e58    00000044                                   : getdevice.c.obj (.text:getdevice)
                  00006e9c    00000044                                   : fd_tou_t2.asm.obj (.text)
                  00006ee0    00000038                                   : trgmsg.c.obj (.text:__TI_writemsg)
                  00006f18    00000036                                   : strncpy.c.obj (.text:strncpy)
                  00006f4e    00000002     --HOLE-- [fill = 0]
                  00006f50    00000034                                   : fopen.c.obj (.text:__TI_cleanup)
                  00006f84    00000034                                   : trgmsg.c.obj (.text:__TI_readmsg)
                  00006fb8    00000034                                   : boot_cortex_m.c.obj (.text:_c_int00_noargs:_c_int00_noargs)
                  00006fec    00000034                                   : fopen.c.obj (.text:freopen)
                  00007020    00000030                                   : getdevice.c.obj (.text:finddevice)
                  00007050    0000002e                                   : i_tofd_t2.asm.obj (.text)
                  0000707e    00000002     --HOLE-- [fill = 0]
                  00007080    0000002c                                   : unlink.c.obj (.text:unlink)
                  000070ac    00000028                                   : memory.c.obj (.text:free_list_insert)
                  000070d4    00000028                                   : write.c.obj (.text:write)
                  000070fc    00000024     CortexM.obj (.text)
                  00007120    00000020     rtsv7M4_T_le_v4SPD16_eabi.lib : u_tofd_t2.asm.obj (.text)
                  00007140    0000001c                                   : memory.c.obj (.text:free_list_remove)
                  0000715c    0000001a                                   : s_copysign.c.obj (.text:copysign)
                  00007176    00000018                                   : strcmp.c.obj (.text:strcmp)
                  0000718e    00000016                                   : strchr.c.obj (.text:strchr)
                  000071a4    00000014                                   : strcpy.c.obj (.text:strcpy)
                  000071b8    00000014                                   : strlen.c.obj (.text:strlen)
                  000071cc    0000000e                                   : copy_decompress_none.c.obj (.text:decompress:none:__TI_decompress_none)
                  000071da    0000000e     startup_msp432p401r_ccs.obj (.text)
                  000071e8    0000000c     rtsv7M4_T_le_v4SPD16_eabi.lib : copy_zero_init.c.obj (.text:decompress:ZI:__TI_zero_init)
                  000071f4    00000008                                   : errno.c.obj (.text:__aeabi_errno_addr)
                  000071fc    00000008                                   : memory.c.obj (.text:malloc)
                  00007204    00000004                                   : pre_init.c.obj (.text:_system_pre_init)
                  00007208    00000004                                   : exit.c.obj (.text:abort:abort)

.const     0    00007210    000002a4     
                  00007210    000001e0     SSD1306.obj (.const:ASCII)
                  000073f0    00000030     rtsv7M4_T_le_v4SPD16_eabi.lib : e_pow.c.obj (.const:$O1$$)
                  00007420    00000014     AP.obj (.const:.string:NPI_StartAdvertisement)
                  00007434    00000011     AP.obj (.const:.string:NPI_SetAdvertisement1)
                  00007445    00000009     AP.obj (.const:.string:HCI_EXT_ResetSystemCmd)
                  0000744e    00000008     SSD1306.obj (.const:.string:postmask)
                  00007456    00000008     SSD1306.obj (.const:.string:premask)
                  0000745e    00000006     AP.obj (.const:.string:NPI_GetStatus)
                  00007464    00000006     AP.obj (.const:.string:NPI_GetVersion)
                  0000746a    00000006     AP.obj (.const:.string:NPI_Register)
                  00007470    00000006     SSD1306.obj (.const:.string:init5)
                  00007476    00000005     SSD1306.obj (.const:.string:dlist1)
                  0000747b    00000004     main.obj (.const:.string:$P$T0$2)
                  0000747f    00000004     main.obj (.const:.string:$P$T1$3)
                  00007483    00000004     main.obj (.const:.string:dX)
                  00007487    00000004     main.obj (.const:.string:dY)
                  0000748b    00000004     SSD1306.obj (.const:.string:init1)
                  0000748f    00000004     SSD1306.obj (.const:.string:init2)
                  00007493    00000004     SSD1306.obj (.const:.string:init3)
                  00007497    00000003     SSD1306.obj (.const:.string:init4b)
                  0000749a    00000003     SSD1306.obj (.const:.string:scrollList1b)
                  0000749d    00000003     SSD1306.obj (.const:.string:scrollList2b)
                  000074a0    00000002     main.obj (.const:$P$T3$5)
                  000074a2    00000002     main.obj (.const:$P$T7$6)
                  000074a4    00000002     SSD1306.obj (.const:.string:scrollList1a)
                  000074a6    00000002     SSD1306.obj (.const:.string:scrollList2a)
                  000074a8    00000002     SSD1306.obj (.const:.string:scrollList3a)
                  000074aa    00000002     SSD1306.obj (.const:.string:scrollList3b)
                  000074ac    00000002     SSD1306.obj (.const:.string:scrollList3c)
                  000074ae    00000002     SSD1306.obj (.const:.string:scrollList4a)
                  000074b0    00000002     SSD1306.obj (.const:.string:scrollList4b)
                  000074b2    00000002     SSD1306.obj (.const:.string:scrollList4c)

.cinit     0    000074b8    00000140     
                  000074b8    0000011a     (.cinit..data.load) [load image, compression = lzss]
                  000075d2    00000002     --HOLE-- [fill = 0]
                  000075d4    0000000c     (__TI_handler_table)
                  000075e0    00000008     (.cinit..bss.load) [load image, compression = zero_init]
                  000075e8    00000010     (__TI_cinit_table)

.init_array 
*          0    00000000    00000000     UNINITIALIZED

.binit     0    00000000    00000000     

.bss       0    20000000    000009b7     UNINITIALIZED
                  20000000    00000400     (.common:buffer)
                  20000400    00000120     rtsv7M4_T_le_v4SPD16_eabi.lib : trgmsg.c.obj (.bss:_CIOBUF_)
                  20000520    00000100     (.common:RxFIFO)
                  20000620    000000fc     main.obj (.bss:grid)
                  2000071c    000000a0     (.common:CharacteristicList)
                  200007bc    000000a0     (.common:__TI_tmpnams)
                  2000085c    00000080     (.common:RecvBuf)
                  200008dc    00000050     (.common:NotifyCharacteristicList)
                  2000092c    00000034     main.obj (.bss:openSet)
                  20000960    0000001c     main.obj (.bss:closed$1)
                  2000097c    00000008     (.common:Messageb)
                  20000984    00000008     (.common:parmbuf)
                  2000098c    00000004     (.common:Messageindexb)
                  20000990    00000004     (.common:NoSOFErr)
                  20000994    00000004     (.common:RxFifoLost)
                  20000998    00000004     (.common:RxGetI)
                  2000099c    00000004     (.common:RxPutI)
                  200009a0    00000004     (.common:TimeOutErr)
                  200009a4    00000004     (.common:fcserr)
                  200009a8    00000004     (.common:rotation)
                  200009ac    00000004     (.common:vccstate)
                  200009b0    00000002     main.obj (.bss)
                  200009b2    00000002     (.common:StartX)
                  200009b4    00000002     (.common:StartY)
                  200009b6    00000001     (.common:BLE_Cmd)

.sysmem    0    200009b8    00000400     UNINITIALIZED
                  200009b8    00000010     rtsv7M4_T_le_v4SPD16_eabi.lib : memory.c.obj (.sysmem)
                  200009c8    000003f0     --HOLE--

.data      0    20000db8    00000310     UNINITIALIZED
                  20000db8    000000f0     rtsv7M4_T_le_v4SPD16_eabi.lib : defs.c.obj (.data:_ftable)
                  20000ea8    00000078                                   : host_device.c.obj (.data:_device)
                  20000f20    00000050                                   : host_device.c.obj (.data:_stream)
                  20000f70    00000025     AP.obj (.data:NPI_SetAdvertisementData)
                  20000f95    00000022     AP.obj (.data:NPI_SetAdvertisementDataJacki)
                  20000fb7    00000020     AP.obj (.data:NPI_AddCharDescriptor)
                  20000fd7    0000001c     AP.obj (.data:NPI_GATTSetDeviceName)
                  20000ff3    00000019     main.obj (.data:visited$4)
                  2000100c    00000018     Clock.obj (.data)
                  20001024    00000015     AP.obj (.data:NPI_ReadConfirmation)
                  20001039    00000014     AP.obj (.data:NPI_SendNotificationIndication)
                  2000104d    00000003     main.obj (.data)
                  20001050    00000010     rtsv7M4_T_le_v4SPD16_eabi.lib : defs.c.obj (.data)
                  20001060    0000000e     AP.obj (.data:NPI_AddCharValue)
                  2000106e    00000002     --HOLE--
                  20001070    0000000c     rtsv7M4_T_le_v4SPD16_eabi.lib : exit.c.obj (.data:$O1$$)
                  2000107c    00000009     AP.obj (.data:NPI_AddService)
                  20001085    00000009     AP.obj (.data:NPI_CCCDUpdatedConfirmation)
                  2000108e    00000009     AP.obj (.data:NPI_WriteConfirmation)
                  20001097    00000001     --HOLE--
                  20001098    00000008     rtsv7M4_T_le_v4SPD16_eabi.lib : _lock.c.obj (.data:$O1$$)
                  200010a0    00000008                                   : memory.c.obj (.data:$O1$$)
                  200010a8    00000008     AP.obj (.data)
                  200010b0    00000004     SSD1306.obj (.data)
                  200010b4    00000004     rtsv7M4_T_le_v4SPD16_eabi.lib : add_device.c.obj (.data)
                  200010b8    00000004                                   : errno.c.obj (.data)
                  200010bc    00000004                                   : fopen.c.obj (.data)
                  200010c0    00000004                                   : open.c.obj (.data)
                  200010c4    00000004     system_msp432p401r.obj (.data)

.stack     0    2000fe00    00000200     UNINITIALIZED
                  2000fe00    00000004     rtsv7M4_T_le_v4SPD16_eabi.lib : boot_cortex_m.c.obj (.stack)
                  2000fe04    000001fc     --HOLE--

__llvm_prf_cnts 
*          0    20000000    00000000     UNINITIALIZED

MODULE SUMMARY

       Module                        code    ro data   rw data
       ------                        ----    -------   -------
    .\
       SSD1306.obj                   6216    544       2080   
       main.obj                      5476    20        726    
       AP.obj                        4108    64        1202   
       UART0.obj                     1740    0         24     
       UART1.obj                     420     0         536    
       system_msp432p401r.obj        820     0         8      
       Clock.obj                     480     0         48     
       Init_Ports.obj                496     0         0      
       Motor.obj                     424     0         0      
       startup_msp432p401r_ccs.obj   14      228       0      
       GPIO.obj                      192     0         0      
       Init_Timers.obj               132     0         0      
       CortexM.obj                   36      0         0      
    +--+-----------------------------+-------+---------+---------+
       Total:                        20554   856       4624   
                                                              
    C:\ti\ccs1271\ccs\tools\compiler\ti-cgt-arm_20.2.7.LTS\lib\rtsv7M4_T_le_v4SPD16_eabi.lib
       e_pow.c.obj                   2512    48        0      
       defs.c.obj                    0       0         832    
       memory.c.obj                  672     0         16     
       trgmsg.c.obj                  108     0         576    
       fopen.c.obj                   532     0         8      
       fd_add_t2.asm.obj             438     0         0      
       host_device.c.obj             0       0         400    
       e_sqrt.c.obj                  344     0         0      
       fd_div_t2.asm.obj             310     0         0      
       s_scalbn.c.obj                272     0         0      
       fd_cmp_t2.asm.obj             268     0         0      
       fd_mul_t2.asm.obj             252     0         0      
       setvbuf.c.obj                 220     0         0      
       open.c.obj                    188     0         8      
       add_device.c.obj              184     0         8      
       memcpy_t2.asm.obj             156     0         0      
       memset_t2.asm.obj             122     0         0      
       fclose.c.obj                  116     0         0      
       getdevice.c.obj               116     0         0      
       hostopen.c.obj                96      0         16     
       hostrename.c.obj              108     0         0      
       copy_decompress_lzss.c.obj    104     0         0      
       hostlseek.c.obj               104     0         0      
       exit.c.obj                    76      0         24     
       close.c.obj                   92      0         0      
       hostread.c.obj                88      0         0      
       hostwrite.c.obj               88      0         0      
       fflush.c.obj                  76      0         0      
       fd_toi_t2.asm.obj             72      0         0      
       autoinit.c.obj                68      0         0      
       fd_tou_t2.asm.obj             68      0         0      
       hostclose.c.obj               68      0         0      
       hostunlink.c.obj              68      0         0      
       strncpy.c.obj                 54      0         0      
       boot_cortex_m.c.obj           52      0         0      
       i_tofd_t2.asm.obj             46      0         0      
       unlink.c.obj                  44      0         0      
       write.c.obj                   40      0         0      
       u_tofd_t2.asm.obj             32      0         0      
       s_copysign.c.obj              26      0         0      
       strcmp.c.obj                  24      0         0      
       strchr.c.obj                  22      0         0      
       strcpy.c.obj                  20      0         0      
       strlen.c.obj                  20      0         0      
       _lock.c.obj                   2       0         16     
       errno.c.obj                   8       0         8      
       copy_decompress_none.c.obj    14      0         0      
       copy_zero_init.c.obj          12      0         0      
       pre_init.c.obj                4       0         0      
    +--+-----------------------------+-------+---------+---------+
       Total:                        8406    48        1912   
                                                              
       Heap:                         0       0         2048   
       Stack:                        0       0         1024   
       Linker Generated:             0       318       0      
    +--+-----------------------------+-------+---------+---------+
       Grand Total:                  28960   1222      9608   


LINKER GENERATED COPY TABLES

__TI_cinit_table @ 000075e8 records: 2, size/record: 8, table size: 16
	.data: load addr=000074b8, load size=0000011a bytes, run addr=20000db8, run size=00000310 bytes, compression=lzss
	.bss: load addr=000075e0, load size=00000008 bytes, run addr=20000000, run size=000009b7 bytes, compression=zero_init


LINKER GENERATED HANDLER TABLE

__TI_handler_table @ 000075d4 records: 3, size/record: 4, table size: 12
	index: 0, handler: __TI_decompress_lzss
	index: 1, handler: __TI_decompress_none
	index: 2, handler: __TI_zero_init


GLOBAL SYMBOLS: SORTED ALPHABETICALLY BY Name 

address   name                           
-------   ----                           
000071e7  ADC14_IRQHandler               
000071e7  AES256_IRQHandler              
000034f1  AP_AddCharacteristic           
000036ad  AP_AddNotifyCharacteristic     
00003499  AP_AddService                  
00003bb9  AP_BackgroundProcess           
00003037  AP_EchoReceived                
00002fcb  AP_EchoSendMessage             
00003483  AP_GetNotifyCCCD               
00002fa1  AP_GetSize                     
00003a91  AP_GetStatus                   
00003acd  AP_GetVersion                  
00002ebb  AP_Init                        
00003259  AP_RecvMessage                 
00003435  AP_RecvStatus                  
000034d1  AP_RegisterService             
00002e91  AP_Reset                       
000030bd  AP_SendMessage                 
00003443  AP_SendMessageResponse         
000038d5  AP_SendNotification            
000039d5  AP_StartAdvertisement          
00003a29  AP_StartAdvertisementJacki     
200009b6  BLE_Cmd                        
000071e7  BusFault_Handler               
00007209  C$$EXIT                        
00006f0f  C$$IO$$                        
000071e7  COMP_E0_IRQHandler             
000071e7  COMP_E1_IRQHandler             
20001014  CPMwait                        
000071e7  CS_IRQHandler                  
200010a8  CharacteristicCount            
2000071c  CharacteristicList             
2000100c  ClockFrequency                 
000055b1  Clock_Delay1ms                 
00005587  Clock_Delay1us                 
00005573  Clock_GetFreq                  
0000545d  Clock_Init48MHz                
20001020  Crystalstable                  
200010b0  CurrentX                       
200010b2  CurrentY                       
000071e7  DMA_ERR_IRQHandler             
000071e7  DMA_INT0_IRQHandler            
000071e7  DMA_INT1_IRQHandler            
000071e7  DMA_INT2_IRQHandler            
000071e7  DMA_INT3_IRQHandler            
000071e7  DebugMon_Handler               
000071e7  Default_Handler                
000070fd  DisableInterrupts              
000071e7  EUSCIA0_IRQHandler             
000071e7  EUSCIA1_IRQHandler             
00005ac5  EUSCIA2_IRQHandler             
00005ac5  EUSCIA2_IRQHandler             
000071e7  EUSCIA3_IRQHandler             
000071e7  EUSCIB0_IRQHandler             
000071e7  EUSCIB1_IRQHandler             
000071e7  EUSCIB2_IRQHandler             
000071e7  EUSCIB3_IRQHandler             
00007103  EnableInterrupts               
00007113  EndCritical                    
000071e7  FLCTL_IRQHandler               
000071e7  FPU_IRQHandler                 
000063ad  GPIO_Init                      
00001a61  GridInit                       
00007445  HCI_EXT_ResetSystemCmd         
00006d8d  HOSTclose                      
00006a75  HOSTlseek                      
00006b45  HOSTopen                       
00006c01  HOSTread                       
00006a09  HOSTrename                     
00006dd1  HOSTunlink                     
00006c59  HOSTwrite                      
000071e7  HardFault_Handler              
2000101c  IFlags                         
000071e7  MemManage_Handler              
2000097c  Messageb                       
2000098c  Messageindexb                  
0000592d  Motor_Backward                 
00005823  Motor_Forward                  
000058d5  Motor_Left                     
0000587d  Motor_Right                    
000057f5  Motor_Stop                     
000071e7  NMI_Handler                    
20000fb7  NPI_AddCharDescriptor          
20001060  NPI_AddCharValue               
2000107c  NPI_AddService                 
20001085  NPI_CCCDUpdatedConfirmation    
20000fd7  NPI_GATTSetDeviceName          
0000745e  NPI_GetStatus                  
00007464  NPI_GetVersion                 
20001024  NPI_ReadConfirmation           
0000746a  NPI_Register                   
20001039  NPI_SendNotificationIndication 
00007434  NPI_SetAdvertisement1          
20000f70  NPI_SetAdvertisementData       
20000f95  NPI_SetAdvertisementDataJacki  
00007420  NPI_StartAdvertisement         
2000108e  NPI_WriteConfirmation          
20000990  NoSOFErr                       
200010ac  NotifyCharacteristicCount      
200008dc  NotifyCharacteristicList       
000071e7  PCM_IRQHandler                 
000071e7  PORT1_IRQHandler               
000071e7  PORT2_IRQHandler               
000071e7  PORT3_IRQHandler               
000071e7  PORT4_IRQHandler               
000071e7  PORT5_IRQHandler               
000071e7  PORT6_IRQHandler               
000071e7  PSS_IRQHandler                 
000071e7  PendSV_Handler                 
000053dd  Port10_Init                    
0000526d  Port1_Init                     
000052a1  Port2_Init                     
000052f3  Port3_Init                     
0000531d  Port4_Init                     
00005351  Port5_Init                     
0000537b  Port6_Init                     
000053b9  Port7_Init                     
000053bb  Port8_Init                     
000053bd  Port9_Init                     
000053df  PortJ_Init                     
20001018  Postwait                       
20001010  Prewait                        
000071e7  RTC_C_IRQHandler               
2000085c  RecvBuf                        
000071db  Reset_Handler                  
20000520  RxFIFO                         
20000994  RxFifoLost                     
000059f5  RxFifo_Get                     
0000599d  RxFifo_Init                    
000059af  RxFifo_Put                     
20000998  RxGetI                         
2000099c  RxPutI                         
0000054d  SSD1306_Clear                  
0000050d  SSD1306_ClearBuffer            
00000f69  SSD1306_Dim                    
00000e23  SSD1306_DisplayBuffer          
0000040d  SSD1306_DrawChar               
000007e5  SSD1306_DrawFastHLine          
00000a09  SSD1306_DrawFastVLine          
000005a1  SSD1306_DrawFullImage          
00000293  SSD1306_DrawPixel              
000004c1  SSD1306_DrawString             
00000e1f  SSD1306_GetBuffer              
00000d21  SSD1306_GetPixel               
0000018d  SSD1306_Init                   
00000f53  SSD1306_InvertDisplay          
00001015  SSD1306_OutChar                
000017cf  SSD1306_OutHex7                
00001381  SSD1306_OutSDec                
000016e1  SSD1306_OutSFix1               
0000113b  SSD1306_OutString              
00001195  SSD1306_OutUDec                
00001835  SSD1306_OutUDec16              
000018cd  SSD1306_OutUDec2               
0000164d  SSD1306_OutUFix1               
00001805  SSD1306_OutUHex7               
00000605  SSD1306_PrintBMP               
00000f9b  SSD1306_SetCursor              
000008f7  SSD1306_drawFastHLineInternal  
00000b21  SSD1306_drawFastVLineInternal  
00000f09  SSD1306_startscrolldiagleft    
00000ec5  SSD1306_startscrolldiagright   
00000e8f  SSD1306_startscrollleft        
00000e5d  SSD1306_startscrollright       
00000f49  SSD1306_stopscroll             
000071e7  SVC_Handler                    
00001ac5  Servo                          
00001aa7  ServoInit                      
00007109  StartCritical                  
200009b2  StartX                         
200009b4  StartY                         
000071e7  SysTick_Handler                
200010c4  SystemCoreClock                
00004f39  SystemCoreClockUpdate          
000051b1  SystemInit                     
000071e7  T32_INT1_IRQHandler            
000071e7  T32_INT2_IRQHandler            
000071e7  T32_INTC_IRQHandler            
000071e7  TA0_0_IRQHandler               
000071e7  TA0_N_IRQHandler               
000071e7  TA1_0_IRQHandler               
000071e7  TA1_N_IRQHandler               
000071e7  TA2_0_IRQHandler               
000071e7  TA2_N_IRQHandler               
000071e7  TA3_0_IRQHandler               
000071e7  TA3_N_IRQHandler               
200009a0  TimeOutErr                     
00006825  TimerA0_Init                   
00006859  TimerA1_Init                   
0000685b  TimerA2_Init                   
00006863  TimerA3_Init                   
000048b3  UART0_InChar                   
00004d4d  UART0_InString                 
000048fd  UART0_InUDec                   
00004c01  UART0_InUHex                   
0000486d  UART0_Init                     
00004ead  UART0_Initprintf               
000048c3  UART0_OutChar                  
000049b5  UART0_OutSDec                  
000048df  UART0_OutString                
00004981  UART0_OutUDec                  
00004afb  UART0_OutUDec4                 
00004b55  UART0_OutUDec5                 
00004b8d  UART0_OutUFix1                 
00004bb5  UART0_OutUFix2                 
00004cc5  UART0_OutUHex                  
00004d31  UART0_OutUHex2                 
00005af9  UART1_FinishOutput             
00005a97  UART1_InChar                   
00005a2b  UART1_InStatus                 
00005a3b  UART1_Init                     
00005aa9  UART1_OutChar                  
00005adb  UART1_OutString                
000071e7  UsageFault_Handler             
4000480c  WDTCTL_SYM                     
000071e7  WDT_A_IRQHandler               
0000711b  WaitForInterrupt               
00001ba9  WriteByteCmd                   
20000400  __CIOBUF_                      
20010000  __STACK_END                    
00000200  __STACK_SIZE                   
00000400  __SYSMEM_SIZE                  
000075e8  __TI_CINIT_Base                
000075f8  __TI_CINIT_Limit               
000075d4  __TI_Handler_Table_Base        
000075e0  __TI_Handler_Table_Limit       
00006e15  __TI_auto_init_nobinit_nopinit 
00006f51  __TI_cleanup                   
20001070  __TI_cleanup_ptr               
00006925  __TI_closefile                 
00006add  __TI_decompress_lzss           
000071cd  __TI_decompress_none           
00006cb1  __TI_doflush                   
20001074  __TI_dtors_ptr                 
20001078  __TI_enable_exit_profile_output
20001050  __TI_ft_end                    
ffffffff  __TI_pprof_out_hndl            
ffffffff  __TI_prof_data_size            
ffffffff  __TI_prof_data_start           
00006f85  __TI_readmsg                   
00000000  __TI_static_base__             
200007bc  __TI_tmpnams                   
00006ee1  __TI_writemsg                  
000071e9  __TI_zero_init                 
00006719  __aeabi_cdcmpeq                
00006719  __aeabi_cdcmple                
0000679f  __aeabi_cdrcmple               
00006d45  __aeabi_d2iz                   
00006e9d  __aeabi_d2uiz                  
00005647  __aeabi_dadd                   
00005c99  __aeabi_ddiv                   
000060f1  __aeabi_dmul                   
0000563d  __aeabi_dsub                   
000071f5  __aeabi_errno_addr             
00007051  __aeabi_i2d                    
000068a9  __aeabi_memclr                 
000068a9  __aeabi_memclr4                
000068a9  __aeabi_memclr8                
0000667d  __aeabi_memcpy                 
0000667d  __aeabi_memcpy4                
0000667d  __aeabi_memcpy8                
000068ab  __aeabi_memset                 
000068ab  __aeabi_memset4                
000068ab  __aeabi_memset8                
2000105c  __aeabi_stderr                 
20001054  __aeabi_stdin                  
20001058  __aeabi_stdout                 
00007121  __aeabi_ui2d                   
ffffffff  __binit__                      
ffffffff  __c_args__                     
UNDEFED   __mpu_init                     
2000fe00  __stack                        
20000000  __start___llvm_prf_cnts        
20000000  __stop___llvm_prf_cnts         
00006fb9  _c_int00_noargs                
20000ea8  _device                        
20000db8  _ftable                        
20001098  _lock                          
000057f3  _nop                           
20000f20  _stream                        
200009b8  _sys_memory                    
UNDEFED   _system_post_cinit             
00007205  _system_pre_init               
2000109c  _unlock                        
00007209  abort                          
00006529  add_device                     
00005ff1  aligned_alloc                  
ffffffff  binit                          
20000000  buffer                         
00006ba5  close                          
0000715d  copysign                       
0000715d  copysignl                      
00005579  delay                          
00001ae9  distanceInCm                   
200010b8  errno                          
00006cfd  exit                           
200009a4  fcserr                         
00004de7  ferror                         
00004dc7  fgetc                          
00007021  finddevice                     
000065e1  fopen                          
000061ed  free                           
00006fed  freopen                        
00006e59  getdevice                      
00000000  interruptVectors               
00005ee1  ldexp                          
00005ee1  ldexpl                         
00002cb1  main                           
000071fd  malloc                         
00005ff1  memalign                       
0000667d  memcpy                         
000068b1  memset                         
0000646d  open                           
00004d09  outnibble                      
20000984  parmbuf                        
00003e9d  pow                            
00003e9d  powl                           
00001b35  pulseIn                        
00007081  remove                         
200009a8  rotation                       
00005ee1  scalbn                         
00005ee1  scalbnl                        
000062d1  setvbuf                        
00005b41  sqrt                           
00005b41  sqrtl                          
00000115  ssd1306_Testcommandwrite       
00000145  ssd1306_command                
00000155  ssd1306_command1               
00000165  ssd1306_commandList            
0000718f  strchr                         
00007177  strcmp                         
000071a5  strcpy                         
000071b9  strlen                         
00006f19  strncpy                        
00004e05  uart_close                     
00004e83  uart_lseek                     
00004df5  uart_open                      
00004e17  uart_read                      
00004e9f  uart_rename                    
00004e93  uart_unlink                    
00004e41  uart_write                     
00007081  unlink                         
200009ac  vccstate                       
000070d5  write                          


GLOBAL SYMBOLS: SORTED BY Symbol Address 

address   name                           
-------   ----                           
00000000  __TI_static_base__             
00000000  interruptVectors               
00000115  ssd1306_Testcommandwrite       
00000145  ssd1306_command                
00000155  ssd1306_command1               
00000165  ssd1306_commandList            
0000018d  SSD1306_Init                   
00000200  __STACK_SIZE                   
00000293  SSD1306_DrawPixel              
00000400  __SYSMEM_SIZE                  
0000040d  SSD1306_DrawChar               
000004c1  SSD1306_DrawString             
0000050d  SSD1306_ClearBuffer            
0000054d  SSD1306_Clear                  
000005a1  SSD1306_DrawFullImage          
00000605  SSD1306_PrintBMP               
000007e5  SSD1306_DrawFastHLine          
000008f7  SSD1306_drawFastHLineInternal  
00000a09  SSD1306_DrawFastVLine          
00000b21  SSD1306_drawFastVLineInternal  
00000d21  SSD1306_GetPixel               
00000e1f  SSD1306_GetBuffer              
00000e23  SSD1306_DisplayBuffer          
00000e5d  SSD1306_startscrollright       
00000e8f  SSD1306_startscrollleft        
00000ec5  SSD1306_startscrolldiagright   
00000f09  SSD1306_startscrolldiagleft    
00000f49  SSD1306_stopscroll             
00000f53  SSD1306_InvertDisplay          
00000f69  SSD1306_Dim                    
00000f9b  SSD1306_SetCursor              
00001015  SSD1306_OutChar                
0000113b  SSD1306_OutString              
00001195  SSD1306_OutUDec                
00001381  SSD1306_OutSDec                
0000164d  SSD1306_OutUFix1               
000016e1  SSD1306_OutSFix1               
000017cf  SSD1306_OutHex7                
00001805  SSD1306_OutUHex7               
00001835  SSD1306_OutUDec16              
000018cd  SSD1306_OutUDec2               
00001a61  GridInit                       
00001aa7  ServoInit                      
00001ac5  Servo                          
00001ae9  distanceInCm                   
00001b35  pulseIn                        
00001ba9  WriteByteCmd                   
00002cb1  main                           
00002e91  AP_Reset                       
00002ebb  AP_Init                        
00002fa1  AP_GetSize                     
00002fcb  AP_EchoSendMessage             
00003037  AP_EchoReceived                
000030bd  AP_SendMessage                 
00003259  AP_RecvMessage                 
00003435  AP_RecvStatus                  
00003443  AP_SendMessageResponse         
00003483  AP_GetNotifyCCCD               
00003499  AP_AddService                  
000034d1  AP_RegisterService             
000034f1  AP_AddCharacteristic           
000036ad  AP_AddNotifyCharacteristic     
000038d5  AP_SendNotification            
000039d5  AP_StartAdvertisement          
00003a29  AP_StartAdvertisementJacki     
00003a91  AP_GetStatus                   
00003acd  AP_GetVersion                  
00003bb9  AP_BackgroundProcess           
00003e9d  pow                            
00003e9d  powl                           
0000486d  UART0_Init                     
000048b3  UART0_InChar                   
000048c3  UART0_OutChar                  
000048df  UART0_OutString                
000048fd  UART0_InUDec                   
00004981  UART0_OutUDec                  
000049b5  UART0_OutSDec                  
00004afb  UART0_OutUDec4                 
00004b55  UART0_OutUDec5                 
00004b8d  UART0_OutUFix1                 
00004bb5  UART0_OutUFix2                 
00004c01  UART0_InUHex                   
00004cc5  UART0_OutUHex                  
00004d09  outnibble                      
00004d31  UART0_OutUHex2                 
00004d4d  UART0_InString                 
00004dc7  fgetc                          
00004de7  ferror                         
00004df5  uart_open                      
00004e05  uart_close                     
00004e17  uart_read                      
00004e41  uart_write                     
00004e83  uart_lseek                     
00004e93  uart_unlink                    
00004e9f  uart_rename                    
00004ead  UART0_Initprintf               
00004f39  SystemCoreClockUpdate          
000051b1  SystemInit                     
0000526d  Port1_Init                     
000052a1  Port2_Init                     
000052f3  Port3_Init                     
0000531d  Port4_Init                     
00005351  Port5_Init                     
0000537b  Port6_Init                     
000053b9  Port7_Init                     
000053bb  Port8_Init                     
000053bd  Port9_Init                     
000053dd  Port10_Init                    
000053df  PortJ_Init                     
0000545d  Clock_Init48MHz                
00005573  Clock_GetFreq                  
00005579  delay                          
00005587  Clock_Delay1us                 
000055b1  Clock_Delay1ms                 
0000563d  __aeabi_dsub                   
00005647  __aeabi_dadd                   
000057f3  _nop                           
000057f5  Motor_Stop                     
00005823  Motor_Forward                  
0000587d  Motor_Right                    
000058d5  Motor_Left                     
0000592d  Motor_Backward                 
0000599d  RxFifo_Init                    
000059af  RxFifo_Put                     
000059f5  RxFifo_Get                     
00005a2b  UART1_InStatus                 
00005a3b  UART1_Init                     
00005a97  UART1_InChar                   
00005aa9  UART1_OutChar                  
00005ac5  EUSCIA2_IRQHandler             
00005ac5  EUSCIA2_IRQHandler             
00005adb  UART1_OutString                
00005af9  UART1_FinishOutput             
00005b41  sqrt                           
00005b41  sqrtl                          
00005c99  __aeabi_ddiv                   
00005ee1  ldexp                          
00005ee1  ldexpl                         
00005ee1  scalbn                         
00005ee1  scalbnl                        
00005ff1  aligned_alloc                  
00005ff1  memalign                       
000060f1  __aeabi_dmul                   
000061ed  free                           
000062d1  setvbuf                        
000063ad  GPIO_Init                      
0000646d  open                           
00006529  add_device                     
000065e1  fopen                          
0000667d  __aeabi_memcpy                 
0000667d  __aeabi_memcpy4                
0000667d  __aeabi_memcpy8                
0000667d  memcpy                         
00006719  __aeabi_cdcmpeq                
00006719  __aeabi_cdcmple                
0000679f  __aeabi_cdrcmple               
00006825  TimerA0_Init                   
00006859  TimerA1_Init                   
0000685b  TimerA2_Init                   
00006863  TimerA3_Init                   
000068a9  __aeabi_memclr                 
000068a9  __aeabi_memclr4                
000068a9  __aeabi_memclr8                
000068ab  __aeabi_memset                 
000068ab  __aeabi_memset4                
000068ab  __aeabi_memset8                
000068b1  memset                         
00006925  __TI_closefile                 
00006a09  HOSTrename                     
00006a75  HOSTlseek                      
00006add  __TI_decompress_lzss           
00006b45  HOSTopen                       
00006ba5  close                          
00006c01  HOSTread                       
00006c59  HOSTwrite                      
00006cb1  __TI_doflush                   
00006cfd  exit                           
00006d45  __aeabi_d2iz                   
00006d8d  HOSTclose                      
00006dd1  HOSTunlink                     
00006e15  __TI_auto_init_nobinit_nopinit 
00006e59  getdevice                      
00006e9d  __aeabi_d2uiz                  
00006ee1  __TI_writemsg                  
00006f0f  C$$IO$$                        
00006f19  strncpy                        
00006f51  __TI_cleanup                   
00006f85  __TI_readmsg                   
00006fb9  _c_int00_noargs                
00006fed  freopen                        
00007021  finddevice                     
00007051  __aeabi_i2d                    
00007081  remove                         
00007081  unlink                         
000070d5  write                          
000070fd  DisableInterrupts              
00007103  EnableInterrupts               
00007109  StartCritical                  
00007113  EndCritical                    
0000711b  WaitForInterrupt               
00007121  __aeabi_ui2d                   
0000715d  copysign                       
0000715d  copysignl                      
00007177  strcmp                         
0000718f  strchr                         
000071a5  strcpy                         
000071b9  strlen                         
000071cd  __TI_decompress_none           
000071db  Reset_Handler                  
000071e7  ADC14_IRQHandler               
000071e7  AES256_IRQHandler              
000071e7  BusFault_Handler               
000071e7  COMP_E0_IRQHandler             
000071e7  COMP_E1_IRQHandler             
000071e7  CS_IRQHandler                  
000071e7  DMA_ERR_IRQHandler             
000071e7  DMA_INT0_IRQHandler            
000071e7  DMA_INT1_IRQHandler            
000071e7  DMA_INT2_IRQHandler            
000071e7  DMA_INT3_IRQHandler            
000071e7  DebugMon_Handler               
000071e7  Default_Handler                
000071e7  EUSCIA0_IRQHandler             
000071e7  EUSCIA1_IRQHandler             
000071e7  EUSCIA3_IRQHandler             
000071e7  EUSCIB0_IRQHandler             
000071e7  EUSCIB1_IRQHandler             
000071e7  EUSCIB2_IRQHandler             
000071e7  EUSCIB3_IRQHandler             
000071e7  FLCTL_IRQHandler               
000071e7  FPU_IRQHandler                 
000071e7  HardFault_Handler              
000071e7  MemManage_Handler              
000071e7  NMI_Handler                    
000071e7  PCM_IRQHandler                 
000071e7  PORT1_IRQHandler               
000071e7  PORT2_IRQHandler               
000071e7  PORT3_IRQHandler               
000071e7  PORT4_IRQHandler               
000071e7  PORT5_IRQHandler               
000071e7  PORT6_IRQHandler               
000071e7  PSS_IRQHandler                 
000071e7  PendSV_Handler                 
000071e7  RTC_C_IRQHandler               
000071e7  SVC_Handler                    
000071e7  SysTick_Handler                
000071e7  T32_INT1_IRQHandler            
000071e7  T32_INT2_IRQHandler            
000071e7  T32_INTC_IRQHandler            
000071e7  TA0_0_IRQHandler               
000071e7  TA0_N_IRQHandler               
000071e7  TA1_0_IRQHandler               
000071e7  TA1_N_IRQHandler               
000071e7  TA2_0_IRQHandler               
000071e7  TA2_N_IRQHandler               
000071e7  TA3_0_IRQHandler               
000071e7  TA3_N_IRQHandler               
000071e7  UsageFault_Handler             
000071e7  WDT_A_IRQHandler               
000071e9  __TI_zero_init                 
000071f5  __aeabi_errno_addr             
000071fd  malloc                         
00007205  _system_pre_init               
00007209  C$$EXIT                        
00007209  abort                          
00007420  NPI_StartAdvertisement         
00007434  NPI_SetAdvertisement1          
00007445  HCI_EXT_ResetSystemCmd         
0000745e  NPI_GetStatus                  
00007464  NPI_GetVersion                 
0000746a  NPI_Register                   
000075d4  __TI_Handler_Table_Base        
000075e0  __TI_Handler_Table_Limit       
000075e8  __TI_CINIT_Base                
000075f8  __TI_CINIT_Limit               
20000000  __start___llvm_prf_cnts        
20000000  __stop___llvm_prf_cnts         
20000000  buffer                         
20000400  __CIOBUF_                      
20000520  RxFIFO                         
2000071c  CharacteristicList             
200007bc  __TI_tmpnams                   
2000085c  RecvBuf                        
200008dc  NotifyCharacteristicList       
2000097c  Messageb                       
20000984  parmbuf                        
2000098c  Messageindexb                  
20000990  NoSOFErr                       
20000994  RxFifoLost                     
20000998  RxGetI                         
2000099c  RxPutI                         
200009a0  TimeOutErr                     
200009a4  fcserr                         
200009a8  rotation                       
200009ac  vccstate                       
200009b2  StartX                         
200009b4  StartY                         
200009b6  BLE_Cmd                        
200009b8  _sys_memory                    
20000db8  _ftable                        
20000ea8  _device                        
20000f20  _stream                        
20000f70  NPI_SetAdvertisementData       
20000f95  NPI_SetAdvertisementDataJacki  
20000fb7  NPI_AddCharDescriptor          
20000fd7  NPI_GATTSetDeviceName          
2000100c  ClockFrequency                 
20001010  Prewait                        
20001014  CPMwait                        
20001018  Postwait                       
2000101c  IFlags                         
20001020  Crystalstable                  
20001024  NPI_ReadConfirmation           
20001039  NPI_SendNotificationIndication 
20001050  __TI_ft_end                    
20001054  __aeabi_stdin                  
20001058  __aeabi_stdout                 
2000105c  __aeabi_stderr                 
20001060  NPI_AddCharValue               
20001070  __TI_cleanup_ptr               
20001074  __TI_dtors_ptr                 
20001078  __TI_enable_exit_profile_output
2000107c  NPI_AddService                 
20001085  NPI_CCCDUpdatedConfirmation    
2000108e  NPI_WriteConfirmation          
20001098  _lock                          
2000109c  _unlock                        
200010a8  CharacteristicCount            
200010ac  NotifyCharacteristicCount      
200010b0  CurrentX                       
200010b2  CurrentY                       
200010b8  errno                          
200010c4  SystemCoreClock                
2000fe00  __stack                        
20010000  __STACK_END                    
4000480c  WDTCTL_SYM                     
ffffffff  __TI_pprof_out_hndl            
ffffffff  __TI_prof_data_size            
ffffffff  __TI_prof_data_start           
ffffffff  __binit__                      
ffffffff  __c_args__                     
ffffffff  binit                          
UNDEFED   __mpu_init                     
UNDEFED   _system_post_cinit             

[344 symbols]
