******************************************************************************
                  TI ARM Linker PC v20.2.7                     
******************************************************************************
>> Linked Sat Apr 19 10:49:57 2025

OUTPUT FILE NAME:   <Final Project.out>
ENTRY POINT SYMBOL: "_c_int00_noargs"  address: 00006ad9


MEMORY CONFIGURATION

         name            origin    length      used     unused   attr    fill
----------------------  --------  ---------  --------  --------  ----  --------
  MAIN                  00000000   00040000  0000710e  00038ef2  R  X
  INFO                  00200000   00004000  00000000  00004000  R  X
  SRAM_CODE             01000000   00010000  000012cb  0000ed35  RW X
  SRAM_DATA             20000000   00010000  000012cb  0000ed35  RW  


SEGMENT ALLOCATION MAP

run origin  load origin   length   init length attrs members
----------  ----------- ---------- ----------- ----- -------
00000000    00000000    00007118   00007118    r-x
  00000000    00000000    000000e4   000000e4    r-- .intvecs
  000000e4    000000e4    00006c48   00006c48    r-x .text
  00006d30    00006d30    000002a2   000002a2    r-- .const
  00006fd8    00006fd8    00000140   00000140    r-- .cinit
20000000    20000000    000010d0   00000000    rw-
  20000000    20000000    000009d3   00000000    rw- .bss
  200009d8    200009d8    00000400   00000000    rw- .sysmem
  20000dd8    20000dd8    000002f8   00000000    rw- .data
2000fe00    2000fe00    00000200   00000000    rw-
  2000fe00    2000fe00    00000200   00000000    rw- .stack


SECTION ALLOCATION MAP

 output                                  attributes/
section   page    origin      length       input sections
--------  ----  ----------  ----------   ----------------
.intvecs   0    00000000    000000e4     
                  00000000    000000e4     startup_msp432p401r_ccs.obj (.intvecs:retain)

.text      0    000000e4    00006c48     
                  000000e4    00001848     SSD1306.obj (.text)
                  0000192c    00001084     main.obj (.text)
                  000029b0    0000100c     AP.obj (.text)
                  000039bc    000009d0     rtsv7M4_T_le_v4SPD16_eabi.lib : e_pow.c.obj (.text:pow)
                  0000438c    000006cc     UART0.obj (.text)
                  00004a58    00000334     system_msp432p401r.obj (.text)
                  00004d8c    000001f0     Init_Ports.obj (.text)
                  00004f7c    000001e0     Clock.obj (.text)
                  0000515c    000001b6     rtsv7M4_T_le_v4SPD16_eabi.lib : fd_add_t2.asm.obj (.text)
                  00005312    00000002                                   : _lock.c.obj (.text:_nop)
                  00005314    000001a8     Motor.obj (.text)
                  000054bc    000001a4     UART1.obj (.text)
                  00005660    00000158     rtsv7M4_T_le_v4SPD16_eabi.lib : e_sqrt.c.obj (.text:sqrt)
                  000057b8    00000136                                   : fd_div_t2.asm.obj (.text)
                  000058ee    00000002     --HOLE-- [fill = 0]
                  000058f0    00000110                                   : fopen.c.obj (.text:_openfile)
                  00005a00    00000110                                   : s_scalbn.c.obj (.text:scalbn)
                  00005b10    00000100                                   : memory.c.obj (.text:aligned_alloc)
                  00005c10    000000fc                                   : fd_mul_t2.asm.obj (.text)
                  00005d0c    000000e4                                   : memory.c.obj (.text:free)
                  00005df0    000000dc                                   : setvbuf.c.obj (.text:setvbuf)
                  00005ecc    000000c0     GPIO.obj (.text)
                  00005f8c    000000bc     rtsv7M4_T_le_v4SPD16_eabi.lib : open.c.obj (.text:open)
                  00006048    000000b8                                   : add_device.c.obj (.text:add_device)
                  00006100    0000009c                                   : fopen.c.obj (.text:fopen)
                  0000619c    0000009c                                   : memcpy_t2.asm.obj (.text)
                  00006238    00000086                                   : fd_cmp_t2.asm.obj (.text:__aeabi_cdcmple)
                  000062be    00000086                                   : fd_cmp_t2.asm.obj (.text:__aeabi_cdrcmple)
                  00006344    00000084     Init_Timers.obj (.text)
                  000063c8    0000007a     rtsv7M4_T_le_v4SPD16_eabi.lib : memset_t2.asm.obj (.text)
                  00006442    00000002     --HOLE-- [fill = 0]
                  00006444    00000074                                   : fclose.c.obj (.text:__TI_closefile)
                  000064b8    00000070                                   : memory.c.obj (.text:split)
                  00006528    0000006c                                   : hostrename.c.obj (.text:HOSTrename)
                  00006594    00000068                                   : hostlseek.c.obj (.text:HOSTlseek)
                  000065fc    00000068                                   : copy_decompress_lzss.c.obj (.text:decompress:lzss:__TI_decompress_lzss)
                  00006664    00000060                                   : hostopen.c.obj (.text:HOSTopen)
                  000066c4    0000005c                                   : close.c.obj (.text:close)
                  00006720    00000058                                   : hostread.c.obj (.text:HOSTread)
                  00006778    00000058                                   : hostwrite.c.obj (.text:HOSTwrite)
                  000067d0    0000004c                                   : fflush.c.obj (.text:__TI_doflush)
                  0000681c    00000048                                   : exit.c.obj (.text:exit)
                  00006864    00000048                                   : fd_toi_t2.asm.obj (.text)
                  000068ac    00000044                                   : hostclose.c.obj (.text:HOSTclose)
                  000068f0    00000044                                   : hostunlink.c.obj (.text:HOSTunlink)
                  00006934    00000044                                   : autoinit.c.obj (.text:__TI_auto_init_nobinit_nopinit:__TI_auto_init_nobinit_nopinit)
                  00006978    00000044                                   : getdevice.c.obj (.text:getdevice)
                  000069bc    00000044                                   : fd_tou_t2.asm.obj (.text)
                  00006a00    00000038                                   : trgmsg.c.obj (.text:__TI_writemsg)
                  00006a38    00000036                                   : strncpy.c.obj (.text:strncpy)
                  00006a6e    00000002     --HOLE-- [fill = 0]
                  00006a70    00000034                                   : fopen.c.obj (.text:__TI_cleanup)
                  00006aa4    00000034                                   : trgmsg.c.obj (.text:__TI_readmsg)
                  00006ad8    00000034                                   : boot_cortex_m.c.obj (.text:_c_int00_noargs:_c_int00_noargs)
                  00006b0c    00000034                                   : fopen.c.obj (.text:freopen)
                  00006b40    00000030                                   : getdevice.c.obj (.text:finddevice)
                  00006b70    0000002e                                   : i_tofd_t2.asm.obj (.text)
                  00006b9e    00000002     --HOLE-- [fill = 0]
                  00006ba0    0000002c                                   : unlink.c.obj (.text:unlink)
                  00006bcc    00000028                                   : memory.c.obj (.text:free_list_insert)
                  00006bf4    00000028                                   : write.c.obj (.text:write)
                  00006c1c    00000024     CortexM.obj (.text)
                  00006c40    00000020     rtsv7M4_T_le_v4SPD16_eabi.lib : u_tofd_t2.asm.obj (.text)
                  00006c60    0000001c                                   : memory.c.obj (.text:free_list_remove)
                  00006c7c    0000001a                                   : s_copysign.c.obj (.text:copysign)
                  00006c96    00000018                                   : strcmp.c.obj (.text:strcmp)
                  00006cae    00000016                                   : strchr.c.obj (.text:strchr)
                  00006cc4    00000014                                   : strcpy.c.obj (.text:strcpy)
                  00006cd8    00000014                                   : strlen.c.obj (.text:strlen)
                  00006cec    0000000e                                   : copy_decompress_none.c.obj (.text:decompress:none:__TI_decompress_none)
                  00006cfa    0000000e     startup_msp432p401r_ccs.obj (.text)
                  00006d08    0000000c     rtsv7M4_T_le_v4SPD16_eabi.lib : copy_zero_init.c.obj (.text:decompress:ZI:__TI_zero_init)
                  00006d14    00000008                                   : errno.c.obj (.text:__aeabi_errno_addr)
                  00006d1c    00000008                                   : memory.c.obj (.text:malloc)
                  00006d24    00000004                                   : pre_init.c.obj (.text:_system_pre_init)
                  00006d28    00000004                                   : exit.c.obj (.text:abort:abort)

.const     0    00006d30    000002a2     
                  00006d30    000001e0     SSD1306.obj (.const:ASCII)
                  00006f10    00000030     rtsv7M4_T_le_v4SPD16_eabi.lib : e_pow.c.obj (.const:$O1$$)
                  00006f40    00000014     AP.obj (.const:.string:NPI_StartAdvertisement)
                  00006f54    00000011     AP.obj (.const:.string:NPI_SetAdvertisement1)
                  00006f65    00000009     AP.obj (.const:.string:HCI_EXT_ResetSystemCmd)
                  00006f6e    00000008     SSD1306.obj (.const:.string:postmask)
                  00006f76    00000008     SSD1306.obj (.const:.string:premask)
                  00006f7e    00000006     AP.obj (.const:.string:NPI_GetStatus)
                  00006f84    00000006     AP.obj (.const:.string:NPI_GetVersion)
                  00006f8a    00000006     AP.obj (.const:.string:NPI_Register)
                  00006f90    00000006     SSD1306.obj (.const:.string:init5)
                  00006f96    00000005     SSD1306.obj (.const:.string:dlist1)
                  00006f9b    00000004     main.obj (.const:.string:$P$T0$2)
                  00006f9f    00000004     main.obj (.const:.string:$P$T1$3)
                  00006fa3    00000004     main.obj (.const:.string:dX)
                  00006fa7    00000004     main.obj (.const:.string:dY)
                  00006fab    00000004     SSD1306.obj (.const:.string:init1)
                  00006faf    00000004     SSD1306.obj (.const:.string:init2)
                  00006fb3    00000004     SSD1306.obj (.const:.string:init3)
                  00006fb7    00000003     SSD1306.obj (.const:.string:init4b)
                  00006fba    00000003     SSD1306.obj (.const:.string:scrollList1b)
                  00006fbd    00000003     SSD1306.obj (.const:.string:scrollList2b)
                  00006fc0    00000002     main.obj (.const:$P$T3$5)
                  00006fc2    00000002     SSD1306.obj (.const:.string:scrollList1a)
                  00006fc4    00000002     SSD1306.obj (.const:.string:scrollList2a)
                  00006fc6    00000002     SSD1306.obj (.const:.string:scrollList3a)
                  00006fc8    00000002     SSD1306.obj (.const:.string:scrollList3b)
                  00006fca    00000002     SSD1306.obj (.const:.string:scrollList3c)
                  00006fcc    00000002     SSD1306.obj (.const:.string:scrollList4a)
                  00006fce    00000002     SSD1306.obj (.const:.string:scrollList4b)
                  00006fd0    00000002     SSD1306.obj (.const:.string:scrollList4c)

.cinit     0    00006fd8    00000140     
                  00006fd8    0000011a     (.cinit..data.load) [load image, compression = lzss]
                  000070f2    00000002     --HOLE-- [fill = 0]
                  000070f4    0000000c     (__TI_handler_table)
                  00007100    00000008     (.cinit..bss.load) [load image, compression = zero_init]
                  00007108    00000010     (__TI_cinit_table)

.init_array 
*          0    00000000    00000000     UNINITIALIZED

.binit     0    00000000    00000000     

.bss       0    20000000    000009d3     UNINITIALIZED
                  20000000    00000400     (.common:buffer)
                  20000400    00000120     rtsv7M4_T_le_v4SPD16_eabi.lib : trgmsg.c.obj (.bss:_CIOBUF_)
                  20000520    00000100     (.common:RxFIFO)
                  20000620    000000fc     main.obj (.bss:grid)
                  2000071c    000000a0     (.common:CharacteristicList)
                  200007bc    000000a0     (.common:__TI_tmpnams)
                  2000085c    00000080     (.common:RecvBuf)
                  200008dc    00000050     (.common:NotifyCharacteristicList)
                  2000092c    00000034     main.obj (.bss:openSet)
                  20000960    0000001c     main.obj (.bss:closed$1)
                  2000097c    0000001c     main.obj (.bss:visited$4)
                  20000998    00000008     (.common:Messageb)
                  200009a0    00000008     (.common:parmbuf)
                  200009a8    00000004     (.common:Messageindexb)
                  200009ac    00000004     (.common:NoSOFErr)
                  200009b0    00000004     (.common:RxFifoLost)
                  200009b4    00000004     (.common:RxGetI)
                  200009b8    00000004     (.common:RxPutI)
                  200009bc    00000004     (.common:TimeOutErr)
                  200009c0    00000004     (.common:fcserr)
                  200009c4    00000004     (.common:rotation)
                  200009c8    00000004     (.common:vccstate)
                  200009cc    00000002     main.obj (.bss)
                  200009ce    00000002     (.common:StartX)
                  200009d0    00000002     (.common:StartY)
                  200009d2    00000001     (.common:BLE_Cmd)

.sysmem    0    200009d8    00000400     UNINITIALIZED
                  200009d8    00000010     rtsv7M4_T_le_v4SPD16_eabi.lib : memory.c.obj (.sysmem)
                  200009e8    000003f0     --HOLE--

.data      0    20000dd8    000002f8     UNINITIALIZED
                  20000dd8    000000f0     rtsv7M4_T_le_v4SPD16_eabi.lib : defs.c.obj (.data:_ftable)
                  20000ec8    00000078                                   : host_device.c.obj (.data:_device)
                  20000f40    00000050                                   : host_device.c.obj (.data:_stream)
                  20000f90    00000025     AP.obj (.data:NPI_SetAdvertisementData)
                  20000fb5    00000022     AP.obj (.data:NPI_SetAdvertisementDataJacki)
                  20000fd7    00000020     AP.obj (.data:NPI_AddCharDescriptor)
                  20000ff7    0000001c     AP.obj (.data:NPI_GATTSetDeviceName)
                  20001013    00000001     --HOLE--
                  20001014    00000018     Clock.obj (.data)
                  2000102c    00000015     AP.obj (.data:NPI_ReadConfirmation)
                  20001041    00000014     AP.obj (.data:NPI_SendNotificationIndication)
                  20001055    00000003     main.obj (.data)
                  20001058    00000010     rtsv7M4_T_le_v4SPD16_eabi.lib : defs.c.obj (.data)
                  20001068    0000000e     AP.obj (.data:NPI_AddCharValue)
                  20001076    00000002     --HOLE--
                  20001078    0000000c     rtsv7M4_T_le_v4SPD16_eabi.lib : exit.c.obj (.data:$O1$$)
                  20001084    00000009     AP.obj (.data:NPI_AddService)
                  2000108d    00000009     AP.obj (.data:NPI_CCCDUpdatedConfirmation)
                  20001096    00000009     AP.obj (.data:NPI_WriteConfirmation)
                  2000109f    00000001     --HOLE--
                  200010a0    00000008     rtsv7M4_T_le_v4SPD16_eabi.lib : _lock.c.obj (.data:$O1$$)
                  200010a8    00000008                                   : memory.c.obj (.data:$O1$$)
                  200010b0    00000008     AP.obj (.data)
                  200010b8    00000004     SSD1306.obj (.data)
                  200010bc    00000004     rtsv7M4_T_le_v4SPD16_eabi.lib : add_device.c.obj (.data)
                  200010c0    00000004                                   : errno.c.obj (.data)
                  200010c4    00000004                                   : fopen.c.obj (.data)
                  200010c8    00000004                                   : open.c.obj (.data)
                  200010cc    00000004     system_msp432p401r.obj (.data)

.stack     0    2000fe00    00000200     UNINITIALIZED
                  2000fe00    00000004     rtsv7M4_T_le_v4SPD16_eabi.lib : boot_cortex_m.c.obj (.stack)
                  2000fe04    000001fc     --HOLE--

__llvm_prf_cnts 
*          0    20000000    00000000     UNINITIALIZED

MODULE SUMMARY

       Module                        code    ro data   rw data
       ------                        ----    -------   -------
    .\
       SSD1306.obj                   6216    544       2080   
       AP.obj                        4108    64        1202   
       main.obj                      4228    18        732    
       UART0.obj                     1740    0         24     
       UART1.obj                     420     0         536    
       system_msp432p401r.obj        820     0         8      
       Clock.obj                     480     0         48     
       Init_Ports.obj                496     0         0      
       Motor.obj                     424     0         0      
       startup_msp432p401r_ccs.obj   14      228       0      
       GPIO.obj                      192     0         0      
       Init_Timers.obj               132     0         0      
       CortexM.obj                   36      0         0      
    +--+-----------------------------+-------+---------+---------+
       Total:                        19306   854       4630   
                                                              
    C:\ti\ccs1271\ccs\tools\compiler\ti-cgt-arm_20.2.7.LTS\lib\rtsv7M4_T_le_v4SPD16_eabi.lib
       e_pow.c.obj                   2512    48        0      
       defs.c.obj                    0       0         832    
       memory.c.obj                  672     0         16     
       trgmsg.c.obj                  108     0         576    
       fopen.c.obj                   532     0         8      
       fd_add_t2.asm.obj             438     0         0      
       host_device.c.obj             0       0         400    
       e_sqrt.c.obj                  344     0         0      
       fd_div_t2.asm.obj             310     0         0      
       s_scalbn.c.obj                272     0         0      
       fd_cmp_t2.asm.obj             268     0         0      
       fd_mul_t2.asm.obj             252     0         0      
       setvbuf.c.obj                 220     0         0      
       open.c.obj                    188     0         8      
       add_device.c.obj              184     0         8      
       memcpy_t2.asm.obj             156     0         0      
       memset_t2.asm.obj             122     0         0      
       fclose.c.obj                  116     0         0      
       getdevice.c.obj               116     0         0      
       hostopen.c.obj                96      0         16     
       hostrename.c.obj              108     0         0      
       copy_decompress_lzss.c.obj    104     0         0      
       hostlseek.c.obj               104     0         0      
       exit.c.obj                    76      0         24     
       close.c.obj                   92      0         0      
       hostread.c.obj                88      0         0      
       hostwrite.c.obj               88      0         0      
       fflush.c.obj                  76      0         0      
       fd_toi_t2.asm.obj             72      0         0      
       autoinit.c.obj                68      0         0      
       fd_tou_t2.asm.obj             68      0         0      
       hostclose.c.obj               68      0         0      
       hostunlink.c.obj              68      0         0      
       strncpy.c.obj                 54      0         0      
       boot_cortex_m.c.obj           52      0         0      
       i_tofd_t2.asm.obj             46      0         0      
       unlink.c.obj                  44      0         0      
       write.c.obj                   40      0         0      
       u_tofd_t2.asm.obj             32      0         0      
       s_copysign.c.obj              26      0         0      
       strcmp.c.obj                  24      0         0      
       strchr.c.obj                  22      0         0      
       strcpy.c.obj                  20      0         0      
       strlen.c.obj                  20      0         0      
       _lock.c.obj                   2       0         16     
       errno.c.obj                   8       0         8      
       copy_decompress_none.c.obj    14      0         0      
       copy_zero_init.c.obj          12      0         0      
       pre_init.c.obj                4       0         0      
    +--+-----------------------------+-------+---------+---------+
       Total:                        8406    48        1912   
                                                              
       Heap:                         0       0         2048   
       Stack:                        0       0         1024   
       Linker Generated:             0       318       0      
    +--+-----------------------------+-------+---------+---------+
       Grand Total:                  27712   1220      9614   


LINKER GENERATED COPY TABLES

__TI_cinit_table @ 00007108 records: 2, size/record: 8, table size: 16
	.data: load addr=00006fd8, load size=0000011a bytes, run addr=20000dd8, run size=000002f8 bytes, compression=lzss
	.bss: load addr=00007100, load size=00000008 bytes, run addr=20000000, run size=000009d3 bytes, compression=zero_init


LINKER GENERATED HANDLER TABLE

__TI_handler_table @ 000070f4 records: 3, size/record: 4, table size: 12
	index: 0, handler: __TI_decompress_lzss
	index: 1, handler: __TI_decompress_none
	index: 2, handler: __TI_zero_init


GLOBAL SYMBOLS: SORTED ALPHABETICALLY BY Name 

address   name                           
-------   ----                           
00006d07  ADC14_IRQHandler               
00006d07  AES256_IRQHandler              
00003011  AP_AddCharacteristic           
000031cd  AP_AddNotifyCharacteristic     
00002fb9  AP_AddService                  
000036d9  AP_BackgroundProcess           
00002b57  AP_EchoReceived                
00002aeb  AP_EchoSendMessage             
00002fa3  AP_GetNotifyCCCD               
00002ac1  AP_GetSize                     
000035b1  AP_GetStatus                   
000035ed  AP_GetVersion                  
000029db  AP_Init                        
00002d79  AP_RecvMessage                 
00002f55  AP_RecvStatus                  
00002ff1  AP_RegisterService             
000029b1  AP_Reset                       
00002bdd  AP_SendMessage                 
00002f63  AP_SendMessageResponse         
000033f5  AP_SendNotification            
000034f5  AP_StartAdvertisement          
00003549  AP_StartAdvertisementJacki     
200009d2  BLE_Cmd                        
00006d07  BusFault_Handler               
00006d29  C$$EXIT                        
00006a2f  C$$IO$$                        
00006d07  COMP_E0_IRQHandler             
00006d07  COMP_E1_IRQHandler             
2000101c  CPMwait                        
00006d07  CS_IRQHandler                  
200010b0  CharacteristicCount            
2000071c  CharacteristicList             
20001014  ClockFrequency                 
000050d1  Clock_Delay1ms                 
000050a7  Clock_Delay1us                 
00005093  Clock_GetFreq                  
00004f7d  Clock_Init48MHz                
20001028  Crystalstable                  
200010b8  CurrentX                       
200010ba  CurrentY                       
00006d07  DMA_ERR_IRQHandler             
00006d07  DMA_INT0_IRQHandler            
00006d07  DMA_INT1_IRQHandler            
00006d07  DMA_INT2_IRQHandler            
00006d07  DMA_INT3_IRQHandler            
00006d07  DebugMon_Handler               
00006d07  Default_Handler                
00006c1d  DisableInterrupts              
00006d07  EUSCIA0_IRQHandler             
00006d07  EUSCIA1_IRQHandler             
000055e5  EUSCIA2_IRQHandler             
000055e5  EUSCIA2_IRQHandler             
00006d07  EUSCIA3_IRQHandler             
00006d07  EUSCIB0_IRQHandler             
00006d07  EUSCIB1_IRQHandler             
00006d07  EUSCIB2_IRQHandler             
00006d07  EUSCIB3_IRQHandler             
00006c23  EnableInterrupts               
00006c33  EndCritical                    
00006d07  FLCTL_IRQHandler               
00006d07  FPU_IRQHandler                 
00005ecd  GPIO_Init                      
00001959  GridInit                       
00006f65  HCI_EXT_ResetSystemCmd         
000068ad  HOSTclose                      
00006595  HOSTlseek                      
00006665  HOSTopen                       
00006721  HOSTread                       
00006529  HOSTrename                     
000068f1  HOSTunlink                     
00006779  HOSTwrite                      
00006d07  HardFault_Handler              
20001024  IFlags                         
00006d07  MemManage_Handler              
20000998  Messageb                       
200009a8  Messageindexb                  
0000544d  Motor_Backward                 
00005343  Motor_Forward                  
000053f5  Motor_Left                     
0000539d  Motor_Right                    
00005315  Motor_Stop                     
00006d07  NMI_Handler                    
20000fd7  NPI_AddCharDescriptor          
20001068  NPI_AddCharValue               
20001084  NPI_AddService                 
2000108d  NPI_CCCDUpdatedConfirmation    
20000ff7  NPI_GATTSetDeviceName          
00006f7e  NPI_GetStatus                  
00006f84  NPI_GetVersion                 
2000102c  NPI_ReadConfirmation           
00006f8a  NPI_Register                   
20001041  NPI_SendNotificationIndication 
00006f54  NPI_SetAdvertisement1          
20000f90  NPI_SetAdvertisementData       
20000fb5  NPI_SetAdvertisementDataJacki  
00006f40  NPI_StartAdvertisement         
20001096  NPI_WriteConfirmation          
200009ac  NoSOFErr                       
200010b4  NotifyCharacteristicCount      
200008dc  NotifyCharacteristicList       
00006d07  PCM_IRQHandler                 
00006d07  PORT1_IRQHandler               
00006d07  PORT2_IRQHandler               
00006d07  PORT3_IRQHandler               
00006d07  PORT4_IRQHandler               
00006d07  PORT5_IRQHandler               
00006d07  PORT6_IRQHandler               
00006d07  PSS_IRQHandler                 
00006d07  PendSV_Handler                 
00004efd  Port10_Init                    
00004d8d  Port1_Init                     
00004dc1  Port2_Init                     
00004e13  Port3_Init                     
00004e3d  Port4_Init                     
00004e71  Port5_Init                     
00004e9b  Port6_Init                     
00004ed9  Port7_Init                     
00004edb  Port8_Init                     
00004edd  Port9_Init                     
00004eff  PortJ_Init                     
20001020  Postwait                       
20001018  Prewait                        
00006d07  RTC_C_IRQHandler               
2000085c  RecvBuf                        
00006cfb  Reset_Handler                  
20000520  RxFIFO                         
200009b0  RxFifoLost                     
00005515  RxFifo_Get                     
000054bd  RxFifo_Init                    
000054cf  RxFifo_Put                     
200009b4  RxGetI                         
200009b8  RxPutI                         
0000054d  SSD1306_Clear                  
0000050d  SSD1306_ClearBuffer            
00000f69  SSD1306_Dim                    
00000e23  SSD1306_DisplayBuffer          
0000040d  SSD1306_DrawChar               
000007e5  SSD1306_DrawFastHLine          
00000a09  SSD1306_DrawFastVLine          
000005a1  SSD1306_DrawFullImage          
00000293  SSD1306_DrawPixel              
000004c1  SSD1306_DrawString             
00000e1f  SSD1306_GetBuffer              
00000d21  SSD1306_GetPixel               
0000018d  SSD1306_Init                   
00000f53  SSD1306_InvertDisplay          
00001015  SSD1306_OutChar                
000017cf  SSD1306_OutHex7                
00001381  SSD1306_OutSDec                
000016e1  SSD1306_OutSFix1               
0000113b  SSD1306_OutString              
00001195  SSD1306_OutUDec                
00001835  SSD1306_OutUDec16              
000018cd  SSD1306_OutUDec2               
0000164d  SSD1306_OutUFix1               
00001805  SSD1306_OutUHex7               
00000605  SSD1306_PrintBMP               
00000f9b  SSD1306_SetCursor              
000008f7  SSD1306_drawFastHLineInternal  
00000b21  SSD1306_drawFastVLineInternal  
00000f09  SSD1306_startscrolldiagleft    
00000ec5  SSD1306_startscrolldiagright   
00000e8f  SSD1306_startscrollleft        
00000e5d  SSD1306_startscrollright       
00000f49  SSD1306_stopscroll             
00006d07  SVC_Handler                    
000019bd  Servo                          
0000199f  ServoInit                      
00006c29  StartCritical                  
200009ce  StartX                         
200009d0  StartY                         
00006d07  SysTick_Handler                
200010cc  SystemCoreClock                
00004a59  SystemCoreClockUpdate          
00004cd1  SystemInit                     
00006d07  T32_INT1_IRQHandler            
00006d07  T32_INT2_IRQHandler            
00006d07  T32_INTC_IRQHandler            
00006d07  TA0_0_IRQHandler               
00006d07  TA0_N_IRQHandler               
00006d07  TA1_0_IRQHandler               
00006d07  TA1_N_IRQHandler               
00006d07  TA2_0_IRQHandler               
00006d07  TA2_N_IRQHandler               
00006d07  TA3_0_IRQHandler               
00006d07  TA3_N_IRQHandler               
200009bc  TimeOutErr                     
00006345  TimerA0_Init                   
00006379  TimerA1_Init                   
0000637b  TimerA2_Init                   
00006383  TimerA3_Init                   
000043d3  UART0_InChar                   
0000486d  UART0_InString                 
0000441d  UART0_InUDec                   
00004721  UART0_InUHex                   
0000438d  UART0_Init                     
000049cd  UART0_Initprintf               
000043e3  UART0_OutChar                  
000044d5  UART0_OutSDec                  
000043ff  UART0_OutString                
000044a1  UART0_OutUDec                  
0000461b  UART0_OutUDec4                 
00004675  UART0_OutUDec5                 
000046ad  UART0_OutUFix1                 
000046d5  UART0_OutUFix2                 
000047e5  UART0_OutUHex                  
00004851  UART0_OutUHex2                 
00005619  UART1_FinishOutput             
000055b7  UART1_InChar                   
0000554b  UART1_InStatus                 
0000555b  UART1_Init                     
000055c9  UART1_OutChar                  
000055fb  UART1_OutString                
00006d07  UsageFault_Handler             
4000480c  WDTCTL_SYM                     
00006d07  WDT_A_IRQHandler               
00006c3b  WaitForInterrupt               
00001aa1  WriteByteCmd                   
20000400  __CIOBUF_                      
20010000  __STACK_END                    
00000200  __STACK_SIZE                   
00000400  __SYSMEM_SIZE                  
00007108  __TI_CINIT_Base                
00007118  __TI_CINIT_Limit               
000070f4  __TI_Handler_Table_Base        
00007100  __TI_Handler_Table_Limit       
00006935  __TI_auto_init_nobinit_nopinit 
00006a71  __TI_cleanup                   
20001078  __TI_cleanup_ptr               
00006445  __TI_closefile                 
000065fd  __TI_decompress_lzss           
00006ced  __TI_decompress_none           
000067d1  __TI_doflush                   
2000107c  __TI_dtors_ptr                 
20001080  __TI_enable_exit_profile_output
20001058  __TI_ft_end                    
ffffffff  __TI_pprof_out_hndl            
ffffffff  __TI_prof_data_size            
ffffffff  __TI_prof_data_start           
00006aa5  __TI_readmsg                   
00000000  __TI_static_base__             
200007bc  __TI_tmpnams                   
00006a01  __TI_writemsg                  
00006d09  __TI_zero_init                 
00006239  __aeabi_cdcmpeq                
00006239  __aeabi_cdcmple                
000062bf  __aeabi_cdrcmple               
00006865  __aeabi_d2iz                   
000069bd  __aeabi_d2uiz                  
00005167  __aeabi_dadd                   
000057b9  __aeabi_ddiv                   
00005c11  __aeabi_dmul                   
0000515d  __aeabi_dsub                   
00006d15  __aeabi_errno_addr             
00006b71  __aeabi_i2d                    
000063c9  __aeabi_memclr                 
000063c9  __aeabi_memclr4                
000063c9  __aeabi_memclr8                
0000619d  __aeabi_memcpy                 
0000619d  __aeabi_memcpy4                
0000619d  __aeabi_memcpy8                
000063cb  __aeabi_memset                 
000063cb  __aeabi_memset4                
000063cb  __aeabi_memset8                
20001064  __aeabi_stderr                 
2000105c  __aeabi_stdin                  
20001060  __aeabi_stdout                 
00006c41  __aeabi_ui2d                   
ffffffff  __binit__                      
ffffffff  __c_args__                     
UNDEFED   __mpu_init                     
2000fe00  __stack                        
20000000  __start___llvm_prf_cnts        
20000000  __stop___llvm_prf_cnts         
00006ad9  _c_int00_noargs                
20000ec8  _device                        
20000dd8  _ftable                        
200010a0  _lock                          
00005313  _nop                           
20000f40  _stream                        
200009d8  _sys_memory                    
UNDEFED   _system_post_cinit             
00006d25  _system_pre_init               
200010a4  _unlock                        
00006d29  abort                          
00006049  add_device                     
00005b11  aligned_alloc                  
ffffffff  binit                          
20000000  buffer                         
000066c5  close                          
00006c7d  copysign                       
00006c7d  copysignl                      
00005099  delay                          
000019e1  distanceInCm                   
200010c0  errno                          
0000681d  exit                           
200009c0  fcserr                         
00004907  ferror                         
000048e7  fgetc                          
00006b41  finddevice                     
00006101  fopen                          
00005d0d  free                           
00006b0d  freopen                        
00006979  getdevice                      
00000000  interruptVectors               
00005a01  ldexp                          
00005a01  ldexpl                         
00002831  main                           
00006d1d  malloc                         
00005b11  memalign                       
0000619d  memcpy                         
000063d1  memset                         
00005f8d  open                           
00004829  outnibble                      
200009a0  parmbuf                        
000039bd  pow                            
000039bd  powl                           
00001a2d  pulseIn                        
00006ba1  remove                         
200009c4  rotation                       
00005a01  scalbn                         
00005a01  scalbnl                        
00005df1  setvbuf                        
00005661  sqrt                           
00005661  sqrtl                          
00000115  ssd1306_Testcommandwrite       
00000145  ssd1306_command                
00000155  ssd1306_command1               
00000165  ssd1306_commandList            
00006caf  strchr                         
00006c97  strcmp                         
00006cc5  strcpy                         
00006cd9  strlen                         
00006a39  strncpy                        
00004925  uart_close                     
000049a3  uart_lseek                     
00004915  uart_open                      
00004937  uart_read                      
000049bf  uart_rename                    
000049b3  uart_unlink                    
00004961  uart_write                     
00006ba1  unlink                         
200009c8  vccstate                       
00006bf5  write                          


GLOBAL SYMBOLS: SORTED BY Symbol Address 

address   name                           
-------   ----                           
00000000  __TI_static_base__             
00000000  interruptVectors               
00000115  ssd1306_Testcommandwrite       
00000145  ssd1306_command                
00000155  ssd1306_command1               
00000165  ssd1306_commandList            
0000018d  SSD1306_Init                   
00000200  __STACK_SIZE                   
00000293  SSD1306_DrawPixel              
00000400  __SYSMEM_SIZE                  
0000040d  SSD1306_DrawChar               
000004c1  SSD1306_DrawString             
0000050d  SSD1306_ClearBuffer            
0000054d  SSD1306_Clear                  
000005a1  SSD1306_DrawFullImage          
00000605  SSD1306_PrintBMP               
000007e5  SSD1306_DrawFastHLine          
000008f7  SSD1306_drawFastHLineInternal  
00000a09  SSD1306_DrawFastVLine          
00000b21  SSD1306_drawFastVLineInternal  
00000d21  SSD1306_GetPixel               
00000e1f  SSD1306_GetBuffer              
00000e23  SSD1306_DisplayBuffer          
00000e5d  SSD1306_startscrollright       
00000e8f  SSD1306_startscrollleft        
00000ec5  SSD1306_startscrolldiagright   
00000f09  SSD1306_startscrolldiagleft    
00000f49  SSD1306_stopscroll             
00000f53  SSD1306_InvertDisplay          
00000f69  SSD1306_Dim                    
00000f9b  SSD1306_SetCursor              
00001015  SSD1306_OutChar                
0000113b  SSD1306_OutString              
00001195  SSD1306_OutUDec                
00001381  SSD1306_OutSDec                
0000164d  SSD1306_OutUFix1               
000016e1  SSD1306_OutSFix1               
000017cf  SSD1306_OutHex7                
00001805  SSD1306_OutUHex7               
00001835  SSD1306_OutUDec16              
000018cd  SSD1306_OutUDec2               
00001959  GridInit                       
0000199f  ServoInit                      
000019bd  Servo                          
000019e1  distanceInCm                   
00001a2d  pulseIn                        
00001aa1  WriteByteCmd                   
00002831  main                           
000029b1  AP_Reset                       
000029db  AP_Init                        
00002ac1  AP_GetSize                     
00002aeb  AP_EchoSendMessage             
00002b57  AP_EchoReceived                
00002bdd  AP_SendMessage                 
00002d79  AP_RecvMessage                 
00002f55  AP_RecvStatus                  
00002f63  AP_SendMessageResponse         
00002fa3  AP_GetNotifyCCCD               
00002fb9  AP_AddService                  
00002ff1  AP_RegisterService             
00003011  AP_AddCharacteristic           
000031cd  AP_AddNotifyCharacteristic     
000033f5  AP_SendNotification            
000034f5  AP_StartAdvertisement          
00003549  AP_StartAdvertisementJacki     
000035b1  AP_GetStatus                   
000035ed  AP_GetVersion                  
000036d9  AP_BackgroundProcess           
000039bd  pow                            
000039bd  powl                           
0000438d  UART0_Init                     
000043d3  UART0_InChar                   
000043e3  UART0_OutChar                  
000043ff  UART0_OutString                
0000441d  UART0_InUDec                   
000044a1  UART0_OutUDec                  
000044d5  UART0_OutSDec                  
0000461b  UART0_OutUDec4                 
00004675  UART0_OutUDec5                 
000046ad  UART0_OutUFix1                 
000046d5  UART0_OutUFix2                 
00004721  UART0_InUHex                   
000047e5  UART0_OutUHex                  
00004829  outnibble                      
00004851  UART0_OutUHex2                 
0000486d  UART0_InString                 
000048e7  fgetc                          
00004907  ferror                         
00004915  uart_open                      
00004925  uart_close                     
00004937  uart_read                      
00004961  uart_write                     
000049a3  uart_lseek                     
000049b3  uart_unlink                    
000049bf  uart_rename                    
000049cd  UART0_Initprintf               
00004a59  SystemCoreClockUpdate          
00004cd1  SystemInit                     
00004d8d  Port1_Init                     
00004dc1  Port2_Init                     
00004e13  Port3_Init                     
00004e3d  Port4_Init                     
00004e71  Port5_Init                     
00004e9b  Port6_Init                     
00004ed9  Port7_Init                     
00004edb  Port8_Init                     
00004edd  Port9_Init                     
00004efd  Port10_Init                    
00004eff  PortJ_Init                     
00004f7d  Clock_Init48MHz                
00005093  Clock_GetFreq                  
00005099  delay                          
000050a7  Clock_Delay1us                 
000050d1  Clock_Delay1ms                 
0000515d  __aeabi_dsub                   
00005167  __aeabi_dadd                   
00005313  _nop                           
00005315  Motor_Stop                     
00005343  Motor_Forward                  
0000539d  Motor_Right                    
000053f5  Motor_Left                     
0000544d  Motor_Backward                 
000054bd  RxFifo_Init                    
000054cf  RxFifo_Put                     
00005515  RxFifo_Get                     
0000554b  UART1_InStatus                 
0000555b  UART1_Init                     
000055b7  UART1_InChar                   
000055c9  UART1_OutChar                  
000055e5  EUSCIA2_IRQHandler             
000055e5  EUSCIA2_IRQHandler             
000055fb  UART1_OutString                
00005619  UART1_FinishOutput             
00005661  sqrt                           
00005661  sqrtl                          
000057b9  __aeabi_ddiv                   
00005a01  ldexp                          
00005a01  ldexpl                         
00005a01  scalbn                         
00005a01  scalbnl                        
00005b11  aligned_alloc                  
00005b11  memalign                       
00005c11  __aeabi_dmul                   
00005d0d  free                           
00005df1  setvbuf                        
00005ecd  GPIO_Init                      
00005f8d  open                           
00006049  add_device                     
00006101  fopen                          
0000619d  __aeabi_memcpy                 
0000619d  __aeabi_memcpy4                
0000619d  __aeabi_memcpy8                
0000619d  memcpy                         
00006239  __aeabi_cdcmpeq                
00006239  __aeabi_cdcmple                
000062bf  __aeabi_cdrcmple               
00006345  TimerA0_Init                   
00006379  TimerA1_Init                   
0000637b  TimerA2_Init                   
00006383  TimerA3_Init                   
000063c9  __aeabi_memclr                 
000063c9  __aeabi_memclr4                
000063c9  __aeabi_memclr8                
000063cb  __aeabi_memset                 
000063cb  __aeabi_memset4                
000063cb  __aeabi_memset8                
000063d1  memset                         
00006445  __TI_closefile                 
00006529  HOSTrename                     
00006595  HOSTlseek                      
000065fd  __TI_decompress_lzss           
00006665  HOSTopen                       
000066c5  close                          
00006721  HOSTread                       
00006779  HOSTwrite                      
000067d1  __TI_doflush                   
0000681d  exit                           
00006865  __aeabi_d2iz                   
000068ad  HOSTclose                      
000068f1  HOSTunlink                     
00006935  __TI_auto_init_nobinit_nopinit 
00006979  getdevice                      
000069bd  __aeabi_d2uiz                  
00006a01  __TI_writemsg                  
00006a2f  C$$IO$$                        
00006a39  strncpy                        
00006a71  __TI_cleanup                   
00006aa5  __TI_readmsg                   
00006ad9  _c_int00_noargs                
00006b0d  freopen                        
00006b41  finddevice                     
00006b71  __aeabi_i2d                    
00006ba1  remove                         
00006ba1  unlink                         
00006bf5  write                          
00006c1d  DisableInterrupts              
00006c23  EnableInterrupts               
00006c29  StartCritical                  
00006c33  EndCritical                    
00006c3b  WaitForInterrupt               
00006c41  __aeabi_ui2d                   
00006c7d  copysign                       
00006c7d  copysignl                      
00006c97  strcmp                         
00006caf  strchr                         
00006cc5  strcpy                         
00006cd9  strlen                         
00006ced  __TI_decompress_none           
00006cfb  Reset_Handler                  
00006d07  ADC14_IRQHandler               
00006d07  AES256_IRQHandler              
00006d07  BusFault_Handler               
00006d07  COMP_E0_IRQHandler             
00006d07  COMP_E1_IRQHandler             
00006d07  CS_IRQHandler                  
00006d07  DMA_ERR_IRQHandler             
00006d07  DMA_INT0_IRQHandler            
00006d07  DMA_INT1_IRQHandler            
00006d07  DMA_INT2_IRQHandler            
00006d07  DMA_INT3_IRQHandler            
00006d07  DebugMon_Handler               
00006d07  Default_Handler                
00006d07  EUSCIA0_IRQHandler             
00006d07  EUSCIA1_IRQHandler             
00006d07  EUSCIA3_IRQHandler             
00006d07  EUSCIB0_IRQHandler             
00006d07  EUSCIB1_IRQHandler             
00006d07  EUSCIB2_IRQHandler             
00006d07  EUSCIB3_IRQHandler             
00006d07  FLCTL_IRQHandler               
00006d07  FPU_IRQHandler                 
00006d07  HardFault_Handler              
00006d07  MemManage_Handler              
00006d07  NMI_Handler                    
00006d07  PCM_IRQHandler                 
00006d07  PORT1_IRQHandler               
00006d07  PORT2_IRQHandler               
00006d07  PORT3_IRQHandler               
00006d07  PORT4_IRQHandler               
00006d07  PORT5_IRQHandler               
00006d07  PORT6_IRQHandler               
00006d07  PSS_IRQHandler                 
00006d07  PendSV_Handler                 
00006d07  RTC_C_IRQHandler               
00006d07  SVC_Handler                    
00006d07  SysTick_Handler                
00006d07  T32_INT1_IRQHandler            
00006d07  T32_INT2_IRQHandler            
00006d07  T32_INTC_IRQHandler            
00006d07  TA0_0_IRQHandler               
00006d07  TA0_N_IRQHandler               
00006d07  TA1_0_IRQHandler               
00006d07  TA1_N_IRQHandler               
00006d07  TA2_0_IRQHandler               
00006d07  TA2_N_IRQHandler               
00006d07  TA3_0_IRQHandler               
00006d07  TA3_N_IRQHandler               
00006d07  UsageFault_Handler             
00006d07  WDT_A_IRQHandler               
00006d09  __TI_zero_init                 
00006d15  __aeabi_errno_addr             
00006d1d  malloc                         
00006d25  _system_pre_init               
00006d29  C$$EXIT                        
00006d29  abort                          
00006f40  NPI_StartAdvertisement         
00006f54  NPI_SetAdvertisement1          
00006f65  HCI_EXT_ResetSystemCmd         
00006f7e  NPI_GetStatus                  
00006f84  NPI_GetVersion                 
00006f8a  NPI_Register                   
000070f4  __TI_Handler_Table_Base        
00007100  __TI_Handler_Table_Limit       
00007108  __TI_CINIT_Base                
00007118  __TI_CINIT_Limit               
20000000  __start___llvm_prf_cnts        
20000000  __stop___llvm_prf_cnts         
20000000  buffer                         
20000400  __CIOBUF_                      
20000520  RxFIFO                         
2000071c  CharacteristicList             
200007bc  __TI_tmpnams                   
2000085c  RecvBuf                        
200008dc  NotifyCharacteristicList       
20000998  Messageb                       
200009a0  parmbuf                        
200009a8  Messageindexb                  
200009ac  NoSOFErr                       
200009b0  RxFifoLost                     
200009b4  RxGetI                         
200009b8  RxPutI                         
200009bc  TimeOutErr                     
200009c0  fcserr                         
200009c4  rotation                       
200009c8  vccstate                       
200009ce  StartX                         
200009d0  StartY                         
200009d2  BLE_Cmd                        
200009d8  _sys_memory                    
20000dd8  _ftable                        
20000ec8  _device                        
20000f40  _stream                        
20000f90  NPI_SetAdvertisementData       
20000fb5  NPI_SetAdvertisementDataJacki  
20000fd7  NPI_AddCharDescriptor          
20000ff7  NPI_GATTSetDeviceName          
20001014  ClockFrequency                 
20001018  Prewait                        
2000101c  CPMwait                        
20001020  Postwait                       
20001024  IFlags                         
20001028  Crystalstable                  
2000102c  NPI_ReadConfirmation           
20001041  NPI_SendNotificationIndication 
20001058  __TI_ft_end                    
2000105c  __aeabi_stdin                  
20001060  __aeabi_stdout                 
20001064  __aeabi_stderr                 
20001068  NPI_AddCharValue               
20001078  __TI_cleanup_ptr               
2000107c  __TI_dtors_ptr                 
20001080  __TI_enable_exit_profile_output
20001084  NPI_AddService                 
2000108d  NPI_CCCDUpdatedConfirmation    
20001096  NPI_WriteConfirmation          
200010a0  _lock                          
200010a4  _unlock                        
200010b0  CharacteristicCount            
200010b4  NotifyCharacteristicCount      
200010b8  CurrentX                       
200010ba  CurrentY                       
200010c0  errno                          
200010cc  SystemCoreClock                
2000fe00  __stack                        
20010000  __STACK_END                    
4000480c  WDTCTL_SYM                     
ffffffff  __TI_pprof_out_hndl            
ffffffff  __TI_prof_data_size            
ffffffff  __TI_prof_data_start           
ffffffff  __binit__                      
ffffffff  __c_args__                     
ffffffff  binit                          
UNDEFED   __mpu_init                     
UNDEFED   _system_post_cinit             

[344 symbols]
