******************************************************************************
                  TI ARM Linker PC v20.2.7                     
******************************************************************************
>> Linked Thu Apr 24 11:46:11 2025

OUTPUT FILE NAME:   <FinalProject.out>
ENTRY POINT SYMBOL: "_c_int00_noargs"  address: 00007031


MEMORY CONFIGURATION

         name            origin    length      used     unused   attr    fill
----------------------  --------  ---------  --------  --------  ----  --------
  MAIN                  00000000   00040000  0000766a  00038996  R  X
  INFO                  00200000   00004000  00000000  00004000  R  X
  SRAM_CODE             01000000   00010000  000012c7  0000ed39  RW X
  SRAM_DATA             20000000   00010000  000012c7  0000ed39  RW  


SEGMENT ALLOCATION MAP

run origin  load origin   length   init length attrs members
----------  ----------- ---------- ----------- ----- -------
00000000    00000000    00007670   00007670    r-x
  00000000    00000000    000000e4   000000e4    r-- .intvecs
  000000e4    000000e4    000071a0   000071a0    r-x .text
  00007288    00007288    000002a6   000002a6    r-- .const
  00007530    00007530    00000140   00000140    r-- .cinit
20000000    20000000    000010c8   00000000    rw-
  20000000    20000000    000009b7   00000000    rw- .bss
  200009b8    200009b8    00000400   00000000    rw- .sysmem
  20000db8    20000db8    00000310   00000000    rw- .data
2000fe00    2000fe00    00000200   00000000    rw-
  2000fe00    2000fe00    00000200   00000000    rw- .stack


SECTION ALLOCATION MAP

 output                                  attributes/
section   page    origin      length       input sections
--------  ----  ----------  ----------   ----------------
.intvecs   0    00000000    000000e4     
                  00000000    000000e4     startup_msp432p401r_ccs.obj (.intvecs:retain)

.text      0    000000e4    000071a0     
                  000000e4    00001848     SSD1306.obj (.text)
                  0000192c    000015dc     main.obj (.text)
                  00002f08    0000100c     AP.obj (.text)
                  00003f14    000009d0     rtsv7M4_T_le_v4SPD16_eabi.lib : e_pow.c.obj (.text:pow)
                  000048e4    000006cc     UART0.obj (.text)
                  00004fb0    00000334     system_msp432p401r.obj (.text)
                  000052e4    000001f0     Init_Ports.obj (.text)
                  000054d4    000001e0     Clock.obj (.text)
                  000056b4    000001b6     rtsv7M4_T_le_v4SPD16_eabi.lib : fd_add_t2.asm.obj (.text)
                  0000586a    00000002                                   : _lock.c.obj (.text:_nop)
                  0000586c    000001a8     Motor.obj (.text)
                  00005a14    000001a4     UART1.obj (.text)
                  00005bb8    00000158     rtsv7M4_T_le_v4SPD16_eabi.lib : e_sqrt.c.obj (.text:sqrt)
                  00005d10    00000136                                   : fd_div_t2.asm.obj (.text)
                  00005e46    00000002     --HOLE-- [fill = 0]
                  00005e48    00000110                                   : fopen.c.obj (.text:_openfile)
                  00005f58    00000110                                   : s_scalbn.c.obj (.text:scalbn)
                  00006068    00000100                                   : memory.c.obj (.text:aligned_alloc)
                  00006168    000000fc                                   : fd_mul_t2.asm.obj (.text)
                  00006264    000000e4                                   : memory.c.obj (.text:free)
                  00006348    000000dc                                   : setvbuf.c.obj (.text:setvbuf)
                  00006424    000000c0     GPIO.obj (.text)
                  000064e4    000000bc     rtsv7M4_T_le_v4SPD16_eabi.lib : open.c.obj (.text:open)
                  000065a0    000000b8                                   : add_device.c.obj (.text:add_device)
                  00006658    0000009c                                   : fopen.c.obj (.text:fopen)
                  000066f4    0000009c                                   : memcpy_t2.asm.obj (.text)
                  00006790    00000086                                   : fd_cmp_t2.asm.obj (.text:__aeabi_cdcmple)
                  00006816    00000086                                   : fd_cmp_t2.asm.obj (.text:__aeabi_cdrcmple)
                  0000689c    00000084     Init_Timers.obj (.text)
                  00006920    0000007a     rtsv7M4_T_le_v4SPD16_eabi.lib : memset_t2.asm.obj (.text)
                  0000699a    00000002     --HOLE-- [fill = 0]
                  0000699c    00000074                                   : fclose.c.obj (.text:__TI_closefile)
                  00006a10    00000070                                   : memory.c.obj (.text:split)
                  00006a80    0000006c                                   : hostrename.c.obj (.text:HOSTrename)
                  00006aec    00000068                                   : hostlseek.c.obj (.text:HOSTlseek)
                  00006b54    00000068                                   : copy_decompress_lzss.c.obj (.text:decompress:lzss:__TI_decompress_lzss)
                  00006bbc    00000060                                   : hostopen.c.obj (.text:HOSTopen)
                  00006c1c    0000005c                                   : close.c.obj (.text:close)
                  00006c78    00000058                                   : hostread.c.obj (.text:HOSTread)
                  00006cd0    00000058                                   : hostwrite.c.obj (.text:HOSTwrite)
                  00006d28    0000004c                                   : fflush.c.obj (.text:__TI_doflush)
                  00006d74    00000048                                   : exit.c.obj (.text:exit)
                  00006dbc    00000048                                   : fd_toi_t2.asm.obj (.text)
                  00006e04    00000044                                   : hostclose.c.obj (.text:HOSTclose)
                  00006e48    00000044                                   : hostunlink.c.obj (.text:HOSTunlink)
                  00006e8c    00000044                                   : autoinit.c.obj (.text:__TI_auto_init_nobinit_nopinit:__TI_auto_init_nobinit_nopinit)
                  00006ed0    00000044                                   : getdevice.c.obj (.text:getdevice)
                  00006f14    00000044                                   : fd_tou_t2.asm.obj (.text)
                  00006f58    00000038                                   : trgmsg.c.obj (.text:__TI_writemsg)
                  00006f90    00000036                                   : strncpy.c.obj (.text:strncpy)
                  00006fc6    00000002     --HOLE-- [fill = 0]
                  00006fc8    00000034                                   : fopen.c.obj (.text:__TI_cleanup)
                  00006ffc    00000034                                   : trgmsg.c.obj (.text:__TI_readmsg)
                  00007030    00000034                                   : boot_cortex_m.c.obj (.text:_c_int00_noargs:_c_int00_noargs)
                  00007064    00000034                                   : fopen.c.obj (.text:freopen)
                  00007098    00000030                                   : getdevice.c.obj (.text:finddevice)
                  000070c8    0000002e                                   : i_tofd_t2.asm.obj (.text)
                  000070f6    00000002     --HOLE-- [fill = 0]
                  000070f8    0000002c                                   : unlink.c.obj (.text:unlink)
                  00007124    00000028                                   : memory.c.obj (.text:free_list_insert)
                  0000714c    00000028                                   : write.c.obj (.text:write)
                  00007174    00000024     CortexM.obj (.text)
                  00007198    00000020     rtsv7M4_T_le_v4SPD16_eabi.lib : u_tofd_t2.asm.obj (.text)
                  000071b8    0000001c                                   : memory.c.obj (.text:free_list_remove)
                  000071d4    0000001a                                   : s_copysign.c.obj (.text:copysign)
                  000071ee    00000018                                   : strcmp.c.obj (.text:strcmp)
                  00007206    00000016                                   : strchr.c.obj (.text:strchr)
                  0000721c    00000014                                   : strcpy.c.obj (.text:strcpy)
                  00007230    00000014                                   : strlen.c.obj (.text:strlen)
                  00007244    0000000e                                   : copy_decompress_none.c.obj (.text:decompress:none:__TI_decompress_none)
                  00007252    0000000e     startup_msp432p401r_ccs.obj (.text)
                  00007260    0000000c     rtsv7M4_T_le_v4SPD16_eabi.lib : copy_zero_init.c.obj (.text:decompress:ZI:__TI_zero_init)
                  0000726c    00000008                                   : errno.c.obj (.text:__aeabi_errno_addr)
                  00007274    00000008                                   : memory.c.obj (.text:malloc)
                  0000727c    00000004                                   : pre_init.c.obj (.text:_system_pre_init)
                  00007280    00000004                                   : exit.c.obj (.text:abort:abort)

.const     0    00007288    000002a6     
                  00007288    000001e0     SSD1306.obj (.const:ASCII)
                  00007468    00000030     rtsv7M4_T_le_v4SPD16_eabi.lib : e_pow.c.obj (.const:$O1$$)
                  00007498    00000014     AP.obj (.const:.string:NPI_StartAdvertisement)
                  000074ac    00000011     AP.obj (.const:.string:NPI_SetAdvertisement1)
                  000074bd    00000009     AP.obj (.const:.string:HCI_EXT_ResetSystemCmd)
                  000074c6    00000008     SSD1306.obj (.const:.string:postmask)
                  000074ce    00000008     SSD1306.obj (.const:.string:premask)
                  000074d6    00000006     AP.obj (.const:.string:NPI_GetStatus)
                  000074dc    00000006     AP.obj (.const:.string:NPI_GetVersion)
                  000074e2    00000006     AP.obj (.const:.string:NPI_Register)
                  000074e8    00000006     SSD1306.obj (.const:.string:init5)
                  000074ee    00000005     SSD1306.obj (.const:.string:dlist1)
                  000074f3    00000004     main.obj (.const:.string:dX)
                  000074f7    00000004     main.obj (.const:.string:dY)
                  000074fb    00000004     main.obj (.const:.string:dx$2)
                  000074ff    00000004     main.obj (.const:.string:dy$3)
                  00007503    00000004     SSD1306.obj (.const:.string:init1)
                  00007507    00000004     SSD1306.obj (.const:.string:init2)
                  0000750b    00000004     SSD1306.obj (.const:.string:init3)
                  0000750f    00000003     SSD1306.obj (.const:.string:init4b)
                  00007512    00000003     SSD1306.obj (.const:.string:scrollList1b)
                  00007515    00000003     SSD1306.obj (.const:.string:scrollList2b)
                  00007518    00000002     main.obj (.const:$P$T1$4)
                  0000751a    00000002     main.obj (.const:$P$T3$5)
                  0000751c    00000002     main.obj (.const:$P$T4$6)
                  0000751e    00000002     SSD1306.obj (.const:.string:scrollList1a)
                  00007520    00000002     SSD1306.obj (.const:.string:scrollList2a)
                  00007522    00000002     SSD1306.obj (.const:.string:scrollList3a)
                  00007524    00000002     SSD1306.obj (.const:.string:scrollList3b)
                  00007526    00000002     SSD1306.obj (.const:.string:scrollList3c)
                  00007528    00000002     SSD1306.obj (.const:.string:scrollList4a)
                  0000752a    00000002     SSD1306.obj (.const:.string:scrollList4b)
                  0000752c    00000002     SSD1306.obj (.const:.string:scrollList4c)

.cinit     0    00007530    00000140     
                  00007530    0000011c     (.cinit..data.load) [load image, compression = lzss]
                  0000764c    0000000c     (__TI_handler_table)
                  00007658    00000008     (.cinit..bss.load) [load image, compression = zero_init]
                  00007660    00000010     (__TI_cinit_table)

.init_array 
*          0    00000000    00000000     UNINITIALIZED

.binit     0    00000000    00000000     

.bss       0    20000000    000009b7     UNINITIALIZED
                  20000000    00000400     (.common:buffer)
                  20000400    00000120     rtsv7M4_T_le_v4SPD16_eabi.lib : trgmsg.c.obj (.bss:_CIOBUF_)
                  20000520    00000100     (.common:RxFIFO)
                  20000620    000000fc     main.obj (.bss:grid)
                  2000071c    000000a0     (.common:CharacteristicList)
                  200007bc    000000a0     (.common:__TI_tmpnams)
                  2000085c    00000080     (.common:RecvBuf)
                  200008dc    00000050     (.common:NotifyCharacteristicList)
                  2000092c    00000034     main.obj (.bss:openSet)
                  20000960    0000001c     main.obj (.bss:closed$1)
                  2000097c    00000008     (.common:Messageb)
                  20000984    00000008     (.common:parmbuf)
                  2000098c    00000004     (.common:Messageindexb)
                  20000990    00000004     (.common:NoSOFErr)
                  20000994    00000004     (.common:RxFifoLost)
                  20000998    00000004     (.common:RxGetI)
                  2000099c    00000004     (.common:RxPutI)
                  200009a0    00000004     (.common:TimeOutErr)
                  200009a4    00000004     (.common:fcserr)
                  200009a8    00000004     (.common:rotation)
                  200009ac    00000004     (.common:vccstate)
                  200009b0    00000002     main.obj (.bss)
                  200009b2    00000002     (.common:StartX)
                  200009b4    00000002     (.common:StartY)
                  200009b6    00000001     (.common:BLE_Cmd)

.sysmem    0    200009b8    00000400     UNINITIALIZED
                  200009b8    00000010     rtsv7M4_T_le_v4SPD16_eabi.lib : memory.c.obj (.sysmem)
                  200009c8    000003f0     --HOLE--

.data      0    20000db8    00000310     UNINITIALIZED
                  20000db8    000000f0     rtsv7M4_T_le_v4SPD16_eabi.lib : defs.c.obj (.data:_ftable)
                  20000ea8    00000078                                   : host_device.c.obj (.data:_device)
                  20000f20    00000050                                   : host_device.c.obj (.data:_stream)
                  20000f70    00000025     AP.obj (.data:NPI_SetAdvertisementData)
                  20000f95    00000022     AP.obj (.data:NPI_SetAdvertisementDataJacki)
                  20000fb7    00000020     AP.obj (.data:NPI_AddCharDescriptor)
                  20000fd7    0000001c     AP.obj (.data:NPI_GATTSetDeviceName)
                  20000ff3    00000019     main.obj (.data:visited)
                  2000100c    00000018     Clock.obj (.data)
                  20001024    00000015     AP.obj (.data:NPI_ReadConfirmation)
                  20001039    00000014     AP.obj (.data:NPI_SendNotificationIndication)
                  2000104d    00000003     main.obj (.data)
                  20001050    00000010     rtsv7M4_T_le_v4SPD16_eabi.lib : defs.c.obj (.data)
                  20001060    0000000e     AP.obj (.data:NPI_AddCharValue)
                  2000106e    00000002     --HOLE--
                  20001070    0000000c     rtsv7M4_T_le_v4SPD16_eabi.lib : exit.c.obj (.data:$O1$$)
                  2000107c    00000009     AP.obj (.data:NPI_AddService)
                  20001085    00000009     AP.obj (.data:NPI_CCCDUpdatedConfirmation)
                  2000108e    00000009     AP.obj (.data:NPI_WriteConfirmation)
                  20001097    00000001     --HOLE--
                  20001098    00000008     rtsv7M4_T_le_v4SPD16_eabi.lib : _lock.c.obj (.data:$O1$$)
                  200010a0    00000008                                   : memory.c.obj (.data:$O1$$)
                  200010a8    00000008     AP.obj (.data)
                  200010b0    00000004     SSD1306.obj (.data)
                  200010b4    00000004     rtsv7M4_T_le_v4SPD16_eabi.lib : add_device.c.obj (.data)
                  200010b8    00000004                                   : errno.c.obj (.data)
                  200010bc    00000004                                   : fopen.c.obj (.data)
                  200010c0    00000004                                   : open.c.obj (.data)
                  200010c4    00000004     system_msp432p401r.obj (.data)

.stack     0    2000fe00    00000200     UNINITIALIZED
                  2000fe00    00000004     rtsv7M4_T_le_v4SPD16_eabi.lib : boot_cortex_m.c.obj (.stack)
                  2000fe04    000001fc     --HOLE--

__llvm_prf_cnts 
*          0    20000000    00000000     UNINITIALIZED

MODULE SUMMARY

       Module                        code    ro data   rw data
       ------                        ----    -------   -------
    .\
       SSD1306.obj                   6216    544       2080   
       main.obj                      5596    22        726    
       AP.obj                        4108    64        1202   
       UART0.obj                     1740    0         24     
       UART1.obj                     420     0         536    
       system_msp432p401r.obj        820     0         8      
       Clock.obj                     480     0         48     
       Init_Ports.obj                496     0         0      
       Motor.obj                     424     0         0      
       startup_msp432p401r_ccs.obj   14      228       0      
       GPIO.obj                      192     0         0      
       Init_Timers.obj               132     0         0      
       CortexM.obj                   36      0         0      
    +--+-----------------------------+-------+---------+---------+
       Total:                        20674   858       4624   
                                                              
    C:\ti\ccs1271\ccs\tools\compiler\ti-cgt-arm_20.2.7.LTS\lib\rtsv7M4_T_le_v4SPD16_eabi.lib
       e_pow.c.obj                   2512    48        0      
       defs.c.obj                    0       0         832    
       memory.c.obj                  672     0         16     
       trgmsg.c.obj                  108     0         576    
       fopen.c.obj                   532     0         8      
       fd_add_t2.asm.obj             438     0         0      
       host_device.c.obj             0       0         400    
       e_sqrt.c.obj                  344     0         0      
       fd_div_t2.asm.obj             310     0         0      
       s_scalbn.c.obj                272     0         0      
       fd_cmp_t2.asm.obj             268     0         0      
       fd_mul_t2.asm.obj             252     0         0      
       setvbuf.c.obj                 220     0         0      
       open.c.obj                    188     0         8      
       add_device.c.obj              184     0         8      
       memcpy_t2.asm.obj             156     0         0      
       memset_t2.asm.obj             122     0         0      
       fclose.c.obj                  116     0         0      
       getdevice.c.obj               116     0         0      
       hostopen.c.obj                96      0         16     
       hostrename.c.obj              108     0         0      
       copy_decompress_lzss.c.obj    104     0         0      
       hostlseek.c.obj               104     0         0      
       exit.c.obj                    76      0         24     
       close.c.obj                   92      0         0      
       hostread.c.obj                88      0         0      
       hostwrite.c.obj               88      0         0      
       fflush.c.obj                  76      0         0      
       fd_toi_t2.asm.obj             72      0         0      
       autoinit.c.obj                68      0         0      
       fd_tou_t2.asm.obj             68      0         0      
       hostclose.c.obj               68      0         0      
       hostunlink.c.obj              68      0         0      
       strncpy.c.obj                 54      0         0      
       boot_cortex_m.c.obj           52      0         0      
       i_tofd_t2.asm.obj             46      0         0      
       unlink.c.obj                  44      0         0      
       write.c.obj                   40      0         0      
       u_tofd_t2.asm.obj             32      0         0      
       s_copysign.c.obj              26      0         0      
       strcmp.c.obj                  24      0         0      
       strchr.c.obj                  22      0         0      
       strcpy.c.obj                  20      0         0      
       strlen.c.obj                  20      0         0      
       _lock.c.obj                   2       0         16     
       errno.c.obj                   8       0         8      
       copy_decompress_none.c.obj    14      0         0      
       copy_zero_init.c.obj          12      0         0      
       pre_init.c.obj                4       0         0      
    +--+-----------------------------+-------+---------+---------+
       Total:                        8406    48        1912   
                                                              
       Heap:                         0       0         2048   
       Stack:                        0       0         1024   
       Linker Generated:             0       320       0      
    +--+-----------------------------+-------+---------+---------+
       Grand Total:                  29080   1226      9608   


LINKER GENERATED COPY TABLES

__TI_cinit_table @ 00007660 records: 2, size/record: 8, table size: 16
	.data: load addr=00007530, load size=0000011c bytes, run addr=20000db8, run size=00000310 bytes, compression=lzss
	.bss: load addr=00007658, load size=00000008 bytes, run addr=20000000, run size=000009b7 bytes, compression=zero_init


LINKER GENERATED HANDLER TABLE

__TI_handler_table @ 0000764c records: 3, size/record: 4, table size: 12
	index: 0, handler: __TI_decompress_lzss
	index: 1, handler: __TI_decompress_none
	index: 2, handler: __TI_zero_init


GLOBAL SYMBOLS: SORTED ALPHABETICALLY BY Name 

address   name                           
-------   ----                           
0000725f  ADC14_IRQHandler               
0000725f  AES256_IRQHandler              
00003569  AP_AddCharacteristic           
00003725  AP_AddNotifyCharacteristic     
00003511  AP_AddService                  
00003c31  AP_BackgroundProcess           
000030af  AP_EchoReceived                
00003043  AP_EchoSendMessage             
000034fb  AP_GetNotifyCCCD               
00003019  AP_GetSize                     
00003b09  AP_GetStatus                   
00003b45  AP_GetVersion                  
00002f33  AP_Init                        
000032d1  AP_RecvMessage                 
000034ad  AP_RecvStatus                  
00003549  AP_RegisterService             
00002f09  AP_Reset                       
00003135  AP_SendMessage                 
000034bb  AP_SendMessageResponse         
0000394d  AP_SendNotification            
00003a4d  AP_StartAdvertisement          
00003aa1  AP_StartAdvertisementJacki     
200009b6  BLE_Cmd                        
0000725f  BusFault_Handler               
00007281  C$$EXIT                        
00006f87  C$$IO$$                        
0000725f  COMP_E0_IRQHandler             
0000725f  COMP_E1_IRQHandler             
20001014  CPMwait                        
0000725f  CS_IRQHandler                  
200010a8  CharacteristicCount            
2000071c  CharacteristicList             
2000100c  ClockFrequency                 
00005629  Clock_Delay1ms                 
000055ff  Clock_Delay1us                 
000055eb  Clock_GetFreq                  
000054d5  Clock_Init48MHz                
20001020  Crystalstable                  
200010b0  CurrentX                       
200010b2  CurrentY                       
0000725f  DMA_ERR_IRQHandler             
0000725f  DMA_INT0_IRQHandler            
0000725f  DMA_INT1_IRQHandler            
0000725f  DMA_INT2_IRQHandler            
0000725f  DMA_INT3_IRQHandler            
0000725f  DebugMon_Handler               
0000725f  Default_Handler                
00007175  DisableInterrupts              
0000725f  EUSCIA0_IRQHandler             
0000725f  EUSCIA1_IRQHandler             
00005b3d  EUSCIA2_IRQHandler             
00005b3d  EUSCIA2_IRQHandler             
0000725f  EUSCIA3_IRQHandler             
0000725f  EUSCIB0_IRQHandler             
0000725f  EUSCIB1_IRQHandler             
0000725f  EUSCIB2_IRQHandler             
0000725f  EUSCIB3_IRQHandler             
0000717b  EnableInterrupts               
0000718b  EndCritical                    
0000725f  FLCTL_IRQHandler               
0000725f  FPU_IRQHandler                 
00006425  GPIO_Init                      
00001a87  GridInit                       
000074bd  HCI_EXT_ResetSystemCmd         
00006e05  HOSTclose                      
00006aed  HOSTlseek                      
00006bbd  HOSTopen                       
00006c79  HOSTread                       
00006a81  HOSTrename                     
00006e49  HOSTunlink                     
00006cd1  HOSTwrite                      
0000725f  HardFault_Handler              
2000101c  IFlags                         
0000725f  MemManage_Handler              
2000097c  Messageb                       
2000098c  Messageindexb                  
000059a5  Motor_Backward                 
0000589b  Motor_Forward                  
0000594d  Motor_Left                     
000058f5  Motor_Right                    
0000586d  Motor_Stop                     
0000725f  NMI_Handler                    
20000fb7  NPI_AddCharDescriptor          
20001060  NPI_AddCharValue               
2000107c  NPI_AddService                 
20001085  NPI_CCCDUpdatedConfirmation    
20000fd7  NPI_GATTSetDeviceName          
000074d6  NPI_GetStatus                  
000074dc  NPI_GetVersion                 
20001024  NPI_ReadConfirmation           
000074e2  NPI_Register                   
20001039  NPI_SendNotificationIndication 
000074ac  NPI_SetAdvertisement1          
20000f70  NPI_SetAdvertisementData       
20000f95  NPI_SetAdvertisementDataJacki  
00007498  NPI_StartAdvertisement         
2000108e  NPI_WriteConfirmation          
20000990  NoSOFErr                       
200010ac  NotifyCharacteristicCount      
200008dc  NotifyCharacteristicList       
0000725f  PCM_IRQHandler                 
0000725f  PORT1_IRQHandler               
0000725f  PORT2_IRQHandler               
0000725f  PORT3_IRQHandler               
0000725f  PORT4_IRQHandler               
0000725f  PORT5_IRQHandler               
0000725f  PORT6_IRQHandler               
0000725f  PSS_IRQHandler                 
0000725f  PendSV_Handler                 
00005455  Port10_Init                    
000052e5  Port1_Init                     
00005319  Port2_Init                     
0000536b  Port3_Init                     
00005395  Port4_Init                     
000053c9  Port5_Init                     
000053f3  Port6_Init                     
00005431  Port7_Init                     
00005433  Port8_Init                     
00005435  Port9_Init                     
00005457  PortJ_Init                     
20001018  Postwait                       
20001010  Prewait                        
0000725f  RTC_C_IRQHandler               
2000085c  RecvBuf                        
00007253  Reset_Handler                  
20000520  RxFIFO                         
20000994  RxFifoLost                     
00005a6d  RxFifo_Get                     
00005a15  RxFifo_Init                    
00005a27  RxFifo_Put                     
20000998  RxGetI                         
2000099c  RxPutI                         
0000054d  SSD1306_Clear                  
0000050d  SSD1306_ClearBuffer            
00000f69  SSD1306_Dim                    
00000e23  SSD1306_DisplayBuffer          
0000040d  SSD1306_DrawChar               
000007e5  SSD1306_DrawFastHLine          
00000a09  SSD1306_DrawFastVLine          
000005a1  SSD1306_DrawFullImage          
00000293  SSD1306_DrawPixel              
000004c1  SSD1306_DrawString             
00000e1f  SSD1306_GetBuffer              
00000d21  SSD1306_GetPixel               
0000018d  SSD1306_Init                   
00000f53  SSD1306_InvertDisplay          
00001015  SSD1306_OutChar                
000017cf  SSD1306_OutHex7                
00001381  SSD1306_OutSDec                
000016e1  SSD1306_OutSFix1               
0000113b  SSD1306_OutString              
00001195  SSD1306_OutUDec                
00001835  SSD1306_OutUDec16              
000018cd  SSD1306_OutUDec2               
0000164d  SSD1306_OutUFix1               
00001805  SSD1306_OutUHex7               
00000605  SSD1306_PrintBMP               
00000f9b  SSD1306_SetCursor              
000008f7  SSD1306_drawFastHLineInternal  
00000b21  SSD1306_drawFastVLineInternal  
00000f09  SSD1306_startscrolldiagleft    
00000ec5  SSD1306_startscrolldiagright   
00000e8f  SSD1306_startscrollleft        
00000e5d  SSD1306_startscrollright       
00000f49  SSD1306_stopscroll             
0000725f  SVC_Handler                    
00001aeb  Servo                          
00001acd  ServoInit                      
00007181  StartCritical                  
200009b2  StartX                         
200009b4  StartY                         
0000725f  SysTick_Handler                
200010c4  SystemCoreClock                
00004fb1  SystemCoreClockUpdate          
00005229  SystemInit                     
0000725f  T32_INT1_IRQHandler            
0000725f  T32_INT2_IRQHandler            
0000725f  T32_INTC_IRQHandler            
0000725f  TA0_0_IRQHandler               
0000725f  TA0_N_IRQHandler               
0000725f  TA1_0_IRQHandler               
0000725f  TA1_N_IRQHandler               
0000725f  TA2_0_IRQHandler               
0000725f  TA2_N_IRQHandler               
0000725f  TA3_0_IRQHandler               
0000725f  TA3_N_IRQHandler               
200009a0  TimeOutErr                     
0000689d  TimerA0_Init                   
000068d1  TimerA1_Init                   
000068d3  TimerA2_Init                   
000068db  TimerA3_Init                   
0000492b  UART0_InChar                   
00004dc5  UART0_InString                 
00004975  UART0_InUDec                   
00004c79  UART0_InUHex                   
000048e5  UART0_Init                     
00004f25  UART0_Initprintf               
0000493b  UART0_OutChar                  
00004a2d  UART0_OutSDec                  
00004957  UART0_OutString                
000049f9  UART0_OutUDec                  
00004b73  UART0_OutUDec4                 
00004bcd  UART0_OutUDec5                 
00004c05  UART0_OutUFix1                 
00004c2d  UART0_OutUFix2                 
00004d3d  UART0_OutUHex                  
00004da9  UART0_OutUHex2                 
00005b71  UART1_FinishOutput             
00005b0f  UART1_InChar                   
00005aa3  UART1_InStatus                 
00005ab3  UART1_Init                     
00005b21  UART1_OutChar                  
00005b53  UART1_OutString                
0000725f  UsageFault_Handler             
4000480c  WDTCTL_SYM                     
0000725f  WDT_A_IRQHandler               
00007193  WaitForInterrupt               
00001bcf  WriteByteCmd                   
20000400  __CIOBUF_                      
20010000  __STACK_END                    
00000200  __STACK_SIZE                   
00000400  __SYSMEM_SIZE                  
00007660  __TI_CINIT_Base                
00007670  __TI_CINIT_Limit               
0000764c  __TI_Handler_Table_Base        
00007658  __TI_Handler_Table_Limit       
00006e8d  __TI_auto_init_nobinit_nopinit 
00006fc9  __TI_cleanup                   
20001070  __TI_cleanup_ptr               
0000699d  __TI_closefile                 
00006b55  __TI_decompress_lzss           
00007245  __TI_decompress_none           
00006d29  __TI_doflush                   
20001074  __TI_dtors_ptr                 
20001078  __TI_enable_exit_profile_output
20001050  __TI_ft_end                    
ffffffff  __TI_pprof_out_hndl            
ffffffff  __TI_prof_data_size            
ffffffff  __TI_prof_data_start           
00006ffd  __TI_readmsg                   
00000000  __TI_static_base__             
200007bc  __TI_tmpnams                   
00006f59  __TI_writemsg                  
00007261  __TI_zero_init                 
00006791  __aeabi_cdcmpeq                
00006791  __aeabi_cdcmple                
00006817  __aeabi_cdrcmple               
00006dbd  __aeabi_d2iz                   
00006f15  __aeabi_d2uiz                  
000056bf  __aeabi_dadd                   
00005d11  __aeabi_ddiv                   
00006169  __aeabi_dmul                   
000056b5  __aeabi_dsub                   
0000726d  __aeabi_errno_addr             
000070c9  __aeabi_i2d                    
00006921  __aeabi_memclr                 
00006921  __aeabi_memclr4                
00006921  __aeabi_memclr8                
000066f5  __aeabi_memcpy                 
000066f5  __aeabi_memcpy4                
000066f5  __aeabi_memcpy8                
00006923  __aeabi_memset                 
00006923  __aeabi_memset4                
00006923  __aeabi_memset8                
2000105c  __aeabi_stderr                 
20001054  __aeabi_stdin                  
20001058  __aeabi_stdout                 
00007199  __aeabi_ui2d                   
ffffffff  __binit__                      
ffffffff  __c_args__                     
UNDEFED   __mpu_init                     
2000fe00  __stack                        
20000000  __start___llvm_prf_cnts        
20000000  __stop___llvm_prf_cnts         
00007031  _c_int00_noargs                
20000ea8  _device                        
20000db8  _ftable                        
20001098  _lock                          
0000586b  _nop                           
20000f20  _stream                        
200009b8  _sys_memory                    
UNDEFED   _system_post_cinit             
0000727d  _system_pre_init               
2000109c  _unlock                        
00007281  abort                          
000065a1  add_device                     
00006069  aligned_alloc                  
ffffffff  binit                          
20000000  buffer                         
00006c1d  close                          
000071d5  copysign                       
000071d5  copysignl                      
000055f1  delay                          
00001b0f  distanceInCm                   
200010b8  errno                          
00006d75  exit                           
200009a4  fcserr                         
00004e5f  ferror                         
00004e3f  fgetc                          
00007099  finddevice                     
00006659  fopen                          
00006265  free                           
00007065  freopen                        
00006ed1  getdevice                      
00000000  interruptVectors               
00005f59  ldexp                          
00005f59  ldexpl                         
00002ca1  main                           
00007275  malloc                         
00006069  memalign                       
000066f5  memcpy                         
00006929  memset                         
000064e5  open                           
00004d81  outnibble                      
20000984  parmbuf                        
00003f15  pow                            
00003f15  powl                           
00001b5b  pulseIn                        
000070f9  remove                         
200009a8  rotation                       
00005f59  scalbn                         
00005f59  scalbnl                        
00006349  setvbuf                        
00005bb9  sqrt                           
00005bb9  sqrtl                          
00000115  ssd1306_Testcommandwrite       
00000145  ssd1306_command                
00000155  ssd1306_command1               
00000165  ssd1306_commandList            
00007207  strchr                         
000071ef  strcmp                         
0000721d  strcpy                         
00007231  strlen                         
00006f91  strncpy                        
00004e7d  uart_close                     
00004efb  uart_lseek                     
00004e6d  uart_open                      
00004e8f  uart_read                      
00004f17  uart_rename                    
00004f0b  uart_unlink                    
00004eb9  uart_write                     
000070f9  unlink                         
200009ac  vccstate                       
0000714d  write                          


GLOBAL SYMBOLS: SORTED BY Symbol Address 

address   name                           
-------   ----                           
00000000  __TI_static_base__             
00000000  interruptVectors               
00000115  ssd1306_Testcommandwrite       
00000145  ssd1306_command                
00000155  ssd1306_command1               
00000165  ssd1306_commandList            
0000018d  SSD1306_Init                   
00000200  __STACK_SIZE                   
00000293  SSD1306_DrawPixel              
00000400  __SYSMEM_SIZE                  
0000040d  SSD1306_DrawChar               
000004c1  SSD1306_DrawString             
0000050d  SSD1306_ClearBuffer            
0000054d  SSD1306_Clear                  
000005a1  SSD1306_DrawFullImage          
00000605  SSD1306_PrintBMP               
000007e5  SSD1306_DrawFastHLine          
000008f7  SSD1306_drawFastHLineInternal  
00000a09  SSD1306_DrawFastVLine          
00000b21  SSD1306_drawFastVLineInternal  
00000d21  SSD1306_GetPixel               
00000e1f  SSD1306_GetBuffer              
00000e23  SSD1306_DisplayBuffer          
00000e5d  SSD1306_startscrollright       
00000e8f  SSD1306_startscrollleft        
00000ec5  SSD1306_startscrolldiagright   
00000f09  SSD1306_startscrolldiagleft    
00000f49  SSD1306_stopscroll             
00000f53  SSD1306_InvertDisplay          
00000f69  SSD1306_Dim                    
00000f9b  SSD1306_SetCursor              
00001015  SSD1306_OutChar                
0000113b  SSD1306_OutString              
00001195  SSD1306_OutUDec                
00001381  SSD1306_OutSDec                
0000164d  SSD1306_OutUFix1               
000016e1  SSD1306_OutSFix1               
000017cf  SSD1306_OutHex7                
00001805  SSD1306_OutUHex7               
00001835  SSD1306_OutUDec16              
000018cd  SSD1306_OutUDec2               
00001a87  GridInit                       
00001acd  ServoInit                      
00001aeb  Servo                          
00001b0f  distanceInCm                   
00001b5b  pulseIn                        
00001bcf  WriteByteCmd                   
00002ca1  main                           
00002f09  AP_Reset                       
00002f33  AP_Init                        
00003019  AP_GetSize                     
00003043  AP_EchoSendMessage             
000030af  AP_EchoReceived                
00003135  AP_SendMessage                 
000032d1  AP_RecvMessage                 
000034ad  AP_RecvStatus                  
000034bb  AP_SendMessageResponse         
000034fb  AP_GetNotifyCCCD               
00003511  AP_AddService                  
00003549  AP_RegisterService             
00003569  AP_AddCharacteristic           
00003725  AP_AddNotifyCharacteristic     
0000394d  AP_SendNotification            
00003a4d  AP_StartAdvertisement          
00003aa1  AP_StartAdvertisementJacki     
00003b09  AP_GetStatus                   
00003b45  AP_GetVersion                  
00003c31  AP_BackgroundProcess           
00003f15  pow                            
00003f15  powl                           
000048e5  UART0_Init                     
0000492b  UART0_InChar                   
0000493b  UART0_OutChar                  
00004957  UART0_OutString                
00004975  UART0_InUDec                   
000049f9  UART0_OutUDec                  
00004a2d  UART0_OutSDec                  
00004b73  UART0_OutUDec4                 
00004bcd  UART0_OutUDec5                 
00004c05  UART0_OutUFix1                 
00004c2d  UART0_OutUFix2                 
00004c79  UART0_InUHex                   
00004d3d  UART0_OutUHex                  
00004d81  outnibble                      
00004da9  UART0_OutUHex2                 
00004dc5  UART0_InString                 
00004e3f  fgetc                          
00004e5f  ferror                         
00004e6d  uart_open                      
00004e7d  uart_close                     
00004e8f  uart_read                      
00004eb9  uart_write                     
00004efb  uart_lseek                     
00004f0b  uart_unlink                    
00004f17  uart_rename                    
00004f25  UART0_Initprintf               
00004fb1  SystemCoreClockUpdate          
00005229  SystemInit                     
000052e5  Port1_Init                     
00005319  Port2_Init                     
0000536b  Port3_Init                     
00005395  Port4_Init                     
000053c9  Port5_Init                     
000053f3  Port6_Init                     
00005431  Port7_Init                     
00005433  Port8_Init                     
00005435  Port9_Init                     
00005455  Port10_Init                    
00005457  PortJ_Init                     
000054d5  Clock_Init48MHz                
000055eb  Clock_GetFreq                  
000055f1  delay                          
000055ff  Clock_Delay1us                 
00005629  Clock_Delay1ms                 
000056b5  __aeabi_dsub                   
000056bf  __aeabi_dadd                   
0000586b  _nop                           
0000586d  Motor_Stop                     
0000589b  Motor_Forward                  
000058f5  Motor_Right                    
0000594d  Motor_Left                     
000059a5  Motor_Backward                 
00005a15  RxFifo_Init                    
00005a27  RxFifo_Put                     
00005a6d  RxFifo_Get                     
00005aa3  UART1_InStatus                 
00005ab3  UART1_Init                     
00005b0f  UART1_InChar                   
00005b21  UART1_OutChar                  
00005b3d  EUSCIA2_IRQHandler             
00005b3d  EUSCIA2_IRQHandler             
00005b53  UART1_OutString                
00005b71  UART1_FinishOutput             
00005bb9  sqrt                           
00005bb9  sqrtl                          
00005d11  __aeabi_ddiv                   
00005f59  ldexp                          
00005f59  ldexpl                         
00005f59  scalbn                         
00005f59  scalbnl                        
00006069  aligned_alloc                  
00006069  memalign                       
00006169  __aeabi_dmul                   
00006265  free                           
00006349  setvbuf                        
00006425  GPIO_Init                      
000064e5  open                           
000065a1  add_device                     
00006659  fopen                          
000066f5  __aeabi_memcpy                 
000066f5  __aeabi_memcpy4                
000066f5  __aeabi_memcpy8                
000066f5  memcpy                         
00006791  __aeabi_cdcmpeq                
00006791  __aeabi_cdcmple                
00006817  __aeabi_cdrcmple               
0000689d  TimerA0_Init                   
000068d1  TimerA1_Init                   
000068d3  TimerA2_Init                   
000068db  TimerA3_Init                   
00006921  __aeabi_memclr                 
00006921  __aeabi_memclr4                
00006921  __aeabi_memclr8                
00006923  __aeabi_memset                 
00006923  __aeabi_memset4                
00006923  __aeabi_memset8                
00006929  memset                         
0000699d  __TI_closefile                 
00006a81  HOSTrename                     
00006aed  HOSTlseek                      
00006b55  __TI_decompress_lzss           
00006bbd  HOSTopen                       
00006c1d  close                          
00006c79  HOSTread                       
00006cd1  HOSTwrite                      
00006d29  __TI_doflush                   
00006d75  exit                           
00006dbd  __aeabi_d2iz                   
00006e05  HOSTclose                      
00006e49  HOSTunlink                     
00006e8d  __TI_auto_init_nobinit_nopinit 
00006ed1  getdevice                      
00006f15  __aeabi_d2uiz                  
00006f59  __TI_writemsg                  
00006f87  C$$IO$$                        
00006f91  strncpy                        
00006fc9  __TI_cleanup                   
00006ffd  __TI_readmsg                   
00007031  _c_int00_noargs                
00007065  freopen                        
00007099  finddevice                     
000070c9  __aeabi_i2d                    
000070f9  remove                         
000070f9  unlink                         
0000714d  write                          
00007175  DisableInterrupts              
0000717b  EnableInterrupts               
00007181  StartCritical                  
0000718b  EndCritical                    
00007193  WaitForInterrupt               
00007199  __aeabi_ui2d                   
000071d5  copysign                       
000071d5  copysignl                      
000071ef  strcmp                         
00007207  strchr                         
0000721d  strcpy                         
00007231  strlen                         
00007245  __TI_decompress_none           
00007253  Reset_Handler                  
0000725f  ADC14_IRQHandler               
0000725f  AES256_IRQHandler              
0000725f  BusFault_Handler               
0000725f  COMP_E0_IRQHandler             
0000725f  COMP_E1_IRQHandler             
0000725f  CS_IRQHandler                  
0000725f  DMA_ERR_IRQHandler             
0000725f  DMA_INT0_IRQHandler            
0000725f  DMA_INT1_IRQHandler            
0000725f  DMA_INT2_IRQHandler            
0000725f  DMA_INT3_IRQHandler            
0000725f  DebugMon_Handler               
0000725f  Default_Handler                
0000725f  EUSCIA0_IRQHandler             
0000725f  EUSCIA1_IRQHandler             
0000725f  EUSCIA3_IRQHandler             
0000725f  EUSCIB0_IRQHandler             
0000725f  EUSCIB1_IRQHandler             
0000725f  EUSCIB2_IRQHandler             
0000725f  EUSCIB3_IRQHandler             
0000725f  FLCTL_IRQHandler               
0000725f  FPU_IRQHandler                 
0000725f  HardFault_Handler              
0000725f  MemManage_Handler              
0000725f  NMI_Handler                    
0000725f  PCM_IRQHandler                 
0000725f  PORT1_IRQHandler               
0000725f  PORT2_IRQHandler               
0000725f  PORT3_IRQHandler               
0000725f  PORT4_IRQHandler               
0000725f  PORT5_IRQHandler               
0000725f  PORT6_IRQHandler               
0000725f  PSS_IRQHandler                 
0000725f  PendSV_Handler                 
0000725f  RTC_C_IRQHandler               
0000725f  SVC_Handler                    
0000725f  SysTick_Handler                
0000725f  T32_INT1_IRQHandler            
0000725f  T32_INT2_IRQHandler            
0000725f  T32_INTC_IRQHandler            
0000725f  TA0_0_IRQHandler               
0000725f  TA0_N_IRQHandler               
0000725f  TA1_0_IRQHandler               
0000725f  TA1_N_IRQHandler               
0000725f  TA2_0_IRQHandler               
0000725f  TA2_N_IRQHandler               
0000725f  TA3_0_IRQHandler               
0000725f  TA3_N_IRQHandler               
0000725f  UsageFault_Handler             
0000725f  WDT_A_IRQHandler               
00007261  __TI_zero_init                 
0000726d  __aeabi_errno_addr             
00007275  malloc                         
0000727d  _system_pre_init               
00007281  C$$EXIT                        
00007281  abort                          
00007498  NPI_StartAdvertisement         
000074ac  NPI_SetAdvertisement1          
000074bd  HCI_EXT_ResetSystemCmd         
000074d6  NPI_GetStatus                  
000074dc  NPI_GetVersion                 
000074e2  NPI_Register                   
0000764c  __TI_Handler_Table_Base        
00007658  __TI_Handler_Table_Limit       
00007660  __TI_CINIT_Base                
00007670  __TI_CINIT_Limit               
20000000  __start___llvm_prf_cnts        
20000000  __stop___llvm_prf_cnts         
20000000  buffer                         
20000400  __CIOBUF_                      
20000520  RxFIFO                         
2000071c  CharacteristicList             
200007bc  __TI_tmpnams                   
2000085c  RecvBuf                        
200008dc  NotifyCharacteristicList       
2000097c  Messageb                       
20000984  parmbuf                        
2000098c  Messageindexb                  
20000990  NoSOFErr                       
20000994  RxFifoLost                     
20000998  RxGetI                         
2000099c  RxPutI                         
200009a0  TimeOutErr                     
200009a4  fcserr                         
200009a8  rotation                       
200009ac  vccstate                       
200009b2  StartX                         
200009b4  StartY                         
200009b6  BLE_Cmd                        
200009b8  _sys_memory                    
20000db8  _ftable                        
20000ea8  _device                        
20000f20  _stream                        
20000f70  NPI_SetAdvertisementData       
20000f95  NPI_SetAdvertisementDataJacki  
20000fb7  NPI_AddCharDescriptor          
20000fd7  NPI_GATTSetDeviceName          
2000100c  ClockFrequency                 
20001010  Prewait                        
20001014  CPMwait                        
20001018  Postwait                       
2000101c  IFlags                         
20001020  Crystalstable                  
20001024  NPI_ReadConfirmation           
20001039  NPI_SendNotificationIndication 
20001050  __TI_ft_end                    
20001054  __aeabi_stdin                  
20001058  __aeabi_stdout                 
2000105c  __aeabi_stderr                 
20001060  NPI_AddCharValue               
20001070  __TI_cleanup_ptr               
20001074  __TI_dtors_ptr                 
20001078  __TI_enable_exit_profile_output
2000107c  NPI_AddService                 
20001085  NPI_CCCDUpdatedConfirmation    
2000108e  NPI_WriteConfirmation          
20001098  _lock                          
2000109c  _unlock                        
200010a8  CharacteristicCount            
200010ac  NotifyCharacteristicCount      
200010b0  CurrentX                       
200010b2  CurrentY                       
200010b8  errno                          
200010c4  SystemCoreClock                
2000fe00  __stack                        
20010000  __STACK_END                    
4000480c  WDTCTL_SYM                     
ffffffff  __TI_pprof_out_hndl            
ffffffff  __TI_prof_data_size            
ffffffff  __TI_prof_data_start           
ffffffff  __binit__                      
ffffffff  __c_args__                     
ffffffff  binit                          
UNDEFED   __mpu_init                     
UNDEFED   _system_post_cinit             

[344 symbols]
