******************************************************************************
                  TI ARM Linker PC v20.2.7                     
******************************************************************************
>> Linked Sun Jan 19 12:26:29 2025

OUTPUT FILE NAME:   <Lab 2.out>
ENTRY POINT SYMBOL: "_c_int00_noargs"  address: 0000091d


MEMORY CONFIGURATION

         name            origin    length      used     unused   attr    fill
----------------------  --------  ---------  --------  --------  ----  --------
  MAIN                  00000000   00040000  00000994  0003f66c  R  X
  INFO                  00200000   00004000  00000000  00004000  R  X
  SRAM_CODE             01000000   00010000  0000021c  0000fde4  RW X
  SRAM_DATA             20000000   00010000  0000021c  0000fde4  RW  


SEGMENT ALLOCATION MAP

run origin  load origin   length   init length attrs members
----------  ----------- ---------- ----------- ----- -------
00000000    00000000    00000998   00000998    r-x
  00000000    00000000    000000e4   000000e4    r-- .intvecs
  000000e4    000000e4    00000890   00000890    r-x .text
  00000978    00000978    00000020   00000020    r-- .cinit
20000000    20000000    0000001c   00000000    rw-
  20000000    20000000    0000001c   00000000    rw- .data
2000fe00    2000fe00    00000200   00000000    rw-
  2000fe00    2000fe00    00000200   00000000    rw- .stack


SECTION ALLOCATION MAP

 output                                  attributes/
section   page    origin      length       input sections
--------  ----  ----------  ----------   ----------------
.intvecs   0    00000000    000000e4     
                  00000000    000000e4     startup_msp432p401r_ccs.obj (.intvecs:retain)

.text      0    000000e4    00000890     
                  000000e4    00000334     system_msp432p401r.obj (.text)
                  00000418    000001e0     Clock.obj (.text)
                  000005f8    00000148     Lab2_main.obj (.text)
                  00000740    0000009c     rtsv7M4_T_le_v4SPD16_eabi.lib : memcpy_t2.asm.obj (.text)
                  000007dc    00000094     Init_Ports.obj (.text)
                  00000870    00000068     rtsv7M4_T_le_v4SPD16_eabi.lib : copy_decompress_lzss.c.obj (.text:decompress:lzss:__TI_decompress_lzss)
                  000008d8    00000044                                   : autoinit.c.obj (.text:__TI_auto_init_nobinit_nopinit:__TI_auto_init_nobinit_nopinit)
                  0000091c    00000034                                   : boot_cortex_m.c.obj (.text:_c_int00_noargs:_c_int00_noargs)
                  00000950    0000000e                                   : copy_decompress_none.c.obj (.text:decompress:none:__TI_decompress_none)
                  0000095e    0000000e     startup_msp432p401r_ccs.obj (.text)
                  0000096c    00000004     rtsv7M4_T_le_v4SPD16_eabi.lib : pre_init.c.obj (.text:_system_pre_init)
                  00000970    00000004                                   : exit.c.obj (.text:abort:abort)

.cinit     0    00000978    00000020     
                  00000978    0000000d     (.cinit..data.load) [load image, compression = lzss]
                  00000985    00000003     --HOLE-- [fill = 0]
                  00000988    00000008     (__TI_handler_table)
                  00000990    00000008     (__TI_cinit_table)

.init_array 
*          0    00000000    00000000     UNINITIALIZED

.binit     0    00000000    00000000     

.data      0    20000000    0000001c     UNINITIALIZED
                  20000000    00000018     Clock.obj (.data)
                  20000018    00000004     system_msp432p401r.obj (.data)

.stack     0    2000fe00    00000200     UNINITIALIZED
                  2000fe00    00000004     rtsv7M4_T_le_v4SPD16_eabi.lib : boot_cortex_m.c.obj (.stack)
                  2000fe04    000001fc     --HOLE--

__llvm_prf_cnts 
*          0    20000000    00000000     UNINITIALIZED

MODULE SUMMARY

       Module                        code   ro data   rw data
       ------                        ----   -------   -------
    .\
       system_msp432p401r.obj        820    0         8      
       Clock.obj                     480    0         48     
       Lab2_main.obj                 328    0         0      
       startup_msp432p401r_ccs.obj   14     228       0      
       Init_Ports.obj                148    0         0      
    +--+-----------------------------+------+---------+---------+
       Total:                        1790   228       56     
                                                             
    C:\ti\ccs1271\ccs\tools\compiler\ti-cgt-arm_20.2.7.LTS\lib\rtsv7M4_T_le_v4SPD16_eabi.lib
       memcpy_t2.asm.obj             156    0         0      
       copy_decompress_lzss.c.obj    104    0         0      
       autoinit.c.obj                68     0         0      
       boot_cortex_m.c.obj           52     0         0      
       copy_decompress_none.c.obj    14     0         0      
       exit.c.obj                    4      0         0      
       pre_init.c.obj                4      0         0      
    +--+-----------------------------+------+---------+---------+
       Total:                        402    0         0      
                                                             
       Stack:                        0      0         1024   
       Linker Generated:             0      29        0      
    +--+-----------------------------+------+---------+---------+
       Grand Total:                  2192   257       1080   


LINKER GENERATED COPY TABLES

__TI_cinit_table @ 00000990 records: 1, size/record: 8, table size: 8
	.data: load addr=00000978, load size=0000000d bytes, run addr=20000000, run size=0000001c bytes, compression=lzss


LINKER GENERATED HANDLER TABLE

__TI_handler_table @ 00000988 records: 2, size/record: 4, table size: 8
	index: 0, handler: __TI_decompress_lzss
	index: 1, handler: __TI_decompress_none


GLOBAL SYMBOLS: SORTED ALPHABETICALLY BY Name 

address   name                          
-------   ----                          
0000096b  ADC14_IRQHandler              
0000096b  AES256_IRQHandler             
0000096b  BusFault_Handler              
00000971  C$$EXIT                       
0000096b  COMP_E0_IRQHandler            
0000096b  COMP_E1_IRQHandler            
20000008  CPMwait                       
0000096b  CS_IRQHandler                 
20000000  ClockFrequency                
0000056d  Clock_Delay1ms                
00000543  Clock_Delay1us                
0000052f  Clock_GetFreq                 
00000419  Clock_Init48MHz               
20000014  Crystalstable                 
0000096b  DMA_ERR_IRQHandler            
0000096b  DMA_INT0_IRQHandler           
0000096b  DMA_INT1_IRQHandler           
0000096b  DMA_INT2_IRQHandler           
0000096b  DMA_INT3_IRQHandler           
0000096b  DebugMon_Handler              
0000096b  Default_Handler               
0000096b  EUSCIA0_IRQHandler            
0000096b  EUSCIA1_IRQHandler            
0000096b  EUSCIA2_IRQHandler            
0000096b  EUSCIA3_IRQHandler            
0000096b  EUSCIB0_IRQHandler            
0000096b  EUSCIB1_IRQHandler            
0000096b  EUSCIB2_IRQHandler            
0000096b  EUSCIB3_IRQHandler            
0000096b  FLCTL_IRQHandler              
0000096b  FPU_IRQHandler                
0000096b  HardFault_Handler             
20000010  IFlags                        
000005f9  LED_Color                     
0000096b  MemManage_Handler             
0000096b  NMI_Handler                   
0000096b  PCM_IRQHandler                
0000096b  PORT1_IRQHandler              
0000096b  PORT2_IRQHandler              
0000096b  PORT3_IRQHandler              
0000096b  PORT4_IRQHandler              
0000096b  PORT5_IRQHandler              
0000096b  PORT6_IRQHandler              
0000096b  PSS_IRQHandler                
0000096b  PendSV_Handler                
00000849  Port10_Init                   
000007dd  Port1_Init                    
00000811  Port2_Init                    
0000083b  Port3_Init                    
0000083d  Port4_Init                    
0000083f  Port5_Init                    
00000841  Port6_Init                    
00000843  Port7_Init                    
00000845  Port8_Init                    
00000847  Port9_Init                    
0000084b  PortJ_Init                    
2000000c  Postwait                      
20000004  Prewait                       
0000096b  RTC_C_IRQHandler              
0000095f  Reset_Handler                 
0000096b  SVC_Handler                   
0000096b  SysTick_Handler               
20000018  SystemCoreClock               
000000e5  SystemCoreClockUpdate         
0000035d  SystemInit                    
0000096b  T32_INT1_IRQHandler           
0000096b  T32_INT2_IRQHandler           
0000096b  T32_INTC_IRQHandler           
0000096b  TA0_0_IRQHandler              
0000096b  TA0_N_IRQHandler              
0000096b  TA1_0_IRQHandler              
0000096b  TA1_N_IRQHandler              
0000096b  TA2_0_IRQHandler              
0000096b  TA2_N_IRQHandler              
0000096b  TA3_0_IRQHandler              
0000096b  TA3_N_IRQHandler              
0000096b  UsageFault_Handler            
4000480c  WDTCTL_SYM                    
0000096b  WDT_A_IRQHandler              
20010000  __STACK_END                   
00000200  __STACK_SIZE                  
00000990  __TI_CINIT_Base               
00000998  __TI_CINIT_Limit              
00000988  __TI_Handler_Table_Base       
00000990  __TI_Handler_Table_Limit      
000008d9  __TI_auto_init_nobinit_nopinit
00000871  __TI_decompress_lzss          
00000951  __TI_decompress_none          
ffffffff  __TI_pprof_out_hndl           
ffffffff  __TI_prof_data_size           
ffffffff  __TI_prof_data_start          
00000000  __TI_static_base__            
00000741  __aeabi_memcpy                
00000741  __aeabi_memcpy4               
00000741  __aeabi_memcpy8               
ffffffff  __binit__                     
ffffffff  __c_args__                    
UNDEFED   __mpu_init                    
2000fe00  __stack                       
20000000  __start___llvm_prf_cnts       
20000000  __stop___llvm_prf_cnts        
0000091d  _c_int00_noargs               
UNDEFED   _system_post_cinit            
0000096d  _system_pre_init              
00000971  abort                         
ffffffff  binit                         
00000535  delay                         
00000000  interruptVectors              
0000061f  main                          
00000741  memcpy                        


GLOBAL SYMBOLS: SORTED BY Symbol Address 

address   name                          
-------   ----                          
00000000  __TI_static_base__            
00000000  interruptVectors              
000000e5  SystemCoreClockUpdate         
00000200  __STACK_SIZE                  
0000035d  SystemInit                    
00000419  Clock_Init48MHz               
0000052f  Clock_GetFreq                 
00000535  delay                         
00000543  Clock_Delay1us                
0000056d  Clock_Delay1ms                
000005f9  LED_Color                     
0000061f  main                          
00000741  __aeabi_memcpy                
00000741  __aeabi_memcpy4               
00000741  __aeabi_memcpy8               
00000741  memcpy                        
000007dd  Port1_Init                    
00000811  Port2_Init                    
0000083b  Port3_Init                    
0000083d  Port4_Init                    
0000083f  Port5_Init                    
00000841  Port6_Init                    
00000843  Port7_Init                    
00000845  Port8_Init                    
00000847  Port9_Init                    
00000849  Port10_Init                   
0000084b  PortJ_Init                    
00000871  __TI_decompress_lzss          
000008d9  __TI_auto_init_nobinit_nopinit
0000091d  _c_int00_noargs               
00000951  __TI_decompress_none          
0000095f  Reset_Handler                 
0000096b  ADC14_IRQHandler              
0000096b  AES256_IRQHandler             
0000096b  BusFault_Handler              
0000096b  COMP_E0_IRQHandler            
0000096b  COMP_E1_IRQHandler            
0000096b  CS_IRQHandler                 
0000096b  DMA_ERR_IRQHandler            
0000096b  DMA_INT0_IRQHandler           
0000096b  DMA_INT1_IRQHandler           
0000096b  DMA_INT2_IRQHandler           
0000096b  DMA_INT3_IRQHandler           
0000096b  DebugMon_Handler              
0000096b  Default_Handler               
0000096b  EUSCIA0_IRQHandler            
0000096b  EUSCIA1_IRQHandler            
0000096b  EUSCIA2_IRQHandler            
0000096b  EUSCIA3_IRQHandler            
0000096b  EUSCIB0_IRQHandler            
0000096b  EUSCIB1_IRQHandler            
0000096b  EUSCIB2_IRQHandler            
0000096b  EUSCIB3_IRQHandler            
0000096b  FLCTL_IRQHandler              
0000096b  FPU_IRQHandler                
0000096b  HardFault_Handler             
0000096b  MemManage_Handler             
0000096b  NMI_Handler                   
0000096b  PCM_IRQHandler                
0000096b  PORT1_IRQHandler              
0000096b  PORT2_IRQHandler              
0000096b  PORT3_IRQHandler              
0000096b  PORT4_IRQHandler              
0000096b  PORT5_IRQHandler              
0000096b  PORT6_IRQHandler              
0000096b  PSS_IRQHandler                
0000096b  PendSV_Handler                
0000096b  RTC_C_IRQHandler              
0000096b  SVC_Handler                   
0000096b  SysTick_Handler               
0000096b  T32_INT1_IRQHandler           
0000096b  T32_INT2_IRQHandler           
0000096b  T32_INTC_IRQHandler           
0000096b  TA0_0_IRQHandler              
0000096b  TA0_N_IRQHandler              
0000096b  TA1_0_IRQHandler              
0000096b  TA1_N_IRQHandler              
0000096b  TA2_0_IRQHandler              
0000096b  TA2_N_IRQHandler              
0000096b  TA3_0_IRQHandler              
0000096b  TA3_N_IRQHandler              
0000096b  UsageFault_Handler            
0000096b  WDT_A_IRQHandler              
0000096d  _system_pre_init              
00000971  C$$EXIT                       
00000971  abort                         
00000988  __TI_Handler_Table_Base       
00000990  __TI_CINIT_Base               
00000990  __TI_Handler_Table_Limit      
00000998  __TI_CINIT_Limit              
20000000  ClockFrequency                
20000000  __start___llvm_prf_cnts       
20000000  __stop___llvm_prf_cnts        
20000004  Prewait                       
20000008  CPMwait                       
2000000c  Postwait                      
20000010  IFlags                        
20000014  Crystalstable                 
20000018  SystemCoreClock               
2000fe00  __stack                       
20010000  __STACK_END                   
4000480c  WDTCTL_SYM                    
ffffffff  __TI_pprof_out_hndl           
ffffffff  __TI_prof_data_size           
ffffffff  __TI_prof_data_start          
ffffffff  __binit__                     
ffffffff  __c_args__                    
ffffffff  binit                         
UNDEFED   __mpu_init                    
UNDEFED   _system_post_cinit            

[110 symbols]
