******************************************************************************
                  TI ARM Linker PC v20.2.7                     
******************************************************************************
>> Linked Thu Mar 27 16:06:44 2025

OUTPUT FILE NAME:   <Lab 8.out>
ENTRY POINT SYMBOL: "_c_int00_noargs"  address: 00000dbd


MEMORY CONFIGURATION

         name            origin    length      used     unused   attr    fill
----------------------  --------  ---------  --------  --------  ----  --------
  MAIN                  00000000   00040000  00000e54  0003f1ac  R  X
  INFO                  00200000   00004000  00000000  00004000  R  X
  SRAM_CODE             01000000   00010000  0000021c  0000fde4  RW X
  SRAM_DATA             20000000   00010000  0000021c  0000fde4  RW  


SEGMENT ALLOCATION MAP

run origin  load origin   length   init length attrs members
----------  ----------- ---------- ----------- ----- -------
00000000    00000000    00000e58   00000e58    r-x
  00000000    00000000    000000e4   000000e4    r-- .intvecs
  000000e4    000000e4    00000d30   00000d30    r-x .text
  00000e14    00000e14    00000020   00000020    r-- .const
  00000e38    00000e38    00000020   00000020    r-- .cinit
20000000    20000000    0000001c   00000000    rw-
  20000000    20000000    0000001c   00000000    rw- .data
2000fe00    2000fe00    00000200   00000000    rw-
  2000fe00    2000fe00    00000200   00000000    rw- .stack


SECTION ALLOCATION MAP

 output                                  attributes/
section   page    origin      length       input sections
--------  ----  ----------  ----------   ----------------
.intvecs   0    00000000    000000e4     
                  00000000    000000e4     startup_msp432p401r_ccs.obj (.intvecs:retain)

.text      0    000000e4    00000d30     
                  000000e4    00000334     system_msp432p401r.obj (.text)
                  00000418    00000230     Init_Ports.obj (.text)
                  00000648    000001e0     Clock.obj (.text)
                  00000828    000001a8     Motor.obj (.text)
                  000009d0    00000148     Lab8_main.obj (.text)
                  00000b18    000000d8     Reflectance.obj (.text)
                  00000bf0    0000009c     rtsv7M4_T_le_v4SPD16_eabi.lib : memcpy_t2.asm.obj (.text)
                  00000c8c    00000084     Init_Timers.obj (.text)
                  00000d10    00000068     rtsv7M4_T_le_v4SPD16_eabi.lib : copy_decompress_lzss.c.obj (.text:decompress:lzss:__TI_decompress_lzss)
                  00000d78    00000044                                   : autoinit.c.obj (.text:__TI_auto_init_nobinit_nopinit:__TI_auto_init_nobinit_nopinit)
                  00000dbc    00000034                                   : boot_cortex_m.c.obj (.text:_c_int00_noargs:_c_int00_noargs)
                  00000df0    0000000e                                   : copy_decompress_none.c.obj (.text:decompress:none:__TI_decompress_none)
                  00000dfe    0000000e     startup_msp432p401r_ccs.obj (.text)
                  00000e0c    00000004     rtsv7M4_T_le_v4SPD16_eabi.lib : pre_init.c.obj (.text:_system_pre_init)
                  00000e10    00000004                                   : exit.c.obj (.text:abort:abort)

.const     0    00000e14    00000020     
                  00000e14    00000020     Reflectance.obj (.const:weights$1)

.cinit     0    00000e38    00000020     
                  00000e38    0000000d     (.cinit..data.load) [load image, compression = lzss]
                  00000e45    00000003     --HOLE-- [fill = 0]
                  00000e48    00000008     (__TI_handler_table)
                  00000e50    00000008     (__TI_cinit_table)

.init_array 
*          0    00000000    00000000     UNINITIALIZED

.binit     0    00000000    00000000     

.data      0    20000000    0000001c     UNINITIALIZED
                  20000000    00000018     Clock.obj (.data)
                  20000018    00000004     system_msp432p401r.obj (.data)

.stack     0    2000fe00    00000200     UNINITIALIZED
                  2000fe00    00000004     rtsv7M4_T_le_v4SPD16_eabi.lib : boot_cortex_m.c.obj (.stack)
                  2000fe04    000001fc     --HOLE--

__llvm_prf_cnts 
*          0    20000000    00000000     UNINITIALIZED

MODULE SUMMARY

       Module                        code   ro data   rw data
       ------                        ----   -------   -------
    .\
       system_msp432p401r.obj        820    0         8      
       Init_Ports.obj                560    0         0      
       Clock.obj                     480    0         48     
       Motor.obj                     424    0         0      
       Lab8_main.obj                 328    0         0      
       Reflectance.obj               216    32        0      
       startup_msp432p401r_ccs.obj   14     228       0      
       Init_Timers.obj               132    0         0      
    +--+-----------------------------+------+---------+---------+
       Total:                        2974   260       56     
                                                             
    C:\ti\ccs1271\ccs\tools\compiler\ti-cgt-arm_20.2.7.LTS\lib\rtsv7M4_T_le_v4SPD16_eabi.lib
       memcpy_t2.asm.obj             156    0         0      
       copy_decompress_lzss.c.obj    104    0         0      
       autoinit.c.obj                68     0         0      
       boot_cortex_m.c.obj           52     0         0      
       copy_decompress_none.c.obj    14     0         0      
       exit.c.obj                    4      0         0      
       pre_init.c.obj                4      0         0      
    +--+-----------------------------+------+---------+---------+
       Total:                        402    0         0      
                                                             
       Stack:                        0      0         1024   
       Linker Generated:             0      29        0      
    +--+-----------------------------+------+---------+---------+
       Grand Total:                  3376   289       1080   


LINKER GENERATED COPY TABLES

__TI_cinit_table @ 00000e50 records: 1, size/record: 8, table size: 8
	.data: load addr=00000e38, load size=0000000d bytes, run addr=20000000, run size=0000001c bytes, compression=lzss


LINKER GENERATED HANDLER TABLE

__TI_handler_table @ 00000e48 records: 2, size/record: 4, table size: 8
	index: 0, handler: __TI_decompress_lzss
	index: 1, handler: __TI_decompress_none


GLOBAL SYMBOLS: SORTED ALPHABETICALLY BY Name 

address   name                          
-------   ----                          
00000e0b  ADC14_IRQHandler              
00000e0b  AES256_IRQHandler             
00000e0b  BusFault_Handler              
00000e11  C$$EXIT                       
00000e0b  COMP_E0_IRQHandler            
00000e0b  COMP_E1_IRQHandler            
20000008  CPMwait                       
00000e0b  CS_IRQHandler                 
20000000  ClockFrequency                
0000079d  Clock_Delay1ms                
00000773  Clock_Delay1us                
0000075f  Clock_GetFreq                 
00000649  Clock_Init48MHz               
20000014  Crystalstable                 
00000e0b  DMA_ERR_IRQHandler            
00000e0b  DMA_INT0_IRQHandler           
00000e0b  DMA_INT1_IRQHandler           
00000e0b  DMA_INT2_IRQHandler           
00000e0b  DMA_INT3_IRQHandler           
00000e0b  DebugMon_Handler              
00000e0b  Default_Handler               
00000e0b  EUSCIA0_IRQHandler            
00000e0b  EUSCIA1_IRQHandler            
00000e0b  EUSCIA2_IRQHandler            
00000e0b  EUSCIA3_IRQHandler            
00000e0b  EUSCIB0_IRQHandler            
00000e0b  EUSCIB1_IRQHandler            
00000e0b  EUSCIB2_IRQHandler            
00000e0b  EUSCIB3_IRQHandler            
00000e0b  FLCTL_IRQHandler              
00000e0b  FPU_IRQHandler                
00000e0b  HardFault_Handler             
20000010  IFlags                        
00000e0b  MemManage_Handler             
00000961  Motor_Backward                
00000857  Motor_Forward                 
00000909  Motor_Left                    
000008b1  Motor_Right                   
00000829  Motor_Stop                    
00000e0b  NMI_Handler                   
00000e0b  PCM_IRQHandler                
00000e0b  PORT1_IRQHandler              
00000e0b  PORT2_IRQHandler              
00000e0b  PORT3_IRQHandler              
00000e0b  PORT4_IRQHandler              
00000e0b  PORT5_IRQHandler              
00000e0b  PORT6_IRQHandler              
00000e0b  PSS_IRQHandler                
00000e0b  PendSV_Handler                
000005b1  Port10_Init                   
00000419  Port1_Init                    
0000044d  Port2_Init                    
0000049f  Port3_Init                    
000004c9  Port4_Init                    
000004fd  Port5_Init                    
00000527  Port6_Init                    
00000565  Port7_Init                    
00000585  Port8_Init                    
00000587  Port9_Init                    
000005b3  PortJ_Init                    
2000000c  Postwait                      
20000004  Prewait                       
00000e0b  RTC_C_IRQHandler              
00000b7d  Reflectance_Position          
00000b19  Reflectance_Read              
00000dff  Reset_Handler                 
00000e0b  SVC_Handler                   
00000e0b  SysTick_Handler               
20000018  SystemCoreClock               
000000e5  SystemCoreClockUpdate         
0000035d  SystemInit                    
00000e0b  T32_INT1_IRQHandler           
00000e0b  T32_INT2_IRQHandler           
00000e0b  T32_INTC_IRQHandler           
00000e0b  TA0_0_IRQHandler              
00000e0b  TA0_N_IRQHandler              
00000e0b  TA1_0_IRQHandler              
00000e0b  TA1_N_IRQHandler              
00000e0b  TA2_0_IRQHandler              
00000e0b  TA2_N_IRQHandler              
00000e0b  TA3_0_IRQHandler              
00000e0b  TA3_N_IRQHandler              
00000c8d  TimerA0_Init                  
00000cc1  TimerA1_Init                  
00000cc3  TimerA2_Init                  
00000ccb  TimerA3_Init                  
00000e0b  UsageFault_Handler            
4000480c  WDTCTL_SYM                    
00000e0b  WDT_A_IRQHandler              
20010000  __STACK_END                   
00000200  __STACK_SIZE                  
00000e50  __TI_CINIT_Base               
00000e58  __TI_CINIT_Limit              
00000e48  __TI_Handler_Table_Base       
00000e50  __TI_Handler_Table_Limit      
00000d79  __TI_auto_init_nobinit_nopinit
00000d11  __TI_decompress_lzss          
00000df1  __TI_decompress_none          
ffffffff  __TI_pprof_out_hndl           
ffffffff  __TI_prof_data_size           
ffffffff  __TI_prof_data_start          
00000000  __TI_static_base__            
00000bf1  __aeabi_memcpy                
00000bf1  __aeabi_memcpy4               
00000bf1  __aeabi_memcpy8               
ffffffff  __binit__                     
ffffffff  __c_args__                    
UNDEFED   __mpu_init                    
2000fe00  __stack                       
20000000  __start___llvm_prf_cnts       
20000000  __stop___llvm_prf_cnts        
00000dbd  _c_int00_noargs               
UNDEFED   _system_post_cinit            
00000e0d  _system_pre_init              
00000e11  abort                         
ffffffff  binit                         
00000765  delay                         
00000000  interruptVectors              
000009d1  main                          
00000bf1  memcpy                        


GLOBAL SYMBOLS: SORTED BY Symbol Address 

address   name                          
-------   ----                          
00000000  __TI_static_base__            
00000000  interruptVectors              
000000e5  SystemCoreClockUpdate         
00000200  __STACK_SIZE                  
0000035d  SystemInit                    
00000419  Port1_Init                    
0000044d  Port2_Init                    
0000049f  Port3_Init                    
000004c9  Port4_Init                    
000004fd  Port5_Init                    
00000527  Port6_Init                    
00000565  Port7_Init                    
00000585  Port8_Init                    
00000587  Port9_Init                    
000005b1  Port10_Init                   
000005b3  PortJ_Init                    
00000649  Clock_Init48MHz               
0000075f  Clock_GetFreq                 
00000765  delay                         
00000773  Clock_Delay1us                
0000079d  Clock_Delay1ms                
00000829  Motor_Stop                    
00000857  Motor_Forward                 
000008b1  Motor_Right                   
00000909  Motor_Left                    
00000961  Motor_Backward                
000009d1  main                          
00000b19  Reflectance_Read              
00000b7d  Reflectance_Position          
00000bf1  __aeabi_memcpy                
00000bf1  __aeabi_memcpy4               
00000bf1  __aeabi_memcpy8               
00000bf1  memcpy                        
00000c8d  TimerA0_Init                  
00000cc1  TimerA1_Init                  
00000cc3  TimerA2_Init                  
00000ccb  TimerA3_Init                  
00000d11  __TI_decompress_lzss          
00000d79  __TI_auto_init_nobinit_nopinit
00000dbd  _c_int00_noargs               
00000df1  __TI_decompress_none          
00000dff  Reset_Handler                 
00000e0b  ADC14_IRQHandler              
00000e0b  AES256_IRQHandler             
00000e0b  BusFault_Handler              
00000e0b  COMP_E0_IRQHandler            
00000e0b  COMP_E1_IRQHandler            
00000e0b  CS_IRQHandler                 
00000e0b  DMA_ERR_IRQHandler            
00000e0b  DMA_INT0_IRQHandler           
00000e0b  DMA_INT1_IRQHandler           
00000e0b  DMA_INT2_IRQHandler           
00000e0b  DMA_INT3_IRQHandler           
00000e0b  DebugMon_Handler              
00000e0b  Default_Handler               
00000e0b  EUSCIA0_IRQHandler            
00000e0b  EUSCIA1_IRQHandler            
00000e0b  EUSCIA2_IRQHandler            
00000e0b  EUSCIA3_IRQHandler            
00000e0b  EUSCIB0_IRQHandler            
00000e0b  EUSCIB1_IRQHandler            
00000e0b  EUSCIB2_IRQHandler            
00000e0b  EUSCIB3_IRQHandler            
00000e0b  FLCTL_IRQHandler              
00000e0b  FPU_IRQHandler                
00000e0b  HardFault_Handler             
00000e0b  MemManage_Handler             
00000e0b  NMI_Handler                   
00000e0b  PCM_IRQHandler                
00000e0b  PORT1_IRQHandler              
00000e0b  PORT2_IRQHandler              
00000e0b  PORT3_IRQHandler              
00000e0b  PORT4_IRQHandler              
00000e0b  PORT5_IRQHandler              
00000e0b  PORT6_IRQHandler              
00000e0b  PSS_IRQHandler                
00000e0b  PendSV_Handler                
00000e0b  RTC_C_IRQHandler              
00000e0b  SVC_Handler                   
00000e0b  SysTick_Handler               
00000e0b  T32_INT1_IRQHandler           
00000e0b  T32_INT2_IRQHandler           
00000e0b  T32_INTC_IRQHandler           
00000e0b  TA0_0_IRQHandler              
00000e0b  TA0_N_IRQHandler              
00000e0b  TA1_0_IRQHandler              
00000e0b  TA1_N_IRQHandler              
00000e0b  TA2_0_IRQHandler              
00000e0b  TA2_N_IRQHandler              
00000e0b  TA3_0_IRQHandler              
00000e0b  TA3_N_IRQHandler              
00000e0b  UsageFault_Handler            
00000e0b  WDT_A_IRQHandler              
00000e0d  _system_pre_init              
00000e11  C$$EXIT                       
00000e11  abort                         
00000e48  __TI_Handler_Table_Base       
00000e50  __TI_CINIT_Base               
00000e50  __TI_Handler_Table_Limit      
00000e58  __TI_CINIT_Limit              
20000000  ClockFrequency                
20000000  __start___llvm_prf_cnts       
20000000  __stop___llvm_prf_cnts        
20000004  Prewait                       
20000008  CPMwait                       
2000000c  Postwait                      
20000010  IFlags                        
20000014  Crystalstable                 
20000018  SystemCoreClock               
2000fe00  __stack                       
20010000  __STACK_END                   
4000480c  WDTCTL_SYM                    
ffffffff  __TI_pprof_out_hndl           
ffffffff  __TI_prof_data_size           
ffffffff  __TI_prof_data_start          
ffffffff  __binit__                     
ffffffff  __c_args__                    
ffffffff  binit                         
UNDEFED   __mpu_init                    
UNDEFED   _system_post_cinit            

[120 symbols]
