******************************************************************************
                  TI ARM Linker PC v20.2.7                     
******************************************************************************
>> Linked Sun Feb 23 14:58:44 2025

OUTPUT FILE NAME:   <Lab 5.out>
ENTRY POINT SYMBOL: "_c_int00_noargs"  address: 00001105


MEMORY CONFIGURATION

         name            origin    length      used     unused   attr    fill
----------------------  --------  ---------  --------  --------  ----  --------
  MAIN                  00000000   00040000  0000119c  0003ee64  R  X
  INFO                  00200000   00004000  00000000  00004000  R  X
  SRAM_CODE             01000000   00010000  0000021c  0000fde4  RW X
  SRAM_DATA             20000000   00010000  0000021c  0000fde4  RW  


SEGMENT ALLOCATION MAP

run origin  load origin   length   init length attrs members
----------  ----------- ---------- ----------- ----- -------
00000000    00000000    000011a0   000011a0    r-x
  00000000    00000000    000000e4   000000e4    r-- .intvecs
  000000e4    000000e4    00001098   00001098    r-x .text
  00001180    00001180    00000020   00000020    r-- .cinit
20000000    20000000    0000001c   00000000    rw-
  20000000    20000000    0000001c   00000000    rw- .data
2000fe00    2000fe00    00000200   00000000    rw-
  2000fe00    2000fe00    00000200   00000000    rw- .stack


SECTION ALLOCATION MAP

 output                                  attributes/
section   page    origin      length       input sections
--------  ----  ----------  ----------   ----------------
.intvecs   0    00000000    000000e4     
                  00000000    000000e4     startup_msp432p401r_ccs.obj (.intvecs:retain)

.text      0    000000e4    00001098     
                  000000e4    00000334     system_msp432p401r.obj (.text)
                  00000418    0000032c     Lab5_main.obj (.text)
                  00000744    000001e0     Clock.obj (.text)
                  00000924    000001ac     Init_Ports.obj (.text)
                  00000ad0    000001a8     Motor.obj (.text)
                  00000c78    00000136     rtsv7M4_T_le_v4SPD16_eabi.lib : fd_div_t2.asm.obj (.text)
                  00000dae    000000fc                                   : fd_mul_t2.asm.obj (.text)
                  00000eaa    0000009c                                   : memcpy_t2.asm.obj (.text)
                  00000f46    00000002     --HOLE-- [fill = 0]
                  00000f48    00000084     Init_Timers.obj (.text)
                  00000fcc    00000068     rtsv7M4_T_le_v4SPD16_eabi.lib : copy_decompress_lzss.c.obj (.text:decompress:lzss:__TI_decompress_lzss)
                  00001034    00000048                                   : fd_toi_t2.asm.obj (.text)
                  0000107c    00000044                                   : autoinit.c.obj (.text:__TI_auto_init_nobinit_nopinit:__TI_auto_init_nobinit_nopinit)
                  000010c0    00000044                                   : fd_tou_t2.asm.obj (.text)
                  00001104    00000034                                   : boot_cortex_m.c.obj (.text:_c_int00_noargs:_c_int00_noargs)
                  00001138    00000020                                   : u_tofd_t2.asm.obj (.text)
                  00001158    0000000e                                   : copy_decompress_none.c.obj (.text:decompress:none:__TI_decompress_none)
                  00001166    0000000e     startup_msp432p401r_ccs.obj (.text)
                  00001174    00000004     rtsv7M4_T_le_v4SPD16_eabi.lib : pre_init.c.obj (.text:_system_pre_init)
                  00001178    00000004                                   : exit.c.obj (.text:abort:abort)

.cinit     0    00001180    00000020     
                  00001180    0000000d     (.cinit..data.load) [load image, compression = lzss]
                  0000118d    00000003     --HOLE-- [fill = 0]
                  00001190    00000008     (__TI_handler_table)
                  00001198    00000008     (__TI_cinit_table)

.init_array 
*          0    00000000    00000000     UNINITIALIZED

.binit     0    00000000    00000000     

.data      0    20000000    0000001c     UNINITIALIZED
                  20000000    00000018     Clock.obj (.data)
                  20000018    00000004     system_msp432p401r.obj (.data)

.stack     0    2000fe00    00000200     UNINITIALIZED
                  2000fe00    00000004     rtsv7M4_T_le_v4SPD16_eabi.lib : boot_cortex_m.c.obj (.stack)
                  2000fe04    000001fc     --HOLE--

__llvm_prf_cnts 
*          0    20000000    00000000     UNINITIALIZED

MODULE SUMMARY

       Module                        code   ro data   rw data
       ------                        ----   -------   -------
    .\
       system_msp432p401r.obj        820    0         8      
       Lab5_main.obj                 812    0         0      
       Clock.obj                     480    0         48     
       Init_Ports.obj                428    0         0      
       Motor.obj                     424    0         0      
       startup_msp432p401r_ccs.obj   14     228       0      
       Init_Timers.obj               132    0         0      
    +--+-----------------------------+------+---------+---------+
       Total:                        3110   228       56     
                                                             
    C:\ti\ccs1271\ccs\tools\compiler\ti-cgt-arm_20.2.7.LTS\lib\rtsv7M4_T_le_v4SPD16_eabi.lib
       fd_div_t2.asm.obj             310    0         0      
       fd_mul_t2.asm.obj             252    0         0      
       memcpy_t2.asm.obj             156    0         0      
       copy_decompress_lzss.c.obj    104    0         0      
       fd_toi_t2.asm.obj             72     0         0      
       autoinit.c.obj                68     0         0      
       fd_tou_t2.asm.obj             68     0         0      
       boot_cortex_m.c.obj           52     0         0      
       u_tofd_t2.asm.obj             32     0         0      
       copy_decompress_none.c.obj    14     0         0      
       exit.c.obj                    4      0         0      
       pre_init.c.obj                4      0         0      
    +--+-----------------------------+------+---------+---------+
       Total:                        1136   0         0      
                                                             
       Stack:                        0      0         1024   
       Linker Generated:             0      29        0      
    +--+-----------------------------+------+---------+---------+
       Grand Total:                  4246   257       1080   


LINKER GENERATED COPY TABLES

__TI_cinit_table @ 00001198 records: 1, size/record: 8, table size: 8
	.data: load addr=00001180, load size=0000000d bytes, run addr=20000000, run size=0000001c bytes, compression=lzss


LINKER GENERATED HANDLER TABLE

__TI_handler_table @ 00001190 records: 2, size/record: 4, table size: 8
	index: 0, handler: __TI_decompress_lzss
	index: 1, handler: __TI_decompress_none


GLOBAL SYMBOLS: SORTED ALPHABETICALLY BY Name 

address   name                          
-------   ----                          
00001173  ADC14_IRQHandler              
00001173  AES256_IRQHandler             
00001173  BusFault_Handler              
00001179  C$$EXIT                       
00001173  COMP_E0_IRQHandler            
00001173  COMP_E1_IRQHandler            
20000008  CPMwait                       
00001173  CS_IRQHandler                 
20000000  ClockFrequency                
00000899  Clock_Delay1ms                
0000086f  Clock_Delay1us                
0000085b  Clock_GetFreq                 
00000745  Clock_Init48MHz               
20000014  Crystalstable                 
00001173  DMA_ERR_IRQHandler            
00001173  DMA_INT0_IRQHandler           
00001173  DMA_INT1_IRQHandler           
00001173  DMA_INT2_IRQHandler           
00001173  DMA_INT3_IRQHandler           
00001173  DebugMon_Handler              
00001173  Default_Handler               
00001173  EUSCIA0_IRQHandler            
00001173  EUSCIA1_IRQHandler            
00001173  EUSCIA2_IRQHandler            
00001173  EUSCIA3_IRQHandler            
00001173  EUSCIB0_IRQHandler            
00001173  EUSCIB1_IRQHandler            
00001173  EUSCIB2_IRQHandler            
00001173  EUSCIB3_IRQHandler            
00001173  FLCTL_IRQHandler              
00001173  FPU_IRQHandler                
00001173  HardFault_Handler             
20000010  IFlags                        
00001173  MemManage_Handler             
00000c09  Motor_Backward                
00000aff  Motor_Forward                 
00000bb1  Motor_Left                    
00000b59  Motor_Right                   
00000ad1  Motor_Stop                    
00001173  NMI_Handler                   
00001173  PCM_IRQHandler                
00001173  PORT1_IRQHandler              
00001173  PORT2_IRQHandler              
00001173  PORT3_IRQHandler              
00001173  PORT4_IRQHandler              
00001173  PORT5_IRQHandler              
00001173  PORT6_IRQHandler              
00001173  PSS_IRQHandler                
00001173  PendSV_Handler                
00000a63  Port10_Init                   
00000925  Port1_Init                    
00000959  Port2_Init                    
000009ab  Port3_Init                    
000009d5  Port4_Init                    
000009d7  Port5_Init                    
00000a01  Port6_Init                    
00000a3f  Port7_Init                    
00000a41  Port8_Init                    
00000a43  Port9_Init                    
00000a65  PortJ_Init                    
2000000c  Postwait                      
20000004  Prewait                       
00001173  RTC_C_IRQHandler              
00001167  Reset_Handler                 
00001173  SVC_Handler                   
00000437  Servo                         
00000419  ServoInit                     
00001173  SysTick_Handler               
20000018  SystemCoreClock               
000000e5  SystemCoreClockUpdate         
0000035d  SystemInit                    
00001173  T32_INT1_IRQHandler           
00001173  T32_INT2_IRQHandler           
00001173  T32_INTC_IRQHandler           
00001173  TA0_0_IRQHandler              
00001173  TA0_N_IRQHandler              
00001173  TA1_0_IRQHandler              
00001173  TA1_N_IRQHandler              
00001173  TA2_0_IRQHandler              
00001173  TA2_N_IRQHandler              
00001173  TA3_0_IRQHandler              
00001173  TA3_N_IRQHandler              
00000f49  TimerA0_Init                  
00000f7d  TimerA1_Init                  
00000f7f  TimerA2_Init                  
00000f87  TimerA3_Init                  
00001173  UsageFault_Handler            
4000480c  WDTCTL_SYM                    
00001173  WDT_A_IRQHandler              
20010000  __STACK_END                   
00000200  __STACK_SIZE                  
00001198  __TI_CINIT_Base               
000011a0  __TI_CINIT_Limit              
00001190  __TI_Handler_Table_Base       
00001198  __TI_Handler_Table_Limit      
0000107d  __TI_auto_init_nobinit_nopinit
00000fcd  __TI_decompress_lzss          
00001159  __TI_decompress_none          
ffffffff  __TI_pprof_out_hndl           
ffffffff  __TI_prof_data_size           
ffffffff  __TI_prof_data_start          
00000000  __TI_static_base__            
00001035  __aeabi_d2iz                  
000010c1  __aeabi_d2uiz                 
00000c79  __aeabi_ddiv                  
00000daf  __aeabi_dmul                  
00000eab  __aeabi_memcpy                
00000eab  __aeabi_memcpy4               
00000eab  __aeabi_memcpy8               
00001139  __aeabi_ui2d                  
ffffffff  __binit__                     
ffffffff  __c_args__                    
UNDEFED   __mpu_init                    
2000fe00  __stack                       
20000000  __start___llvm_prf_cnts       
20000000  __stop___llvm_prf_cnts        
00001105  _c_int00_noargs               
UNDEFED   _system_post_cinit            
00001175  _system_pre_init              
00001179  abort                         
ffffffff  binit                         
00000861  delay                         
0000045b  distanceInCm                  
00000000  interruptVectors              
00000541  main                          
00000eab  memcpy                        
000004ab  pulseIn                       


GLOBAL SYMBOLS: SORTED BY Symbol Address 

address   name                          
-------   ----                          
00000000  __TI_static_base__            
00000000  interruptVectors              
000000e5  SystemCoreClockUpdate         
00000200  __STACK_SIZE                  
0000035d  SystemInit                    
00000419  ServoInit                     
00000437  Servo                         
0000045b  distanceInCm                  
000004ab  pulseIn                       
00000541  main                          
00000745  Clock_Init48MHz               
0000085b  Clock_GetFreq                 
00000861  delay                         
0000086f  Clock_Delay1us                
00000899  Clock_Delay1ms                
00000925  Port1_Init                    
00000959  Port2_Init                    
000009ab  Port3_Init                    
000009d5  Port4_Init                    
000009d7  Port5_Init                    
00000a01  Port6_Init                    
00000a3f  Port7_Init                    
00000a41  Port8_Init                    
00000a43  Port9_Init                    
00000a63  Port10_Init                   
00000a65  PortJ_Init                    
00000ad1  Motor_Stop                    
00000aff  Motor_Forward                 
00000b59  Motor_Right                   
00000bb1  Motor_Left                    
00000c09  Motor_Backward                
00000c79  __aeabi_ddiv                  
00000daf  __aeabi_dmul                  
00000eab  __aeabi_memcpy                
00000eab  __aeabi_memcpy4               
00000eab  __aeabi_memcpy8               
00000eab  memcpy                        
00000f49  TimerA0_Init                  
00000f7d  TimerA1_Init                  
00000f7f  TimerA2_Init                  
00000f87  TimerA3_Init                  
00000fcd  __TI_decompress_lzss          
00001035  __aeabi_d2iz                  
0000107d  __TI_auto_init_nobinit_nopinit
000010c1  __aeabi_d2uiz                 
00001105  _c_int00_noargs               
00001139  __aeabi_ui2d                  
00001159  __TI_decompress_none          
00001167  Reset_Handler                 
00001173  ADC14_IRQHandler              
00001173  AES256_IRQHandler             
00001173  BusFault_Handler              
00001173  COMP_E0_IRQHandler            
00001173  COMP_E1_IRQHandler            
00001173  CS_IRQHandler                 
00001173  DMA_ERR_IRQHandler            
00001173  DMA_INT0_IRQHandler           
00001173  DMA_INT1_IRQHandler           
00001173  DMA_INT2_IRQHandler           
00001173  DMA_INT3_IRQHandler           
00001173  DebugMon_Handler              
00001173  Default_Handler               
00001173  EUSCIA0_IRQHandler            
00001173  EUSCIA1_IRQHandler            
00001173  EUSCIA2_IRQHandler            
00001173  EUSCIA3_IRQHandler            
00001173  EUSCIB0_IRQHandler            
00001173  EUSCIB1_IRQHandler            
00001173  EUSCIB2_IRQHandler            
00001173  EUSCIB3_IRQHandler            
00001173  FLCTL_IRQHandler              
00001173  FPU_IRQHandler                
00001173  HardFault_Handler             
00001173  MemManage_Handler             
00001173  NMI_Handler                   
00001173  PCM_IRQHandler                
00001173  PORT1_IRQHandler              
00001173  PORT2_IRQHandler              
00001173  PORT3_IRQHandler              
00001173  PORT4_IRQHandler              
00001173  PORT5_IRQHandler              
00001173  PORT6_IRQHandler              
00001173  PSS_IRQHandler                
00001173  PendSV_Handler                
00001173  RTC_C_IRQHandler              
00001173  SVC_Handler                   
00001173  SysTick_Handler               
00001173  T32_INT1_IRQHandler           
00001173  T32_INT2_IRQHandler           
00001173  T32_INTC_IRQHandler           
00001173  TA0_0_IRQHandler              
00001173  TA0_N_IRQHandler              
00001173  TA1_0_IRQHandler              
00001173  TA1_N_IRQHandler              
00001173  TA2_0_IRQHandler              
00001173  TA2_N_IRQHandler              
00001173  TA3_0_IRQHandler              
00001173  TA3_N_IRQHandler              
00001173  UsageFault_Handler            
00001173  WDT_A_IRQHandler              
00001175  _system_pre_init              
00001179  C$$EXIT                       
00001179  abort                         
00001190  __TI_Handler_Table_Base       
00001198  __TI_CINIT_Base               
00001198  __TI_Handler_Table_Limit      
000011a0  __TI_CINIT_Limit              
20000000  ClockFrequency                
20000000  __start___llvm_prf_cnts       
20000000  __stop___llvm_prf_cnts        
20000004  Prewait                       
20000008  CPMwait                       
2000000c  Postwait                      
20000010  IFlags                        
20000014  Crystalstable                 
20000018  SystemCoreClock               
2000fe00  __stack                       
20010000  __STACK_END                   
4000480c  WDTCTL_SYM                    
ffffffff  __TI_pprof_out_hndl           
ffffffff  __TI_prof_data_size           
ffffffff  __TI_prof_data_start          
ffffffff  __binit__                     
ffffffff  __c_args__                    
ffffffff  binit                         
UNDEFED   __mpu_init                    
UNDEFED   _system_post_cinit            

[127 symbols]
