<?xml version="1.0" encoding="ISO-8859-1" ?>
<link_info>
   <banner>TI ARM Linker PC v20.2.7.LTS</banner>
   <copyright>Copyright (c) 1996-2018 Texas Instruments Incorporated</copyright>
   <link_time>0x680152cd</link_time>
   <link_errors>0x0</link_errors>
   <output_file>Lab7_BLE.out</output_file>
   <entry_point>
      <name>_c_int00_noargs</name>
      <address>0x5c45</address>
   </entry_point>
   <input_file_list>
      <input_file id="fl-2">
         <path>.\</path>
         <kind>object</kind>
         <file>AP.obj</file>
         <name>AP.obj</name>
      </input_file>
      <input_file id="fl-3">
         <path>.\</path>
         <kind>object</kind>
         <file>Clock.obj</file>
         <name>Clock.obj</name>
      </input_file>
      <input_file id="fl-4">
         <path>.\</path>
         <kind>object</kind>
         <file>CortexM.obj</file>
         <name>CortexM.obj</name>
      </input_file>
      <input_file id="fl-5">
         <path>.\</path>
         <kind>object</kind>
         <file>GPIO.obj</file>
         <name>GPIO.obj</name>
      </input_file>
      <input_file id="fl-6">
         <path>.\</path>
         <kind>object</kind>
         <file>Init_Ports.obj</file>
         <name>Init_Ports.obj</name>
      </input_file>
      <input_file id="fl-7">
         <path>.\</path>
         <kind>object</kind>
         <file>Init_Timers.obj</file>
         <name>Init_Timers.obj</name>
      </input_file>
      <input_file id="fl-8">
         <path>.\</path>
         <kind>object</kind>
         <file>Lab7_BLEmain.obj</file>
         <name>Lab7_BLEmain.obj</name>
      </input_file>
      <input_file id="fl-9">
         <path>.\</path>
         <kind>object</kind>
         <file>LaunchPad.obj</file>
         <name>LaunchPad.obj</name>
      </input_file>
      <input_file id="fl-a">
         <path>.\</path>
         <kind>object</kind>
         <file>Motor.obj</file>
         <name>Motor.obj</name>
      </input_file>
      <input_file id="fl-b">
         <path>.\</path>
         <kind>object</kind>
         <file>SSD1306.obj</file>
         <name>SSD1306.obj</name>
      </input_file>
      <input_file id="fl-c">
         <path>.\</path>
         <kind>object</kind>
         <file>UART0.obj</file>
         <name>UART0.obj</name>
      </input_file>
      <input_file id="fl-d">
         <path>.\</path>
         <kind>object</kind>
         <file>UART1.obj</file>
         <name>UART1.obj</name>
      </input_file>
      <input_file id="fl-e">
         <path>.\</path>
         <kind>object</kind>
         <file>VerySimpleBLEmain.obj</file>
         <name>VerySimpleBLEmain.obj</name>
      </input_file>
      <input_file id="fl-f">
         <path>.\</path>
         <kind>object</kind>
         <file>startup_msp432p401r_ccs.obj</file>
         <name>startup_msp432p401r_ccs.obj</name>
      </input_file>
      <input_file id="fl-10">
         <path>.\</path>
         <kind>object</kind>
         <file>system_msp432p401r.obj</file>
         <name>system_msp432p401r.obj</name>
      </input_file>
      <input_file id="fl-14">
         <kind>object</kind>
         <file>&lt;internal&gt;</file>
         <name>&lt;internal&gt;</name>
      </input_file>
      <input_file id="fl-ca">
         <path>C:\ti\ccs1271\ccs\tools\compiler\ti-cgt-arm_20.2.7.LTS\lib\</path>
         <kind>archive</kind>
         <file>rtsv7M4_T_le_v4SPD16_eabi.lib</file>
         <name>e_pow.c.obj</name>
      </input_file>
      <input_file id="fl-cb">
         <path>C:\ti\ccs1271\ccs\tools\compiler\ti-cgt-arm_20.2.7.LTS\lib\</path>
         <kind>archive</kind>
         <file>rtsv7M4_T_le_v4SPD16_eabi.lib</file>
         <name>e_sqrt.c.obj</name>
      </input_file>
      <input_file id="fl-cc">
         <path>C:\ti\ccs1271\ccs\tools\compiler\ti-cgt-arm_20.2.7.LTS\lib\</path>
         <kind>archive</kind>
         <file>rtsv7M4_T_le_v4SPD16_eabi.lib</file>
         <name>s_scalbn.c.obj</name>
      </input_file>
      <input_file id="fl-cd">
         <path>C:\ti\ccs1271\ccs\tools\compiler\ti-cgt-arm_20.2.7.LTS\lib\</path>
         <kind>archive</kind>
         <file>rtsv7M4_T_le_v4SPD16_eabi.lib</file>
         <name>fopen.c.obj</name>
      </input_file>
      <input_file id="fl-ce">
         <path>C:\ti\ccs1271\ccs\tools\compiler\ti-cgt-arm_20.2.7.LTS\lib\</path>
         <kind>archive</kind>
         <file>rtsv7M4_T_le_v4SPD16_eabi.lib</file>
         <name>setvbuf.c.obj</name>
      </input_file>
      <input_file id="fl-cf">
         <path>C:\ti\ccs1271\ccs\tools\compiler\ti-cgt-arm_20.2.7.LTS\lib\</path>
         <kind>archive</kind>
         <file>rtsv7M4_T_le_v4SPD16_eabi.lib</file>
         <name>fd_add_t2.asm.obj</name>
      </input_file>
      <input_file id="fl-d0">
         <path>C:\ti\ccs1271\ccs\tools\compiler\ti-cgt-arm_20.2.7.LTS\lib\</path>
         <kind>archive</kind>
         <file>rtsv7M4_T_le_v4SPD16_eabi.lib</file>
         <name>fd_cmp_t2.asm.obj</name>
      </input_file>
      <input_file id="fl-d1">
         <path>C:\ti\ccs1271\ccs\tools\compiler\ti-cgt-arm_20.2.7.LTS\lib\</path>
         <kind>archive</kind>
         <file>rtsv7M4_T_le_v4SPD16_eabi.lib</file>
         <name>fd_div_t2.asm.obj</name>
      </input_file>
      <input_file id="fl-d2">
         <path>C:\ti\ccs1271\ccs\tools\compiler\ti-cgt-arm_20.2.7.LTS\lib\</path>
         <kind>archive</kind>
         <file>rtsv7M4_T_le_v4SPD16_eabi.lib</file>
         <name>fd_mul_t2.asm.obj</name>
      </input_file>
      <input_file id="fl-d3">
         <path>C:\ti\ccs1271\ccs\tools\compiler\ti-cgt-arm_20.2.7.LTS\lib\</path>
         <kind>archive</kind>
         <file>rtsv7M4_T_le_v4SPD16_eabi.lib</file>
         <name>fd_toi_t2.asm.obj</name>
      </input_file>
      <input_file id="fl-d4">
         <path>C:\ti\ccs1271\ccs\tools\compiler\ti-cgt-arm_20.2.7.LTS\lib\</path>
         <kind>archive</kind>
         <file>rtsv7M4_T_le_v4SPD16_eabi.lib</file>
         <name>i_tofd_t2.asm.obj</name>
      </input_file>
      <input_file id="fl-d5">
         <path>C:\ti\ccs1271\ccs\tools\compiler\ti-cgt-arm_20.2.7.LTS\lib\</path>
         <kind>archive</kind>
         <file>rtsv7M4_T_le_v4SPD16_eabi.lib</file>
         <name>memset_t2.asm.obj</name>
      </input_file>
      <input_file id="fl-d6">
         <path>C:\ti\ccs1271\ccs\tools\compiler\ti-cgt-arm_20.2.7.LTS\lib\</path>
         <kind>archive</kind>
         <file>rtsv7M4_T_le_v4SPD16_eabi.lib</file>
         <name>copy_zero_init.c.obj</name>
      </input_file>
      <input_file id="fl-d7">
         <path>C:\ti\ccs1271\ccs\tools\compiler\ti-cgt-arm_20.2.7.LTS\lib\</path>
         <kind>archive</kind>
         <file>rtsv7M4_T_le_v4SPD16_eabi.lib</file>
         <name>copy_decompress_none.c.obj</name>
      </input_file>
      <input_file id="fl-d8">
         <path>C:\ti\ccs1271\ccs\tools\compiler\ti-cgt-arm_20.2.7.LTS\lib\</path>
         <kind>archive</kind>
         <file>rtsv7M4_T_le_v4SPD16_eabi.lib</file>
         <name>copy_decompress_lzss.c.obj</name>
      </input_file>
      <input_file id="fl-d9">
         <path>C:\ti\ccs1271\ccs\tools\compiler\ti-cgt-arm_20.2.7.LTS\lib\</path>
         <kind>archive</kind>
         <file>rtsv7M4_T_le_v4SPD16_eabi.lib</file>
         <name>exit.c.obj</name>
      </input_file>
      <input_file id="fl-da">
         <path>C:\ti\ccs1271\ccs\tools\compiler\ti-cgt-arm_20.2.7.LTS\lib\</path>
         <kind>archive</kind>
         <file>rtsv7M4_T_le_v4SPD16_eabi.lib</file>
         <name>_lock.c.obj</name>
      </input_file>
      <input_file id="fl-db">
         <path>C:\ti\ccs1271\ccs\tools\compiler\ti-cgt-arm_20.2.7.LTS\lib\</path>
         <kind>archive</kind>
         <file>rtsv7M4_T_le_v4SPD16_eabi.lib</file>
         <name>defs.c.obj</name>
      </input_file>
      <input_file id="fl-dc">
         <path>C:\ti\ccs1271\ccs\tools\compiler\ti-cgt-arm_20.2.7.LTS\lib\</path>
         <kind>archive</kind>
         <file>rtsv7M4_T_le_v4SPD16_eabi.lib</file>
         <name>memory.c.obj</name>
      </input_file>
      <input_file id="fl-dd">
         <path>C:\ti\ccs1271\ccs\tools\compiler\ti-cgt-arm_20.2.7.LTS\lib\</path>
         <kind>archive</kind>
         <file>rtsv7M4_T_le_v4SPD16_eabi.lib</file>
         <name>boot_cortex_m.c.obj</name>
      </input_file>
      <input_file id="fl-de">
         <path>C:\ti\ccs1271\ccs\tools\compiler\ti-cgt-arm_20.2.7.LTS\lib\</path>
         <kind>archive</kind>
         <file>rtsv7M4_T_le_v4SPD16_eabi.lib</file>
         <name>open.c.obj</name>
      </input_file>
      <input_file id="fl-df">
         <path>C:\ti\ccs1271\ccs\tools\compiler\ti-cgt-arm_20.2.7.LTS\lib\</path>
         <kind>archive</kind>
         <file>rtsv7M4_T_le_v4SPD16_eabi.lib</file>
         <name>add_device.c.obj</name>
      </input_file>
      <input_file id="fl-e0">
         <path>C:\ti\ccs1271\ccs\tools\compiler\ti-cgt-arm_20.2.7.LTS\lib\</path>
         <kind>archive</kind>
         <file>rtsv7M4_T_le_v4SPD16_eabi.lib</file>
         <name>errno.c.obj</name>
      </input_file>
      <input_file id="fl-e1">
         <path>C:\ti\ccs1271\ccs\tools\compiler\ti-cgt-arm_20.2.7.LTS\lib\</path>
         <kind>archive</kind>
         <file>rtsv7M4_T_le_v4SPD16_eabi.lib</file>
         <name>s_copysign.c.obj</name>
      </input_file>
      <input_file id="fl-e2">
         <path>C:\ti\ccs1271\ccs\tools\compiler\ti-cgt-arm_20.2.7.LTS\lib\</path>
         <kind>archive</kind>
         <file>rtsv7M4_T_le_v4SPD16_eabi.lib</file>
         <name>fclose.c.obj</name>
      </input_file>
      <input_file id="fl-e3">
         <path>C:\ti\ccs1271\ccs\tools\compiler\ti-cgt-arm_20.2.7.LTS\lib\</path>
         <kind>archive</kind>
         <file>rtsv7M4_T_le_v4SPD16_eabi.lib</file>
         <name>fflush.c.obj</name>
      </input_file>
      <input_file id="fl-e4">
         <path>C:\ti\ccs1271\ccs\tools\compiler\ti-cgt-arm_20.2.7.LTS\lib\</path>
         <kind>archive</kind>
         <file>rtsv7M4_T_le_v4SPD16_eabi.lib</file>
         <name>getdevice.c.obj</name>
      </input_file>
      <input_file id="fl-e5">
         <path>C:\ti\ccs1271\ccs\tools\compiler\ti-cgt-arm_20.2.7.LTS\lib\</path>
         <kind>archive</kind>
         <file>rtsv7M4_T_le_v4SPD16_eabi.lib</file>
         <name>memcpy_t2.asm.obj</name>
      </input_file>
      <input_file id="fl-e6">
         <path>C:\ti\ccs1271\ccs\tools\compiler\ti-cgt-arm_20.2.7.LTS\lib\</path>
         <kind>archive</kind>
         <file>rtsv7M4_T_le_v4SPD16_eabi.lib</file>
         <name>autoinit.c.obj</name>
      </input_file>
      <input_file id="fl-e7">
         <path>C:\ti\ccs1271\ccs\tools\compiler\ti-cgt-arm_20.2.7.LTS\lib\</path>
         <kind>archive</kind>
         <file>rtsv7M4_T_le_v4SPD16_eabi.lib</file>
         <name>pre_init.c.obj</name>
      </input_file>
      <input_file id="fl-e8">
         <path>C:\ti\ccs1271\ccs\tools\compiler\ti-cgt-arm_20.2.7.LTS\lib\</path>
         <kind>archive</kind>
         <file>rtsv7M4_T_le_v4SPD16_eabi.lib</file>
         <name>cpy_tbl.c.obj</name>
      </input_file>
      <input_file id="fl-e9">
         <path>C:\ti\ccs1271\ccs\tools\compiler\ti-cgt-arm_20.2.7.LTS\lib\</path>
         <kind>archive</kind>
         <file>rtsv7M4_T_le_v4SPD16_eabi.lib</file>
         <name>args_main.c.obj</name>
      </input_file>
      <input_file id="fl-ea">
         <path>C:\ti\ccs1271\ccs\tools\compiler\ti-cgt-arm_20.2.7.LTS\lib\</path>
         <kind>archive</kind>
         <file>rtsv7M4_T_le_v4SPD16_eabi.lib</file>
         <name>strchr.c.obj</name>
      </input_file>
      <input_file id="fl-eb">
         <path>C:\ti\ccs1271\ccs\tools\compiler\ti-cgt-arm_20.2.7.LTS\lib\</path>
         <kind>archive</kind>
         <file>rtsv7M4_T_le_v4SPD16_eabi.lib</file>
         <name>strcmp.c.obj</name>
      </input_file>
      <input_file id="fl-ec">
         <path>C:\ti\ccs1271\ccs\tools\compiler\ti-cgt-arm_20.2.7.LTS\lib\</path>
         <kind>archive</kind>
         <file>rtsv7M4_T_le_v4SPD16_eabi.lib</file>
         <name>strncpy.c.obj</name>
      </input_file>
      <input_file id="fl-ed">
         <path>C:\ti\ccs1271\ccs\tools\compiler\ti-cgt-arm_20.2.7.LTS\lib\</path>
         <kind>archive</kind>
         <file>rtsv7M4_T_le_v4SPD16_eabi.lib</file>
         <name>write.c.obj</name>
      </input_file>
      <input_file id="fl-ee">
         <path>C:\ti\ccs1271\ccs\tools\compiler\ti-cgt-arm_20.2.7.LTS\lib\</path>
         <kind>archive</kind>
         <file>rtsv7M4_T_le_v4SPD16_eabi.lib</file>
         <name>host_device.c.obj</name>
      </input_file>
      <input_file id="fl-ef">
         <path>C:\ti\ccs1271\ccs\tools\compiler\ti-cgt-arm_20.2.7.LTS\lib\</path>
         <kind>archive</kind>
         <file>rtsv7M4_T_le_v4SPD16_eabi.lib</file>
         <name>remove.c.obj</name>
      </input_file>
      <input_file id="fl-f0">
         <path>C:\ti\ccs1271\ccs\tools\compiler\ti-cgt-arm_20.2.7.LTS\lib\</path>
         <kind>archive</kind>
         <file>rtsv7M4_T_le_v4SPD16_eabi.lib</file>
         <name>close.c.obj</name>
      </input_file>
      <input_file id="fl-f1">
         <path>C:\ti\ccs1271\ccs\tools\compiler\ti-cgt-arm_20.2.7.LTS\lib\</path>
         <kind>archive</kind>
         <file>rtsv7M4_T_le_v4SPD16_eabi.lib</file>
         <name>unlink.c.obj</name>
      </input_file>
      <input_file id="fl-f2">
         <path>C:\ti\ccs1271\ccs\tools\compiler\ti-cgt-arm_20.2.7.LTS\lib\</path>
         <kind>archive</kind>
         <file>rtsv7M4_T_le_v4SPD16_eabi.lib</file>
         <name>hostclose.c.obj</name>
      </input_file>
      <input_file id="fl-f3">
         <path>C:\ti\ccs1271\ccs\tools\compiler\ti-cgt-arm_20.2.7.LTS\lib\</path>
         <kind>archive</kind>
         <file>rtsv7M4_T_le_v4SPD16_eabi.lib</file>
         <name>hostlseek.c.obj</name>
      </input_file>
      <input_file id="fl-f4">
         <path>C:\ti\ccs1271\ccs\tools\compiler\ti-cgt-arm_20.2.7.LTS\lib\</path>
         <kind>archive</kind>
         <file>rtsv7M4_T_le_v4SPD16_eabi.lib</file>
         <name>hostopen.c.obj</name>
      </input_file>
      <input_file id="fl-f5">
         <path>C:\ti\ccs1271\ccs\tools\compiler\ti-cgt-arm_20.2.7.LTS\lib\</path>
         <kind>archive</kind>
         <file>rtsv7M4_T_le_v4SPD16_eabi.lib</file>
         <name>hostread.c.obj</name>
      </input_file>
      <input_file id="fl-f6">
         <path>C:\ti\ccs1271\ccs\tools\compiler\ti-cgt-arm_20.2.7.LTS\lib\</path>
         <kind>archive</kind>
         <file>rtsv7M4_T_le_v4SPD16_eabi.lib</file>
         <name>hostrename.c.obj</name>
      </input_file>
      <input_file id="fl-f7">
         <path>C:\ti\ccs1271\ccs\tools\compiler\ti-cgt-arm_20.2.7.LTS\lib\</path>
         <kind>archive</kind>
         <file>rtsv7M4_T_le_v4SPD16_eabi.lib</file>
         <name>hostunlink.c.obj</name>
      </input_file>
      <input_file id="fl-f8">
         <path>C:\ti\ccs1271\ccs\tools\compiler\ti-cgt-arm_20.2.7.LTS\lib\</path>
         <kind>archive</kind>
         <file>rtsv7M4_T_le_v4SPD16_eabi.lib</file>
         <name>hostwrite.c.obj</name>
      </input_file>
      <input_file id="fl-f9">
         <path>C:\ti\ccs1271\ccs\tools\compiler\ti-cgt-arm_20.2.7.LTS\lib\</path>
         <kind>archive</kind>
         <file>rtsv7M4_T_le_v4SPD16_eabi.lib</file>
         <name>trgmsg.c.obj</name>
      </input_file>
      <input_file id="fl-fa">
         <path>C:\ti\ccs1271\ccs\tools\compiler\ti-cgt-arm_20.2.7.LTS\lib\</path>
         <kind>archive</kind>
         <file>rtsv7M4_T_le_v4SPD16_eabi.lib</file>
         <name>strcpy.c.obj</name>
      </input_file>
      <input_file id="fl-fb">
         <path>C:\ti\ccs1271\ccs\tools\compiler\ti-cgt-arm_20.2.7.LTS\lib\</path>
         <kind>archive</kind>
         <file>rtsv7M4_T_le_v4SPD16_eabi.lib</file>
         <name>strlen.c.obj</name>
      </input_file>
   </input_file_list>
   <object_component_list>
      <object_component id="oc-26">
         <name>.intvecs:retain</name>
         <load_address>0x0</load_address>
         <run_address>0x0</run_address>
         <size>0xe4</size>
         <input_file_ref idref="fl-f"/>
      </object_component>
      <object_component id="oc-ee">
         <name>.text</name>
         <load_address>0xe4</load_address>
         <run_address>0xe4</run_address>
         <size>0x1848</size>
         <input_file_ref idref="fl-b"/>
      </object_component>
      <object_component id="oc-112">
         <name>.text</name>
         <load_address>0x192c</load_address>
         <run_address>0x192c</run_address>
         <size>0x100c</size>
         <input_file_ref idref="fl-2"/>
      </object_component>
      <object_component id="oc-1de">
         <name>.text:pow</name>
         <load_address>0x2938</load_address>
         <run_address>0x2938</run_address>
         <size>0x9d0</size>
         <input_file_ref idref="fl-ca"/>
      </object_component>
      <object_component id="oc-e8">
         <name>.text</name>
         <load_address>0x3308</load_address>
         <run_address>0x3308</run_address>
         <size>0x6cc</size>
         <input_file_ref idref="fl-c"/>
      </object_component>
      <object_component id="oc-b2">
         <name>.text</name>
         <load_address>0x39d4</load_address>
         <run_address>0x39d4</run_address>
         <size>0x334</size>
         <input_file_ref idref="fl-10"/>
      </object_component>
      <object_component id="oc-a0">
         <name>.text</name>
         <load_address>0x3d08</load_address>
         <run_address>0x3d08</run_address>
         <size>0x234</size>
         <input_file_ref idref="fl-8"/>
      </object_component>
      <object_component id="oc-106">
         <name>.text</name>
         <load_address>0x3f3c</load_address>
         <run_address>0x3f3c</run_address>
         <size>0x1f0</size>
         <input_file_ref idref="fl-6"/>
      </object_component>
      <object_component id="oc-100">
         <name>.text</name>
         <load_address>0x412c</load_address>
         <run_address>0x412c</run_address>
         <size>0x1e0</size>
         <input_file_ref idref="fl-3"/>
      </object_component>
      <object_component id="oc-2d2">
         <name>.text</name>
         <load_address>0x430c</load_address>
         <run_address>0x430c</run_address>
         <size>0x1b6</size>
         <input_file_ref idref="fl-cf"/>
      </object_component>
      <object_component id="oc-332">
         <name>.text:_nop</name>
         <load_address>0x44c2</load_address>
         <run_address>0x44c2</run_address>
         <size>0x2</size>
         <input_file_ref idref="fl-da"/>
      </object_component>
      <object_component id="oc-f4">
         <name>.text</name>
         <load_address>0x44c4</load_address>
         <run_address>0x44c4</run_address>
         <size>0x1a8</size>
         <input_file_ref idref="fl-a"/>
      </object_component>
      <object_component id="oc-70">
         <name>.text</name>
         <load_address>0x466c</load_address>
         <run_address>0x466c</run_address>
         <size>0x1a4</size>
         <input_file_ref idref="fl-d"/>
      </object_component>
      <object_component id="oc-2dc">
         <name>.text:sqrt</name>
         <load_address>0x4810</load_address>
         <run_address>0x4810</run_address>
         <size>0x158</size>
         <input_file_ref idref="fl-cb"/>
      </object_component>
      <object_component id="oc-2d7">
         <name>.text</name>
         <load_address>0x4968</load_address>
         <run_address>0x4968</run_address>
         <size>0x136</size>
         <input_file_ref idref="fl-d1"/>
      </object_component>
      <object_component id="oc-277">
         <name>.text:_openfile</name>
         <load_address>0x4aa0</load_address>
         <run_address>0x4aa0</run_address>
         <size>0x110</size>
         <input_file_ref idref="fl-cd"/>
      </object_component>
      <object_component id="oc-2fa">
         <name>.text:scalbn</name>
         <load_address>0x4bb0</load_address>
         <run_address>0x4bb0</run_address>
         <size>0x110</size>
         <input_file_ref idref="fl-cc"/>
      </object_component>
      <object_component id="oc-3c6">
         <name>.text:aligned_alloc</name>
         <load_address>0x4cc0</load_address>
         <run_address>0x4cc0</run_address>
         <size>0x100</size>
         <input_file_ref idref="fl-dc"/>
      </object_component>
      <object_component id="oc-2e8">
         <name>.text</name>
         <load_address>0x4dc0</load_address>
         <run_address>0x4dc0</run_address>
         <size>0xfc</size>
         <input_file_ref idref="fl-d2"/>
      </object_component>
      <object_component id="oc-28a">
         <name>.text:free</name>
         <load_address>0x4ebc</load_address>
         <run_address>0x4ebc</run_address>
         <size>0xe4</size>
         <input_file_ref idref="fl-dc"/>
      </object_component>
      <object_component id="oc-187">
         <name>.text:setvbuf</name>
         <load_address>0x4fa0</load_address>
         <run_address>0x4fa0</run_address>
         <size>0xdc</size>
         <input_file_ref idref="fl-ce"/>
      </object_component>
      <object_component id="oc-1f3">
         <name>.text</name>
         <load_address>0x507c</load_address>
         <run_address>0x507c</run_address>
         <size>0xc0</size>
         <input_file_ref idref="fl-5"/>
      </object_component>
      <object_component id="oc-394">
         <name>.text:open</name>
         <load_address>0x513c</load_address>
         <run_address>0x513c</run_address>
         <size>0xbc</size>
         <input_file_ref idref="fl-de"/>
      </object_component>
      <object_component id="oc-175">
         <name>.text:add_device</name>
         <load_address>0x51f8</load_address>
         <run_address>0x51f8</run_address>
         <size>0xb8</size>
         <input_file_ref idref="fl-df"/>
      </object_component>
      <object_component id="oc-17b">
         <name>.text:fopen</name>
         <load_address>0x52b0</load_address>
         <run_address>0x52b0</run_address>
         <size>0x9c</size>
         <input_file_ref idref="fl-cd"/>
      </object_component>
      <object_component id="oc-3a">
         <name>.text</name>
         <load_address>0x534c</load_address>
         <run_address>0x534c</run_address>
         <size>0x9c</size>
         <input_file_ref idref="fl-e5"/>
      </object_component>
      <object_component id="oc-2f0">
         <name>.text:__aeabi_cdcmple</name>
         <load_address>0x53e8</load_address>
         <run_address>0x53e8</run_address>
         <size>0x86</size>
         <input_file_ref idref="fl-d0"/>
      </object_component>
      <object_component id="oc-2f5">
         <name>.text:__aeabi_cdrcmple</name>
         <load_address>0x546e</load_address>
         <run_address>0x546e</run_address>
         <size>0x86</size>
         <input_file_ref idref="fl-d0"/>
      </object_component>
      <object_component id="oc-10c">
         <name>.text</name>
         <load_address>0x54f4</load_address>
         <run_address>0x54f4</run_address>
         <size>0x84</size>
         <input_file_ref idref="fl-7"/>
      </object_component>
      <object_component id="oc-94">
         <name>.text</name>
         <load_address>0x5578</load_address>
         <run_address>0x5578</run_address>
         <size>0x7a</size>
         <input_file_ref idref="fl-d5"/>
      </object_component>
      <object_component id="oc-283">
         <name>.text:__TI_closefile</name>
         <load_address>0x55f4</load_address>
         <run_address>0x55f4</run_address>
         <size>0x74</size>
         <input_file_ref idref="fl-e2"/>
      </object_component>
      <object_component id="oc-457">
         <name>.text:split</name>
         <load_address>0x5668</load_address>
         <run_address>0x5668</run_address>
         <size>0x70</size>
         <input_file_ref idref="fl-dc"/>
      </object_component>
      <object_component id="oc-37f">
         <name>.text:HOSTrename</name>
         <load_address>0x56d8</load_address>
         <run_address>0x56d8</run_address>
         <size>0x6c</size>
         <input_file_ref idref="fl-f6"/>
      </object_component>
      <object_component id="oc-373">
         <name>.text:HOSTlseek</name>
         <load_address>0x5744</load_address>
         <run_address>0x5744</run_address>
         <size>0x68</size>
         <input_file_ref idref="fl-f3"/>
      </object_component>
      <object_component id="oc-17">
         <name>.text:decompress:lzss:__TI_decompress_lzss</name>
         <load_address>0x57ac</load_address>
         <run_address>0x57ac</run_address>
         <size>0x68</size>
         <input_file_ref idref="fl-d8"/>
      </object_component>
      <object_component id="oc-35b">
         <name>.text:HOSTopen</name>
         <load_address>0x5814</load_address>
         <run_address>0x5814</run_address>
         <size>0x60</size>
         <input_file_ref idref="fl-f4"/>
      </object_component>
      <object_component id="oc-3aa">
         <name>.text:close</name>
         <load_address>0x5874</load_address>
         <run_address>0x5874</run_address>
         <size>0x5c</size>
         <input_file_ref idref="fl-f0"/>
      </object_component>
      <object_component id="oc-367">
         <name>.text:HOSTread</name>
         <load_address>0x58d0</load_address>
         <run_address>0x58d0</run_address>
         <size>0x58</size>
         <input_file_ref idref="fl-f5"/>
      </object_component>
      <object_component id="oc-36d">
         <name>.text:HOSTwrite</name>
         <load_address>0x5928</load_address>
         <run_address>0x5928</run_address>
         <size>0x58</size>
         <input_file_ref idref="fl-f8"/>
      </object_component>
      <object_component id="oc-3a4">
         <name>.text:__TI_doflush</name>
         <load_address>0x5980</load_address>
         <run_address>0x5980</run_address>
         <size>0x4c</size>
         <input_file_ref idref="fl-e3"/>
      </object_component>
      <object_component id="oc-122">
         <name>.text:exit</name>
         <load_address>0x59cc</load_address>
         <run_address>0x59cc</run_address>
         <size>0x48</size>
         <input_file_ref idref="fl-d9"/>
      </object_component>
      <object_component id="oc-1e4">
         <name>.text</name>
         <load_address>0x5a14</load_address>
         <run_address>0x5a14</run_address>
         <size>0x48</size>
         <input_file_ref idref="fl-d3"/>
      </object_component>
      <object_component id="oc-361">
         <name>.text:HOSTclose</name>
         <load_address>0x5a5c</load_address>
         <run_address>0x5a5c</run_address>
         <size>0x44</size>
         <input_file_ref idref="fl-f2"/>
      </object_component>
      <object_component id="oc-379">
         <name>.text:HOSTunlink</name>
         <load_address>0x5aa0</load_address>
         <run_address>0x5aa0</run_address>
         <size>0x44</size>
         <input_file_ref idref="fl-f7"/>
      </object_component>
      <object_component id="oc-128">
         <name>.text:__TI_auto_init_nobinit_nopinit:__TI_auto_init_nobinit_nopinit</name>
         <load_address>0x5ae4</load_address>
         <run_address>0x5ae4</run_address>
         <size>0x44</size>
         <input_file_ref idref="fl-e6"/>
      </object_component>
      <object_component id="oc-438">
         <name>.text:getdevice</name>
         <load_address>0x5b28</load_address>
         <run_address>0x5b28</run_address>
         <size>0x44</size>
         <input_file_ref idref="fl-e4"/>
      </object_component>
      <object_component id="oc-40f">
         <name>.text:__TI_writemsg</name>
         <load_address>0x5b6c</load_address>
         <run_address>0x5b6c</run_address>
         <size>0x38</size>
         <input_file_ref idref="fl-f9"/>
      </object_component>
      <object_component id="oc-26b">
         <name>.text:strncpy</name>
         <load_address>0x5ba4</load_address>
         <run_address>0x5ba4</run_address>
         <size>0x36</size>
         <input_file_ref idref="fl-ec"/>
      </object_component>
      <object_component id="oc-296">
         <name>.text:__TI_cleanup</name>
         <load_address>0x5bdc</load_address>
         <run_address>0x5bdc</run_address>
         <size>0x34</size>
         <input_file_ref idref="fl-cd"/>
      </object_component>
      <object_component id="oc-415">
         <name>.text:__TI_readmsg</name>
         <load_address>0x5c10</load_address>
         <run_address>0x5c10</run_address>
         <size>0x34</size>
         <input_file_ref idref="fl-f9"/>
      </object_component>
      <object_component id="oc-58">
         <name>.text:_c_int00_noargs:_c_int00_noargs</name>
         <load_address>0x5c44</load_address>
         <run_address>0x5c44</run_address>
         <size>0x34</size>
         <input_file_ref idref="fl-dd"/>
      </object_component>
      <object_component id="oc-181">
         <name>.text:freopen</name>
         <load_address>0x5c78</load_address>
         <run_address>0x5c78</run_address>
         <size>0x34</size>
         <input_file_ref idref="fl-cd"/>
      </object_component>
      <object_component id="oc-265">
         <name>.text:finddevice</name>
         <load_address>0x5cac</load_address>
         <run_address>0x5cac</run_address>
         <size>0x30</size>
         <input_file_ref idref="fl-e4"/>
      </object_component>
      <object_component id="oc-1d9">
         <name>.text</name>
         <load_address>0x5cdc</load_address>
         <run_address>0x5cdc</run_address>
         <size>0x2e</size>
         <input_file_ref idref="fl-d4"/>
      </object_component>
      <object_component id="oc-3b0">
         <name>.text:unlink</name>
         <load_address>0x5d0c</load_address>
         <run_address>0x5d0c</run_address>
         <size>0x2c</size>
         <input_file_ref idref="fl-f1"/>
      </object_component>
      <object_component id="oc-3bf">
         <name>.text:free_list_insert</name>
         <load_address>0x5d38</load_address>
         <run_address>0x5d38</run_address>
         <size>0x28</size>
         <input_file_ref idref="fl-dc"/>
      </object_component>
      <object_component id="oc-444">
         <name>.text:write</name>
         <load_address>0x5d60</load_address>
         <run_address>0x5d60</run_address>
         <size>0x28</size>
         <input_file_ref idref="fl-ed"/>
      </object_component>
      <object_component id="oc-fa">
         <name>.text</name>
         <load_address>0x5d88</load_address>
         <run_address>0x5d88</run_address>
         <size>0x24</size>
         <input_file_ref idref="fl-4"/>
      </object_component>
      <object_component id="oc-3b9">
         <name>.text:free_list_remove</name>
         <load_address>0x5dac</load_address>
         <run_address>0x5dac</run_address>
         <size>0x1c</size>
         <input_file_ref idref="fl-dc"/>
      </object_component>
      <object_component id="oc-3e0">
         <name>.text:copysign</name>
         <load_address>0x5dc8</load_address>
         <run_address>0x5dc8</run_address>
         <size>0x1a</size>
         <input_file_ref idref="fl-e1"/>
      </object_component>
      <object_component id="oc-351">
         <name>.text:strcmp</name>
         <load_address>0x5de2</load_address>
         <run_address>0x5de2</run_address>
         <size>0x18</size>
         <input_file_ref idref="fl-eb"/>
      </object_component>
      <object_component id="oc-486">
         <name>.text:strchr</name>
         <load_address>0x5dfa</load_address>
         <run_address>0x5dfa</run_address>
         <size>0x16</size>
         <input_file_ref idref="fl-ea"/>
      </object_component>
      <object_component id="oc-429">
         <name>.text:strcpy</name>
         <load_address>0x5e10</load_address>
         <run_address>0x5e10</run_address>
         <size>0x14</size>
         <input_file_ref idref="fl-fa"/>
      </object_component>
      <object_component id="oc-409">
         <name>.text:strlen</name>
         <load_address>0x5e24</load_address>
         <run_address>0x5e24</run_address>
         <size>0x14</size>
         <input_file_ref idref="fl-fb"/>
      </object_component>
      <object_component id="oc-1d">
         <name>.text:decompress:none:__TI_decompress_none</name>
         <load_address>0x5e38</load_address>
         <run_address>0x5e38</run_address>
         <size>0xe</size>
         <input_file_ref idref="fl-d7"/>
      </object_component>
      <object_component id="oc-6a">
         <name>.text</name>
         <load_address>0x5e46</load_address>
         <run_address>0x5e46</run_address>
         <size>0xe</size>
         <input_file_ref idref="fl-f"/>
      </object_component>
      <object_component id="oc-4c">
         <name>.text:decompress:ZI:__TI_zero_init</name>
         <load_address>0x5e54</load_address>
         <run_address>0x5e54</run_address>
         <size>0xc</size>
         <input_file_ref idref="fl-d6"/>
      </object_component>
      <object_component id="oc-2e2">
         <name>.text:__aeabi_errno_addr</name>
         <load_address>0x5e60</load_address>
         <run_address>0x5e60</run_address>
         <size>0x8</size>
         <input_file_ref idref="fl-e0"/>
      </object_component>
      <object_component id="oc-290">
         <name>.text:malloc</name>
         <load_address>0x5e68</load_address>
         <run_address>0x5e68</run_address>
         <size>0x8</size>
         <input_file_ref idref="fl-dc"/>
      </object_component>
      <object_component id="oc-9a">
         <name>.text:_system_pre_init</name>
         <load_address>0x5e70</load_address>
         <run_address>0x5e70</run_address>
         <size>0x4</size>
         <input_file_ref idref="fl-e7"/>
      </object_component>
      <object_component id="oc-11c">
         <name>.text:abort:abort</name>
         <load_address>0x5e74</load_address>
         <run_address>0x5e74</run_address>
         <size>0x4</size>
         <input_file_ref idref="fl-d9"/>
      </object_component>
      <object_component id="oc-1aa">
         <name>.const:ASCII</name>
         <load_address>0x5e78</load_address>
         <run_address>0x5e78</run_address>
         <size>0x1e0</size>
         <input_file_ref idref="fl-b"/>
      </object_component>
      <object_component id="oc-2ed">
         <name>.const:$O1$$</name>
         <load_address>0x6058</load_address>
         <run_address>0x6058</run_address>
         <size>0x30</size>
         <input_file_ref idref="fl-ca"/>
      </object_component>
      <object_component id="oc-21d">
         <name>.const:.string:NPI_StartAdvertisement</name>
         <load_address>0x6088</load_address>
         <run_address>0x6088</run_address>
         <size>0x14</size>
         <input_file_ref idref="fl-2"/>
      </object_component>
      <object_component id="oc-217">
         <name>.const:.string:NPI_SetAdvertisement1</name>
         <load_address>0x609c</load_address>
         <run_address>0x609c</run_address>
         <size>0x11</size>
         <input_file_ref idref="fl-2"/>
      </object_component>
      <object_component id="oc-1fc">
         <name>.const:.string:HCI_EXT_ResetSystemCmd</name>
         <load_address>0x60ad</load_address>
         <run_address>0x60ad</run_address>
         <size>0x9</size>
         <input_file_ref idref="fl-2"/>
      </object_component>
      <object_component id="oc-1b0">
         <name>.const:.string:postmask</name>
         <load_address>0x60b6</load_address>
         <run_address>0x60b6</run_address>
         <size>0x8</size>
         <input_file_ref idref="fl-b"/>
      </object_component>
      <object_component id="oc-1ad">
         <name>.const:.string:premask</name>
         <load_address>0x60be</load_address>
         <run_address>0x60be</run_address>
         <size>0x8</size>
         <input_file_ref idref="fl-b"/>
      </object_component>
      <object_component id="oc-223">
         <name>.const:.string:NPI_GetStatus</name>
         <load_address>0x60c6</load_address>
         <run_address>0x60c6</run_address>
         <size>0x6</size>
         <input_file_ref idref="fl-2"/>
      </object_component>
      <object_component id="oc-226">
         <name>.const:.string:NPI_GetVersion</name>
         <load_address>0x60cc</load_address>
         <run_address>0x60cc</run_address>
         <size>0x6</size>
         <input_file_ref idref="fl-2"/>
      </object_component>
      <object_component id="oc-204">
         <name>.const:.string:NPI_Register</name>
         <load_address>0x60d2</load_address>
         <run_address>0x60d2</run_address>
         <size>0x6</size>
         <input_file_ref idref="fl-2"/>
      </object_component>
      <object_component id="oc-1a5">
         <name>.const:.string:init5</name>
         <load_address>0x60d8</load_address>
         <run_address>0x60d8</run_address>
         <size>0x6</size>
         <input_file_ref idref="fl-b"/>
      </object_component>
      <object_component id="oc-1b3">
         <name>.const:.string:dlist1</name>
         <load_address>0x60de</load_address>
         <run_address>0x60de</run_address>
         <size>0x5</size>
         <input_file_ref idref="fl-b"/>
      </object_component>
      <object_component id="oc-199">
         <name>.const:.string:init1</name>
         <load_address>0x60e3</load_address>
         <run_address>0x60e3</run_address>
         <size>0x4</size>
         <input_file_ref idref="fl-b"/>
      </object_component>
      <object_component id="oc-19c">
         <name>.const:.string:init2</name>
         <load_address>0x60e7</load_address>
         <run_address>0x60e7</run_address>
         <size>0x4</size>
         <input_file_ref idref="fl-b"/>
      </object_component>
      <object_component id="oc-19f">
         <name>.const:.string:init3</name>
         <load_address>0x60eb</load_address>
         <run_address>0x60eb</run_address>
         <size>0x4</size>
         <input_file_ref idref="fl-b"/>
      </object_component>
      <object_component id="oc-1a2">
         <name>.const:.string:init4b</name>
         <load_address>0x60ef</load_address>
         <run_address>0x60ef</run_address>
         <size>0x3</size>
         <input_file_ref idref="fl-b"/>
      </object_component>
      <object_component id="oc-1b9">
         <name>.const:.string:scrollList1b</name>
         <load_address>0x60f2</load_address>
         <run_address>0x60f2</run_address>
         <size>0x3</size>
         <input_file_ref idref="fl-b"/>
      </object_component>
      <object_component id="oc-1bf">
         <name>.const:.string:scrollList2b</name>
         <load_address>0x60f5</load_address>
         <run_address>0x60f5</run_address>
         <size>0x3</size>
         <input_file_ref idref="fl-b"/>
      </object_component>
      <object_component id="oc-1b6">
         <name>.const:.string:scrollList1a</name>
         <load_address>0x60f8</load_address>
         <run_address>0x60f8</run_address>
         <size>0x2</size>
         <input_file_ref idref="fl-b"/>
      </object_component>
      <object_component id="oc-1bc">
         <name>.const:.string:scrollList2a</name>
         <load_address>0x60fa</load_address>
         <run_address>0x60fa</run_address>
         <size>0x2</size>
         <input_file_ref idref="fl-b"/>
      </object_component>
      <object_component id="oc-1c2">
         <name>.const:.string:scrollList3a</name>
         <load_address>0x60fc</load_address>
         <run_address>0x60fc</run_address>
         <size>0x2</size>
         <input_file_ref idref="fl-b"/>
      </object_component>
      <object_component id="oc-1c5">
         <name>.const:.string:scrollList3b</name>
         <load_address>0x60fe</load_address>
         <run_address>0x60fe</run_address>
         <size>0x2</size>
         <input_file_ref idref="fl-b"/>
      </object_component>
      <object_component id="oc-1c8">
         <name>.const:.string:scrollList3c</name>
         <load_address>0x6100</load_address>
         <run_address>0x6100</run_address>
         <size>0x2</size>
         <input_file_ref idref="fl-b"/>
      </object_component>
      <object_component id="oc-1cb">
         <name>.const:.string:scrollList4a</name>
         <load_address>0x6102</load_address>
         <run_address>0x6102</run_address>
         <size>0x2</size>
         <input_file_ref idref="fl-b"/>
      </object_component>
      <object_component id="oc-1ce">
         <name>.const:.string:scrollList4b</name>
         <load_address>0x6104</load_address>
         <run_address>0x6104</run_address>
         <size>0x2</size>
         <input_file_ref idref="fl-b"/>
      </object_component>
      <object_component id="oc-1d1">
         <name>.const:.string:scrollList4c</name>
         <load_address>0x6106</load_address>
         <run_address>0x6106</run_address>
         <size>0x2</size>
         <input_file_ref idref="fl-b"/>
      </object_component>
      <object_component id="oc-4db">
         <name>.cinit..data.load</name>
         <load_address>0x6108</load_address>
         <run_address>0x6108</run_address>
         <size>0x119</size>
      </object_component>
      <object_component id="oc-4d9">
         <name>__TI_handler_table</name>
         <load_address>0x6224</load_address>
         <run_address>0x6224</run_address>
         <size>0xc</size>
      </object_component>
      <object_component id="oc-4dc">
         <name>.cinit..bss.load</name>
         <load_address>0x6230</load_address>
         <run_address>0x6230</run_address>
         <size>0x8</size>
      </object_component>
      <object_component id="oc-4da">
         <name>__TI_cinit_table</name>
         <load_address>0x6238</load_address>
         <run_address>0x6238</run_address>
         <size>0x10</size>
      </object_component>
      <object_component id="oc-4ad">
         <name>.binit</name>
         <load_address>0x0</load_address>
         <run_address>0x0</run_address>
         <size>0x0</size>
      </object_component>
      <object_component id="oc-201">
         <name>.data:NPI_AddService</name>
         <load_address>0x20000f1c</load_address>
         <run_address>0x20000f1c</run_address>
         <size>0x9</size>
         <input_file_ref idref="fl-2"/>
      </object_component>
      <object_component id="oc-214">
         <name>.data:NPI_GATTSetDeviceName</name>
         <load_address>0x20000e8f</load_address>
         <run_address>0x20000e8f</run_address>
         <size>0x1c</size>
         <input_file_ref idref="fl-2"/>
      </object_component>
      <object_component id="oc-21a">
         <name>.data:NPI_SetAdvertisementData</name>
         <load_address>0x20000e28</load_address>
         <run_address>0x20000e28</run_address>
         <size>0x25</size>
         <input_file_ref idref="fl-2"/>
      </object_component>
      <object_component id="oc-220">
         <name>.data:NPI_SetAdvertisementDataJacki</name>
         <load_address>0x20000e4d</load_address>
         <run_address>0x20000e4d</run_address>
         <size>0x22</size>
         <input_file_ref idref="fl-2"/>
      </object_component>
      <object_component id="oc-22c">
         <name>.data:NPI_ReadConfirmation</name>
         <load_address>0x20000ec4</load_address>
         <run_address>0x20000ec4</run_address>
         <size>0x15</size>
         <input_file_ref idref="fl-2"/>
      </object_component>
      <object_component id="oc-229">
         <name>.data:NPI_WriteConfirmation</name>
         <load_address>0x20000f2e</load_address>
         <run_address>0x20000f2e</run_address>
         <size>0x9</size>
         <input_file_ref idref="fl-2"/>
      </object_component>
      <object_component id="oc-22f">
         <name>.data:NPI_CCCDUpdatedConfirmation</name>
         <load_address>0x20000f25</load_address>
         <run_address>0x20000f25</run_address>
         <size>0x9</size>
         <input_file_ref idref="fl-2"/>
      </object_component>
      <object_component id="oc-211">
         <name>.data:NPI_SendNotificationIndication</name>
         <load_address>0x20000ed9</load_address>
         <run_address>0x20000ed9</run_address>
         <size>0x14</size>
         <input_file_ref idref="fl-2"/>
      </object_component>
      <object_component id="oc-20a">
         <name>.data:NPI_AddCharValue</name>
         <load_address>0x20000f00</load_address>
         <run_address>0x20000f00</run_address>
         <size>0xe</size>
         <input_file_ref idref="fl-2"/>
      </object_component>
      <object_component id="oc-20d">
         <name>.data:NPI_AddCharDescriptor</name>
         <load_address>0x20000e6f</load_address>
         <run_address>0x20000e6f</run_address>
         <size>0x20</size>
         <input_file_ref idref="fl-2"/>
      </object_component>
      <object_component id="oc-207">
         <name>.data</name>
         <load_address>0x20000f48</load_address>
         <run_address>0x20000f48</run_address>
         <size>0x8</size>
         <input_file_ref idref="fl-2"/>
      </object_component>
      <object_component id="oc-1ed">
         <name>.data</name>
         <load_address>0x20000eac</load_address>
         <run_address>0x20000eac</run_address>
         <size>0x18</size>
         <input_file_ref idref="fl-3"/>
      </object_component>
      <object_component id="oc-1d4">
         <name>.data</name>
         <load_address>0x20000f50</load_address>
         <run_address>0x20000f50</run_address>
         <size>0x4</size>
         <input_file_ref idref="fl-b"/>
      </object_component>
      <object_component id="oc-15a">
         <name>.data</name>
         <load_address>0x20000f64</load_address>
         <run_address>0x20000f64</run_address>
         <size>0x4</size>
         <input_file_ref idref="fl-10"/>
      </object_component>
      <object_component id="oc-27d">
         <name>.data</name>
         <load_address>0x20000f5c</load_address>
         <run_address>0x20000f5c</run_address>
         <size>0x4</size>
         <input_file_ref idref="fl-cd"/>
      </object_component>
      <object_component id="oc-236">
         <name>.data:$O1$$</name>
         <load_address>0x20000f10</load_address>
         <run_address>0x20000f10</run_address>
         <size>0xc</size>
         <input_file_ref idref="fl-d9"/>
      </object_component>
      <object_component id="oc-239">
         <name>.data:$O1$$</name>
         <load_address>0x20000f38</load_address>
         <run_address>0x20000f38</run_address>
         <size>0x8</size>
         <input_file_ref idref="fl-da"/>
      </object_component>
      <object_component id="oc-18d">
         <name>.data:_ftable</name>
         <load_address>0x20000c70</load_address>
         <run_address>0x20000c70</run_address>
         <size>0xf0</size>
         <input_file_ref idref="fl-db"/>
      </object_component>
      <object_component id="oc-27e">
         <name>.data</name>
         <load_address>0x20000ef0</load_address>
         <run_address>0x20000ef0</run_address>
         <size>0x10</size>
         <input_file_ref idref="fl-db"/>
      </object_component>
      <object_component id="oc-452">
         <name>.data:$O1$$</name>
         <load_address>0x20000f40</load_address>
         <run_address>0x20000f40</run_address>
         <size>0x8</size>
         <input_file_ref idref="fl-dc"/>
      </object_component>
      <object_component id="oc-43e">
         <name>.data</name>
         <load_address>0x20000f60</load_address>
         <run_address>0x20000f60</run_address>
         <size>0x4</size>
         <input_file_ref idref="fl-de"/>
      </object_component>
      <object_component id="oc-271">
         <name>.data</name>
         <load_address>0x20000f54</load_address>
         <run_address>0x20000f54</run_address>
         <size>0x4</size>
         <input_file_ref idref="fl-df"/>
      </object_component>
      <object_component id="oc-3d6">
         <name>.data</name>
         <load_address>0x20000f58</load_address>
         <run_address>0x20000f58</run_address>
         <size>0x4</size>
         <input_file_ref idref="fl-e0"/>
      </object_component>
      <object_component id="oc-272">
         <name>.data:_device</name>
         <load_address>0x20000d60</load_address>
         <run_address>0x20000d60</run_address>
         <size>0x78</size>
         <input_file_ref idref="fl-ee"/>
      </object_component>
      <object_component id="oc-43f">
         <name>.data:_stream</name>
         <load_address>0x20000dd8</load_address>
         <run_address>0x20000dd8</run_address>
         <size>0x50</size>
         <input_file_ref idref="fl-ee"/>
      </object_component>
      <object_component id="oc-470">
         <name>.bss:_CIOBUF_</name>
         <uninitialized>true</uninitialized>
         <run_address>0x20000400</run_address>
         <size>0x120</size>
         <input_file_ref idref="fl-f9"/>
      </object_component>
      <object_component id="oc-1fb">
         <name>.common:RecvBuf</name>
         <uninitialized>true</uninitialized>
         <run_address>0x20000760</run_address>
         <size>0x80</size>
      </object_component>
      <object_component id="oc-1f9">
         <name>.common:fcserr</name>
         <uninitialized>true</uninitialized>
         <run_address>0x20000858</run_address>
         <size>0x4</size>
      </object_component>
      <object_component id="oc-1ff">
         <name>.common:TimeOutErr</name>
         <uninitialized>true</uninitialized>
         <run_address>0x20000854</run_address>
         <size>0x4</size>
      </object_component>
      <object_component id="oc-1fa">
         <name>.common:NoSOFErr</name>
         <uninitialized>true</uninitialized>
         <run_address>0x20000844</run_address>
         <size>0x4</size>
      </object_component>
      <object_component id="oc-210">
         <name>.common:CharacteristicList</name>
         <uninitialized>true</uninitialized>
         <run_address>0x20000620</run_address>
         <size>0xa0</size>
      </object_component>
      <object_component id="oc-200">
         <name>.common:NotifyCharacteristicList</name>
         <uninitialized>true</uninitialized>
         <run_address>0x200007e0</run_address>
         <size>0x50</size>
      </object_component>
      <object_component id="oc-118">
         <name>.common:BT_ByteData</name>
         <uninitialized>true</uninitialized>
         <run_address>0x20000868</run_address>
         <size>0x1</size>
      </object_component>
      <object_component id="oc-1a9">
         <name>.common:buffer</name>
         <uninitialized>true</uninitialized>
         <run_address>0x20000000</run_address>
         <size>0x400</size>
      </object_component>
      <object_component id="oc-196">
         <name>.common:vccstate</name>
         <uninitialized>true</uninitialized>
         <run_address>0x20000860</run_address>
         <size>0x4</size>
      </object_component>
      <object_component id="oc-1a8">
         <name>.common:rotation</name>
         <uninitialized>true</uninitialized>
         <run_address>0x2000085c</run_address>
         <size>0x4</size>
      </object_component>
      <object_component id="oc-1d7">
         <name>.common:StartX</name>
         <uninitialized>true</uninitialized>
         <run_address>0x20000864</run_address>
         <size>0x2</size>
      </object_component>
      <object_component id="oc-1d8">
         <name>.common:StartY</name>
         <uninitialized>true</uninitialized>
         <run_address>0x20000866</run_address>
         <size>0x2</size>
      </object_component>
      <object_component id="oc-174">
         <name>.common:Messageindexb</name>
         <uninitialized>true</uninitialized>
         <run_address>0x20000840</run_address>
         <size>0x4</size>
      </object_component>
      <object_component id="oc-171">
         <name>.common:Messageb</name>
         <uninitialized>true</uninitialized>
         <run_address>0x20000830</run_address>
         <size>0x8</size>
      </object_component>
      <object_component id="oc-b9">
         <name>.common:RxPutI</name>
         <uninitialized>true</uninitialized>
         <run_address>0x20000850</run_address>
         <size>0x4</size>
      </object_component>
      <object_component id="oc-bc">
         <name>.common:RxGetI</name>
         <uninitialized>true</uninitialized>
         <run_address>0x2000084c</run_address>
         <size>0x4</size>
      </object_component>
      <object_component id="oc-bd">
         <name>.common:RxFifoLost</name>
         <uninitialized>true</uninitialized>
         <run_address>0x20000848</run_address>
         <size>0x4</size>
      </object_component>
      <object_component id="oc-be">
         <name>.common:RxFIFO</name>
         <uninitialized>true</uninitialized>
         <run_address>0x20000520</run_address>
         <size>0x100</size>
      </object_component>
      <object_component id="oc-3b6">
         <name>.common:__TI_tmpnams</name>
         <uninitialized>true</uninitialized>
         <run_address>0x200006c0</run_address>
         <size>0xa0</size>
      </object_component>
      <object_component id="oc-41b">
         <name>.common:parmbuf</name>
         <uninitialized>true</uninitialized>
         <run_address>0x20000838</run_address>
         <size>0x8</size>
      </object_component>
      <object_component id="oc-29">
         <name>.sysmem</name>
         <uninitialized>true</uninitialized>
         <run_address>0x20000870</run_address>
         <size>0x10</size>
         <input_file_ref idref="fl-dc"/>
      </object_component>
      <object_component id="oc-4df">
         <name>.sysmem</name>
         <uninitialized>true</uninitialized>
         <run_address>0x20000870</run_address>
         <size>0x0</size>
      </object_component>
      <object_component id="oc-2c">
         <name>.stack</name>
         <uninitialized>true</uninitialized>
         <run_address>0x2000fe00</run_address>
         <size>0x4</size>
         <input_file_ref idref="fl-dd"/>
      </object_component>
      <object_component id="oc-4de">
         <name>.stack</name>
         <uninitialized>true</uninitialized>
         <run_address>0x2000fe00</run_address>
         <size>0x0</size>
      </object_component>
      <object_component id="oc-16f">
         <name>.debug_info</name>
         <load_address>0x0</load_address>
         <run_address>0x0</run_address>
         <size>0x8fc</size>
         <input_file_ref idref="fl-2"/>
      </object_component>
      <object_component id="oc-1fd">
         <name>.debug_info</name>
         <load_address>0x8fc</load_address>
         <run_address>0x8fc</run_address>
         <size>0xd4</size>
         <input_file_ref idref="fl-2"/>
      </object_component>
      <object_component id="oc-224">
         <name>.debug_info</name>
         <load_address>0x9d0</load_address>
         <run_address>0x9d0</run_address>
         <size>0xc2</size>
         <input_file_ref idref="fl-2"/>
      </object_component>
      <object_component id="oc-227">
         <name>.debug_info</name>
         <load_address>0xa92</load_address>
         <run_address>0xa92</run_address>
         <size>0xc4</size>
         <input_file_ref idref="fl-2"/>
      </object_component>
      <object_component id="oc-202">
         <name>.debug_info</name>
         <load_address>0xb56</load_address>
         <run_address>0xb56</run_address>
         <size>0xc4</size>
         <input_file_ref idref="fl-2"/>
      </object_component>
      <object_component id="oc-205">
         <name>.debug_info</name>
         <load_address>0xc1a</load_address>
         <run_address>0xc1a</run_address>
         <size>0xc0</size>
         <input_file_ref idref="fl-2"/>
      </object_component>
      <object_component id="oc-218">
         <name>.debug_info</name>
         <load_address>0xcda</load_address>
         <run_address>0xcda</run_address>
         <size>0xd2</size>
         <input_file_ref idref="fl-2"/>
      </object_component>
      <object_component id="oc-215">
         <name>.debug_info</name>
         <load_address>0xdac</load_address>
         <run_address>0xdac</run_address>
         <size>0xd2</size>
         <input_file_ref idref="fl-2"/>
      </object_component>
      <object_component id="oc-21b">
         <name>.debug_info</name>
         <load_address>0xe7e</load_address>
         <run_address>0xe7e</run_address>
         <size>0xd8</size>
         <input_file_ref idref="fl-2"/>
      </object_component>
      <object_component id="oc-221">
         <name>.debug_info</name>
         <load_address>0xf56</load_address>
         <run_address>0xf56</run_address>
         <size>0xe2</size>
         <input_file_ref idref="fl-2"/>
      </object_component>
      <object_component id="oc-21e">
         <name>.debug_info</name>
         <load_address>0x1038</load_address>
         <run_address>0x1038</run_address>
         <size>0xd4</size>
         <input_file_ref idref="fl-2"/>
      </object_component>
      <object_component id="oc-22d">
         <name>.debug_info</name>
         <load_address>0x110c</load_address>
         <run_address>0x110c</run_address>
         <size>0xd0</size>
         <input_file_ref idref="fl-2"/>
      </object_component>
      <object_component id="oc-22a">
         <name>.debug_info</name>
         <load_address>0x11dc</load_address>
         <run_address>0x11dc</run_address>
         <size>0xd2</size>
         <input_file_ref idref="fl-2"/>
      </object_component>
      <object_component id="oc-230">
         <name>.debug_info</name>
         <load_address>0x12ae</load_address>
         <run_address>0x12ae</run_address>
         <size>0xde</size>
         <input_file_ref idref="fl-2"/>
      </object_component>
      <object_component id="oc-212">
         <name>.debug_info</name>
         <load_address>0x138c</load_address>
         <run_address>0x138c</run_address>
         <size>0xe4</size>
         <input_file_ref idref="fl-2"/>
      </object_component>
      <object_component id="oc-20b">
         <name>.debug_info</name>
         <load_address>0x1470</load_address>
         <run_address>0x1470</run_address>
         <size>0xc8</size>
         <input_file_ref idref="fl-2"/>
      </object_component>
      <object_component id="oc-20e">
         <name>.debug_info</name>
         <load_address>0x1538</load_address>
         <run_address>0x1538</run_address>
         <size>0xd2</size>
         <input_file_ref idref="fl-2"/>
      </object_component>
      <object_component id="oc-208">
         <name>.debug_info</name>
         <load_address>0x160a</load_address>
         <run_address>0x160a</run_address>
         <size>0x113</size>
         <input_file_ref idref="fl-2"/>
      </object_component>
      <object_component id="oc-114">
         <name>.debug_info</name>
         <load_address>0x171d</load_address>
         <run_address>0x171d</run_address>
         <size>0x15d4</size>
         <input_file_ref idref="fl-2"/>
      </object_component>
      <object_component id="oc-160">
         <name>.debug_info</name>
         <load_address>0x2cf1</load_address>
         <run_address>0x2cf1</run_address>
         <size>0x37e2</size>
         <input_file_ref idref="fl-2"/>
      </object_component>
      <object_component id="oc-c7">
         <name>.debug_info</name>
         <load_address>0x64d3</load_address>
         <run_address>0x64d3</run_address>
         <size>0x26b</size>
         <input_file_ref idref="fl-2"/>
      </object_component>
      <object_component id="oc-165">
         <name>.debug_info</name>
         <load_address>0x673e</load_address>
         <run_address>0x673e</run_address>
         <size>0x1055</size>
         <input_file_ref idref="fl-2"/>
      </object_component>
      <object_component id="oc-259">
         <name>.debug_info</name>
         <load_address>0x7793</load_address>
         <run_address>0x7793</run_address>
         <size>0x155</size>
         <input_file_ref idref="fl-2"/>
      </object_component>
      <object_component id="oc-35">
         <name>.debug_info</name>
         <load_address>0x78e8</load_address>
         <run_address>0x78e8</run_address>
         <size>0x84</size>
         <input_file_ref idref="fl-2"/>
      </object_component>
      <object_component id="oc-16a">
         <name>.debug_info</name>
         <load_address>0x796c</load_address>
         <run_address>0x796c</run_address>
         <size>0x2a4</size>
         <input_file_ref idref="fl-2"/>
      </object_component>
      <object_component id="oc-c0">
         <name>.debug_info</name>
         <load_address>0x7c10</load_address>
         <run_address>0x7c10</run_address>
         <size>0xbb</size>
         <input_file_ref idref="fl-2"/>
      </object_component>
      <object_component id="oc-1ee">
         <name>.debug_info</name>
         <load_address>0x7ccb</load_address>
         <run_address>0x7ccb</run_address>
         <size>0x16e</size>
         <input_file_ref idref="fl-3"/>
      </object_component>
      <object_component id="oc-103">
         <name>.debug_info</name>
         <load_address>0x7e39</load_address>
         <run_address>0x7e39</run_address>
         <size>0x292</size>
         <input_file_ref idref="fl-3"/>
      </object_component>
      <object_component id="oc-fb">
         <name>.debug_info</name>
         <load_address>0x80cb</load_address>
         <run_address>0x80cb</run_address>
         <size>0x253</size>
         <input_file_ref idref="fl-4"/>
      </object_component>
      <object_component id="oc-1f4">
         <name>.debug_info</name>
         <load_address>0x831e</load_address>
         <run_address>0x831e</run_address>
         <size>0xe6</size>
         <input_file_ref idref="fl-5"/>
      </object_component>
      <object_component id="oc-108">
         <name>.debug_info</name>
         <load_address>0x8404</load_address>
         <run_address>0x8404</run_address>
         <size>0x43a</size>
         <input_file_ref idref="fl-6"/>
      </object_component>
      <object_component id="oc-10f">
         <name>.debug_info</name>
         <load_address>0x883e</load_address>
         <run_address>0x883e</run_address>
         <size>0x20c</size>
         <input_file_ref idref="fl-7"/>
      </object_component>
      <object_component id="oc-119">
         <name>.debug_info</name>
         <load_address>0x8a4a</load_address>
         <run_address>0x8a4a</run_address>
         <size>0xa1c</size>
         <input_file_ref idref="fl-8"/>
      </object_component>
      <object_component id="oc-a4">
         <name>.debug_info</name>
         <load_address>0x9466</load_address>
         <run_address>0x9466</run_address>
         <size>0x5a5</size>
         <input_file_ref idref="fl-8"/>
      </object_component>
      <object_component id="oc-1eb">
         <name>.debug_info</name>
         <load_address>0x9a0b</load_address>
         <run_address>0x9a0b</run_address>
         <size>0x512</size>
         <input_file_ref idref="fl-a"/>
      </object_component>
      <object_component id="oc-f5">
         <name>.debug_info</name>
         <load_address>0x9f1d</load_address>
         <run_address>0x9f1d</run_address>
         <size>0x3c7</size>
         <input_file_ref idref="fl-a"/>
      </object_component>
      <object_component id="oc-197">
         <name>.debug_info</name>
         <load_address>0xa2e4</load_address>
         <run_address>0xa2e4</run_address>
         <size>0x679</size>
         <input_file_ref idref="fl-b"/>
      </object_component>
      <object_component id="oc-1ab">
         <name>.debug_info</name>
         <load_address>0xa95d</load_address>
         <run_address>0xa95d</run_address>
         <size>0xb6</size>
         <input_file_ref idref="fl-b"/>
      </object_component>
      <object_component id="oc-19a">
         <name>.debug_info</name>
         <load_address>0xaa13</load_address>
         <run_address>0xaa13</run_address>
         <size>0xb7</size>
         <input_file_ref idref="fl-b"/>
      </object_component>
      <object_component id="oc-19d">
         <name>.debug_info</name>
         <load_address>0xaaca</load_address>
         <run_address>0xaaca</run_address>
         <size>0xb7</size>
         <input_file_ref idref="fl-b"/>
      </object_component>
      <object_component id="oc-1a0">
         <name>.debug_info</name>
         <load_address>0xab81</load_address>
         <run_address>0xab81</run_address>
         <size>0xb7</size>
         <input_file_ref idref="fl-b"/>
      </object_component>
      <object_component id="oc-1a3">
         <name>.debug_info</name>
         <load_address>0xac38</load_address>
         <run_address>0xac38</run_address>
         <size>0xb9</size>
         <input_file_ref idref="fl-b"/>
      </object_component>
      <object_component id="oc-1a6">
         <name>.debug_info</name>
         <load_address>0xacf1</load_address>
         <run_address>0xacf1</run_address>
         <size>0xb7</size>
         <input_file_ref idref="fl-b"/>
      </object_component>
      <object_component id="oc-1ae">
         <name>.debug_info</name>
         <load_address>0xada8</load_address>
         <run_address>0xada8</run_address>
         <size>0xbb</size>
         <input_file_ref idref="fl-b"/>
      </object_component>
      <object_component id="oc-1b1">
         <name>.debug_info</name>
         <load_address>0xae63</load_address>
         <run_address>0xae63</run_address>
         <size>0xbd</size>
         <input_file_ref idref="fl-b"/>
      </object_component>
      <object_component id="oc-1b4">
         <name>.debug_info</name>
         <load_address>0xaf20</load_address>
         <run_address>0xaf20</run_address>
         <size>0xb9</size>
         <input_file_ref idref="fl-b"/>
      </object_component>
      <object_component id="oc-1b7">
         <name>.debug_info</name>
         <load_address>0xafd9</load_address>
         <run_address>0xafd9</run_address>
         <size>0xc5</size>
         <input_file_ref idref="fl-b"/>
      </object_component>
      <object_component id="oc-1ba">
         <name>.debug_info</name>
         <load_address>0xb09e</load_address>
         <run_address>0xb09e</run_address>
         <size>0xc5</size>
         <input_file_ref idref="fl-b"/>
      </object_component>
      <object_component id="oc-1bd">
         <name>.debug_info</name>
         <load_address>0xb163</load_address>
         <run_address>0xb163</run_address>
         <size>0xc5</size>
         <input_file_ref idref="fl-b"/>
      </object_component>
      <object_component id="oc-1c0">
         <name>.debug_info</name>
         <load_address>0xb228</load_address>
         <run_address>0xb228</run_address>
         <size>0xc5</size>
         <input_file_ref idref="fl-b"/>
      </object_component>
      <object_component id="oc-1c3">
         <name>.debug_info</name>
         <load_address>0xb2ed</load_address>
         <run_address>0xb2ed</run_address>
         <size>0xc5</size>
         <input_file_ref idref="fl-b"/>
      </object_component>
      <object_component id="oc-1c6">
         <name>.debug_info</name>
         <load_address>0xb3b2</load_address>
         <run_address>0xb3b2</run_address>
         <size>0xc5</size>
         <input_file_ref idref="fl-b"/>
      </object_component>
      <object_component id="oc-1c9">
         <name>.debug_info</name>
         <load_address>0xb477</load_address>
         <run_address>0xb477</run_address>
         <size>0xc5</size>
         <input_file_ref idref="fl-b"/>
      </object_component>
      <object_component id="oc-1cc">
         <name>.debug_info</name>
         <load_address>0xb53c</load_address>
         <run_address>0xb53c</run_address>
         <size>0xc5</size>
         <input_file_ref idref="fl-b"/>
      </object_component>
      <object_component id="oc-1cf">
         <name>.debug_info</name>
         <load_address>0xb601</load_address>
         <run_address>0xb601</run_address>
         <size>0xc5</size>
         <input_file_ref idref="fl-b"/>
      </object_component>
      <object_component id="oc-1d2">
         <name>.debug_info</name>
         <load_address>0xb6c6</load_address>
         <run_address>0xb6c6</run_address>
         <size>0xc5</size>
         <input_file_ref idref="fl-b"/>
      </object_component>
      <object_component id="oc-1d5">
         <name>.debug_info</name>
         <load_address>0xb78b</load_address>
         <run_address>0xb78b</run_address>
         <size>0xe0</size>
         <input_file_ref idref="fl-b"/>
      </object_component>
      <object_component id="oc-ef">
         <name>.debug_info</name>
         <load_address>0xb86b</load_address>
         <run_address>0xb86b</run_address>
         <size>0x2950</size>
         <input_file_ref idref="fl-b"/>
      </object_component>
      <object_component id="oc-172">
         <name>.debug_info</name>
         <load_address>0xe1bb</load_address>
         <run_address>0xe1bb</run_address>
         <size>0x75f</size>
         <input_file_ref idref="fl-c"/>
      </object_component>
      <object_component id="oc-e9">
         <name>.debug_info</name>
         <load_address>0xe91a</load_address>
         <run_address>0xe91a</run_address>
         <size>0x1360</size>
         <input_file_ref idref="fl-c"/>
      </object_component>
      <object_component id="oc-260">
         <name>.debug_info</name>
         <load_address>0xfc7a</load_address>
         <run_address>0xfc7a</run_address>
         <size>0xcc</size>
         <input_file_ref idref="fl-c"/>
      </object_component>
      <object_component id="oc-191">
         <name>.debug_info</name>
         <load_address>0xfd46</load_address>
         <run_address>0xfd46</run_address>
         <size>0x2c</size>
         <input_file_ref idref="fl-c"/>
      </object_component>
      <object_component id="oc-ba">
         <name>.debug_info</name>
         <load_address>0xfd72</load_address>
         <run_address>0xfd72</run_address>
         <size>0x5a3</size>
         <input_file_ref idref="fl-d"/>
      </object_component>
      <object_component id="oc-71">
         <name>.debug_info</name>
         <load_address>0x10315</load_address>
         <run_address>0x10315</run_address>
         <size>0x4b4</size>
         <input_file_ref idref="fl-d"/>
      </object_component>
      <object_component id="oc-78">
         <name>.debug_info</name>
         <load_address>0x107c9</load_address>
         <run_address>0x107c9</run_address>
         <size>0x2b1</size>
         <input_file_ref idref="fl-f"/>
      </object_component>
      <object_component id="oc-27">
         <name>.debug_info</name>
         <load_address>0x10a7a</load_address>
         <run_address>0x10a7a</run_address>
         <size>0xdd</size>
         <input_file_ref idref="fl-f"/>
      </object_component>
      <object_component id="oc-6c">
         <name>.debug_info</name>
         <load_address>0x10b57</load_address>
         <run_address>0x10b57</run_address>
         <size>0x1a4</size>
         <input_file_ref idref="fl-f"/>
      </object_component>
      <object_component id="oc-15b">
         <name>.debug_info</name>
         <load_address>0x10cfb</load_address>
         <run_address>0x10cfb</run_address>
         <size>0xd6</size>
         <input_file_ref idref="fl-10"/>
      </object_component>
      <object_component id="oc-b3">
         <name>.debug_info</name>
         <load_address>0x10dd1</load_address>
         <run_address>0x10dd1</run_address>
         <size>0x248</size>
         <input_file_ref idref="fl-10"/>
      </object_component>
      <object_component id="oc-306">
         <name>.debug_info</name>
         <load_address>0x11019</load_address>
         <run_address>0x11019</run_address>
         <size>0x35e</size>
         <input_file_ref idref="fl-ca"/>
      </object_component>
      <object_component id="oc-2ee">
         <name>.debug_info</name>
         <load_address>0x11377</load_address>
         <run_address>0x11377</run_address>
         <size>0x128</size>
         <input_file_ref idref="fl-ca"/>
      </object_component>
      <object_component id="oc-1e0">
         <name>.debug_info</name>
         <load_address>0x1149f</load_address>
         <run_address>0x1149f</run_address>
         <size>0xbf2</size>
         <input_file_ref idref="fl-ca"/>
      </object_component>
      <object_component id="oc-3ed">
         <name>.debug_info</name>
         <load_address>0x12091</load_address>
         <run_address>0x12091</run_address>
         <size>0x46</size>
         <input_file_ref idref="fl-ca"/>
      </object_component>
      <object_component id="oc-301">
         <name>.debug_info</name>
         <load_address>0x120d7</load_address>
         <run_address>0x120d7</run_address>
         <size>0x39</size>
         <input_file_ref idref="fl-ca"/>
      </object_component>
      <object_component id="oc-3d5">
         <name>.debug_info</name>
         <load_address>0x12110</load_address>
         <run_address>0x12110</run_address>
         <size>0x2c5</size>
         <input_file_ref idref="fl-cb"/>
      </object_component>
      <object_component id="oc-2de">
         <name>.debug_info</name>
         <load_address>0x123d5</load_address>
         <run_address>0x123d5</run_address>
         <size>0x24e</size>
         <input_file_ref idref="fl-cb"/>
      </object_component>
      <object_component id="oc-3e7">
         <name>.debug_info</name>
         <load_address>0x12623</load_address>
         <run_address>0x12623</run_address>
         <size>0x2f8</size>
         <input_file_ref idref="fl-cc"/>
      </object_component>
      <object_component id="oc-2fb">
         <name>.debug_info</name>
         <load_address>0x1291b</load_address>
         <run_address>0x1291b</run_address>
         <size>0x225</size>
         <input_file_ref idref="fl-cc"/>
      </object_component>
      <object_component id="oc-467">
         <name>.debug_info</name>
         <load_address>0x12b40</load_address>
         <run_address>0x12b40</run_address>
         <size>0x39</size>
         <input_file_ref idref="fl-cc"/>
      </object_component>
      <object_component id="oc-3e8">
         <name>.debug_info</name>
         <load_address>0x12b79</load_address>
         <run_address>0x12b79</run_address>
         <size>0x2c</size>
         <input_file_ref idref="fl-cc"/>
      </object_component>
      <object_component id="oc-282">
         <name>.debug_info</name>
         <load_address>0x12ba5</load_address>
         <run_address>0x12ba5</run_address>
         <size>0x3f5</size>
         <input_file_ref idref="fl-cd"/>
      </object_component>
      <object_component id="oc-278">
         <name>.debug_info</name>
         <load_address>0x12f9a</load_address>
         <run_address>0x12f9a</run_address>
         <size>0x20e</size>
         <input_file_ref idref="fl-cd"/>
      </object_component>
      <object_component id="oc-297">
         <name>.debug_info</name>
         <load_address>0x131a8</load_address>
         <run_address>0x131a8</run_address>
         <size>0x176</size>
         <input_file_ref idref="fl-cd"/>
      </object_component>
      <object_component id="oc-182">
         <name>.debug_info</name>
         <load_address>0x1331e</load_address>
         <run_address>0x1331e</run_address>
         <size>0x1e4</size>
         <input_file_ref idref="fl-cd"/>
      </object_component>
      <object_component id="oc-17c">
         <name>.debug_info</name>
         <load_address>0x13502</load_address>
         <run_address>0x13502</run_address>
         <size>0x1cd</size>
         <input_file_ref idref="fl-cd"/>
      </object_component>
      <object_component id="oc-ce">
         <name>.debug_info</name>
         <load_address>0x136cf</load_address>
         <run_address>0x136cf</run_address>
         <size>0x2c</size>
         <input_file_ref idref="fl-cd"/>
      </object_component>
      <object_component id="oc-39f">
         <name>.debug_info</name>
         <load_address>0x136fb</load_address>
         <run_address>0x136fb</run_address>
         <size>0xb2</size>
         <input_file_ref idref="fl-cd"/>
      </object_component>
      <object_component id="oc-29d">
         <name>.debug_info</name>
         <load_address>0x137ad</load_address>
         <run_address>0x137ad</run_address>
         <size>0x374</size>
         <input_file_ref idref="fl-ce"/>
      </object_component>
      <object_component id="oc-188">
         <name>.debug_info</name>
         <load_address>0x13b21</load_address>
         <run_address>0x13b21</run_address>
         <size>0x20b</size>
         <input_file_ref idref="fl-ce"/>
      </object_component>
      <object_component id="oc-29e">
         <name>.debug_info</name>
         <load_address>0x13d2c</load_address>
         <run_address>0x13d2c</run_address>
         <size>0xbf</size>
         <input_file_ref idref="fl-ce"/>
      </object_component>
      <object_component id="oc-2d3">
         <name>.debug_info</name>
         <load_address>0x13deb</load_address>
         <run_address>0x13deb</run_address>
         <size>0x14c</size>
         <input_file_ref idref="fl-cf"/>
      </object_component>
      <object_component id="oc-2f1">
         <name>.debug_info</name>
         <load_address>0x13f37</load_address>
         <run_address>0x13f37</run_address>
         <size>0x128</size>
         <input_file_ref idref="fl-d0"/>
      </object_component>
      <object_component id="oc-2f6">
         <name>.debug_info</name>
         <load_address>0x1405f</load_address>
         <run_address>0x1405f</run_address>
         <size>0x12a</size>
         <input_file_ref idref="fl-d0"/>
      </object_component>
      <object_component id="oc-2da">
         <name>.debug_info</name>
         <load_address>0x14189</load_address>
         <run_address>0x14189</run_address>
         <size>0x13a</size>
         <input_file_ref idref="fl-d1"/>
      </object_component>
      <object_component id="oc-2e9">
         <name>.debug_info</name>
         <load_address>0x142c3</load_address>
         <run_address>0x142c3</run_address>
         <size>0x13a</size>
         <input_file_ref idref="fl-d2"/>
      </object_component>
      <object_component id="oc-1e7">
         <name>.debug_info</name>
         <load_address>0x143fd</load_address>
         <run_address>0x143fd</run_address>
         <size>0x12e</size>
         <input_file_ref idref="fl-d3"/>
      </object_component>
      <object_component id="oc-1da">
         <name>.debug_info</name>
         <load_address>0x1452b</load_address>
         <run_address>0x1452b</run_address>
         <size>0x12c</size>
         <input_file_ref idref="fl-d4"/>
      </object_component>
      <object_component id="oc-95">
         <name>.debug_info</name>
         <load_address>0x14657</load_address>
         <run_address>0x14657</run_address>
         <size>0x147</size>
         <input_file_ref idref="fl-d5"/>
      </object_component>
      <object_component id="oc-93">
         <name>.debug_info</name>
         <load_address>0x1479e</load_address>
         <run_address>0x1479e</run_address>
         <size>0x2d4</size>
         <input_file_ref idref="fl-d6"/>
      </object_component>
      <object_component id="oc-4f">
         <name>.debug_info</name>
         <load_address>0x14a72</load_address>
         <run_address>0x14a72</run_address>
         <size>0x1b5</size>
         <input_file_ref idref="fl-d6"/>
      </object_component>
      <object_component id="oc-8e">
         <name>.debug_info</name>
         <load_address>0x14c27</load_address>
         <run_address>0x14c27</run_address>
         <size>0x46</size>
         <input_file_ref idref="fl-d6"/>
      </object_component>
      <object_component id="oc-df">
         <name>.debug_info</name>
         <load_address>0x14c6d</load_address>
         <run_address>0x14c6d</run_address>
         <size>0x2c</size>
[...]
      </symbol>
      <symbol id="sm-6f2">
         <name>sqrtl</name>
         <value>0x4811</value>
         <object_component_ref idref="oc-2dc"/>
      </symbol>
      <symbol id="sm-6f3">
         <name>sqrt</name>
         <value>0x4811</value>
         <object_component_ref idref="oc-2dc"/>
      </symbol>
      <symbol id="sm-71a">
         <name>scalbn</name>
         <value>0x4bb1</value>
         <object_component_ref idref="oc-2fa"/>
      </symbol>
      <symbol id="sm-71b">
         <name>scalbnl</name>
         <value>0x4bb1</value>
         <object_component_ref idref="oc-2fa"/>
      </symbol>
      <symbol id="sm-71c">
         <name>ldexpl</name>
         <value>0x4bb1</value>
         <object_component_ref idref="oc-2fa"/>
      </symbol>
      <symbol id="sm-71d">
         <name>ldexp</name>
         <value>0x4bb1</value>
         <object_component_ref idref="oc-2fa"/>
      </symbol>
      <symbol id="sm-779">
         <name>__TI_cleanup</name>
         <value>0x5bdd</value>
         <object_component_ref idref="oc-296"/>
      </symbol>
      <symbol id="sm-77a">
         <name>freopen</name>
         <value>0x5c79</value>
         <object_component_ref idref="oc-181"/>
      </symbol>
      <symbol id="sm-77b">
         <name>fopen</name>
         <value>0x52b1</value>
         <object_component_ref idref="oc-17b"/>
      </symbol>
      <symbol id="sm-79c">
         <name>setvbuf</name>
         <value>0x4fa1</value>
         <object_component_ref idref="oc-187"/>
      </symbol>
      <symbol id="sm-7b3">
         <name>__aeabi_dsub</name>
         <value>0x430d</value>
         <object_component_ref idref="oc-2d2"/>
      </symbol>
      <symbol id="sm-7b4">
         <name>__aeabi_dadd</name>
         <value>0x4317</value>
         <object_component_ref idref="oc-2d2"/>
      </symbol>
      <symbol id="sm-7d6">
         <name>__aeabi_cdcmpeq</name>
         <value>0x53e9</value>
         <object_component_ref idref="oc-2f0"/>
      </symbol>
      <symbol id="sm-7d7">
         <name>__aeabi_cdcmple</name>
         <value>0x53e9</value>
         <object_component_ref idref="oc-2f0"/>
      </symbol>
      <symbol id="sm-7d8">
         <name>__aeabi_cdrcmple</name>
         <value>0x546f</value>
         <object_component_ref idref="oc-2f5"/>
      </symbol>
      <symbol id="sm-7ec">
         <name>__aeabi_ddiv</name>
         <value>0x4969</value>
         <object_component_ref idref="oc-2d7"/>
      </symbol>
      <symbol id="sm-7f7">
         <name>__aeabi_dmul</name>
         <value>0x4dc1</value>
         <object_component_ref idref="oc-2e8"/>
      </symbol>
      <symbol id="sm-801">
         <name>__aeabi_d2iz</name>
         <value>0x5a15</value>
         <object_component_ref idref="oc-1e4"/>
      </symbol>
      <symbol id="sm-80b">
         <name>__aeabi_i2d</name>
         <value>0x5cdd</value>
         <object_component_ref idref="oc-1d9"/>
      </symbol>
      <symbol id="sm-81a">
         <name>__aeabi_memset</name>
         <value>0x557b</value>
         <object_component_ref idref="oc-94"/>
      </symbol>
      <symbol id="sm-81b">
         <name>memset</name>
         <value>0x5581</value>
         <object_component_ref idref="oc-94"/>
      </symbol>
      <symbol id="sm-81c">
         <name>__aeabi_memset8</name>
         <value>0x557b</value>
         <object_component_ref idref="oc-94"/>
      </symbol>
      <symbol id="sm-81d">
         <name>__aeabi_memset4</name>
         <value>0x557b</value>
         <object_component_ref idref="oc-94"/>
      </symbol>
      <symbol id="sm-81e">
         <name>__aeabi_memclr8</name>
         <value>0x5579</value>
         <object_component_ref idref="oc-94"/>
      </symbol>
      <symbol id="sm-81f">
         <name>__aeabi_memclr4</name>
         <value>0x5579</value>
         <object_component_ref idref="oc-94"/>
      </symbol>
      <symbol id="sm-820">
         <name>__aeabi_memclr</name>
         <value>0x5579</value>
         <object_component_ref idref="oc-94"/>
      </symbol>
      <symbol id="sm-837">
         <name>__TI_zero_init</name>
         <value>0x5e55</value>
         <object_component_ref idref="oc-4c"/>
      </symbol>
      <symbol id="sm-84e">
         <name>__TI_decompress_none</name>
         <value>0x5e39</value>
         <object_component_ref idref="oc-1d"/>
      </symbol>
      <symbol id="sm-871">
         <name>__TI_decompress_lzss</name>
         <value>0x57ad</value>
         <object_component_ref idref="oc-17"/>
      </symbol>
      <symbol id="sm-897">
         <name>C$$EXIT</name>
         <value>0x5e75</value>
         <object_component_ref idref="oc-11c"/>
      </symbol>
      <symbol id="sm-898">
         <name>abort</name>
         <value>0x5e75</value>
         <object_component_ref idref="oc-11c"/>
      </symbol>
      <symbol id="sm-899">
         <name>__TI_dtors_ptr</name>
         <value>0x20000f14</value>
         <object_component_ref idref="oc-236"/>
      </symbol>
      <symbol id="sm-89a">
         <name>__TI_cleanup_ptr</name>
         <value>0x20000f10</value>
         <object_component_ref idref="oc-236"/>
      </symbol>
      <symbol id="sm-89b">
         <name>__TI_enable_exit_profile_output</name>
         <value>0x20000f18</value>
         <object_component_ref idref="oc-236"/>
      </symbol>
      <symbol id="sm-89c">
         <name>exit</name>
         <value>0x59cd</value>
         <object_component_ref idref="oc-122"/>
      </symbol>
      <symbol id="sm-8b1">
         <name>_nop</name>
         <value>0x44c3</value>
         <object_component_ref idref="oc-332"/>
      </symbol>
      <symbol id="sm-8b2">
         <name>_lock</name>
         <value>0x20000f38</value>
         <object_component_ref idref="oc-239"/>
      </symbol>
      <symbol id="sm-8b3">
         <name>_unlock</name>
         <value>0x20000f3c</value>
         <object_component_ref idref="oc-239"/>
      </symbol>
      <symbol id="sm-8c8">
         <name>__TI_tmpnams</name>
         <value>0x200006c0</value>
      </symbol>
      <symbol id="sm-8c9">
         <name>__aeabi_stdout</name>
         <value>0x20000ef8</value>
         <object_component_ref idref="oc-27e"/>
      </symbol>
      <symbol id="sm-8ca">
         <name>__aeabi_stderr</name>
         <value>0x20000efc</value>
         <object_component_ref idref="oc-27e"/>
      </symbol>
      <symbol id="sm-8cb">
         <name>__aeabi_stdin</name>
         <value>0x20000ef4</value>
         <object_component_ref idref="oc-27e"/>
      </symbol>
      <symbol id="sm-8cc">
         <name>_ftable</name>
         <value>0x20000c70</value>
         <object_component_ref idref="oc-18d"/>
      </symbol>
      <symbol id="sm-8cd">
         <name>__TI_ft_end</name>
         <value>0x20000ef0</value>
         <object_component_ref idref="oc-27e"/>
      </symbol>
      <symbol id="sm-951">
         <name>_sys_memory</name>
         <value>0x20000870</value>
         <object_component_ref idref="oc-29"/>
      </symbol>
      <symbol id="sm-952">
         <name>free</name>
         <value>0x4ebd</value>
         <object_component_ref idref="oc-28a"/>
      </symbol>
      <symbol id="sm-953">
         <name>memalign</name>
         <value>0x4cc1</value>
         <object_component_ref idref="oc-3c6"/>
      </symbol>
      <symbol id="sm-954">
         <name>malloc</name>
         <value>0x5e69</value>
         <object_component_ref idref="oc-290"/>
      </symbol>
      <symbol id="sm-955">
         <name>aligned_alloc</name>
         <value>0x4cc1</value>
         <object_component_ref idref="oc-3c6"/>
      </symbol>
      <symbol id="sm-968">
         <name>__stack</name>
         <value>0x2000fe00</value>
         <object_component_ref idref="oc-2c"/>
      </symbol>
      <symbol id="sm-969">
         <name>_c_int00_noargs</name>
         <value>0x5c45</value>
         <object_component_ref idref="oc-58"/>
      </symbol>
      <symbol id="sm-98b">
         <name>open</name>
         <value>0x513d</value>
         <object_component_ref idref="oc-394"/>
      </symbol>
      <symbol id="sm-9b0">
         <name>add_device</name>
         <value>0x51f9</value>
         <object_component_ref idref="oc-175"/>
      </symbol>
      <symbol id="sm-9c6">
         <name>__aeabi_errno_addr</name>
         <value>0x5e61</value>
         <object_component_ref idref="oc-2e2"/>
      </symbol>
      <symbol id="sm-9c7">
         <name>errno</name>
         <value>0x20000f58</value>
         <object_component_ref idref="oc-3d6"/>
      </symbol>
      <symbol id="sm-9d1">
         <name>copysign</name>
         <value>0x5dc9</value>
         <object_component_ref idref="oc-3e0"/>
      </symbol>
      <symbol id="sm-9d2">
         <name>copysignl</name>
         <value>0x5dc9</value>
         <object_component_ref idref="oc-3e0"/>
      </symbol>
      <symbol id="sm-9e7">
         <name>__TI_closefile</name>
         <value>0x55f5</value>
         <object_component_ref idref="oc-283"/>
      </symbol>
      <symbol id="sm-9f7">
         <name>__TI_doflush</name>
         <value>0x5981</value>
         <object_component_ref idref="oc-3a4"/>
      </symbol>
      <symbol id="sm-a15">
         <name>finddevice</name>
         <value>0x5cad</value>
         <object_component_ref idref="oc-265"/>
      </symbol>
      <symbol id="sm-a16">
         <name>getdevice</name>
         <value>0x5b29</value>
         <object_component_ref idref="oc-438"/>
      </symbol>
      <symbol id="sm-a31">
         <name>memcpy</name>
         <value>0x534d</value>
         <object_component_ref idref="oc-3a"/>
      </symbol>
      <symbol id="sm-a32">
         <name>__aeabi_memcpy</name>
         <value>0x534d</value>
         <object_component_ref idref="oc-3a"/>
      </symbol>
      <symbol id="sm-a33">
         <name>__aeabi_memcpy8</name>
         <value>0x534d</value>
         <object_component_ref idref="oc-3a"/>
      </symbol>
      <symbol id="sm-a34">
         <name>__aeabi_memcpy4</name>
         <value>0x534d</value>
         <object_component_ref idref="oc-3a"/>
      </symbol>
      <symbol id="sm-a5c">
         <name>__TI_auto_init_nobinit_nopinit</name>
         <value>0x5ae5</value>
         <object_component_ref idref="oc-128"/>
      </symbol>
      <symbol id="sm-a66">
         <name>_system_pre_init</name>
         <value>0x5e71</value>
         <object_component_ref idref="oc-9a"/>
      </symbol>
      <symbol id="sm-a78">
         <name>strchr</name>
         <value>0x5dfb</value>
         <object_component_ref idref="oc-486"/>
      </symbol>
      <symbol id="sm-a87">
         <name>strcmp</name>
         <value>0x5de3</value>
         <object_component_ref idref="oc-351"/>
      </symbol>
      <symbol id="sm-a97">
         <name>strncpy</name>
         <value>0x5ba5</value>
         <object_component_ref idref="oc-26b"/>
      </symbol>
      <symbol id="sm-aa7">
         <name>write</name>
         <value>0x5d61</value>
         <object_component_ref idref="oc-444"/>
      </symbol>
      <symbol id="sm-ab8">
         <name>_stream</name>
         <value>0x20000dd8</value>
         <object_component_ref idref="oc-43f"/>
      </symbol>
      <symbol id="sm-ab9">
         <name>_device</name>
         <value>0x20000d60</value>
         <object_component_ref idref="oc-272"/>
      </symbol>
      <symbol id="sm-ace">
         <name>close</name>
         <value>0x5875</value>
         <object_component_ref idref="oc-3aa"/>
      </symbol>
      <symbol id="sm-ade">
         <name>unlink</name>
         <value>0x5d0d</value>
         <object_component_ref idref="oc-3b0"/>
      </symbol>
      <symbol id="sm-aef">
         <name>HOSTclose</name>
         <value>0x5a5d</value>
         <object_component_ref idref="oc-361"/>
      </symbol>
      <symbol id="sm-b00">
         <name>HOSTlseek</name>
         <value>0x5745</value>
         <object_component_ref idref="oc-373"/>
      </symbol>
      <symbol id="sm-b12">
         <name>parmbuf</name>
         <value>0x20000838</value>
      </symbol>
      <symbol id="sm-b13">
         <name>HOSTopen</name>
         <value>0x5815</value>
         <object_component_ref idref="oc-35b"/>
      </symbol>
      <symbol id="sm-b24">
         <name>HOSTread</name>
         <value>0x58d1</value>
         <object_component_ref idref="oc-367"/>
      </symbol>
      <symbol id="sm-b35">
         <name>HOSTrename</name>
         <value>0x56d9</value>
         <object_component_ref idref="oc-37f"/>
      </symbol>
      <symbol id="sm-b46">
         <name>HOSTunlink</name>
         <value>0x5aa1</value>
         <object_component_ref idref="oc-379"/>
      </symbol>
      <symbol id="sm-b57">
         <name>HOSTwrite</name>
         <value>0x5929</value>
         <object_component_ref idref="oc-36d"/>
      </symbol>
      <symbol id="sm-b7b">
         <name>__TI_readmsg</name>
         <value>0x5c11</value>
         <object_component_ref idref="oc-415"/>
      </symbol>
      <symbol id="sm-b7c">
         <name>C$$IO$$</name>
         <value>0x5b9b</value>
         <object_component_ref idref="oc-40f"/>
      </symbol>
      <symbol id="sm-b7d">
         <name>__CIOBUF_</name>
         <value>0x20000400</value>
         <object_component_ref idref="oc-470"/>
      </symbol>
      <symbol id="sm-b7e">
         <name>__TI_writemsg</name>
         <value>0x5b6d</value>
         <object_component_ref idref="oc-40f"/>
      </symbol>
      <symbol id="sm-b8c">
         <name>strcpy</name>
         <value>0x5e11</value>
         <object_component_ref idref="oc-429"/>
      </symbol>
      <symbol id="sm-b9a">
         <name>strlen</name>
         <value>0x5e25</value>
         <object_component_ref idref="oc-409"/>
      </symbol>
      <symbol id="sm-b9b">
         <name>__TI_static_base__</name>
         <value>0x0</value>
      </symbol>
      <symbol id="sm-b9e">
         <name>__mpu_init</name>
         <value>0x0</value>
      </symbol>
      <symbol id="sm-b9f">
         <name>_system_post_cinit</name>
         <value>0x0</value>
      </symbol>
      <symbol id="sm-ba0">
         <name>NMI_Handler</name>
         <value>0x5e53</value>
      </symbol>
      <symbol id="sm-ba1">
         <name>HardFault_Handler</name>
         <value>0x5e53</value>
      </symbol>
      <symbol id="sm-ba2">
         <name>MemManage_Handler</name>
         <value>0x5e53</value>
      </symbol>
      <symbol id="sm-ba3">
         <name>BusFault_Handler</name>
         <value>0x5e53</value>
      </symbol>
      <symbol id="sm-ba4">
         <name>UsageFault_Handler</name>
         <value>0x5e53</value>
      </symbol>
      <symbol id="sm-ba5">
         <name>SVC_Handler</name>
         <value>0x5e53</value>
      </symbol>
      <symbol id="sm-ba6">
         <name>DebugMon_Handler</name>
         <value>0x5e53</value>
      </symbol>
      <symbol id="sm-ba7">
         <name>PendSV_Handler</name>
         <value>0x5e53</value>
      </symbol>
      <symbol id="sm-ba8">
         <name>SysTick_Handler</name>
         <value>0x5e53</value>
      </symbol>
      <symbol id="sm-ba9">
         <name>PSS_IRQHandler</name>
         <value>0x5e53</value>
      </symbol>
      <symbol id="sm-baa">
         <name>CS_IRQHandler</name>
         <value>0x5e53</value>
      </symbol>
      <symbol id="sm-bab">
         <name>PCM_IRQHandler</name>
         <value>0x5e53</value>
      </symbol>
      <symbol id="sm-bac">
         <name>WDT_A_IRQHandler</name>
         <value>0x5e53</value>
      </symbol>
      <symbol id="sm-bad">
         <name>FPU_IRQHandler</name>
         <value>0x5e53</value>
      </symbol>
      <symbol id="sm-bae">
         <name>FLCTL_IRQHandler</name>
         <value>0x5e53</value>
      </symbol>
      <symbol id="sm-baf">
         <name>COMP_E0_IRQHandler</name>
         <value>0x5e53</value>
      </symbol>
      <symbol id="sm-bb0">
         <name>COMP_E1_IRQHandler</name>
         <value>0x5e53</value>
      </symbol>
      <symbol id="sm-bb1">
         <name>TA0_0_IRQHandler</name>
         <value>0x5e53</value>
      </symbol>
      <symbol id="sm-bb2">
         <name>TA0_N_IRQHandler</name>
         <value>0x5e53</value>
      </symbol>
      <symbol id="sm-bb3">
         <name>TA1_0_IRQHandler</name>
         <value>0x5e53</value>
      </symbol>
      <symbol id="sm-bb4">
         <name>TA1_N_IRQHandler</name>
         <value>0x5e53</value>
      </symbol>
      <symbol id="sm-bb5">
         <name>TA2_0_IRQHandler</name>
         <value>0x5e53</value>
      </symbol>
      <symbol id="sm-bb6">
         <name>TA2_N_IRQHandler</name>
         <value>0x5e53</value>
      </symbol>
      <symbol id="sm-bb7">
         <name>TA3_0_IRQHandler</name>
         <value>0x5e53</value>
      </symbol>
      <symbol id="sm-bb8">
         <name>TA3_N_IRQHandler</name>
         <value>0x5e53</value>
      </symbol>
      <symbol id="sm-bb9">
         <name>EUSCIA0_IRQHandler</name>
         <value>0x5e53</value>
      </symbol>
      <symbol id="sm-bba">
         <name>EUSCIA1_IRQHandler</name>
         <value>0x5e53</value>
      </symbol>
      <symbol id="sm-bbb">
         <name>EUSCIA2_IRQHandler</name>
         <value>0x4795</value>
      </symbol>
      <symbol id="sm-bbc">
         <name>EUSCIA3_IRQHandler</name>
         <value>0x5e53</value>
      </symbol>
      <symbol id="sm-bbd">
         <name>EUSCIB0_IRQHandler</name>
         <value>0x5e53</value>
      </symbol>
      <symbol id="sm-bbe">
         <name>EUSCIB1_IRQHandler</name>
         <value>0x5e53</value>
      </symbol>
      <symbol id="sm-bbf">
         <name>EUSCIB2_IRQHandler</name>
         <value>0x5e53</value>
      </symbol>
      <symbol id="sm-bc0">
         <name>EUSCIB3_IRQHandler</name>
         <value>0x5e53</value>
      </symbol>
      <symbol id="sm-bc1">
         <name>ADC14_IRQHandler</name>
         <value>0x5e53</value>
      </symbol>
      <symbol id="sm-bc2">
         <name>T32_INT1_IRQHandler</name>
         <value>0x5e53</value>
      </symbol>
      <symbol id="sm-bc3">
         <name>T32_INT2_IRQHandler</name>
         <value>0x5e53</value>
      </symbol>
      <symbol id="sm-bc4">
         <name>T32_INTC_IRQHandler</name>
         <value>0x5e53</value>
      </symbol>
      <symbol id="sm-bc5">
         <name>AES256_IRQHandler</name>
         <value>0x5e53</value>
      </symbol>
      <symbol id="sm-bc6">
         <name>RTC_C_IRQHandler</name>
         <value>0x5e53</value>
      </symbol>
      <symbol id="sm-bc7">
         <name>DMA_ERR_IRQHandler</name>
         <value>0x5e53</value>
      </symbol>
      <symbol id="sm-bc8">
         <name>DMA_INT3_IRQHandler</name>
         <value>0x5e53</value>
      </symbol>
      <symbol id="sm-bc9">
         <name>DMA_INT2_IRQHandler</name>
         <value>0x5e53</value>
      </symbol>
      <symbol id="sm-bca">
         <name>DMA_INT1_IRQHandler</name>
         <value>0x5e53</value>
      </symbol>
      <symbol id="sm-bcb">
         <name>DMA_INT0_IRQHandler</name>
         <value>0x5e53</value>
      </symbol>
      <symbol id="sm-bcc">
         <name>PORT1_IRQHandler</name>
         <value>0x5e53</value>
      </symbol>
      <symbol id="sm-bcd">
         <name>PORT2_IRQHandler</name>
         <value>0x5e53</value>
      </symbol>
      <symbol id="sm-bce">
         <name>PORT3_IRQHandler</name>
         <value>0x5e53</value>
      </symbol>
      <symbol id="sm-bcf">
         <name>PORT4_IRQHandler</name>
         <value>0x5e53</value>
      </symbol>
      <symbol id="sm-bd0">
         <name>PORT5_IRQHandler</name>
         <value>0x5e53</value>
      </symbol>
      <symbol id="sm-bd1">
         <name>PORT6_IRQHandler</name>
         <value>0x5e53</value>
      </symbol>
      <symbol id="sm-bd2">
         <name>remove</name>
         <value>0x5d0d</value>
      </symbol>
   </symbol_table>
   <title>Link successful</title>
</link_info>
