******************************************************************************
                  TI ARM Linker PC v20.2.7                     
******************************************************************************
>> Linked Thu Apr 17 15:13:17 2025

OUTPUT FILE NAME:   <Lab7_BLE.out>
ENTRY POINT SYMBOL: "_c_int00_noargs"  address: 00005c45


MEMORY CONFIGURATION

         name            origin    length      used     unused   attr    fill
----------------------  --------  ---------  --------  --------  ----  --------
  MAIN                  00000000   00040000  00006248  00039db8  R  X
  INFO                  00200000   00004000  00000000  00004000  R  X
  SRAM_CODE             01000000   00010000  00001161  0000ee9f  RW X
  SRAM_DATA             20000000   00010000  00001161  0000ee9f  RW  


SEGMENT ALLOCATION MAP

run origin  load origin   length   init length attrs members
----------  ----------- ---------- ----------- ----- -------
00000000    00000000    00006248   00006248    r-x
  00000000    00000000    000000e4   000000e4    r-- .intvecs
  000000e4    000000e4    00005d94   00005d94    r-x .text
  00005e78    00005e78    00000290   00000290    r-- .const
  00006108    00006108    00000140   00000140    r-- .cinit
20000000    20000000    00000f68   00000000    rw-
  20000000    20000000    00000869   00000000    rw- .bss
  20000870    20000870    00000400   00000000    rw- .sysmem
  20000c70    20000c70    000002f8   00000000    rw- .data
2000fe00    2000fe00    00000200   00000000    rw-
  2000fe00    2000fe00    00000200   00000000    rw- .stack


SECTION ALLOCATION MAP

 output                                  attributes/
section   page    origin      length       input sections
--------  ----  ----------  ----------   ----------------
.intvecs   0    00000000    000000e4     
                  00000000    000000e4     startup_msp432p401r_ccs.obj (.intvecs:retain)

.text      0    000000e4    00005d94     
                  000000e4    00001848     SSD1306.obj (.text)
                  0000192c    0000100c     AP.obj (.text)
                  00002938    000009d0     rtsv7M4_T_le_v4SPD16_eabi.lib : e_pow.c.obj (.text:pow)
                  00003308    000006cc     UART0.obj (.text)
                  000039d4    00000334     system_msp432p401r.obj (.text)
                  00003d08    00000234     Lab7_BLEmain.obj (.text)
                  00003f3c    000001f0     Init_Ports.obj (.text)
                  0000412c    000001e0     Clock.obj (.text)
                  0000430c    000001b6     rtsv7M4_T_le_v4SPD16_eabi.lib : fd_add_t2.asm.obj (.text)
                  000044c2    00000002                                   : _lock.c.obj (.text:_nop)
                  000044c4    000001a8     Motor.obj (.text)
                  0000466c    000001a4     UART1.obj (.text)
                  00004810    00000158     rtsv7M4_T_le_v4SPD16_eabi.lib : e_sqrt.c.obj (.text:sqrt)
                  00004968    00000136                                   : fd_div_t2.asm.obj (.text)
                  00004a9e    00000002     --HOLE-- [fill = 0]
                  00004aa0    00000110                                   : fopen.c.obj (.text:_openfile)
                  00004bb0    00000110                                   : s_scalbn.c.obj (.text:scalbn)
                  00004cc0    00000100                                   : memory.c.obj (.text:aligned_alloc)
                  00004dc0    000000fc                                   : fd_mul_t2.asm.obj (.text)
                  00004ebc    000000e4                                   : memory.c.obj (.text:free)
                  00004fa0    000000dc                                   : setvbuf.c.obj (.text:setvbuf)
                  0000507c    000000c0     GPIO.obj (.text)
                  0000513c    000000bc     rtsv7M4_T_le_v4SPD16_eabi.lib : open.c.obj (.text:open)
                  000051f8    000000b8                                   : add_device.c.obj (.text:add_device)
                  000052b0    0000009c                                   : fopen.c.obj (.text:fopen)
                  0000534c    0000009c                                   : memcpy_t2.asm.obj (.text)
                  000053e8    00000086                                   : fd_cmp_t2.asm.obj (.text:__aeabi_cdcmple)
                  0000546e    00000086                                   : fd_cmp_t2.asm.obj (.text:__aeabi_cdrcmple)
                  000054f4    00000084     Init_Timers.obj (.text)
                  00005578    0000007a     rtsv7M4_T_le_v4SPD16_eabi.lib : memset_t2.asm.obj (.text)
                  000055f2    00000002     --HOLE-- [fill = 0]
                  000055f4    00000074                                   : fclose.c.obj (.text:__TI_closefile)
                  00005668    00000070                                   : memory.c.obj (.text:split)
                  000056d8    0000006c                                   : hostrename.c.obj (.text:HOSTrename)
                  00005744    00000068                                   : hostlseek.c.obj (.text:HOSTlseek)
                  000057ac    00000068                                   : copy_decompress_lzss.c.obj (.text:decompress:lzss:__TI_decompress_lzss)
                  00005814    00000060                                   : hostopen.c.obj (.text:HOSTopen)
                  00005874    0000005c                                   : close.c.obj (.text:close)
                  000058d0    00000058                                   : hostread.c.obj (.text:HOSTread)
                  00005928    00000058                                   : hostwrite.c.obj (.text:HOSTwrite)
                  00005980    0000004c                                   : fflush.c.obj (.text:__TI_doflush)
                  000059cc    00000048                                   : exit.c.obj (.text:exit)
                  00005a14    00000048                                   : fd_toi_t2.asm.obj (.text)
                  00005a5c    00000044                                   : hostclose.c.obj (.text:HOSTclose)
                  00005aa0    00000044                                   : hostunlink.c.obj (.text:HOSTunlink)
                  00005ae4    00000044                                   : autoinit.c.obj (.text:__TI_auto_init_nobinit_nopinit:__TI_auto_init_nobinit_nopinit)
                  00005b28    00000044                                   : getdevice.c.obj (.text:getdevice)
                  00005b6c    00000038                                   : trgmsg.c.obj (.text:__TI_writemsg)
                  00005ba4    00000036                                   : strncpy.c.obj (.text:strncpy)
                  00005bda    00000002     --HOLE-- [fill = 0]
                  00005bdc    00000034                                   : fopen.c.obj (.text:__TI_cleanup)
                  00005c10    00000034                                   : trgmsg.c.obj (.text:__TI_readmsg)
                  00005c44    00000034                                   : boot_cortex_m.c.obj (.text:_c_int00_noargs:_c_int00_noargs)
                  00005c78    00000034                                   : fopen.c.obj (.text:freopen)
                  00005cac    00000030                                   : getdevice.c.obj (.text:finddevice)
                  00005cdc    0000002e                                   : i_tofd_t2.asm.obj (.text)
                  00005d0a    00000002     --HOLE-- [fill = 0]
                  00005d0c    0000002c                                   : unlink.c.obj (.text:unlink)
                  00005d38    00000028                                   : memory.c.obj (.text:free_list_insert)
                  00005d60    00000028                                   : write.c.obj (.text:write)
                  00005d88    00000024     CortexM.obj (.text)
                  00005dac    0000001c     rtsv7M4_T_le_v4SPD16_eabi.lib : memory.c.obj (.text:free_list_remove)
                  00005dc8    0000001a                                   : s_copysign.c.obj (.text:copysign)
                  00005de2    00000018                                   : strcmp.c.obj (.text:strcmp)
                  00005dfa    00000016                                   : strchr.c.obj (.text:strchr)
                  00005e10    00000014                                   : strcpy.c.obj (.text:strcpy)
                  00005e24    00000014                                   : strlen.c.obj (.text:strlen)
                  00005e38    0000000e                                   : copy_decompress_none.c.obj (.text:decompress:none:__TI_decompress_none)
                  00005e46    0000000e     startup_msp432p401r_ccs.obj (.text)
                  00005e54    0000000c     rtsv7M4_T_le_v4SPD16_eabi.lib : copy_zero_init.c.obj (.text:decompress:ZI:__TI_zero_init)
                  00005e60    00000008                                   : errno.c.obj (.text:__aeabi_errno_addr)
                  00005e68    00000008                                   : memory.c.obj (.text:malloc)
                  00005e70    00000004                                   : pre_init.c.obj (.text:_system_pre_init)
                  00005e74    00000004                                   : exit.c.obj (.text:abort:abort)

.const     0    00005e78    00000290     
                  00005e78    000001e0     SSD1306.obj (.const:ASCII)
                  00006058    00000030     rtsv7M4_T_le_v4SPD16_eabi.lib : e_pow.c.obj (.const:$O1$$)
                  00006088    00000014     AP.obj (.const:.string:NPI_StartAdvertisement)
                  0000609c    00000011     AP.obj (.const:.string:NPI_SetAdvertisement1)
                  000060ad    00000009     AP.obj (.const:.string:HCI_EXT_ResetSystemCmd)
                  000060b6    00000008     SSD1306.obj (.const:.string:postmask)
                  000060be    00000008     SSD1306.obj (.const:.string:premask)
                  000060c6    00000006     AP.obj (.const:.string:NPI_GetStatus)
                  000060cc    00000006     AP.obj (.const:.string:NPI_GetVersion)
                  000060d2    00000006     AP.obj (.const:.string:NPI_Register)
                  000060d8    00000006     SSD1306.obj (.const:.string:init5)
                  000060de    00000005     SSD1306.obj (.const:.string:dlist1)
                  000060e3    00000004     SSD1306.obj (.const:.string:init1)
                  000060e7    00000004     SSD1306.obj (.const:.string:init2)
                  000060eb    00000004     SSD1306.obj (.const:.string:init3)
                  000060ef    00000003     SSD1306.obj (.const:.string:init4b)
                  000060f2    00000003     SSD1306.obj (.const:.string:scrollList1b)
                  000060f5    00000003     SSD1306.obj (.const:.string:scrollList2b)
                  000060f8    00000002     SSD1306.obj (.const:.string:scrollList1a)
                  000060fa    00000002     SSD1306.obj (.const:.string:scrollList2a)
                  000060fc    00000002     SSD1306.obj (.const:.string:scrollList3a)
                  000060fe    00000002     SSD1306.obj (.const:.string:scrollList3b)
                  00006100    00000002     SSD1306.obj (.const:.string:scrollList3c)
                  00006102    00000002     SSD1306.obj (.const:.string:scrollList4a)
                  00006104    00000002     SSD1306.obj (.const:.string:scrollList4b)
                  00006106    00000002     SSD1306.obj (.const:.string:scrollList4c)

.cinit     0    00006108    00000140     
                  00006108    00000119     (.cinit..data.load) [load image, compression = lzss]
                  00006221    00000003     --HOLE-- [fill = 0]
                  00006224    0000000c     (__TI_handler_table)
                  00006230    00000008     (.cinit..bss.load) [load image, compression = zero_init]
                  00006238    00000010     (__TI_cinit_table)

.init_array 
*          0    00000000    00000000     UNINITIALIZED

.binit     0    00000000    00000000     

.bss       0    20000000    00000869     UNINITIALIZED
                  20000000    00000400     (.common:buffer)
                  20000400    00000120     rtsv7M4_T_le_v4SPD16_eabi.lib : trgmsg.c.obj (.bss:_CIOBUF_)
                  20000520    00000100     (.common:RxFIFO)
                  20000620    000000a0     (.common:CharacteristicList)
                  200006c0    000000a0     (.common:__TI_tmpnams)
                  20000760    00000080     (.common:RecvBuf)
                  200007e0    00000050     (.common:NotifyCharacteristicList)
                  20000830    00000008     (.common:Messageb)
                  20000838    00000008     (.common:parmbuf)
                  20000840    00000004     (.common:Messageindexb)
                  20000844    00000004     (.common:NoSOFErr)
                  20000848    00000004     (.common:RxFifoLost)
                  2000084c    00000004     (.common:RxGetI)
                  20000850    00000004     (.common:RxPutI)
                  20000854    00000004     (.common:TimeOutErr)
                  20000858    00000004     (.common:fcserr)
                  2000085c    00000004     (.common:rotation)
                  20000860    00000004     (.common:vccstate)
                  20000864    00000002     (.common:StartX)
                  20000866    00000002     (.common:StartY)
                  20000868    00000001     (.common:BT_ByteData)

.sysmem    0    20000870    00000400     UNINITIALIZED
                  20000870    00000010     rtsv7M4_T_le_v4SPD16_eabi.lib : memory.c.obj (.sysmem)
                  20000880    000003f0     --HOLE--

.data      0    20000c70    000002f8     UNINITIALIZED
                  20000c70    000000f0     rtsv7M4_T_le_v4SPD16_eabi.lib : defs.c.obj (.data:_ftable)
                  20000d60    00000078                                   : host_device.c.obj (.data:_device)
                  20000dd8    00000050                                   : host_device.c.obj (.data:_stream)
                  20000e28    00000025     AP.obj (.data:NPI_SetAdvertisementData)
                  20000e4d    00000022     AP.obj (.data:NPI_SetAdvertisementDataJacki)
                  20000e6f    00000020     AP.obj (.data:NPI_AddCharDescriptor)
                  20000e8f    0000001c     AP.obj (.data:NPI_GATTSetDeviceName)
                  20000eab    00000001     --HOLE--
                  20000eac    00000018     Clock.obj (.data)
                  20000ec4    00000015     AP.obj (.data:NPI_ReadConfirmation)
                  20000ed9    00000014     AP.obj (.data:NPI_SendNotificationIndication)
                  20000eed    00000003     --HOLE--
                  20000ef0    00000010     rtsv7M4_T_le_v4SPD16_eabi.lib : defs.c.obj (.data)
                  20000f00    0000000e     AP.obj (.data:NPI_AddCharValue)
                  20000f0e    00000002     --HOLE--
                  20000f10    0000000c     rtsv7M4_T_le_v4SPD16_eabi.lib : exit.c.obj (.data:$O1$$)
                  20000f1c    00000009     AP.obj (.data:NPI_AddService)
                  20000f25    00000009     AP.obj (.data:NPI_CCCDUpdatedConfirmation)
                  20000f2e    00000009     AP.obj (.data:NPI_WriteConfirmation)
                  20000f37    00000001     --HOLE--
                  20000f38    00000008     rtsv7M4_T_le_v4SPD16_eabi.lib : _lock.c.obj (.data:$O1$$)
                  20000f40    00000008                                   : memory.c.obj (.data:$O1$$)
                  20000f48    00000008     AP.obj (.data)
                  20000f50    00000004     SSD1306.obj (.data)
                  20000f54    00000004     rtsv7M4_T_le_v4SPD16_eabi.lib : add_device.c.obj (.data)
                  20000f58    00000004                                   : errno.c.obj (.data)
                  20000f5c    00000004                                   : fopen.c.obj (.data)
                  20000f60    00000004                                   : open.c.obj (.data)
                  20000f64    00000004     system_msp432p401r.obj (.data)

.stack     0    2000fe00    00000200     UNINITIALIZED
                  2000fe00    00000004     rtsv7M4_T_le_v4SPD16_eabi.lib : boot_cortex_m.c.obj (.stack)
                  2000fe04    000001fc     --HOLE--

__llvm_prf_cnts 
*          0    20000000    00000000     UNINITIALIZED

MODULE SUMMARY

       Module                        code    ro data   rw data
       ------                        ----    -------   -------
    .\
       SSD1306.obj                   6216    544       2080   
       AP.obj                        4108    64        1202   
       UART0.obj                     1740    0         24     
       UART1.obj                     420     0         536    
       system_msp432p401r.obj        820     0         8      
       Lab7_BLEmain.obj              564     0         2      
       Clock.obj                     480     0         48     
       Init_Ports.obj                496     0         0      
       Motor.obj                     424     0         0      
       startup_msp432p401r_ccs.obj   14      228       0      
       GPIO.obj                      192     0         0      
       Init_Timers.obj               132     0         0      
       CortexM.obj                   36      0         0      
    +--+-----------------------------+-------+---------+---------+
       Total:                        15642   836       3900   
                                                              
    C:\ti\ccs1271\ccs\tools\compiler\ti-cgt-arm_20.2.7.LTS\lib\rtsv7M4_T_le_v4SPD16_eabi.lib
       e_pow.c.obj                   2512    48        0      
       defs.c.obj                    0       0         832    
       memory.c.obj                  672     0         16     
       trgmsg.c.obj                  108     0         576    
       fopen.c.obj                   532     0         8      
       fd_add_t2.asm.obj             438     0         0      
       host_device.c.obj             0       0         400    
       e_sqrt.c.obj                  344     0         0      
       fd_div_t2.asm.obj             310     0         0      
       s_scalbn.c.obj                272     0         0      
       fd_cmp_t2.asm.obj             268     0         0      
       fd_mul_t2.asm.obj             252     0         0      
       setvbuf.c.obj                 220     0         0      
       open.c.obj                    188     0         8      
       add_device.c.obj              184     0         8      
       memcpy_t2.asm.obj             156     0         0      
       memset_t2.asm.obj             122     0         0      
       fclose.c.obj                  116     0         0      
       getdevice.c.obj               116     0         0      
       hostopen.c.obj                96      0         16     
       hostrename.c.obj              108     0         0      
       copy_decompress_lzss.c.obj    104     0         0      
       hostlseek.c.obj               104     0         0      
       exit.c.obj                    76      0         24     
       close.c.obj                   92      0         0      
       hostread.c.obj                88      0         0      
       hostwrite.c.obj               88      0         0      
       fflush.c.obj                  76      0         0      
       fd_toi_t2.asm.obj             72      0         0      
       autoinit.c.obj                68      0         0      
       hostclose.c.obj               68      0         0      
       hostunlink.c.obj              68      0         0      
       strncpy.c.obj                 54      0         0      
       boot_cortex_m.c.obj           52      0         0      
       i_tofd_t2.asm.obj             46      0         0      
       unlink.c.obj                  44      0         0      
       write.c.obj                   40      0         0      
       s_copysign.c.obj              26      0         0      
       strcmp.c.obj                  24      0         0      
       strchr.c.obj                  22      0         0      
       strcpy.c.obj                  20      0         0      
       strlen.c.obj                  20      0         0      
       _lock.c.obj                   2       0         16     
       errno.c.obj                   8       0         8      
       copy_decompress_none.c.obj    14      0         0      
       copy_zero_init.c.obj          12      0         0      
       pre_init.c.obj                4       0         0      
    +--+-----------------------------+-------+---------+---------+
       Total:                        8306    48        1912   
                                                              
       Heap:                         0       0         2048   
       Stack:                        0       0         1024   
       Linker Generated:             0       317       0      
    +--+-----------------------------+-------+---------+---------+
       Grand Total:                  23948   1201      8884   


LINKER GENERATED COPY TABLES

__TI_cinit_table @ 00006238 records: 2, size/record: 8, table size: 16
	.data: load addr=00006108, load size=00000119 bytes, run addr=20000c70, run size=000002f8 bytes, compression=lzss
	.bss: load addr=00006230, load size=00000008 bytes, run addr=20000000, run size=00000869 bytes, compression=zero_init


LINKER GENERATED HANDLER TABLE

__TI_handler_table @ 00006224 records: 3, size/record: 4, table size: 12
	index: 0, handler: __TI_decompress_lzss
	index: 1, handler: __TI_decompress_none
	index: 2, handler: __TI_zero_init


GLOBAL SYMBOLS: SORTED ALPHABETICALLY BY Name 

address   name                           
-------   ----                           
00005e53  ADC14_IRQHandler               
00005e53  AES256_IRQHandler              
00001f8d  AP_AddCharacteristic           
00002149  AP_AddNotifyCharacteristic     
00001f35  AP_AddService                  
00002655  AP_BackgroundProcess           
00001ad3  AP_EchoReceived                
00001a67  AP_EchoSendMessage             
00001f1f  AP_GetNotifyCCCD               
00001a3d  AP_GetSize                     
0000252d  AP_GetStatus                   
00002569  AP_GetVersion                  
00001957  AP_Init                        
00001cf5  AP_RecvMessage                 
00001ed1  AP_RecvStatus                  
00001f6d  AP_RegisterService             
0000192d  AP_Reset                       
00001b59  AP_SendMessage                 
00001edf  AP_SendMessageResponse         
00002371  AP_SendNotification            
00002471  AP_StartAdvertisement          
000024c5  AP_StartAdvertisementJacki     
20000868  BT_ByteData                    
00005e53  BusFault_Handler               
00005e75  C$$EXIT                        
00005b9b  C$$IO$$                        
00005e53  COMP_E0_IRQHandler             
00005e53  COMP_E1_IRQHandler             
20000eb4  CPMwait                        
00005e53  CS_IRQHandler                  
20000f48  CharacteristicCount            
20000620  CharacteristicList             
20000eac  ClockFrequency                 
00004281  Clock_Delay1ms                 
00004257  Clock_Delay1us                 
00004243  Clock_GetFreq                  
0000412d  Clock_Init48MHz                
20000ec0  Crystalstable                  
20000f50  CurrentX                       
20000f52  CurrentY                       
00005e53  DMA_ERR_IRQHandler             
00005e53  DMA_INT0_IRQHandler            
00005e53  DMA_INT1_IRQHandler            
00005e53  DMA_INT2_IRQHandler            
00005e53  DMA_INT3_IRQHandler            
00005e53  DebugMon_Handler               
00005e53  Default_Handler                
00005d89  DisableInterrupts              
00005e53  EUSCIA0_IRQHandler             
00005e53  EUSCIA1_IRQHandler             
00004795  EUSCIA2_IRQHandler             
00004795  EUSCIA2_IRQHandler             
00005e53  EUSCIA3_IRQHandler             
00005e53  EUSCIB0_IRQHandler             
00005e53  EUSCIB1_IRQHandler             
00005e53  EUSCIB2_IRQHandler             
00005e53  EUSCIB3_IRQHandler             
00005d8f  EnableInterrupts               
00005d9f  EndCritical                    
00005e53  FLCTL_IRQHandler               
00005e53  FPU_IRQHandler                 
0000507d  GPIO_Init                      
000060ad  HCI_EXT_ResetSystemCmd         
00005a5d  HOSTclose                      
00005745  HOSTlseek                      
00005815  HOSTopen                       
000058d1  HOSTread                       
000056d9  HOSTrename                     
00005aa1  HOSTunlink                     
00005929  HOSTwrite                      
00005e53  HardFault_Handler              
20000ebc  IFlags                         
00005e53  MemManage_Handler              
20000830  Messageb                       
20000840  Messageindexb                  
000045fd  Motor_Backward                 
000044f3  Motor_Forward                  
000045a5  Motor_Left                     
0000454d  Motor_Right                    
000044c5  Motor_Stop                     
00003d1d  MoveRobot                      
00005e53  NMI_Handler                    
20000e6f  NPI_AddCharDescriptor          
20000f00  NPI_AddCharValue               
20000f1c  NPI_AddService                 
20000f25  NPI_CCCDUpdatedConfirmation    
20000e8f  NPI_GATTSetDeviceName          
000060c6  NPI_GetStatus                  
000060cc  NPI_GetVersion                 
20000ec4  NPI_ReadConfirmation           
000060d2  NPI_Register                   
20000ed9  NPI_SendNotificationIndication 
0000609c  NPI_SetAdvertisement1          
20000e28  NPI_SetAdvertisementData       
20000e4d  NPI_SetAdvertisementDataJacki  
00006088  NPI_StartAdvertisement         
20000f2e  NPI_WriteConfirmation          
20000844  NoSOFErr                       
20000f4c  NotifyCharacteristicCount      
200007e0  NotifyCharacteristicList       
00005e53  PCM_IRQHandler                 
00005e53  PORT1_IRQHandler               
00005e53  PORT2_IRQHandler               
00005e53  PORT3_IRQHandler               
00005e53  PORT4_IRQHandler               
00005e53  PORT5_IRQHandler               
00005e53  PORT6_IRQHandler               
00005e53  PSS_IRQHandler                 
00005e53  PendSV_Handler                 
000040ad  Port10_Init                    
00003f3d  Port1_Init                     
00003f71  Port2_Init                     
00003fc3  Port3_Init                     
00003fed  Port4_Init                     
00004021  Port5_Init                     
0000404b  Port6_Init                     
00004089  Port7_Init                     
0000408b  Port8_Init                     
0000408d  Port9_Init                     
000040af  PortJ_Init                     
20000eb8  Postwait                       
20000eb0  Prewait                        
00005e53  RTC_C_IRQHandler               
20000760  RecvBuf                        
00005e47  Reset_Handler                  
20000520  RxFIFO                         
20000848  RxFifoLost                     
000046c5  RxFifo_Get                     
0000466d  RxFifo_Init                    
0000467f  RxFifo_Put                     
2000084c  RxGetI                         
20000850  RxPutI                         
0000054d  SSD1306_Clear                  
0000050d  SSD1306_ClearBuffer            
00000f69  SSD1306_Dim                    
00000e23  SSD1306_DisplayBuffer          
0000040d  SSD1306_DrawChar               
000007e5  SSD1306_DrawFastHLine          
00000a09  SSD1306_DrawFastVLine          
000005a1  SSD1306_DrawFullImage          
00000293  SSD1306_DrawPixel              
000004c1  SSD1306_DrawString             
00000e1f  SSD1306_GetBuffer              
00000d21  SSD1306_GetPixel               
0000018d  SSD1306_Init                   
00000f53  SSD1306_InvertDisplay          
00001015  SSD1306_OutChar                
000017cf  SSD1306_OutHex7                
00001381  SSD1306_OutSDec                
000016e1  SSD1306_OutSFix1               
0000113b  SSD1306_OutString              
00001195  SSD1306_OutUDec                
00001835  SSD1306_OutUDec16              
000018cd  SSD1306_OutUDec2               
0000164d  SSD1306_OutUFix1               
00001805  SSD1306_OutUHex7               
00000605  SSD1306_PrintBMP               
00000f9b  SSD1306_SetCursor              
000008f7  SSD1306_drawFastHLineInternal  
00000b21  SSD1306_drawFastVLineInternal  
00000f09  SSD1306_startscrolldiagleft    
00000ec5  SSD1306_startscrolldiagright   
00000e8f  SSD1306_startscrollleft        
00000e5d  SSD1306_startscrollright       
00000f49  SSD1306_stopscroll             
00005e53  SVC_Handler                    
00005d95  StartCritical                  
20000864  StartX                         
20000866  StartY                         
00005e53  SysTick_Handler                
20000f64  SystemCoreClock                
000039d5  SystemCoreClockUpdate          
00003c4d  SystemInit                     
00005e53  T32_INT1_IRQHandler            
00005e53  T32_INT2_IRQHandler            
00005e53  T32_INTC_IRQHandler            
00005e53  TA0_0_IRQHandler               
00005e53  TA0_N_IRQHandler               
00005e53  TA1_0_IRQHandler               
00005e53  TA1_N_IRQHandler               
00005e53  TA2_0_IRQHandler               
00005e53  TA2_N_IRQHandler               
00005e53  TA3_0_IRQHandler               
00005e53  TA3_N_IRQHandler               
20000854  TimeOutErr                     
000054f5  TimerA0_Init                   
00005529  TimerA1_Init                   
0000552b  TimerA2_Init                   
00005533  TimerA3_Init                   
0000334f  UART0_InChar                   
000037e9  UART0_InString                 
00003399  UART0_InUDec                   
0000369d  UART0_InUHex                   
00003309  UART0_Init                     
00003949  UART0_Initprintf               
0000335f  UART0_OutChar                  
00003451  UART0_OutSDec                  
0000337b  UART0_OutString                
0000341d  UART0_OutUDec                  
00003597  UART0_OutUDec4                 
000035f1  UART0_OutUDec5                 
00003629  UART0_OutUFix1                 
00003651  UART0_OutUFix2                 
00003761  UART0_OutUHex                  
000037cd  UART0_OutUHex2                 
000047c9  UART1_FinishOutput             
00004767  UART1_InChar                   
000046fb  UART1_InStatus                 
0000470b  UART1_Init                     
00004779  UART1_OutChar                  
000047ab  UART1_OutString                
00005e53  UsageFault_Handler             
00003d09  ValueOut                       
4000480c  WDTCTL_SYM                     
00005e53  WDT_A_IRQHandler               
00005da7  WaitForInterrupt               
00003dd1  WriteByteData                  
20000400  __CIOBUF_                      
20010000  __STACK_END                    
00000200  __STACK_SIZE                   
00000400  __SYSMEM_SIZE                  
00006238  __TI_CINIT_Base                
00006248  __TI_CINIT_Limit               
00006224  __TI_Handler_Table_Base        
00006230  __TI_Handler_Table_Limit       
00005ae5  __TI_auto_init_nobinit_nopinit 
00005bdd  __TI_cleanup                   
20000f10  __TI_cleanup_ptr               
000055f5  __TI_closefile                 
000057ad  __TI_decompress_lzss           
00005e39  __TI_decompress_none           
00005981  __TI_doflush                   
20000f14  __TI_dtors_ptr                 
20000f18  __TI_enable_exit_profile_output
20000ef0  __TI_ft_end                    
ffffffff  __TI_pprof_out_hndl            
ffffffff  __TI_prof_data_size            
ffffffff  __TI_prof_data_start           
00005c11  __TI_readmsg                   
00000000  __TI_static_base__             
200006c0  __TI_tmpnams                   
00005b6d  __TI_writemsg                  
00005e55  __TI_zero_init                 
000053e9  __aeabi_cdcmpeq                
000053e9  __aeabi_cdcmple                
0000546f  __aeabi_cdrcmple               
00005a15  __aeabi_d2iz                   
00004317  __aeabi_dadd                   
00004969  __aeabi_ddiv                   
00004dc1  __aeabi_dmul                   
0000430d  __aeabi_dsub                   
00005e61  __aeabi_errno_addr             
00005cdd  __aeabi_i2d                    
00005579  __aeabi_memclr                 
00005579  __aeabi_memclr4                
00005579  __aeabi_memclr8                
0000534d  __aeabi_memcpy                 
0000534d  __aeabi_memcpy4                
0000534d  __aeabi_memcpy8                
0000557b  __aeabi_memset                 
0000557b  __aeabi_memset4                
0000557b  __aeabi_memset8                
20000efc  __aeabi_stderr                 
20000ef4  __aeabi_stdin                  
20000ef8  __aeabi_stdout                 
ffffffff  __binit__                      
ffffffff  __c_args__                     
UNDEFED   __mpu_init                     
2000fe00  __stack                        
20000000  __start___llvm_prf_cnts        
20000000  __stop___llvm_prf_cnts         
00005c45  _c_int00_noargs                
20000d60  _device                        
20000c70  _ftable                        
20000f38  _lock                          
000044c3  _nop                           
20000dd8  _stream                        
20000870  _sys_memory                    
UNDEFED   _system_post_cinit             
00005e71  _system_pre_init               
20000f3c  _unlock                        
00005e75  abort                          
000051f9  add_device                     
00004cc1  aligned_alloc                  
ffffffff  binit                          
20000000  buffer                         
00005875  close                          
00005dc9  copysign                       
00005dc9  copysignl                      
00004249  delay                          
20000f58  errno                          
000059cd  exit                           
20000858  fcserr                         
00003883  ferror                         
00003863  fgetc                          
00005cad  finddevice                     
000052b1  fopen                          
00004ebd  free                           
00005c79  freopen                        
00005b29  getdevice                      
00000000  interruptVectors               
00004bb1  ldexp                          
00004bb1  ldexpl                         
00003de7  main                           
00005e69  malloc                         
00004cc1  memalign                       
0000534d  memcpy                         
00005581  memset                         
0000513d  open                           
000037a5  outnibble                      
20000838  parmbuf                        
00002939  pow                            
00002939  powl                           
00005d0d  remove                         
2000085c  rotation                       
00004bb1  scalbn                         
00004bb1  scalbnl                        
00004fa1  setvbuf                        
00004811  sqrt                           
00004811  sqrtl                          
00000115  ssd1306_Testcommandwrite       
00000145  ssd1306_command                
00000155  ssd1306_command1               
00000165  ssd1306_commandList            
00005dfb  strchr                         
00005de3  strcmp                         
00005e11  strcpy                         
00005e25  strlen                         
00005ba5  strncpy                        
000038a1  uart_close                     
0000391f  uart_lseek                     
00003891  uart_open                      
000038b3  uart_read                      
0000393b  uart_rename                    
0000392f  uart_unlink                    
000038dd  uart_write                     
00005d0d  unlink                         
20000860  vccstate                       
00005d61  write                          


GLOBAL SYMBOLS: SORTED BY Symbol Address 

address   name                           
-------   ----                           
00000000  __TI_static_base__             
00000000  interruptVectors               
00000115  ssd1306_Testcommandwrite       
00000145  ssd1306_command                
00000155  ssd1306_command1               
00000165  ssd1306_commandList            
0000018d  SSD1306_Init                   
00000200  __STACK_SIZE                   
00000293  SSD1306_DrawPixel              
00000400  __SYSMEM_SIZE                  
0000040d  SSD1306_DrawChar               
000004c1  SSD1306_DrawString             
0000050d  SSD1306_ClearBuffer            
0000054d  SSD1306_Clear                  
000005a1  SSD1306_DrawFullImage          
00000605  SSD1306_PrintBMP               
000007e5  SSD1306_DrawFastHLine          
000008f7  SSD1306_drawFastHLineInternal  
00000a09  SSD1306_DrawFastVLine          
00000b21  SSD1306_drawFastVLineInternal  
00000d21  SSD1306_GetPixel               
00000e1f  SSD1306_GetBuffer              
00000e23  SSD1306_DisplayBuffer          
00000e5d  SSD1306_startscrollright       
00000e8f  SSD1306_startscrollleft        
00000ec5  SSD1306_startscrolldiagright   
00000f09  SSD1306_startscrolldiagleft    
00000f49  SSD1306_stopscroll             
00000f53  SSD1306_InvertDisplay          
00000f69  SSD1306_Dim                    
00000f9b  SSD1306_SetCursor              
00001015  SSD1306_OutChar                
0000113b  SSD1306_OutString              
00001195  SSD1306_OutUDec                
00001381  SSD1306_OutSDec                
0000164d  SSD1306_OutUFix1               
000016e1  SSD1306_OutSFix1               
000017cf  SSD1306_OutHex7                
00001805  SSD1306_OutUHex7               
00001835  SSD1306_OutUDec16              
000018cd  SSD1306_OutUDec2               
0000192d  AP_Reset                       
00001957  AP_Init                        
00001a3d  AP_GetSize                     
00001a67  AP_EchoSendMessage             
00001ad3  AP_EchoReceived                
00001b59  AP_SendMessage                 
00001cf5  AP_RecvMessage                 
00001ed1  AP_RecvStatus                  
00001edf  AP_SendMessageResponse         
00001f1f  AP_GetNotifyCCCD               
00001f35  AP_AddService                  
00001f6d  AP_RegisterService             
00001f8d  AP_AddCharacteristic           
00002149  AP_AddNotifyCharacteristic     
00002371  AP_SendNotification            
00002471  AP_StartAdvertisement          
000024c5  AP_StartAdvertisementJacki     
0000252d  AP_GetStatus                   
00002569  AP_GetVersion                  
00002655  AP_BackgroundProcess           
00002939  pow                            
00002939  powl                           
00003309  UART0_Init                     
0000334f  UART0_InChar                   
0000335f  UART0_OutChar                  
0000337b  UART0_OutString                
00003399  UART0_InUDec                   
0000341d  UART0_OutUDec                  
00003451  UART0_OutSDec                  
00003597  UART0_OutUDec4                 
000035f1  UART0_OutUDec5                 
00003629  UART0_OutUFix1                 
00003651  UART0_OutUFix2                 
0000369d  UART0_InUHex                   
00003761  UART0_OutUHex                  
000037a5  outnibble                      
000037cd  UART0_OutUHex2                 
000037e9  UART0_InString                 
00003863  fgetc                          
00003883  ferror                         
00003891  uart_open                      
000038a1  uart_close                     
000038b3  uart_read                      
000038dd  uart_write                     
0000391f  uart_lseek                     
0000392f  uart_unlink                    
0000393b  uart_rename                    
00003949  UART0_Initprintf               
000039d5  SystemCoreClockUpdate          
00003c4d  SystemInit                     
00003d09  ValueOut                       
00003d1d  MoveRobot                      
00003dd1  WriteByteData                  
00003de7  main                           
00003f3d  Port1_Init                     
00003f71  Port2_Init                     
00003fc3  Port3_Init                     
00003fed  Port4_Init                     
00004021  Port5_Init                     
0000404b  Port6_Init                     
00004089  Port7_Init                     
0000408b  Port8_Init                     
0000408d  Port9_Init                     
000040ad  Port10_Init                    
000040af  PortJ_Init                     
0000412d  Clock_Init48MHz                
00004243  Clock_GetFreq                  
00004249  delay                          
00004257  Clock_Delay1us                 
00004281  Clock_Delay1ms                 
0000430d  __aeabi_dsub                   
00004317  __aeabi_dadd                   
000044c3  _nop                           
000044c5  Motor_Stop                     
000044f3  Motor_Forward                  
0000454d  Motor_Right                    
000045a5  Motor_Left                     
000045fd  Motor_Backward                 
0000466d  RxFifo_Init                    
0000467f  RxFifo_Put                     
000046c5  RxFifo_Get                     
000046fb  UART1_InStatus                 
0000470b  UART1_Init                     
00004767  UART1_InChar                   
00004779  UART1_OutChar                  
00004795  EUSCIA2_IRQHandler             
00004795  EUSCIA2_IRQHandler             
000047ab  UART1_OutString                
000047c9  UART1_FinishOutput             
00004811  sqrt                           
00004811  sqrtl                          
00004969  __aeabi_ddiv                   
00004bb1  ldexp                          
00004bb1  ldexpl                         
00004bb1  scalbn                         
00004bb1  scalbnl                        
00004cc1  aligned_alloc                  
00004cc1  memalign                       
00004dc1  __aeabi_dmul                   
00004ebd  free                           
00004fa1  setvbuf                        
0000507d  GPIO_Init                      
0000513d  open                           
000051f9  add_device                     
000052b1  fopen                          
0000534d  __aeabi_memcpy                 
0000534d  __aeabi_memcpy4                
0000534d  __aeabi_memcpy8                
0000534d  memcpy                         
000053e9  __aeabi_cdcmpeq                
000053e9  __aeabi_cdcmple                
0000546f  __aeabi_cdrcmple               
000054f5  TimerA0_Init                   
00005529  TimerA1_Init                   
0000552b  TimerA2_Init                   
00005533  TimerA3_Init                   
00005579  __aeabi_memclr                 
00005579  __aeabi_memclr4                
00005579  __aeabi_memclr8                
0000557b  __aeabi_memset                 
0000557b  __aeabi_memset4                
0000557b  __aeabi_memset8                
00005581  memset                         
000055f5  __TI_closefile                 
000056d9  HOSTrename                     
00005745  HOSTlseek                      
000057ad  __TI_decompress_lzss           
00005815  HOSTopen                       
00005875  close                          
000058d1  HOSTread                       
00005929  HOSTwrite                      
00005981  __TI_doflush                   
000059cd  exit                           
00005a15  __aeabi_d2iz                   
00005a5d  HOSTclose                      
00005aa1  HOSTunlink                     
00005ae5  __TI_auto_init_nobinit_nopinit 
00005b29  getdevice                      
00005b6d  __TI_writemsg                  
00005b9b  C$$IO$$                        
00005ba5  strncpy                        
00005bdd  __TI_cleanup                   
00005c11  __TI_readmsg                   
00005c45  _c_int00_noargs                
00005c79  freopen                        
00005cad  finddevice                     
00005cdd  __aeabi_i2d                    
00005d0d  remove                         
00005d0d  unlink                         
00005d61  write                          
00005d89  DisableInterrupts              
00005d8f  EnableInterrupts               
00005d95  StartCritical                  
00005d9f  EndCritical                    
00005da7  WaitForInterrupt               
00005dc9  copysign                       
00005dc9  copysignl                      
00005de3  strcmp                         
00005dfb  strchr                         
00005e11  strcpy                         
00005e25  strlen                         
00005e39  __TI_decompress_none           
00005e47  Reset_Handler                  
00005e53  ADC14_IRQHandler               
00005e53  AES256_IRQHandler              
00005e53  BusFault_Handler               
00005e53  COMP_E0_IRQHandler             
00005e53  COMP_E1_IRQHandler             
00005e53  CS_IRQHandler                  
00005e53  DMA_ERR_IRQHandler             
00005e53  DMA_INT0_IRQHandler            
00005e53  DMA_INT1_IRQHandler            
00005e53  DMA_INT2_IRQHandler            
00005e53  DMA_INT3_IRQHandler            
00005e53  DebugMon_Handler               
00005e53  Default_Handler                
00005e53  EUSCIA0_IRQHandler             
00005e53  EUSCIA1_IRQHandler             
00005e53  EUSCIA3_IRQHandler             
00005e53  EUSCIB0_IRQHandler             
00005e53  EUSCIB1_IRQHandler             
00005e53  EUSCIB2_IRQHandler             
00005e53  EUSCIB3_IRQHandler             
00005e53  FLCTL_IRQHandler               
00005e53  FPU_IRQHandler                 
00005e53  HardFault_Handler              
00005e53  MemManage_Handler              
00005e53  NMI_Handler                    
00005e53  PCM_IRQHandler                 
00005e53  PORT1_IRQHandler               
00005e53  PORT2_IRQHandler               
00005e53  PORT3_IRQHandler               
00005e53  PORT4_IRQHandler               
00005e53  PORT5_IRQHandler               
00005e53  PORT6_IRQHandler               
00005e53  PSS_IRQHandler                 
00005e53  PendSV_Handler                 
00005e53  RTC_C_IRQHandler               
00005e53  SVC_Handler                    
00005e53  SysTick_Handler                
00005e53  T32_INT1_IRQHandler            
00005e53  T32_INT2_IRQHandler            
00005e53  T32_INTC_IRQHandler            
00005e53  TA0_0_IRQHandler               
00005e53  TA0_N_IRQHandler               
00005e53  TA1_0_IRQHandler               
00005e53  TA1_N_IRQHandler               
00005e53  TA2_0_IRQHandler               
00005e53  TA2_N_IRQHandler               
00005e53  TA3_0_IRQHandler               
00005e53  TA3_N_IRQHandler               
00005e53  UsageFault_Handler             
00005e53  WDT_A_IRQHandler               
00005e55  __TI_zero_init                 
00005e61  __aeabi_errno_addr             
00005e69  malloc                         
00005e71  _system_pre_init               
00005e75  C$$EXIT                        
00005e75  abort                          
00006088  NPI_StartAdvertisement         
0000609c  NPI_SetAdvertisement1          
000060ad  HCI_EXT_ResetSystemCmd         
000060c6  NPI_GetStatus                  
000060cc  NPI_GetVersion                 
000060d2  NPI_Register                   
00006224  __TI_Handler_Table_Base        
00006230  __TI_Handler_Table_Limit       
00006238  __TI_CINIT_Base                
00006248  __TI_CINIT_Limit               
20000000  __start___llvm_prf_cnts        
20000000  __stop___llvm_prf_cnts         
20000000  buffer                         
20000400  __CIOBUF_                      
20000520  RxFIFO                         
20000620  CharacteristicList             
200006c0  __TI_tmpnams                   
20000760  RecvBuf                        
200007e0  NotifyCharacteristicList       
20000830  Messageb                       
20000838  parmbuf                        
20000840  Messageindexb                  
20000844  NoSOFErr                       
20000848  RxFifoLost                     
2000084c  RxGetI                         
20000850  RxPutI                         
20000854  TimeOutErr                     
20000858  fcserr                         
2000085c  rotation                       
20000860  vccstate                       
20000864  StartX                         
20000866  StartY                         
20000868  BT_ByteData                    
20000870  _sys_memory                    
20000c70  _ftable                        
20000d60  _device                        
20000dd8  _stream                        
20000e28  NPI_SetAdvertisementData       
20000e4d  NPI_SetAdvertisementDataJacki  
20000e6f  NPI_AddCharDescriptor          
20000e8f  NPI_GATTSetDeviceName          
20000eac  ClockFrequency                 
20000eb0  Prewait                        
20000eb4  CPMwait                        
20000eb8  Postwait                       
20000ebc  IFlags                         
20000ec0  Crystalstable                  
20000ec4  NPI_ReadConfirmation           
20000ed9  NPI_SendNotificationIndication 
20000ef0  __TI_ft_end                    
20000ef4  __aeabi_stdin                  
20000ef8  __aeabi_stdout                 
20000efc  __aeabi_stderr                 
20000f00  NPI_AddCharValue               
20000f10  __TI_cleanup_ptr               
20000f14  __TI_dtors_ptr                 
20000f18  __TI_enable_exit_profile_output
20000f1c  NPI_AddService                 
20000f25  NPI_CCCDUpdatedConfirmation    
20000f2e  NPI_WriteConfirmation          
20000f38  _lock                          
20000f3c  _unlock                        
20000f48  CharacteristicCount            
20000f4c  NotifyCharacteristicCount      
20000f50  CurrentX                       
20000f52  CurrentY                       
20000f58  errno                          
20000f64  SystemCoreClock                
2000fe00  __stack                        
20010000  __STACK_END                    
4000480c  WDTCTL_SYM                     
ffffffff  __TI_pprof_out_hndl            
ffffffff  __TI_prof_data_size            
ffffffff  __TI_prof_data_start           
ffffffff  __binit__                      
ffffffff  __c_args__                     
ffffffff  binit                          
UNDEFED   __mpu_init                     
UNDEFED   _system_post_cinit             

[339 symbols]
